
> omnysys@0.9.127 test
> vitest run


[1m[46m RUN [49m[22m [36mv4.0.18 [39m[90mC:/Dev/OmnySystem[39m

 [31mÔØ»[39m tests/examples/real-factory-example.test.js [2m([22m[2m12 tests[22m[2m | [22m[31m6 failed[39m[2m)[22m[32m 118[2mms[22m[39m
       [32mÔ£ô[39m should create real files[32m 9[2mms[22m[39m
       [32mÔ£ô[39m should create projects[32m 6[2mms[22m[39m
       [32mÔ£ô[39m should create multiple files at once[32m 7[2mms[22m[39m
       [32mÔ£ô[39m should auto-cleanup after test[32m 4[2mms[22m[39m
[31m       [31m├ù[31m should create simple project[39m[32m 23[2mms[22m[39m[33m (retry x1)[39m
[31m       [31m├ù[31m should create project with imports[39m[32m 10[2mms[22m[39m[33m (retry x1)[39m
[31m       [31m├ù[31m should create complex project[39m[32m 15[2mms[22m[39m[33m (retry x1)[39m
[31m       [31m├ù[31m should auto-cleanup project[39m[32m 16[2mms[22m[39m[33m (retry x1)[39m
[31m       [31m├ù[31m should handle errors and still cleanup[39m[32m 10[2mms[22m[39m[33m (retry x1)[39m
[31m       [31m├ù[31m should allow custom files[39m[32m 11[2mms[22m[39m[33m (retry x1)[39m
       [32mÔ£ô[39m example of mock-based test (not recommended)[32m 0[2mms[22m[39m
       [32mÔ£ô[39m should test real behavior[32m 4[2mms[22m[39m
 [31mÔØ»[39m tests/unit/core/atomic-editor/operations.test.js [2m([22m[2m38 tests[22m[2m | [22m[31m2 failed[39m[2m)[22m[32m 267[2mms[22m[39m
       [32mÔ£ô[39m stores filePath and options[32m 5[2mms[22m[39m
       [32mÔ£ô[39m sets type to modify[32m 2[2mms[22m[39m
[31m       [31m├ù[31m requires oldString[39m[32m 17[2mms[22m[39m[33m (retry x1)[39m
       [32mÔ£ô[39m requires newString[32m 2[2mms[22m[39m
       [32mÔ£ô[39m validates oldString exists in file[32m 8[2mms[22m[39m
       [32mÔ£ô[39m detects multiple matches without all flag[32m 5[2mms[22m[39m
       [32mÔ£ô[39m allows multiple matches with all flag[32m 6[2mms[22m[39m
[31m       [31m├ù[31m handles file read errors[39m[32m 6[2mms[22m[39m[33m (retry x1)[39m
       [32mÔ£ô[39m replaces oldString with newString[32m 5[2mms[22m[39m
       [32mÔ£ô[39m returns position of modification[32m 9[2mms[22m[39m
       [32mÔ£ô[39m replaces all when all flag is set[32m 13[2mms[22m[39m
       [32mÔ£ô[39m handles execution errors for non-existent file[32m 2[2mms[22m[39m
       [32mÔ£ô[39m restores original content after modify[32m 5[2mms[22m[39m
       [32mÔ£ô[39m handles undo errors gracefully[32m 1[2mms[22m[39m
       [32mÔ£ô[39m stores filePath and options[32m 1[2mms[22m[39m
       [32mÔ£ô[39m sets type to insert[32m 1[2mms[22m[39m
       [32mÔ£ô[39m requires content[32m 1[2mms[22m[39m
       [32mÔ£ô[39m allows only one position option[32m 1[2mms[22m[39m
       [32mÔ£ô[39m validates after pattern exists[32m 3[2mms[22m[39m
       [32mÔ£ô[39m passes when after pattern exists[32m 9[2mms[22m[39m
       [32mÔ£ô[39m inserts at specific line[32m 14[2mms[22m[39m
       [32mÔ£ô[39m inserts after pattern[32m 14[2mms[22m[39m
       [32mÔ£ô[39m inserts before pattern[32m 15[2mms[22m[39m
       [32mÔ£ô[39m inserts at end by default[32m 13[2mms[22m[39m
       [32mÔ£ô[39m restores original content after insert[32m 6[2mms[22m[39m
       [32mÔ£ô[39m stores filePath and options[32m 2[2mms[22m[39m
       [32mÔ£ô[39m sets type to delete[32m 1[2mms[22m[39m
       [32mÔ£ô[39m requires exactly one deletion method[32m 2[2mms[22m[39m
       [32mÔ£ô[39m rejects multiple deletion methods[32m 6[2mms[22m[39m
       [32mÔ£ô[39m validates content exists[32m 9[2mms[22m[39m
       [32mÔ£ô[39m validates line range[32m 10[2mms[22m[39m
       [32mÔ£ô[39m validates pattern regex[32m 5[2mms[22m[39m
       [32mÔ£ô[39m deletes exact content[32m 11[2mms[22m[39m
       [32mÔ£ô[39m deletes line range[32m 17[2mms[22m[39m
       [32mÔ£ô[39m deletes single line[32m 9[2mms[22m[39m
       [32mÔ£ô[39m deletes by pattern[32m 4[2mms[22m[39m
       [32mÔ£ô[39m returns deleted content length[32m 9[2mms[22m[39m
       [32mÔ£ô[39m restores original content after delete[32m 15[2mms[22m[39m
node.exe : ƒöä Starting consistency 
validation (SSOT)...
En C:\Users\mauro\AppData\Roaming\npm\npm.p
s1: 24 Carácter: 5
+     & "node$exe"  
"$basedir/node_modules/npm/bin/npm-cli.js" 
$args
+     ~~~~~~~~~~~~~~~~~~~~~~~~~~~~~~~~~~~~~
~~~~~~~~~~~~~~~~~~~~~~~~~
    + CategoryInfo          : NotSpecified 
   : (ƒöä Starting c...ation (SSOT)...:S   
 tring) [], RemoteException
    + FullyQualifiedErrorId : NativeComman 
   dError
 
Ô£à Consistency validation complete: 2 
issues found
ƒöä Starting consistency validation 
(SSOT)...
Ô£à Consistency validation complete: 2 
issues found
===========================================
===========================
STARTING VALIDATION
Project: C:\Users\mauro\AppData\Local\Temp\
validation-engine-test-zNSbMW
Options: {"parallel":true,"maxConcurrency":
10,"autoFix":false,"incremental":false,"cac
heResults":true,"stopOnCritical":true,"enab
ledStrategies":["syntax","schema","semantic
"],"registry":{"rules":{},"rulesByLayer":{"
source":[],"derivation":[],"semantic":[],"c
ross-metadata":[]},"rulesByEntity":{},"inva
riants":[]}}
Loading validation context...
Context loaded: 0 files
ƒöä Starting consistency validation 
(SSOT)...
Running 3 strategies in parallel (max 10)
Phase 1: Syntax validation (Ground 
Truth)...
  No syntax rules registered
Phase 2: Derivation validation (Fractal)...
Phase 3: Semantic validation (Data Flow)...
  No semantic rules registered
  Strategy syntax completed in 0ms
Phase 4: Cross-metadata validation 
(Insights)...
  Strategy semantic completed in 1ms
  Strategy schema completed in 1ms
Parallel execution completed in 1ms
===========================================
===========================
VALIDATION COMPLETE
Duration: 4ms
Results: 0 passed, 0 failed, 0 critical
===========================================
===========================
Ô£à Consistency validation complete: 2 
issues found
===========================================
===========================
STARTING VALIDATION
Project: C:\Users\mauro\AppData\Local\Temp\
validation-engine-test-LrD0NN
Options: {"parallel":true,"maxConcurrency":
10,"autoFix":false,"incremental":false,"cac
heResults":true,"stopOnCritical":true,"enab
ledStrategies":["syntax","schema","semantic
"],"registry":{"rules":{},"rulesByLayer":{"
source":[],"derivation":[],"semantic":[],"c
ross-metadata":[]},"rulesByEntity":{},"inva
riants":[]}}
Loading validation context...
Context loaded: 0 files
Running 3 strategies in parallel (max 10)
Phase 1: Syntax validation (Ground 
Truth)...
  No syntax rules registered
Phase 2: Derivation validation (Fractal)...
Phase 3: Semantic validation (Data Flow)...
  No semantic rules registered
  Strategy syntax completed in 0ms
Phase 4: Cross-metadata validation 
(Insights)...
  Strategy semantic completed in 0ms
  Strategy schema completed in 0ms
Parallel execution completed in 0ms
===========================================
===========================
VALIDATION COMPLETE
Duration: 2ms
Results: 0 passed, 0 failed, 0 critical
===========================================
===========================
===========================================
===========================
STARTING VALIDATION
Project: C:\Users\mauro\AppData\Local\Temp\
validation-engine-test-JbgzB1
Options: {"parallel":true,"maxConcurrency":
10,"autoFix":false,"incremental":false,"cac
heResults":true,"stopOnCritical":true,"enab
ledStrategies":["syntax","schema","semantic
"],"registry":{"rules":{},"rulesByLayer":{"
source":[],"derivation":[],"semantic":[],"c
ross-metadata":[]},"rulesByEntity":{},"inva
riants":[]}}
Loading validation context...
Context loaded: 0 files
Running 3 strategies in parallel (max 10)
Phase 1: Syntax validation (Ground 
Truth)...
  No syntax rules registered
Phase 2: Derivation validation (Fractal)...
Phase 3: Semantic validation (Data Flow)...
  No semantic rules registered
  Strategy syntax completed in 0ms
Phase 4: Cross-metadata validation 
(Insights)...
  Strategy semantic completed in 0ms
  Strategy schema completed in 0ms
Parallel execution completed in 0ms
===========================================
===========================
VALIDATION COMPLETE
Duration: 1ms
Results: 0 passed, 0 failed, 0 critical
===========================================
===========================
ƒöä Starting consistency validation 
(SSOT)...
===========================================
===========================
STARTING VALIDATION
Project: C:\Users\mauro\AppData\Local\Temp\
validation-engine-test-wtiTox
Options: {"parallel":true,"maxConcurrency":
10,"autoFix":false,"incremental":false,"cac
heResults":true,"stopOnCritical":true,"enab
ledStrategies":[],"registry":{"rules":{},"r
ulesByLayer":{"source":[],"derivation":[],"
semantic":[],"cross-metadata":[]},"rulesByE
ntity":{},"invariants":[]}}
Loading validation context...
Ô£à Consistency validation complete: 2 
issues found
Context loaded: 1 files
No validation strategies configured
===========================================
===========================
VALIDATION COMPLETE
Duration: 1ms
Results: 0 passed, 0 failed, 0 critical
===========================================
===========================
Registered strategy: custom
ƒöä Starting consistency validation 
(SSOT)...
Set runner to: custom
Cache cleared
Ô£à Consistency validation complete: 2 
issues found
[StatsPool] Requested stats for module: 
ValidationEngine
[StatsPool] No provider registered for 
module: ValidationEngine
[StatsPool] Requested stats for module: 
ValidationEngine
[StatsPool] No provider registered for 
module: ValidationEngine
ƒöä Starting consistency validation 
(SSOT)...
Ô£à Consistency validation complete: 2 
issues found
Loading validation context...
ƒöä Starting consistency validation 
(SSOT)...
Context loaded: 1 files
Ô£à Consistency validation complete: 2 
issues found
Loading validation context...
Context loaded: 0 files
ƒöä Starting consistency validation 
(SSOT)...
Loading validation context...
Context loaded: 0 files
Ô£à Consistency validation complete: 2 
issues found
ƒöä Starting consistency validation 
(SSOT)...
Ô£à Consistency validation complete: 2 
issues found
ƒöä Starting consistency validation 
(SSOT)...
Ô£à Consistency validation complete: 2 
issues found
ƒöä Starting consistency validation 
(SSOT)...
Ô£à Consistency validation complete: 0 
issues found
ƒöä Starting consistency validation 
(SSOT)...
Ô£à Consistency validation complete: 2 
issues found
===========================================
===========================
STARTING VALIDATION
Project: C:\Users\mauro\AppData\Local\Temp\
validate-fn-test-8aWm6N
Options: {"parallel":true,"maxConcurrency":
10,"autoFix":false,"incremental":false,"cac
heResults":true,"stopOnCritical":true,"enab
ledStrategies":[],"omnysysPath":"C:\\Users\
\mauro\\AppData\\Local\\Temp\\validate-fn-t
est-8aWm6N\\.omnysysdata"}
Loading validation context...
Context loaded: 0 files
No validation strategies configured
===========================================
===========================
VALIDATION COMPLETE
Duration: 0ms
Results: 0 passed, 0 failed, 0 critical
===========================================
===========================
===========================================
===========================
STARTING VALIDATION
Project: C:\Users\mauro\AppData\Local\Temp\
validate-fn-test-HGUD4T
Options: {"parallel":true,"maxConcurrency":
10,"autoFix":false,"incremental":false,"cac
heResults":true,"stopOnCritical":true,"enab
ledStrategies":[]}
Loading validation context...
Context loaded: 0 files
No validation strategies configured
===========================================
===========================
VALIDATION COMPLETE
Duration: 1ms
Results: 0 passed, 0 failed, 0 critical
===========================================
===========================
ƒöä Starting consistency validation 
(SSOT)...
Ô£à Consistency validation complete: 1 
issues found
 [31mÔØ»[39m tests/unit/validation/engine/validation-engine.test.js [2m([22m[2m34 tests[22m[2m | [22m[31m1 failed[39m[2m)[22m[32m 262[2mms[22m[39m
       [32mÔ£ô[39m creates engine with default options[32m 12[2mms[22m[39m
       [32mÔ£ô[39m merges custom options[32m 6[2mms[22m[39m
       [32mÔ£ô[39m accepts custom registry[32m 5[2mms[22m[39m
       [32mÔ£ô[39m initializes empty cache[32m 6[2mms[22m[39m
       [32mÔ£ô[39m returns ValidationReport[32m 21[2mms[22m[39m
       [32mÔ£ô[39m sets context projectPath[32m 19[2mms[22m[39m
       [32mÔ£ô[39m returns empty report for empty project[32m 6[2mms[22m[39m
       [32mÔ£ô[39m validates with files[32m 13[2mms[22m[39m
       [32mÔ£ô[39m throws without context[32m 12[2mms[22m[39m
       [32mÔ£ô[39m throws for unknown entity[32m 9[2mms[22m[39m
       [32mÔ£ô[39m adds custom strategy[32m 4[2mms[22m[39m
       [32mÔ£ô[39m sets custom runner[32m 7[2mms[22m[39m
       [32mÔ£ô[39m clears cache[32m 6[2mms[22m[39m
[31m       [31m├ù[31m returns engine stats[39m[32m 41[2mms[22m[39m[33m (retry x1)[39m
       [32mÔ£ô[39m initializes empty maps[32m 6[2mms[22m[39m
       [32mÔ£ô[39m sets paths[32m 3[2mms[22m[39m
       [32mÔ£ô[39m loads files from omnysysdata[32m 7[2mms[22m[39m
       [32mÔ£ô[39m handles missing files directory[32m 12[2mms[22m[39m
       [32mÔ£ô[39m loads index.json[32m 5[2mms[22m[39m
       [32mÔ£ô[39m reads source file[32m 6[2mms[22m[39m
       [32mÔ£ô[39m caches source code[32m 5[2mms[22m[39m
       [32mÔ£ô[39m returns null for missing file[32m 3[2mms[22m[39m
       [32mÔ£ô[39m finds entity in files[32m 3[2mms[22m[39m
       [32mÔ£ô[39m finds entity in atoms[32m 3[2mms[22m[39m
       [32mÔ£ô[39m finds entity in molecules[32m 3[2mms[22m[39m
       [32mÔ£ô[39m finds entity in modules[32m 3[2mms[22m[39m
       [32mÔ£ô[39m returns undefined for unknown entity[32m 3[2mms[22m[39m
       [32mÔ£ô[39m returns files for file type[32m 5[2mms[22m[39m
       [32mÔ£ô[39m returns atoms for atom type[32m 3[2mms[22m[39m
       [32mÔ£ô[39m returns empty array for unknown type[32m 6[2mms[22m[39m
       [32mÔ£ô[39m returns true for existing entity[32m 3[2mms[22m[39m
       [32mÔ£ô[39m returns false for missing entity[32m 3[2mms[22m[39m
     [32mÔ£ô[39m creates engine and validates[32m 4[2mms[22m[39m
     [32mÔ£ô[39m uses default omnysysPath[32m 3[2mms[22m[39m
ƒöä Starting consistency validation 
(SSOT)...
Ô£à Consistency validation complete: 2 
issues found
ƒöä Starting consistency validation 
(SSOT)...
Ô£à Consistency validation complete: 2 
issues found
[StatsPool] Requested stats for module: 
consistency-validator
[StatsPool] No provider registered for 
module: consistency-validator
ƒöä Starting consistency validation 
(SSOT)...
Ô£à Consistency validation complete: 2 
issues found
[StatsPool] Requested stats for module: 
consistency-validator
[StatsPool] No provider registered for 
module: consistency-validator
ƒöä Starting consistency validation 
(SSOT)...
Ô£à Consistency validation complete: 2 
issues found
ƒöä Starting consistency validation 
(SSOT)...
Ô£à Consistency validation complete: 2 
issues found
ƒöä Starting consistency validation 
(SSOT)...
Ô£à Consistency validation complete: 2 
issues found
ƒöä Starting consistency validation 
(SSOT)...
Ô£à Consistency validation complete: 0 
issues found
 [31mÔØ»[39m tests/unit/layer-c-memory/verification/consistency-validator.test.js [2m([22m[2m26 tests[22m[2m | [22m[31m1 failed[39m[2m)[22m[33m 426[2mms[22m[39m
       [32mÔ£ô[39m creates instance with projectPath[32m 18[2mms[22m[39m
       [32mÔ£ô[39m sets dataDir correctly[32m 12[2mms[22m[39m
       [32mÔ£ô[39m initializes with default config[32m 7[2mms[22m[39m
       [32mÔ£ô[39m accepts custom config options[32m 7[2mms[22m[39m
       [32mÔ£ô[39m initializes DataLoader[32m 8[2mms[22m[39m
       [32mÔ£ô[39m initializes IssueManager[32m 10[2mms[22m[39m
       [32mÔ£ô[39m initializes null cache[32m 12[2mms[22m[39m
       [32mÔ£ô[39m returns validation result structure[32m 20[2mms[22m[39m
       [32mÔ£ô[39m returns PASSED status when no issues[32m 15[2mms[22m[39m
       [32mÔ£ô[39m loads all data before validation[32m 42[2mms[22m[39m
       [32mÔ£ô[39m returns issues array[32m 25[2mms[22m[39m
       [32mÔ£ô[39m returns summary[32m 63[2mms[22m[39m
       [32mÔ£ô[39m runs PathValidator when enabled[32m 25[2mms[22m[39m
       [32mÔ£ô[39m runs AtomsFilesValidator when enabled[32m 11[2mms[22m[39m
       [32mÔ£ô[39m runs FilesConnectionsValidator when enabled[32m 17[2mms[22m[39m
       [32mÔ£ô[39m runs DuplicationDetector when enabled[32m 13[2mms[22m[39m
       [32mÔ£ô[39m skips PathValidator when disabled[32m 10[2mms[22m[39m
       [32mÔ£ô[39m skips AtomsFilesValidator when disabled[32m 11[2mms[22m[39m
       [32mÔ£ô[39m skips DuplicationDetector when disabled[32m 11[2mms[22m[39m
       [32mÔ£ô[39m detects atom referencing missing file[32m 16[2mms[22m[39m
       [32mÔ£ô[39m returns PASSED for no issues[32m 8[2mms[22m[39m
[31m       [31m├ù[31m returns data and issue stats[39m[32m 27[2mms[22m[39m[33m (retry x1)[39m
       [32mÔ£ô[39m returns issues from IssueManager[32m 8[2mms[22m[39m
       [32mÔ£ô[39m resets cache to null[32m 9[2mms[22m[39m
       [32mÔ£ô[39m runs complete validation flow[32m 10[2mms[22m[39m
       [32mÔ£ô[39m validates with all options disabled[32m 9[2mms[22m[39m
[90mstdout[2m | tests/unit/cli/commands/up.test.js[2m > [22m[2mupLogic[2m > [22m[2mreturns success when MCP already running
[22m[39mÔä╣´©Å 
ÔÖ╗´©Å  The MCP HTTP Daemon is ALREADY RUNNING.
Ôä╣´©Å ­ƒôí Sending graceful restart signal to Daemon instead of killing it (clearCache=false)...

 [31mÔØ»[39m tests/unit/layer-a-core/parser/parser.test.js [2m([22m[2m15 tests[22m[2m | [22m[31m4 failed[39m[2m)[22m[32m 77[2mms[22m[39m
       [32mÔ£ô[39m should parse an empty file[32m 11[2mms[22m[39m
[31m       [31m├ù[31m should parse ESM imports[39m[32m 11[2mms[22m[39m[33m (retry x1)[39m
       [32mÔ£ô[39m should parse CommonJS requires[32m 4[2mms[22m[39m
       [32mÔ£ô[39m should parse named exports[32m 2[2mms[22m[39m
[31m       [31m├ù[31m should parse default export[39m[32m 4[2mms[22m[39m[33m (retry x1)[39m
       [32mÔ£ô[39m should parse function declarations[32m 2[2mms[22m[39m
       [32mÔ£ô[39m should parse arrow functions[32m 2[2mms[22m[39m
       [32mÔ£ô[39m should parse class declarations[32m 1[2mms[22m[39m
[31m       [31m├ù[31m should extract function calls[39m[32m 5[2mms[22m[39m[33m (retry x1)[39m
[31m       [31m├ù[31m should handle parse errors gracefully[39m[32m 2[2mms[22m[39m[33m (retry x1)[39m
       [32mÔ£ô[39m should parse an existing file[32m 19[2mms[22m[39m
       [32mÔ£ô[39m should handle non-existent files[32m 1[2mms[22m[39m
       [32mÔ£ô[39m should parse TypeScript interfaces[32m 9[2mms[22m[39m
       [32mÔ£ô[39m should parse TypeScript type aliases[32m 1[2mms[22m[39m
       [32mÔ£ô[39m should detect dynamic imports[32m 1[2mms[22m[39m
[90mstdout[2m | tests/cache-invalidator.test.js
[22m[39m­ƒº¬ Running Cache Invalidator Tests...
Total test suites: 7
Total tests: 20+

Ô£à Tests should verify:
   ÔÇó Invalidaci├│n < 50ms
   ÔÇó Atomicidad (rollback)
   ÔÇó M├║ltiples archivos
   ÔÇó Retry autom├ítico
   ÔÇó Concurrencia segura
   ÔÇó Estado consistente
   ÔÇó Integraci├│n completa

[Connection] Adding 8 missing column(s) to 
'atoms': is_deprecated, deprecated_reason, 
called_by_json, imports_json, 
exports_json, uses_json, 
side_effects_json, function_type
[Connection] Adding 3 missing column(s) to 
'files': is_removed, hash, updated_at
[Connection] Adding 3 missing column(s) to 
'atom_relations': is_removed, updated_at, 
lifecycle_status
[Connection] Adding 1 missing column(s) to 
'system_files': is_removed
[Connection] Adding 3 missing column(s) to 
'semantic_connections': is_removed, 
updated_at, lifecycle_status
[Connection] Adding 1 missing column(s) to 
'atom_versions': last_modified
[Connection] Adding 8 missing column(s) to 
'modules': type, file_count, 
complexity_score, cohesion_score, 
coupling_score, risk_score, is_removed, 
updated_at
[Connection] Adding 2 missing column(s) to 
'file_dependencies': is_removed, updated_at
[Connection] Created table 'societies' 
from registry
[Connection] Adding 3 missing column(s) to 
'risk_assessments': is_removed, 
updated_at, lifecycle_status
UnifiedCache: 0 atoms indexed (from SQLite)
­ƒøí´©Å  Cache Invalidator initialized
[Connection] Adding 3 missing column(s) to 
'semantic_issues': lifecycle_status, 
is_removed, updated_at
[Connection] Created table 'mcp_sessions' 
from registry
[Connection] Created table 
'compiler_scanned_files' from registry
UnifiedCache: 0 atoms indexed (from SQLite)
­ƒøí´©Å  Cache Invalidator initialized
UnifiedCache: 0 atoms indexed (from SQLite)
­ƒøí´©Å  Cache Invalidator initialized
UnifiedCache: 0 atoms indexed (from SQLite)
­ƒøí´©Å  Cache Invalidator initialized
UnifiedCache: 0 atoms indexed (from SQLite)
­ƒøí´©Å  Cache Invalidator initialized
ÔØî Transaction failed: Operation 
invalidate_ram failed: Disk full
Ôå®´©Å  Rolling back 0 operations...
Ôå®´©Å  Rollback completed
ÔØî Cache invalidation failed: src/test.js 
Operation invalidate_ram failed: Disk full
UnifiedCache: 0 atoms indexed (from SQLite)
­ƒøí´©Å  Cache Invalidator initialized
ÔØî Transaction failed: Operation 
invalidate_ram failed: Simulated failure
Ôå®´©Å  Rolling back 0 operations...
Ôå®´©Å  Rollback completed
ÔØî Cache invalidation failed: 
src/critical.js Operation invalidate_ram 
failed: Simulated failure
UnifiedCache: 0 atoms indexed (from SQLite)
­ƒøí´©Å  Cache Invalidator initialized
ÔØî Transaction failed: Operation 
delete_disk_file failed: Permission denied
Ôå®´©Å  Rolling back 2 operations...
Ôå®´©Å  Rollback completed
ÔØî Cache invalidation failed: 
src/inconsistent.js Operation 
delete_disk_file failed: Permission denied
Validation failed: File does not exist: 
/ruta/que/no/existe.js
UnifiedCache: 0 atoms indexed (from SQLite)
­ƒøí´©Å  Cache Invalidator initialized
UnifiedCache: 0 atoms indexed (from SQLite)
­ƒøí´©Å  Cache Invalidator initialized
Validation failed: File does not exist: 
/ruta/que/no/existe.js
UnifiedCache: 0 atoms indexed (from SQLite)
­ƒøí´©Å  Cache Invalidator initialized
UnifiedCache: 0 atoms indexed (from SQLite)
­ƒøí´©Å  Cache Invalidator initialized
ƒöä Invalidating with retry (3 max): 
src/retry-test.js
ÔØî Transaction failed: Operation 
invalidate_ram failed: Attempt 1 failed
Ôå®´©Å  Rolling back 0 operations...
Ôå®´©Å  Rollback completed
ÔØî Cache invalidation failed: 
src/retry-test.js Operation invalidate_ram 
failed: Attempt 1 failed
ÔØî parser-v2 failed for Button.js: Input 
must be a function
ÔØî parser-v2 failed for index.js: Input 
must be a function
ÔØî parser-v2 failed for api.js: Input 
must be a function
ÔØî parser-v2 failed for math.js: Input 
must be a function
[90mstderr[2m | 
tests/unit/cli/commands/check.test.js[2m 
> [22m[2mcheck[2m > [22m[2mcalls 
process.exit with exitCode from logic
[22m[39m
Error: No file specified!

Usage: omnysystem check <file-path>
   Example: omnysystem check src/api.js


 [31mÔØ»[39m tests/integration/layer-a/extended-workflows.integration.test.js [2m([22m[2m7 tests[22m[2m | [22m[31m2 failed[39m[2m)[22m[32m 74[2mms[22m[39m
       [32mÔ£ô[39m runs complete analysis: tier1 + tier2[32m 29[2mms[22m[39m
[31m       [31m├ù[31m saves various analysis results[39m[32m 10[2mms[22m[39m[33m (retry x1)[39m
[31m       [31m├ù[31m queries project stats after analysis[39m[32m 1[2mms[22m[39m[33m (retry x1)[39m
       [32mÔ£ô[39m detects coupling and circular dependencies[32m 1[2mms[22m[39m
       [32mÔ£ô[39m handles null/undefined gracefully[32m 1[2mms[22m[39m
       [32mÔ£ô[39m handles empty project gracefully[32m 5[2mms[22m[39m
       [32mÔ£ô[39m parses multiple real files correctly[32m 15[2mms[22m[39m
 [31mÔØ»[39m tests/unit/cli/commands/check.test.js [2m([22m[2m11 tests[22m[2m | [22m[31m4 failed[39m[2m)[22m[32m 173[2mms[22m[39m
     [32mÔ£ô[39m returns error when no filePath provided[32m 5[2mms[22m[39m
     [32mÔ£ô[39m returns error when filePath is empty string[32m 2[2mms[22m[39m
     [32mÔ£ô[39m returns error when no analysis data exists[32m 5[2mms[22m[39m
     [32mÔ£ô[39m returns error when file not found in system map[32m 95[2mms[22m[39m[33m (retry x1)[39m
[31m     [31m├ù[31m returns file data when file exists in system map[39m[32m 26[2mms[22m[39m[33m (retry x1)[39m
[31m     [31m├ù[31m includes semantic connections in output[39m[32m 14[2mms[22m[39m[33m (retry x1)[39m
[31m     [31m├ù[31m includes side effects in output[39m[32m 10[2mms[22m[39m[33m (retry x1)[39m
[31m     [31m├ù[31m handles path normalization[39m[32m 7[2mms[22m[39m[33m (retry x1)[39m
     [32mÔ£ô[39m handles errors gracefully[32m 6[2mms[22m[39m
     [32mÔ£ô[39m exports check function[32m 0[2mms[22m[39m
     [32mÔ£ô[39m calls process.exit with exitCode from logic[32m 2[2mms[22m[39m
ÔØî Transaction failed: Operation 
invalidate_ram failed: Attempt 2 failed
Ôå®´©Å  Rolling back 0 operations...
Ôå®´©Å  Rollback completed
ÔØî Cache invalidation failed: 
src/retry-test.js Operation invalidate_ram 
failed: Attempt 2 failed
 [31mÔØ»[39m tests/unit/shared/derivation-engine.test.js [2m([22m[2m47 tests[22m[2m | [22m[31m3 failed[39m[2m)[22m[32m 88[2mms[22m[39m
     [32mÔ£ô[39m derives and caches result[32m 3[2mms[22m[39m
     [32mÔ£ô[39m invalidates by atom ID[32m 1[2mms[22m[39m
     [32mÔ£ô[39m invalidates molecule[32m 1[2mms[22m[39m
     [32mÔ£ô[39m clears all cache[32m 0[2mms[22m[39m
     [32mÔ£ô[39m tracks dependencies[32m 1[2mms[22m[39m
[31m     [31m├ù[31m getStats returns correct information[39m[32m 16[2mms[22m[39m[33m (retry x1)[39m
     [32mÔ£ô[39m has and get methods work[32m 0[2mms[22m[39m
     [32mÔ£ô[39m getAvailableRules returns all rules[32m 3[2mms[22m[39m
     [32mÔ£ô[39m hasRule checks rule existence[32m 0[2mms[22m[39m
     [32mÔ£ô[39m DerivationRules contains all expected rules[32m 0[2mms[22m[39m
     [32mÔ£ô[39m returns standard for empty atoms[32m 0[2mms[22m[39m
     [32mÔ£ô[39m detects network-hub archetype[32m 1[2mms[22m[39m
     [32mÔ£ô[39m detects internal-module archetype[32m 0[2mms[22m[39m
     [32mÔ£ô[39m detects critical-module archetype[32m 0[2mms[22m[39m
     [32mÔ£ô[39m detects god-object archetype[32m 4[2mms[22m[39m
     [32mÔ£ô[39m detects validation-module archetype[32m 0[2mms[22m[39m
     [32mÔ£ô[39m sums atom complexities[32m 0[2mms[22m[39m
     [32mÔ£ô[39m handles zero complexity[32m 0[2mms[22m[39m
     [32mÔ£ô[39m handles empty atoms[32m 0[2mms[22m[39m
     [32mÔ£ô[39m handles missing complexity[32m 0[2mms[22m[39m
     [32mÔ£ô[39m calculates risk from atoms[32m 0[2mms[22m[39m
     [32mÔ£ô[39m returns list of exported atom names[32m 1[2mms[22m[39m
     [32mÔ£ô[39m returns empty array for no exports[32m 0[2mms[22m[39m
     [32mÔ£ô[39m counts exported atoms[32m 0[2mms[22m[39m
     [32mÔ£ô[39m counts all atoms[32m 0[2mms[22m[39m
     [32mÔ£ô[39m handles empty array[32m 0[2mms[22m[39m
     [32mÔ£ô[39m returns true when any atom has side effects[32m 0[2mms[22m[39m
     [32mÔ£ô[39m returns false when no atoms have side effects[32m 0[2mms[22m[39m
     [32mÔ£ô[39m detects network calls[32m 0[2mms[22m[39m
     [32mÔ£ô[39m returns false without network calls[32m 0[2mms[22m[39m
     [32mÔ£ô[39m detects DOM manipulation[32m 0[2mms[22m[39m
     [32mÔ£ô[39m detects storage access[32m 0[2mms[22m[39m
     [32mÔ£ô[39m detects error handling[32m 0[2mms[22m[39m
     [32mÔ£ô[39m detects async patterns[32m 0[2mms[22m[39m
     [32mÔ£ô[39m sums external calls[32m 1[2mms[22m[39m
     [32mÔ£ô[39m collects network endpoints[32m 0[2mms[22m[39m
     [32mÔ£ô[39m detects lifecycle hooks[32m 0[2mms[22m[39m
     [32mÔ£ô[39m detects cleanup patterns[32m 0[2mms[22m[39m
     [32mÔ£ô[39m composes complete molecular metadata[32m 4[2mms[22m[39m
     [32mÔ£ô[39m includes all derived fields[32m 0[2mms[22m[39m
     [32mÔ£ô[39m handles empty atoms array[32m 0[2mms[22m[39m
     [32mÔ£ô[39m creates composer with cache[32m 0[2mms[22m[39m
     [32mÔ£ô[39m composer caches derivations[32m 0[2mms[22m[39m
[31m     [31m├ù[31m composer.invalidate clears by atom[39m[32m 4[2mms[22m[39m[33m (retry x1)[39m
[31m     [31m├ù[31m composer.clear resets everything[39m[32m 3[2mms[22m[39m[33m (retry x1)[39m
     [32mÔ£ô[39m derives metadata from real JS file structure[32m 26[2mms[22m[39m
     [32mÔ£ô[39m composes metadata for complex module[32m 3[2mms[22m[39m
Validation failed: File does not exist: 
null
ÔØî parser-v2 failed for app.js: Input 
must be a function
ÔØî parser-v2 failed for Button.js: Input 
must be a function
ÔØî parser-v2 failed for helpers.js: Input 
must be a function
UnifiedCache: 0 atoms indexed (from SQLite)
­ƒøí´©Å  Cache Invalidator initialized
ƒöä Invalidating with retry (2 max): 
src/fail-test.js
ÔØî Transaction failed: Operation 
invalidate_ram failed: Always fails
Ôå®´©Å  Rolling back 0 operations...
Ôå®´©Å  Rollback completed
ÔØî Cache invalidation failed: 
src/fail-test.js Operation invalidate_ram 
failed: Always fails
ÔØî parser-v2 failed for app.js: Input 
must be a function
ÔØî parser-v2 failed for Button.js: Input 
must be a function
ÔØî parser-v2 failed for helpers.js: Input 
must be a function
ÔØî parser-v2 failed for app.js: Input 
must be a function
ÔØî parser-v2 failed for Button.js: Input 
must be a function
ÔØî parser-v2 failed for helpers.js: Input 
must be a function
ÔØî parser-v2 failed for app.js: Input 
must be a function
ÔØî parser-v2 failed for Button.js: Input 
must be a function
ÔØî parser-v2 failed for helpers.js: Input 
must be a function
 [31mÔØ»[39m tests/integration/layer-a/layer-a-workflows.integration.test.js [2m([22m[2m9 tests[22m[2m | [22m[31m2 failed[39m[2m)[22m[32m 145[2mms[22m[39m
       [32mÔ£ô[39m scans project and finds all files[32m 36[2mms[22m[39m
       [32mÔ£ô[39m parses files and extracts structure[32m 24[2mms[22m[39m
       [32mÔ£ô[39m executes complete analysis pipeline[32m 22[2mms[22m[39m
       [32mÔ£ô[39m detects unused exports in real project[32m 1[2mms[22m[39m
       [32mÔ£ô[39m detects circular dependencies[32m 2[2mms[22m[39m
[31m       [31m├ù[31m saves analysis results successfully[39m[32m 9[2mms[22m[39m[33m (retry x1)[39m
[31m       [31m├ù[31m end-to-end workflow: scan ÔåÆ analyze ÔåÆ save[39m[32m 13[2mms[22m[39m[33m (retry x1)[39m
       [32mÔ£ô[39m handles project with multiple issues[32m 1[2mms[22m[39m
       [32mÔ£ô[39m handles empty project gracefully[32m 5[2mms[22m[39m
ÔØî Transaction failed: Operation 
invalidate_ram failed: Always fails
Ôå®´©Å  Rolling back 0 operations...
Ôå®´©Å  Rollback completed
ÔØî Cache invalidation failed: 
src/fail-test.js Operation invalidate_ram 
failed: Always fails
UnifiedCache: 0 atoms indexed (from SQLite)
­ƒøí´©Å  Cache Invalidator initialized
UnifiedCache: 0 atoms indexed (from SQLite)
­ƒøí´©Å  Cache Invalidator initialized
UnifiedCache: 0 atoms indexed (from SQLite)
­ƒøí´©Å  Cache Invalidator initialized
UnifiedCache: 0 atoms indexed (from SQLite)
­ƒøí´©Å  Cache Invalidator initialized
UnifiedCache: 0 atoms indexed (from SQLite)
­ƒøí´©Å  Cache Invalidator initialized
UnifiedCache: 0 atoms indexed (from SQLite)
­ƒøí´©Å  Cache Invalidator initialized
UnifiedCache: 0 atoms indexed (from SQLite)
­ƒøí´©Å  Cache Invalidator initialized
UnifiedCache: 0 atoms indexed (from SQLite)
­ƒøí´©Å  Cache Invalidator initialized
UnifiedCache: 0 atoms indexed (from SQLite)
­ƒøí´©Å  Cache Invalidator initialized
UnifiedCache: 0 atoms indexed (from SQLite)
­ƒøí´©Å  Cache Invalidator initialized
UnifiedCache: 0 atoms indexed (from SQLite)
­ƒøí´©Å  Cache Invalidator initialized
 [31mÔØ»[39m tests/cache-invalidator.test.js [2m([22m[2m17 tests[22m[2m | [22m[31m6 failed[39m[2m)[22m[33m 518[2mms[22m[39m
[31m       [31m├ù[31m should invalidate cache in less than 50ms[39m[32m 57[2mms[22m[39m[33m (retry x1)[39m
       [32mÔ£ô[39m should return error for non-existent file gracefully[32m 3[2mms[22m[39m
       [32mÔ£ô[39m should emit events on success[32m 4[2mms[22m[39m
       [32mÔ£ô[39m should emit events on failure[32m 3[2mms[22m[39m
       [32mÔ£ô[39m should rollback all operations if one fails[32m 5[2mms[22m[39m
       [32mÔ£ô[39m should maintain consistency after failed invalidation[32m 4[2mms[22m[39m
[31m       [31m├ù[31m should invalidate multiple files efficiently[39m[32m 13[2mms[22m[39m[33m (retry x1)[39m
       [32mÔ£ô[39m should handle partial failures[32m 5[2mms[22m[39m
       [32mÔ£ô[39m should retry on transient failures[32m 222[2mms[22m[39m
       [32mÔ£ô[39m should fail after max retries exhausted[32m 118[2mms[22m[39m
[31m       [31m├ù[31m should handle concurrent invalidations of different files[39m[32m 34[2mms[22m[39m[33m (retry x1)[39m
[31m       [31m├ù[31m should handle concurrent invalidations of same file gracefully[39m[32m 9[2mms[22m[39m[33m (retry x1)[39m
[31m       [31m├ù[31m should report correct status for cached file[39m[32m 11[2mms[22m[39m[33m (retry x1)[39m
       [32mÔ£ô[39m should report correct status for non-cached file[32m 4[2mms[22m[39m
       [32mÔ£ô[39m should track statistics correctly[32m 3[2mms[22m[39m
[31m       [31m├ù[31m should invalidate and allow re-analysis[39m[32m 9[2mms[22m[39m[33m (retry x1)[39m
       [32mÔ£ô[39m should handle file deletion scenario[32m 8[2mms[22m[39m
 [31mÔØ»[39m tests/unit/layer-a-static/pipeline/purpose.test.js [2m([22m[2m34 tests[22m[2m | [22m[31m3 failed[39m[2m)[22m[32m 47[2mms[22m[39m
[31m     [31m├ù[31m contains all expected purpose keys[39m[32m 16[2mms[22m[39m[33m (retry x1)[39m
[31m     [31m├ù[31m DEAD_CODE is the only purpose with isDead: true[39m[32m 10[2mms[22m[39m[33m (retry x1)[39m
     [32mÔ£ô[39m PRIVATE_HELPER has isDead: false[32m 1[2mms[22m[39m
     [32mÔ£ô[39m returns API_EXPORT for exported atoms[32m 1[2mms[22m[39m
     [32mÔ£ô[39m returns TEST_HELPER for src/foo.test.js[32m 0[2mms[22m[39m
     [32mÔ£ô[39m returns TEST_HELPER for src/foo.spec.js[32m 0[2mms[22m[39m
     [32mÔ£ô[39m returns TEST_HELPER for tests/unit/foo.js[32m 0[2mms[22m[39m
     [32mÔ£ô[39m returns TEST_HELPER for src/__tests__/foo.js[32m 0[2mms[22m[39m
     [32mÔ£ô[39m returns TEST_HELPER for test-cases/foo.js[32m 0[2mms[22m[39m
     [32mÔ£ô[39m returns ANALYSIS_SCRIPT for audit script[32m 0[2mms[22m[39m
     [32mÔ£ô[39m returns SCRIPT_MAIN for non-audit script[32m 0[2mms[22m[39m
     [32mÔ£ô[39m detects analysis by function name even in generic script[32m 0[2mms[22m[39m
     [32mÔ£ô[39m returns CONFIG_SETUP for /config/ path[32m 0[2mms[22m[39m
     [32mÔ£ô[39m returns CLASS_METHOD for method functionType[32m 0[2mms[22m[39m
     [32mÔ£ô[39m returns CLASS_METHOD when className is set[32m 0[2mms[22m[39m
     [32mÔ£ô[39m returns EVENT_HANDLER when lifecycleHooks present[32m 2[2mms[22m[39m
     [32mÔ£ô[39m returns EVENT_HANDLER when temporal events present[32m 0[2mms[22m[39m
     [32mÔ£ô[39m returns TIMER_ASYNC when temporal timers present[32m 0[2mms[22m[39m
     [32mÔ£ô[39m returns TIMER_ASYNC when async + hasSideEffects[32m 0[2mms[22m[39m
     [32mÔ£ô[39m does NOT return TIMER_ASYNC for async without side effects[32m 1[2mms[22m[39m
     [32mÔ£ô[39m returns NETWORK_HANDLER when hasNetworkCalls[32m 0[2mms[22m[39m
     [32mÔ£ô[39m returns NETWORK_HANDLER when networkEndpoints present[32m 0[2mms[22m[39m
     [32mÔ£ô[39m returns EVENT_HANDLER when hasDomManipulation[32m 0[2mms[22m[39m
     [32mÔ£ô[39m returns API_EXPORT for hot-path archetype[32m 0[2mms[22m[39m
     [32mÔ£ô[39m returns INTERNAL_HELPER for validator archetype[32m 0[2mms[22m[39m
     [32mÔ£ô[39m returns INTERNAL_HELPER for transformer archetype[32m 0[2mms[22m[39m
     [32mÔ£ô[39m returns CLASS_METHOD for class-method archetype[32m 0[2mms[22m[39m
     [32mÔ£ô[39m returns INTERNAL_HELPER when calledBy has entries[32m 0[2mms[22m[39m
[31m     [31m├ù[31m returns DEAD_CODE when no evidence of use[39m[32m 4[2mms[22m[39m[33m (retry x1)[39m
     [32mÔ£ô[39m upgrades DEAD_CODE atoms with calledBy to PRIVATE_HELPER[32m 1[2mms[22m[39m
     [32mÔ£ô[39m leaves DEAD_CODE atoms without calledBy unchanged[32m 0[2mms[22m[39m
     [32mÔ£ô[39m does not touch atoms already classified as non-DEAD_CODE[32m 0[2mms[22m[39m
     [32mÔ£ô[39m handles mixed array of dead and live atoms[32m 0[2mms[22m[39m
     [32mÔ£ô[39m handles empty array[32m 1[2mms[22m[39m
[StatsPool] Requested stats for module: 
RuleRegistry
[StatsPool] No provider registered for 
module: RuleRegistry
[StatsPool] Requested stats for module: 
RuleRegistry
[StatsPool] No provider registered for 
module: RuleRegistry
 [31mÔØ»[39m tests/unit/validation/core/rule-registry.test.js [2m([22m[2m52 tests[22m[2m | [22m[31m1 failed[39m[2m)[22m[32m 56[2mms[22m[39m
       [32mÔ£ô[39m creates rule with config[32m 3[2mms[22m[39m
       [32mÔ£ô[39m sets defaults for optional fields[32m 0[2mms[22m[39m
       [32mÔ£ô[39m returns true when entity type matches[32m 0[2mms[22m[39m
       [32mÔ£ô[39m returns false when entity type does not match[32m 0[2mms[22m[39m
       [32mÔ£ô[39m handles missing entity type[32m 0[2mms[22m[39m
       [32mÔ£ô[39m returns true when all required fields exist[32m 0[2mms[22m[39m
       [32mÔ£ô[39m returns false when required field is missing[32m 0[2mms[22m[39m
       [32mÔ£ô[39m checks nested fields with dot notation[32m 0[2mms[22m[39m
       [32mÔ£ô[39m finds fields in context if not in entity[32m 0[2mms[22m[39m
       [32mÔ£ô[39m gets direct field from entity[32m 1[2mms[22m[39m
       [32mÔ£ô[39m gets nested field with dot notation[32m 0[2mms[22m[39m
       [32mÔ£ô[39m returns undefined for missing nested field[32m 0[2mms[22m[39m
       [32mÔ£ô[39m falls back to context[32m 0[2mms[22m[39m
       [32mÔ£ô[39m executes validate function and returns result[32m 2[2mms[22m[39m
       [32mÔ£ô[39m returns valid result when validate returns true[32m 0[2mms[22m[39m
       [32mÔ£ô[39m returns invalid result when validate returns false[32m 0[2mms[22m[39m
       [32mÔ£ô[39m returns critical for invariant failure[32m 0[2mms[22m[39m
       [32mÔ£ô[39m handles object result from validate[32m 0[2mms[22m[39m
       [32mÔ£ô[39m handles errors in validate function[32m 10[2mms[22m[39m
       [32mÔ£ô[39m sets layer on result[32m 0[2mms[22m[39m
       [32mÔ£ô[39m returns null when not fixable[32m 0[2mms[22m[39m
       [32mÔ£ô[39m executes fix function when fixable[32m 0[2mms[22m[39m
       [32mÔ£ô[39m returns null on fix error[32m 0[2mms[22m[39m
       [32mÔ£ô[39m registers a rule[32m 0[2mms[22m[39m
       [32mÔ£ô[39m registers rule config as ValidationRule[32m 0[2mms[22m[39m
       [32mÔ£ô[39m adds rule to layer index[32m 2[2mms[22m[39m
       [32mÔ£ô[39m adds rule to entity type index[32m 1[2mms[22m[39m
       [32mÔ£ô[39m tracks invariants[32m 0[2mms[22m[39m
       [32mÔ£ô[39m throws on duplicate id[32m 2[2mms[22m[39m
       [32mÔ£ô[39m returns this for chaining[32m 0[2mms[22m[39m
       [32mÔ£ô[39m registers multiple rules[32m 0[2mms[22m[39m
       [32mÔ£ô[39m returns rule by id[32m 0[2mms[22m[39m
       [32mÔ£ô[39m returns undefined for unknown id[32m 0[2mms[22m[39m
       [32mÔ£ô[39m returns rules for layer[32m 7[2mms[22m[39m
       [32mÔ£ô[39m returns empty array for unknown layer[32m 0[2mms[22m[39m
       [32mÔ£ô[39m returns rules for entity type[32m 1[2mms[22m[39m
       [32mÔ£ô[39m returns empty array for unknown type[32m 0[2mms[22m[39m
       [32mÔ£ô[39m returns only invariant rules[32m 1[2mms[22m[39m
       [32mÔ£ô[39m finds rules applicable to entity with required fields[32m 0[2mms[22m[39m
       [32mÔ£ô[39m returns all rules[32m 0[2mms[22m[39m
       [32mÔ£ô[39m returns true for existing rule[32m 0[2mms[22m[39m
       [32mÔ£ô[39m returns false for missing rule[32m 0[2mms[22m[39m
       [32mÔ£ô[39m removes rule from registry[32m 0[2mms[22m[39m
       [32mÔ£ô[39m removes from layer index[32m 0[2mms[22m[39m
       [32mÔ£ô[39m removes from entity index[32m 0[2mms[22m[39m
       [32mÔ£ô[39m removes from invariants[32m 0[2mms[22m[39m
       [32mÔ£ô[39m returns false for unknown rule[32m 0[2mms[22m[39m
[31m       [31m├ù[31m returns registry statistics[39m[32m 9[2mms[22m[39m[33m (retry x1)[39m
       [32mÔ£ô[39m removes all rules[32m 1[2mms[22m[39m
     [32mÔ£ô[39m creates a ValidationRule from config[32m 0[2mms[22m[39m
       [32mÔ£ô[39m returns singleton registry[32m 0[2mms[22m[39m
       [32mÔ£ô[39m creates new registry[32m 1[2mms[22m[39m
 [31mÔØ»[39m tests/unit/pattern-detection/detectors/hotspots-detector.test.js [2m([22m[2m17 tests[22m[2m | [22m[31m3 failed[39m[2m)[22m[32m 45[2mms[22m[39m
       [32mÔ£ô[39m should detect function with high usage as hotspot[32m 4[2mms[22m[39m
       [32mÔ£ô[39m should NOT detect function below threshold[32m 1[2mms[22m[39m
       [32mÔ£ô[39m should calculate risk score based on usage[32m 1[2mms[22m[39m
       [32mÔ£ô[39m should filter out utility functions like formatDate[32m 1[2mms[22m[39m
       [32mÔ£ô[39m should flag business logic functions[32m 1[2mms[22m[39m
       [32mÔ£ô[39m should return findings with required fields[32m 1[2mms[22m[39m
       [32mÔ£ô[39m should include recommendation[32m 1[2mms[22m[39m
       [32mÔ£ô[39m should return overall score[32m 1[2mms[22m[39m
[31m       [31m├ù[31m should return detector metadata[39m[32m 14[2mms[22m[39m[33m (retry x1)[39m
       [32mÔ£ô[39m should handle empty system map[32m 1[2mms[22m[39m
       [32mÔ£ô[39m should handle missing function_links[32m 0[2mms[22m[39m
[31m       [31m├ù[31m should handle null/undefined config gracefully[39m[32m 4[2mms[22m[39m[33m (retry x1)[39m
       [32mÔ£ô[39m should provide correct detector ID[32m 0[2mms[22m[39m
       [32mÔ£ô[39m should provide detector name[32m 0[2mms[22m[39m
[31m       [31m├ù[31m should provide description[39m[32m 13[2mms[22m[39m[33m (retry x1)[39m
       [32mÔ£ô[39m should identify format as utility[32m 0[2mms[22m[39m
       [32mÔ£ô[39m should identify get/set as utilities[32m 0[2mms[22m[39m

[Phase] Initialize...
[Connection] Adding 8 missing column(s) to 
'atoms': is_deprecated, deprecated_reason, 
called_by_json, imports_json, 
exports_json, uses_json, 
side_effects_json, function_type
[Connection] Adding 3 missing column(s) to 
'files': is_removed, hash, updated_at
[Connection] Adding 3 missing column(s) to 
'atom_relations': is_removed, updated_at, 
lifecycle_status
[Connection] Adding 1 missing column(s) to 
'system_files': is_removed
[Connection] Adding 3 missing column(s) to 
'semantic_connections': is_removed, 
updated_at, lifecycle_status
[Connection] Adding 1 missing column(s) to 
'atom_versions': last_modified
[Connection] Adding 8 missing column(s) to 
'modules': type, file_count, 
complexity_score, cohesion_score, 
coupling_score, risk_score, is_removed, 
updated_at
[Connection] Adding 2 missing column(s) to 
'file_dependencies': is_removed, updated_at
[Connection] Created table 'societies' 
from registry
[Connection] Adding 3 missing column(s) to 
'risk_assessments': is_removed, 
updated_at, lifecycle_status
[Connection] Adding 3 missing column(s) to 
'semantic_issues': lifecycle_status, 
is_removed, updated_at
[90mstdout[2m | tests/unit/cli/commands/ai.test.js[2m > [22m[2mai[2m > [22m[2mcalls process.exit with exitCode from logic
[22m[39mValid subcommands: start, stop, status


OmniSystem - Intelligent Codebase Analysis

USAGE:
  omnysystem <command> [project]
  omnysystem ai <subcommand> [mode]

COMMANDS:
  analyze [project]    Run static analysis (generates .omnysysdata/)
  check <file>         Show impact analysis for a specific file
  consolidate [project] Iterative AI consolidation to 100% coverage
  serve [project]      Start local MCP server for Claude Code
  clean [project]      Remove analysis data (.omnysysdata/)
  status [project]     Show analysis status and statistics
  export [project]     Export complete system map (debug)
  ai <subcommand>      Manage AI servers (see below)
  help                 Show this message

AI SUBCOMMANDS:
  ai start [mode]      Start AI server(s) - modes: gpu (default), cpu, both
  ai stop              Stop all AI servers
  ai status            Check AI server status

ARGUMENTS:
  [project]            Path to project (default: current directory)

EXAMPLES:
  omnysystem analyze /my-project
  omnysystem serve .
  omnysystem status ../another-project
  omnysystem clean
  omnysystem ai start gpu
  omnysystem ai status

All data stays local - no internet connection required
  

[Connection] Created table 'mcp_sessions' 
from registry
[90mstderr[2m | 
tests/unit/cli/commands/ai.test.js[2m > 
[22m[2mai[2m > [22m[2mcalls 
process.exit with exitCode from logic
[22m[39m
Invalid AI subcommand: invalid


[Connection] Created table 
'compiler_scanned_files' from registry
 [31mÔØ»[39m tests/unit/cli/commands/ai.test.js [2m([22m[2m14 tests[22m[2m | [22m[31m2 failed[39m[2m)[22m[32m 37[2mms[22m[39m
       [32mÔ£ô[39m returns error when subcommand is null[32m 3[2mms[22m[39m
       [32mÔ£ô[39m returns error when subcommand is invalid[32m 2[2mms[22m[39m
       [32mÔ£ô[39m returns error when mode is invalid for start[32m 1[2mms[22m[39m
       [32mÔ£ô[39m starts gpu server when not running[32m 1[2mms[22m[39m
       [32mÔ£ô[39m detects already running gpu server[32m 0[2mms[22m[39m
       [32mÔ£ô[39m detects server already starting[32m 0[2mms[22m[39m
       [32mÔ£ô[39m starts cpu server when script exists[32m 1[2mms[22m[39m
       [32mÔ£ô[39m returns error when script not found[32m 0[2mms[22m[39m
       [32mÔ£ô[39m starts both servers in both mode[32m 1[2mms[22m[39m
       [32mÔ£ô[39m returns success when servers stopped[32m 0[2mms[22m[39m
[31m       [31m├ù[31m returns status with health info[39m[32m 14[2mms[22m[39m[33m (retry x1)[39m
[31m       [31m├ù[31m handles status check failure[39m[32m 6[2mms[22m[39m[33m (retry x1)[39m
     [32mÔ£ô[39m exports ai function[32m 0[2mms[22m[39m
     [32mÔ£ô[39m calls process.exit with exitCode from logic[32m 3[2mms[22m[39m
  Ôä╣´©Å  No existing analysis found, 
starting fresh

  ÔÅ▒´©Å  Initialize: 89.87ms

[Phase] Parse Source...
  ÔÅ▒´©Å  Parse Source: 18.99ms

[Phase] Resolve Imports...
  ÔÅ▒´©Å  Resolve Imports: 87.22ms

[Phase] Semantic Connections...
  ÔÅ▒´©Å  Semantic Connections: 86.74ms

[Phase] Metadata Extraction...
[90mstdout[2m | tests/unit/cli/commands/analyze.test.js[2m > [22m[2manalyzeLogic[2m > [22m[2mdefaults verbose to true when not silent
[22m[39m
OmniSystem Analysis

Project: /my/project


[90mstdout[2m | tests/unit/cli/commands/analyze.test.js[2m > [22m[2manalyzeLogic[2m > [22m[2mdefaults verbose to true when not silent
[22m[39m
Analysis complete!

Next steps:
  omnysystem status <project>  # Check analysis status
  omnysystem serve <project>   # Start MCP server


 [31mÔØ»[39m tests/unit/cli/commands/analyze.test.js [2m([22m[2m12 tests[22m[2m | [22m[31m4 failed[39m[2m)[22m[32m 35[2mms[22m[39m
     [32mÔ£ô[39m returns success when analysis completes[32m 3[2mms[22m[39m
     [32mÔ£ô[39m calls indexProject with correct options[32m 3[2mms[22m[39m
     [32mÔ£ô[39m defaults verbose to true when not silent[32m 3[2mms[22m[39m
     [32mÔ£ô[39m sets verbose to false when silent[32m 1[2mms[22m[39m
     [32mÔ£ô[39m returns error when analysis fails[32m 1[2mms[22m[39m
     [32mÔ£ô[39m resolves project path[32m 1[2mms[22m[39m
     [32mÔ£ô[39m uses default path when no project provided[32m 0[2mms[22m[39m
     [32mÔ£ô[39m handles single file mode[32m 1[2mms[22m[39m
[31m     [31m├ù[31m exports analyze function[39m[32m 13[2mms[22m[39m[33m (retry x1)[39m
[31m     [31m├ù[31m calls process.exit with exitCode from logic[39m[32m 2[2mms[22m[39m[33m (retry x1)[39m
[31m     [31m├ù[31m returns result when exitOnComplete is false[39m[32m 1[2mms[22m[39m[33m (retry x1)[39m
[31m     [31m├ù[31m throws error when analysis fails and exitOnComplete is false[39m[32m 1[2mms[22m[39m[33m (retry x1)[39m
 [31mÔØ»[39m tests/unit/layer-a-static/preprocessor/preprocessor.test.js [2m([22m[2m45 tests[22m[2m | [22m[31m1 failed[39m[2m)[22m[32m 49[2mms[22m[39m
       [32mÔ£ô[39m inicia en TOP_LEVEL[32m 2[2mms[22m[39m
       [32mÔ£ô[39m enter() agrega contexto al stack[32m 1[2mms[22m[39m
       [32mÔ£ô[39m exit() remueve el ├║ltimo contexto[32m 0[2mms[22m[39m
       [32mÔ£ô[39m exit() en stack vac├¡o retorna null[32m 1[2mms[22m[39m
       [32mÔ£ô[39m m├║ltiples contextos se apilan correctamente[32m 0[2mms[22m[39m
       [32mÔ£ô[39m isIn() detecta contexto en cualquier posici├│n del stack[32m 0[2mms[22m[39m
       [32mÔ£ô[39m isCurrent() solo detecta contexto en el top[32m 0[2mms[22m[39m
       [32mÔ£ô[39m isInAny() detecta cualquier contexto del array[32m 0[2mms[22m[39m
       [32mÔ£ô[39m incrementa y decrementa profundidad[32m 1[2mms[22m[39m
       [32mÔ£ô[39m no decrementa bajo 0[32m 0[2mms[22m[39m
       [32mÔ£ô[39m pushToken() agrega tokens al historial[32m 0[2mms[22m[39m
       [32mÔ£ô[39m historial tiene l├¡mite de tama├▒o[32m 0[2mms[22m[39m
       [32mÔ£ô[39m matchPattern() detecta patrones[32m 0[2mms[22m[39m
       [32mÔ£ô[39m snapshot() y restore() preservan estado[32m 0[2mms[22m[39m
       [32mÔ£ô[39m addRule() agrega reglas[32m 1[2mms[22m[39m
       [32mÔ£ô[39m validateRules() detecta reglas mal formadas[32m 0[2mms[22m[39m
       [32mÔ£ô[39m crea reglas v├ílidas[32m 0[2mms[22m[39m
       [32mÔ£ô[39m lanza error si falta name[32m 1[2mms[22m[39m
       [32mÔ£ô[39m retorna LITERAL si no hay reglas[32m 0[2mms[22m[39m
       [32mÔ£ô[39m tiene 4 reglas para #[32m 0[2mms[22m[39m
       [32mÔ£ô[39m nombres de reglas son descriptivos[32m 1[2mms[22m[39m
       [32mÔ£ô[39m detecta shebang[32m 1[2mms[22m[39m
       [32mÔ£ô[39m detecta private fields[32m 0[2mms[22m[39m
       [32mÔ£ô[39m detecta pipeline operator[32m 0[2mms[22m[39m
       [32mÔ£ô[39m detecta m├║ltiples features[32m 1[2mms[22m[39m
       [32mÔ£ô[39m sin features problem├íticas[32m 0[2mms[22m[39m
       [32mÔ£ô[39m crea componentes correctamente[32m 0[2mms[22m[39m
       [32mÔ£ô[39m lanza error para lenguaje no soportado[32m 0[2mms[22m[39m
       [32mÔ£ô[39m retorna c├│digo sin cambios si no hay features[32m 0[2mms[22m[39m
       [32mÔ£ô[39m procesa shebang[32m 2[2mms[22m[39m
       [32mÔ£ô[39m mantiene pipeline operator sin cambios[32m 1[2mms[22m[39m
       [32mÔ£ô[39m crea placeholders ├║nicos para private fields[32m 1[2mms[22m[39m
[31m       [31m├ù[31m validateTransformations() detecta problemas[39m[32m 16[2mms[22m[39m[33m (retry x1)[39m
       [32mÔ£ô[39m needsPreprocessing() funciona[32m 0[2mms[22m[39m
       [32mÔ£ô[39m getFeatures() retorna informaci├│n[32m 0[2mms[22m[39m
       [32mÔ£ô[39m archivo con shebang + private fields + pipeline[32m 2[2mms[22m[39m
       [32mÔ£ô[39m c├│digo con solo private fields[32m 1[2mms[22m[39m
       [32mÔ£ô[39m c├│digo con solo pipeline operators[32m 1[2mms[22m[39m
       [32mÔ£ô[39m archivo vac├¡o[32m 0[2mms[22m[39m
       [32mÔ£ô[39m solo shebang[32m 0[2mms[22m[39m
       [32mÔ£ô[39m private field sin class body no causa error[32m 0[2mms[22m[39m
     [32mÔ£ô[39m extiende JavaScript handler[32m 1[2mms[22m[39m
     [32mÔ£ô[39m detecta interfaces[32m 1[2mms[22m[39m
     [32mÔ£ô[39m detecta type aliases[32m 0[2mms[22m[39m
     [32mÔ£ô[39m detecta type annotations[32m 0[2mms[22m[39m
[StatsPool] Requested stats for module: 
modification-tracker
[StatsPool] No provider registered for 
module: modification-tracker
[StatsPool] Requested stats for module: 
modification-tracker
[StatsPool] No provider registered for 
module: modification-tracker
 [31mÔØ»[39m src/core/__tests__/tunnel-vision-detector.test.js [2m([22m[2m12 tests[22m[2m | [22m[31m1 failed[39m[2m)[22m[32m 30[2mms[22m[39m
       [32mÔ£ô[39m should detect tunnel vision for modified atom with unmodified callers[32m 6[2mms[22m[39m
       [32mÔ£ô[39m should return null when no unmodified callers[32m 1[2mms[22m[39m
       [32mÔ£ô[39m should return null when atom not found[32m 0[2mms[22m[39m
       [32mÔ£ô[39m should calculate CRITICAL severity for god-functions[32m 1[2mms[22m[39m
       [32mÔ£ô[39m should detect tunnel vision for all exported atoms in file[32m 1[2mms[22m[39m
       [32mÔ£ô[39m should return null for file without atoms[32m 0[2mms[22m[39m
       [32mÔ£ô[39m should return null when file data not found[32m 0[2mms[22m[39m
       [32mÔ£ô[39m should format atomic alert correctly[32m 1[2mms[22m[39m
       [32mÔ£ô[39m should format file alert correctly[32m 1[2mms[22m[39m
       [32mÔ£ô[39m should return empty string for null alert[32m 0[2mms[22m[39m
[31m       [31m├ù[31m should return correct stats[39m[32m 13[2mms[22m[39m[33m (retry x1)[39m
       [32mÔ£ô[39m should remove old modifications[32m 1[2mms[22m[39m
Validation failed: File does not exist: 
/no/existe.js
 [31mÔØ»[39m tests/unit/layer-graph/layer-graph.test.js [2m([22m[2m21 tests[22m[2m | [22m[31m2 failed[39m[2m)[22m[32m 32[2mms[22m[39m
       [32mÔ£ô[39m should create empty system map with all required fields[32m 4[2mms[22m[39m
       [32mÔ£ô[39m should create file node with correct structure[32m 1[2mms[22m[39m
[31m       [31m├ù[31m should build graph from parsed files[39m[32m 14[2mms[22m[39m[33m (retry x1)[39m
[31m       [31m├ù[31m should create bidirectional links[39m[32m 2[2mms[22m[39m[33m (retry x1)[39m
       [32mÔ£ô[39m should detect cycles during build[32m 1[2mms[22m[39m
       [32mÔ£ô[39m should detect simple cycle[32m 0[2mms[22m[39m
       [32mÔ£ô[39m should detect chain cycle[32m 0[2mms[22m[39m
       [32mÔ£ô[39m should return empty array for acyclic graph[32m 0[2mms[22m[39m
       [32mÔ£ô[39m should return true for file in cycle[32m 0[2mms[22m[39m
       [32mÔ£ô[39m should return false for file not in cycle[32m 0[2mms[22m[39m
       [32mÔ£ô[39m should return all files in cycles[32m 0[2mms[22m[39m
       [32mÔ£ô[39m should calculate direct impact[32m 1[2mms[22m[39m
       [32mÔ£ô[39m should calculate transitive impact[32m 0[2mms[22m[39m
       [32mÔ£ô[39m should calculate risk level[32m 0[2mms[22m[39m
       [32mÔ£ô[39m should calculate all transitive dependencies[32m 0[2mms[22m[39m
       [32mÔ£ô[39m should calculate all transitive dependents[32m 0[2mms[22m[39m
       [32mÔ£ô[39m should serialize and deserialize graph correctly[32m 0[2mms[22m[39m
       [32mÔ£ô[39m should detect added files[32m 1[2mms[22m[39m
       [32mÔ£ô[39m should detect removed files[32m 0[2mms[22m[39m
       [32mÔ£ô[39m should normalize Windows paths to Unix format[32m 0[2mms[22m[39m
       [32mÔ£ô[39m should handle null/undefined[32m 0[2mms[22m[39m
Validation failed: File does not exist: 
/no/existe.js
ƒÅù´©Å  Initializing cache singleton for: 
C:\Dev\OmnySystem\.test-e2e-analyze\empty
UnifiedCache: 232 atoms indexed (from 
SQLite)
Ô£à Cache singleton ready for: 
C:\Dev\OmnySystem\.test-e2e-analyze\empty
ƒÅù´©Å  Initializing cache singleton for: C
:\Dev\OmnySystem\.test-e2e-workflow\full-pr
oject
UnifiedCache: 21 atoms indexed (from 
SQLite)
Ô£à Cache singleton ready for: C:\Dev\OmnyS
ystem\.test-e2e-workflow\full-project
ƒî│ Extracting Git metadata via unified 
GitTerminalBridge...
ƒî│ Extracting Git metadata via unified 
GitTerminalBridge...
 [31mÔØ»[39m tests/unit/layer-c-memory/mcp/validation-utils-comprehensive.test.js [2m([22m[2m20 tests[22m[2m | [22m[31m3 failed[39m[2m)[22m[33m 1999[2mms[22m[39m
[31m       [31m├ù[31m debe retornar error estructurado sin romper el proceso[39m[32m 16[2mms[22m[39m[33m (retry x1)[39m
       [32mÔ£ô[39m debe permitir editar archivos v├ílidos[32m 70[2mms[22m[39m
       [32mÔ£ô[39m debe completarse en menos de 1 segundo[32m 67[2mms[22m[39m
       [32mÔ£ô[39m validaci├│n es obligatoria (por dise├▒o)[32m 73[2mms[22m[39m
       [32mÔ£ô[39m debe manejar errores gracefully con try-catch[32m 1[2mms[22m[39m
       [32mÔ£ô[39m usa imports est├íticos del storage[32m 152[2mms[22m[39m
       [32mÔ£ô[39m debe manejar errores de permisos[32m 1[2mms[22m[39m
       [32mÔ£ô[39m debe manejar paths relativos correctamente[32m 1[2mms[22m[39m
       [32mÔ£ô[39m debe manejar m├║ltiples validaciones concurrentes[32m 229[2mms[22m[39m
       [32mÔ£ô[39m funciona independientemente del estado del MCP server[32m 1[2mms[22m[39m
       [32mÔ£ô[39m no debe tener dependencias circulares[32m 62[2mms[22m[39m
       [33m[2mÔ£ô[22m[39m debe ser eficiente incluso con m├║ltiples validaciones [33m 889[2mms[22m[39m[33m (retry x1)[39m
[31m       [31m├ù[31m debe incluir mensajes de error claros[39m[32m 48[2mms[22m[39m[33m (retry x1)[39m
[31m       [31m├ù[31m debe loggear el progreso de validaci├│n[39m[32m 220[2mms[22m[39m[33m (retry x1)[39m
       [32mÔ£ô[39m no debe acumular memoria en validaciones repetidas[32m 1[2mms[22m[39m
       [32mÔ£ô[39m validaci├│n es solo lectura, no modifica nada[32m 113[2mms[22m[39m
       [32mÔ£ô[39m debe funcionar sin symbolName[32m 23[2mms[22m[39m
       [32mÔ£ô[39m debe fallar graceful con archivo que no existe[32m 1[2mms[22m[39m
       [32mÔ£ô[39m debe manejar archivos grandes eficientemente[32m 1[2mms[22m[39m
       [32mÔ£ô[39m no valida sintaxis del c├│digo (eso es trabajo del atomic editor)[32m 26[2mms[22m[39m
 [31mÔØ»[39m tests/unit/layer-a-core/graph/graph.test.js [2m([22m[2m13 tests[22m[2m | [22m[31m2 failed[39m[2m)[22m[32m 31[2mms[22m[39m
       [32mÔ£ô[39m should create empty system map with correct structure[32m 3[2mms[22m[39m
       [32mÔ£ô[39m should create file node with correct structure[32m 1[2mms[22m[39m
[31m       [31m├ù[31m should build graph from parsed files object[39m[32m 16[2mms[22m[39m[33m (retry x1)[39m
       [32mÔ£ô[39m should create export index[32m 1[2mms[22m[39m
[31m       [31m├ù[31m should create dependency links between files[39m[32m 2[2mms[22m[39m[33m (retry x1)[39m
       [32mÔ£ô[39m should calculate impact correctly[32m 1[2mms[22m[39m
       [32mÔ£ô[39m should calculate transitive impact[32m 1[2mms[22m[39m
       [32mÔ£ô[39m should detect simple cycle[32m 0[2mms[22m[39m
       [32mÔ£ô[39m should return empty array when no cycles[32m 0[2mms[22m[39m
       [32mÔ£ô[39m should detect complex cycle chain[32m 0[2mms[22m[39m
       [32mÔ£ô[39m should calculate all dependencies transitively[32m 1[2mms[22m[39m
       [32mÔ£ô[39m should return empty set for file with no dependencies[32m 0[2mms[22m[39m
       [32mÔ£ô[39m should calculate all dependents transitively[32m 1[2mms[22m[39m
  ÔÅ▒´©Å  Metadata Extraction: 1146.45ms 
[mem: +1MB]

[Phase] Atom Extraction...
 [31mÔØ»[39m tests/functional/storage-manager.functional.test.js [2m([22m[2m15 tests[22m[2m | [22m[31m5 failed[39m[2m)[22m[32m 29[2mms[22m[39m
[31m     [31m├ù[31m all expected functions are exported[39m[32m 15[2mms[22m[39m[33m (retry x1)[39m
       [32mÔ£ô[39m calculateFileHash generates consistent hash[32m 1[2mms[22m[39m
       [32mÔ£ô[39m calculateFileHash returns same hash for same content[32m 1[2mms[22m[39m
       [32mÔ£ô[39m calculateFileHash handles empty string[32m 0[2mms[22m[39m
       [32mÔ£ô[39m createDataDirectory is exported[32m 0[2mms[22m[39m
       [32mÔ£ô[39m getDataDirectory is exported[32m 0[2mms[22m[39m
       [32mÔ£ô[39m hasExistingAnalysis is exported[32m 0[2mms[22m[39m
[31m       [31m├ù[31m saveMetadata is exported[39m[32m 2[2mms[22m[39m[33m (retry x1)[39m
[31m       [31m├ù[31m saveFileAnalysis is exported[39m[32m 2[2mms[22m[39m[33m (retry x1)[39m
[31m       [31m├ù[31m saveConnections is exported[39m[32m 2[2mms[22m[39m[33m (retry x1)[39m
[31m       [31m├ù[31m saveRiskAssessment is exported[39m[32m 2[2mms[22m[39m[33m (retry x1)[39m
       [32mÔ£ô[39m saveMolecule is exported[32m 0[2mms[22m[39m
       [32mÔ£ô[39m loadMolecule is exported[32m 0[2mms[22m[39m
       [32mÔ£ô[39m saveAtom is exported[32m 0[2mms[22m[39m
       [32mÔ£ô[39m loadAtoms is exported[32m 0[2mms[22m[39m
  ÔÅ▒´©Å  Atom Extraction: 5.92ms

[Phase] Persistence...
  Ô£ô Saved file metadata to SQLite

  ÔÅ▒´©Å  Persistence: 7.87ms
  ÔÅ▒´©Å  TOTAL Pipeline: 1444.12ms [mem: 
+2MB]

ÔÜí Pipeline completed in 1444.12ms
­ƒÆ¥ Results saved to SQLite for: module.js

­ƒôè Summary:
  - Imports: 1
  - Exports: 2
  - Semantic connections: 0
  - Functions: 1


[Phase] Initialize...
  Ô£ô Loaded existing project context from 
SQLite

  ÔÅ▒´©Å  Initialize: 1.42ms

[Phase] Parse Source...
  ÔÅ▒´©Å  Parse Source: 1.29ms

[Phase] Resolve Imports...
  ÔÅ▒´©Å  Resolve Imports: 0.31ms

[Phase] Semantic Connections...
  ÔÅ▒´©Å  Semantic Connections: 2.16ms

[Phase] Metadata Extraction...
 [31mÔØ»[39m tests/unit/layer-a-static/extractors/data-flow-parser-plugins.test.js [2m([22m[2m17 tests[22m[2m | [22m[31m4 failed[39m[2m)[22m[32m 36[2mms[22m[39m
     [32mÔ£ô[39m parsea archivos con shebang sin error[32m 3[2mms[22m[39m
[31m     [31m├ù[31m retorna error para c├│digo con pipeline operator[39m[32m 10[2mms[22m[39m[33m (retry x1)[39m
     [32mÔ£ô[39m parsea TypeScript b├ísico[32m 1[2mms[22m[39m
     [32mÔ£ô[39m parsea optional chaining (?.)[32m 0[2mms[22m[39m
     [32mÔ£ô[39m parsea nullish coalescing (??)[32m 1[2mms[22m[39m
     [32mÔ£ô[39m parsea dynamic imports[32m 0[2mms[22m[39m
     [32mÔ£ô[39m parsea JSX[32m 0[2mms[22m[39m
     [32mÔ£ô[39m parsea top-level await[32m 0[2mms[22m[39m
     [32mÔ£ô[39m parsea class properties[32m 0[2mms[22m[39m
     [32mÔ£ô[39m parsea exports nombrados e imports ESM[32m 0[2mms[22m[39m
[31m     [31m├ù[31m retorna { error } en lugar de lanzar cuando el c├│digo es inv├ílido[39m[32m 1[2mms[22m[39m[33m (retry x1)[39m
     [32mÔ£ô[39m retorna { error } para c├│digo vac├¡o malformado[32m 0[2mms[22m[39m
     [32mÔ£ô[39m no lanza excepci├│n para c├│digo vac├¡o[32m 4[2mms[22m[39m
     [32mÔ£ô[39m no lanza excepci├│n con undefined como c├│digo[32m 1[2mms[22m[39m
[31m     [31m├ù[31m resultado tiene las propiedades esperadas[39m[32m 4[2mms[22m[39m[33m (retry x1)[39m
[31m     [31m├ù[31m _meta tiene extractedAt y version[39m[32m 5[2mms[22m[39m[33m (retry x1)[39m
     [32mÔ£ô[39m an├ílisis sin opciones retorna invariants y inferredTypes vac├¡os[32m 1[2mms[22m[39m
  ÔÅ▒´©Å  Metadata Extraction: 357.11ms 
[mem: +1MB]

[Phase] Atom Extraction...
  ÔÅ▒´©Å  Atom Extraction: 0.64ms

[Phase] Persistence...
  Ô£ô Saved file metadata to SQLite

  ÔÅ▒´©Å  Persistence: 3.79ms
  ÔÅ▒´©Å  TOTAL Pipeline: 367.19ms [mem: 
+1MB]

ÔÜí Pipeline completed in 367.19ms
­ƒÆ¥ Results saved to SQLite for: utils.js

­ƒôè Summary:
  - Imports: 0
  - Exports: 1
  - Semantic connections: 0
  - Functions: 0


[Phase] Initialize...
  Ô£ô Loaded existing project context from 
SQLite

  ÔÅ▒´©Å  Initialize: 1.28ms

[Phase] Parse Source...
  ÔÅ▒´©Å  Parse Source: 10.23ms

[Phase] Resolve Imports...
  ÔÅ▒´©Å  Resolve Imports: 0.36ms

[Phase] Semantic Connections...
  ÔÅ▒´©Å  Semantic Connections: 0.99ms

[Phase] Metadata Extraction...
 [31mÔØ»[39m tests/unit/layer-b-semantic/validators/lineage-validator/checks/coherence-checks.test.js [2m([22m[2m12 tests[22m[2m | [22m[31m2 failed[39m[2m)[22m[32m 34[2mms[22m[39m
       [32mÔ£ô[39m should validate coherent atom[32m 3[2mms[22m[39m
       [32mÔ£ô[39m should detect missing validation operation[32m 2[2mms[22m[39m
       [32mÔ£ô[39m should accept validation with validation operation[32m 2[2mms[22m[39m
       [32mÔ£ô[39m should accept validation with check operation[32m 0[2mms[22m[39m
       [32mÔ£ô[39m should accept validation with verify operation[32m 0[2mms[22m[39m
[31m       [31m├ù[31m should detect missing read operation for read flowType[39m[32m 15[2mms[22m[39m[33m (retry x1)[39m
       [32mÔ£ô[39m should accept read with read operation[32m 1[2mms[22m[39m
       [32mÔ£ô[39m should accept read with fetch operation[32m 1[2mms[22m[39m
[31m       [31m├ù[31m should detect missing side effect for persist flowType[39m[32m 5[2mms[22m[39m[33m (retry x1)[39m
       [32mÔ£ô[39m should handle atom without semantic[32m 0[2mms[22m[39m
       [32mÔ£ô[39m should handle atom without DNA[32m 1[2mms[22m[39m
       [32mÔ£ô[39m should handle atom without dataFlow[32m 0[2mms[22m[39m
 [31mÔØ»[39m tests/contracts/pattern-detection.contract.test.js [2m([22m[2m13 tests[22m[2m | [22m[31m1 failed[39m[2m)[22m[32m 26[2mms[22m[39m
     [32mÔ£ô[39m must extend PatternDetector base class[32m 2[2mms[22m[39m
     [32mÔ£ô[39m must implement getId() method[32m 1[2mms[22m[39m
     [32mÔ£ô[39m must implement getName() method[32m 0[2mms[22m[39m
     [32mÔ£ô[39m must implement getDescription() method[32m 1[2mms[22m[39m
[31m     [31m├ù[31m must return DetectionResult from detect()[39m[32m 11[2mms[22m[39m[33m (retry x1)[39m
     [32mÔ£ô[39m must return array of findings[32m 0[2mms[22m[39m
     [32mÔ£ô[39m must return score between 0 and 100[32m 1[2mms[22m[39m
     [32mÔ£ô[39m must not throw on empty system map[32m 2[2mms[22m[39m
     [32mÔ£ô[39m must not throw on null/undefined input[32m 1[2mms[22m[39m
     [32mÔ£ô[39m must return valid result even when no patterns found[32m 0[2mms[22m[39m
     [32mÔ£ô[39m hotspot findings must have required fields[32m 2[2mms[22m[39m
     [32mÔ£ô[39m should complete in under 100ms for small inputs[32m 0[2mms[22m[39m
     [32mÔ£ô[39m all detectors should use consistent severity levels[32m 1[2mms[22m[39m
 [31mÔØ»[39m tests/unit/services/index.test.js [2m([22m[2m5 tests[22m[2m | [22m[31m2 failed[39m[2m)[22m[32m 14[2mms[22m[39m
[31m       [31m├ù[31m should export LLMService[39m[32m 9[2mms[22m[39m[33m (retry x1)[39m
       [32mÔ£ô[39m should export analyzeWithLLM (convenience function)[32m 1[2mms[22m[39m
       [32mÔ£ô[39m should export isLLMAvailable (convenience function)[32m 1[2mms[22m[39m
       [32mÔ£ô[39m should export waitForLLM (convenience function)[32m 0[2mms[22m[39m
[31m       [31m├ù[31m should have default export[39m[32m 1[2mms[22m[39m[33m (retry x1)[39m
 [31mÔØ»[39m tests/functional/race-detector.functional.test.js [2m([22m[2m31 tests[22m[2m | [22m[31m1 failed[39m[2m)[22m[32m 33[2mms[22m[39m
       [32mÔ£ô[39m calculates severity string for race conditions[32m 4[2mms[22m[39m
       [32mÔ£ô[39m returns low for null/undefined race[32m 1[2mms[22m[39m
       [32mÔ£ô[39m score() is alias for calculate()[32m 0[2mms[22m[39m
[31m       [31m├ù[31m scoreToSeverity converts numeric score to severity[39m[32m 11[2mms[22m[39m[33m (retry x1)[39m
       [32mÔ£ô[39m explainScore returns array of factors[32m 1[2mms[22m[39m
       [32mÔ£ô[39m suggestTestingLevel returns advice for severity[32m 1[2mms[22m[39m
       [32mÔ£ô[39m setWeights updates weights[32m 1[2mms[22m[39m
       [32mÔ£ô[39m score method returns a number[32m 1[2mms[22m[39m
       [32mÔ£ô[39m returns 0.5 for null race[32m 0[2mms[22m[39m
       [32mÔ£ô[39m returns 0.5 for unknown type[32m 0[2mms[22m[39m
       [32mÔ£ô[39m scores init-error (IE) high[32m 0[2mms[22m[39m
       [32mÔ£ô[39m returns a number score[32m 0[2mms[22m[39m
       [32mÔ£ô[39m handles null input gracefully[32m 0[2mms[22m[39m
       [32mÔ£ô[39m returns a number score[32m 0[2mms[22m[39m
       [32mÔ£ô[39m returns 0.5 for null race[32m 0[2mms[22m[39m
       [32mÔ£ô[39m returns a number score[32m 0[2mms[22m[39m
       [32mÔ£ô[39m returns 0.5 for null race[32m 0[2mms[22m[39m
       [32mÔ£ô[39m scores based on project data[32m 0[2mms[22m[39m
       [32mÔ£ô[39m scores based on race frequency[32m 2[2mms[22m[39m
       [32mÔ£ô[39m provides advice for critical severity[32m 1[2mms[22m[39m
       [32mÔ£ô[39m provides advice for high severity[32m 3[2mms[22m[39m
       [32mÔ£ô[39m provides advice for medium severity[32m 0[2mms[22m[39m
       [32mÔ£ô[39m provides advice for low severity[32m 0[2mms[22m[39m
       [32mÔ£ô[39m returns low advice for unknown severity[32m 0[2mms[22m[39m
       [32mÔ£ô[39m provides type weights[32m 0[2mms[22m[39m
       [32mÔ£ô[39m provides async weights[32m 0[2mms[22m[39m
       [32mÔ£ô[39m provides data integrity weights[32m 0[2mms[22m[39m
       [32mÔ£ô[39m provides scope weights[32m 0[2mms[22m[39m
       [32mÔ£ô[39m returns 0.5 for unknown weight types[32m 0[2mms[22m[39m
       [32mÔ£ô[39m update merges new weights[32m 0[2mms[22m[39m
       [32mÔ£ô[39m update handles null/undefined gracefully[32m 1[2mms[22m[39m
 [31mÔØ»[39m tests/functional/comprehensive-extractor.functional.test.js [2m([22m[2m0 test[22m[2m)[22m
  ÔÅ▒´©Å  Metadata Extraction: 431.25ms

[Phase] Atom Extraction...
  ÔÅ▒´©Å  Atom Extraction: 0.63ms

[Phase] Persistence...
  Ô£ô Saved file metadata to SQLite

  ÔÅ▒´©Å  Persistence: 6.65ms
  ÔÅ▒´©Å  TOTAL Pipeline: 451.90ms [mem: 
+1MB]

ÔÜí Pipeline completed in 451.90ms
­ƒÆ¥ Results saved to SQLite for: atoms.js

­ƒôè Summary:
  - Imports: 0
  - Exports: 3
  - Semantic connections: 1
  - Functions: 3


[Phase] Initialize...
  Ô£ô Loaded existing project context from 
SQLite

  ÔÅ▒´©Å  Initialize: 1.58ms

[Phase] Parse Source...
  ÔÅ▒´©Å  Parse Source: 7.84ms

[Phase] Resolve Imports...
  ÔÅ▒´©Å  Resolve Imports: 0.57ms

[Phase] Semantic Connections...
  ÔÅ▒´©Å  Semantic Connections: 0.64ms

[Phase] Metadata Extraction...
 [31mÔØ»[39m tests/unit/cli/commands/index.test.js [2m([22m[2m25 tests[22m[2m | [22m[31m1 failed[39m[2m)[22m[32m 25[2mms[22m[39m
     [32mÔ£ô[39m finds command by primary name[32m 3[2mms[22m[39m
     [32mÔ£ô[39m finds command by alias[32m 1[2mms[22m[39m
     [32mÔ£ô[39m finds down command[32m 0[2mms[22m[39m
     [32mÔ£ô[39m finds down command by alias[32m 1[2mms[22m[39m
     [32mÔ£ô[39m finds status command[32m 0[2mms[22m[39m
     [32mÔ£ô[39m finds tools command[32m 0[2mms[22m[39m
     [32mÔ£ô[39m finds call command[32m 0[2mms[22m[39m
     [32mÔ£ô[39m finds setup command[32m 0[2mms[22m[39m
     [32mÔ£ô[39m finds help command[32m 1[2mms[22m[39m
     [32mÔ£ô[39m finds help command by --help alias[32m 0[2mms[22m[39m
     [32mÔ£ô[39m finds help command by -h alias[32m 0[2mms[22m[39m
     [32mÔ£ô[39m returns null for unknown command[32m 0[2mms[22m[39m
     [32mÔ£ô[39m returns null for empty string[32m 0[2mms[22m[39m
     [32mÔ£ô[39m returns null for null[32m 0[2mms[22m[39m
     [32mÔ£ô[39m is case sensitive[32m 0[2mms[22m[39m
     [32mÔ£ô[39m finds logic function for up command[32m 0[2mms[22m[39m
     [32mÔ£ô[39m finds logic function for help command[32m 0[2mms[22m[39m
     [32mÔ£ô[39m returns null for unknown command[32m 0[2mms[22m[39m
     [32mÔ£ô[39m finds logic function for status command[32m 0[2mms[22m[39m
     [32mÔ£ô[39m finds logic function for tools command[32m 0[2mms[22m[39m
     [32mÔ£ô[39m finds logic function for call command[32m 0[2mms[22m[39m
     [32mÔ£ô[39m finds logic function for setup command[32m 0[2mms[22m[39m
     [32mÔ£ô[39m finds logic function for down command[32m 0[2mms[22m[39m
     [32mÔ£ô[39m exports all commands[32m 0[2mms[22m[39m
[31m     [31m├ù[31m has correct number of commands[39m[32m 13[2mms[22m[39m[33m (retry x1)[39m
 [31mÔØ»[39m tests/unit/layer-a-analysis/extractors/extractors-atomic.test.js [2m([22m[2m0 test[22m[2m)[22m
 [31mÔØ»[39m tests/integration/layer-a/integration-contracts.test.js [2m([22m[2m0 test[22m[2m)[22m
 [31mÔØ»[39m tests/integration/layer-a/analyzer-flow.test.js [2m([22m[2m0 test[22m[2m)[22m
 [31mÔØ»[39m tests/unit/layer-a-analysis/extractors/extractors-group1.test.js [2m([22m[2m0 test[22m[2m)[22m
 [31mÔØ»[39m tests/unit/layer-a-static/parser/parser-config.test.js [2m([22m[2m0 test[22m[2m)[22m
  ÔÅ▒´©Å  Metadata Extraction: 351.73ms

[Phase] Atom Extraction...
  ÔÅ▒´©Å  Atom Extraction: 0.32ms

[Phase] Persistence...
  Ô£ô Saved file metadata to SQLite

  ÔÅ▒´©Å  Persistence: 3.04ms
  ÔÅ▒´©Å  TOTAL Pipeline: 366.13ms [mem: 
+1MB]

ÔÜí Pipeline completed in 366.13ms
ƒÆ¥ Results saved to SQLite for: service.js

­ƒôè Summary:
  - Imports: 0
  - Exports: 1
  - Semantic connections: 1
  - Functions: 1


[Phase] Initialize...
  Ô£ô Loaded existing project context from 
SQLite

  ÔÅ▒´©Å  Initialize: 1.66ms

[Phase] Parse Source...
  ÔÅ▒´©Å  Parse Source: 8.87ms

[Phase] Resolve Imports...
  ÔÅ▒´©Å  Resolve Imports: 0.71ms

[Phase] Semantic Connections...
  ÔÅ▒´©Å  Semantic Connections: 0.91ms

[Phase] Metadata Extraction...
 [31mÔØ»[39m tests/unit/layer-c-memory/mcp/impact-map.test.js [2m([22m[2m0 test[22m[2m)[22m
 [31mÔØ»[39m tests/unit/layer-c-memory/mcp/risk-assessment.test.js [2m([22m[2m0 test[22m[2m)[22m
 [31mÔØ»[39m tests/unit/layer-c-memory/mcp/search-files.test.js [2m([22m[2m0 test[22m[2m)[22m
  ÔÅ▒´©Å  Metadata Extraction: 357.57ms

[Phase] Atom Extraction...
  ÔÅ▒´©Å  Atom Extraction: 1.53ms

[Phase] Persistence...
  Ô£ô Saved file metadata to SQLite

  ÔÅ▒´©Å  Persistence: 5.83ms
  ÔÅ▒´©Å  TOTAL Pipeline: 377.61ms [mem: 
+1MB]

ÔÜí Pipeline completed in 377.61ms
­ƒÆ¥ Results saved to SQLite for: state.js

­ƒôè Summary:
  - Imports: 0
  - Exports: 2
  - Semantic connections: 0
  - Functions: 2


[Phase] Initialize...
  Ô£ô Loaded existing project context from 
SQLite

  ÔÅ▒´©Å  Initialize: 1.88ms

[Phase] Parse Source...
  ÔÅ▒´©Å  Parse Source: 11.91ms

[Phase] Resolve Imports...
  ÔÅ▒´©Å  Resolve Imports: 0.78ms

[Phase] Semantic Connections...
  ÔÅ▒´©Å  Semantic Connections: 0.73ms

[Phase] Metadata Extraction...
  Ô£ô Git metadata extracted for 5407 
files.
  Ô£ô Git metadata extracted for 5407 
files.
 [31mÔØ»[39m tests/unit/layer-c-memory/storage/repository/adapters/sqlite-bulk-operations.test.js [2m([22m[2m0 test[22m[2m)[22m
[90mstdout[2m | tests/unit/cli/commands/up.test.js[2m > [22m[2mupLogic[2m > [22m[2mreturns success when MCP already running
[22m[39mÔ£à Ô£à Daemon graceful restart triggered: ================================================================================
CRITICAL WARNING FOR AI AGENT (ANTIGRAVITY BUG PRE-EMPTION)
You just triggered a true process restart. Because of a known bug in the
Antigravity IDE client, your current MCP session is now orphaned.
Any subsequent MCP tool calls you make right now will silently hang forever.

-> WHAT YOU MUST DO IMMEDIATELY:
1. DO NOT call any other MCP tool.
2. Call the `notify_user` tool right now.
3. Tell the user: "I restarted the server. Please manually restart/reload
   Antigravity so the MCP session reconnects, then tell me to continue."
================================================================================

[90mstdout[2m | tests/unit/cli/commands/up.test.js[2m > [22m[2mupLogic[2m > [22m[2mreturns success when MCP already running
[22m[39mÔä╣´©Å 
ÔÖ╗´©Å  The MCP HTTP Daemon is ALREADY RUNNING.
Ôä╣´©Å ­ƒôí Sending graceful restart signal to Daemon instead of killing it (clearCache=false)...

  ÔÅ▒´©Å  Metadata Extraction: 671.58ms

[Phase] Atom Extraction...
  ÔÅ▒´©Å  Atom Extraction: 0.44ms

[Phase] Persistence...
  Ô£ô Saved file metadata to SQLite

  ÔÅ▒´©Å  Persistence: 6.13ms
  ÔÅ▒´©Å  TOTAL Pipeline: 693.89ms [mem: 
+1MB]

ÔÜí Pipeline completed in 693.89ms
­ƒÆ¥ Results saved to SQLite for: store.js

­ƒôè Summary:
  - Imports: 0
  - Exports: 1
  - Semantic connections: 0
  - Functions: 0


[Phase] Initialize...
  Ô£ô Loaded existing project context from 
SQLite

  ÔÅ▒´©Å  Initialize: 3.14ms

[Phase] Parse Source...
  ÔÅ▒´©Å  Parse Source: 13.00ms

[Phase] Resolve Imports...
  ÔÅ▒´©Å  Resolve Imports: 0.40ms

[Phase] Semantic Connections...
  ÔÅ▒´©Å  Semantic Connections: 0.78ms

[Phase] Metadata Extraction...
­ƒôØ Atomic Edit: test.js
  ­ƒöÆ Validating safety...
  Ô£à Safety passed
  ­ƒöì Validating operation...
  Ô£à Operation valid
  ­ƒöì Validating syntax...
[90mstdout[2m | tests/unit/cli/commands/up.test.js[2m > [22m[2mupLogic[2m > [22m[2mreturns success when MCP already running
[22m[39mÔ£à Ô£à Daemon graceful restart triggered: ================================================================================
CRITICAL WARNING FOR AI AGENT (ANTIGRAVITY BUG PRE-EMPTION)
You just triggered a true process restart. Because of a known bug in the
Antigravity IDE client, your current MCP session is now orphaned.
Any subsequent MCP tool calls you make right now will silently hang forever.

-> WHAT YOU MUST DO IMMEDIATELY:
1. DO NOT call any other MCP tool.
2. Call the `notify_user` tool right now.
3. Tell the user: "I restarted the server. Please manually restart/reload
   Antigravity so the MCP session reconnects, then tell me to continue."
================================================================================

[90mstdout[2m | tests/unit/cli/commands/up.test.js[2m > [22m[2mupLogic[2m > [22m[2mreturns error when MCP fails to start
[22m[39mÔä╣´©Å 
ÔÖ╗´©Å  The MCP HTTP Daemon is ALREADY RUNNING.
Ôä╣´©Å ­ƒôí Sending graceful restart signal to Daemon instead of killing it (clearCache=false)...

[90mstdout[2m | tests/unit/cli/commands/up.test.js[2m > [22m[2mupLogic[2m > [22m[2mreturns error when MCP fails to start
[22m[39mÔ£à Ô£à Daemon graceful restart triggered: ================================================================================
CRITICAL WARNING FOR AI AGENT (ANTIGRAVITY BUG PRE-EMPTION)
You just triggered a true process restart. Because of a known bug in the
Antigravity IDE client, your current MCP session is now orphaned.
Any subsequent MCP tool calls you make right now will silently hang forever.

-> WHAT YOU MUST DO IMMEDIATELY:
1. DO NOT call any other MCP tool.
2. Call the `notify_user` tool right now.
3. Tell the user: "I restarted the server. Please manually restart/reload
   Antigravity so the MCP session reconnects, then tell me to continue."
================================================================================

[90mstdout[2m | tests/unit/cli/commands/up.test.js[2m > [22m[2mupLogic[2m > [22m[2mreports OpenCode configuration status
[22m[39mÔä╣´©Å 
ÔÖ╗´©Å  The MCP HTTP Daemon is ALREADY RUNNING.
Ôä╣´©Å ­ƒôí Sending graceful restart signal to Daemon instead of killing it (clearCache=false)...

[90mstdout[2m | tests/unit/cli/commands/up.test.js[2m > [22m[2mupLogic[2m > [22m[2mreports OpenCode configuration status
[22m[39mÔ£à Ô£à Daemon graceful restart triggered: ================================================================================
CRITICAL WARNING FOR AI AGENT (ANTIGRAVITY BUG PRE-EMPTION)
You just triggered a true process restart. Because of a known bug in the
Antigravity IDE client, your current MCP session is now orphaned.
Any subsequent MCP tool calls you make right now will silently hang forever.

-> WHAT YOU MUST DO IMMEDIATELY:
1. DO NOT call any other MCP tool.
2. Call the `notify_user` tool right now.
3. Tell the user: "I restarted the server. Please manually restart/reload
   Antigravity so the MCP session reconnects, then tell me to continue."
================================================================================

[90mstdout[2m | tests/unit/cli/commands/up.test.js[2m > [22m[2mupLogic[2m > [22m[2mreports OpenCode configuration failure
[22m[39mÔä╣´©Å 
ÔÖ╗´©Å  The MCP HTTP Daemon is ALREADY RUNNING.
Ôä╣´©Å ­ƒôí Sending graceful restart signal to Daemon instead of killing it (clearCache=false)...

[90mstdout[2m | tests/unit/cli/commands/up.test.js[2m > [22m[2mupLogic[2m > [22m[2mreports OpenCode configuration failure
[22m[39mÔ£à Ô£à Daemon graceful restart triggered: ================================================================================
CRITICAL WARNING FOR AI AGENT (ANTIGRAVITY BUG PRE-EMPTION)
You just triggered a true process restart. Because of a known bug in the
Antigravity IDE client, your current MCP session is now orphaned.
Any subsequent MCP tool calls you make right now will silently hang forever.

-> WHAT YOU MUST DO IMMEDIATELY:
1. DO NOT call any other MCP tool.
2. Call the `notify_user` tool right now.
3. Tell the user: "I restarted the server. Please manually restart/reload
   Antigravity so the MCP session reconnects, then tell me to continue."
================================================================================

[90mstdout[2m | tests/unit/cli/commands/up.test.js[2m > [22m[2mupLogic[2m > [22m[2mworks without silent option
[22m[39mÔä╣´©Å 
ÔÖ╗´©Å  The MCP HTTP Daemon is ALREADY RUNNING.
Ôä╣´©Å ­ƒôí Sending graceful restart signal to Daemon instead of killing it (clearCache=false)...

[90mstdout[2m | tests/unit/cli/commands/up.test.js[2m > [22m[2mupLogic[2m > [22m[2mworks without silent option
[22m[39mÔ£à Ô£à Daemon graceful restart triggered: ================================================================================
CRITICAL WARNING FOR AI AGENT (ANTIGRAVITY BUG PRE-EMPTION)
You just triggered a true process restart. Because of a known bug in the
Antigravity IDE client, your current MCP session is now orphaned.
Any subsequent MCP tool calls you make right now will silently hang forever.

-> WHAT YOU MUST DO IMMEDIATELY:
1. DO NOT call any other MCP tool.
2. Call the `notify_user` tool right now.
3. Tell the user: "I restarted the server. Please manually restart/reload
   Antigravity so the MCP session reconnects, then tell me to continue."
================================================================================

 [31mÔØ»[39m tests/unit/cli/commands/up.test.js [2m([22m[2m9 tests[22m[2m | [22m[31m1 failed[39m[2m)[22m[33m 5427[2mms[22m[39m
[31m     [31m├ù[31m returns success when MCP already running[39m[33m 5343[2mms[22m[39m[33m (retry x1)[39m
     [32mÔ£ô[39m starts MCP when not running[32m 2[2mms[22m[39m
     [32mÔ£ô[39m returns error when MCP fails to start[32m 29[2mms[22m[39m[33m (retry x1)[39m
     [32mÔ£ô[39m reports OpenCode configuration status[32m 21[2mms[22m[39m
     [32mÔ£ô[39m reports OpenCode configuration failure[32m 22[2mms[22m[39m
     [32mÔ£ô[39m handles exceptions[32m 1[2mms[22m[39m
     [32mÔ£ô[39m works without silent option[32m 7[2mms[22m[39m
     [32mÔ£ô[39m exports execute function[32m 0[2mms[22m[39m
     [32mÔ£ô[39m exports aliases[32m 0[2mms[22m[39m
  Ô£à Syntax valid
  ÔÜí Executing modify...
  Ô£à Operation complete

[Phase] Initialize...
  ÔÅ▒´©Å  Metadata Extraction: 696.36ms

[Phase] Atom Extraction...
  ÔÅ▒´©Å  Atom Extraction: 0.48ms

[Phase] Persistence...
  Ô£ô Saved file metadata to SQLite

  ÔÅ▒´©Å  Persistence: 7.75ms
  ÔÅ▒´©Å  TOTAL Pipeline: 722.42ms [mem: 
+1MB]

ÔÜí Pipeline completed in 722.42ms
­ƒÆ¥ Results saved to SQLite for: store.js

­ƒôè Summary:
  - Imports: 0
  - Exports: 1
  - Semantic connections: 0
  - Functions: 0


[Phase] Initialize...
  Ô£ô Loaded existing project context from 
SQLite

  ÔÅ▒´©Å  Initialize: 2.36ms

[Phase] Parse Source...
  Ô£ô Loaded existing project context from 
SQLite

  ÔÅ▒´©Å  Initialize: 55.95ms [mem: +1MB]

[Phase] Parse Source...
  ÔÅ▒´©Å  Parse Source: 11.68ms

[Phase] Resolve Imports...
  ÔÅ▒´©Å  Resolve Imports: 0.48ms

[Phase] Semantic Connections...
  ÔÅ▒´©Å  Semantic Connections: 0.54ms

[Phase] Metadata Extraction...
  ÔÅ▒´©Å  Parse Source: 36.96ms [mem: +1MB]

[Phase] Resolve Imports...
  ÔÅ▒´©Å  Resolve Imports: 1.63ms

[Phase] Semantic Connections...
  ÔÅ▒´©Å  Semantic Connections: 15.65ms

[Phase] Metadata Extraction...
[90mstdout[2m | tests/e2e/scenarios/cli-analyze.scenario.test.js[2m > [22m[2mE2E: CLI Analyze Command[2m > [22m[2mBasic Analysis[2m > [22m[2mshould analyze empty project
[22m[39m[PatternDetection] Registered 7 pattern detectors
[PatternDetection] ­ƒöì Starting pattern detection analysis...

ÔÜá´©Å  No LLM servers available. Falling 
back to static analysis only.
ƒÆí Start servers with: 
src/ai/scripts/brain_gpu.bat
ÔÜá´©Å  No LLM servers available. Falling 
back to static analysis only.
ƒÆí Start servers with: 
src/ai/scripts/brain_gpu.bat

­ƒôè Prompt Stats for test.js:
  - Characters: 4861
  - Approx Tokens: 1216
  ­ƒöä Attempt 1/3 (timeout: 20000ms)
  ÔØî Attempt 1 failed: No LLM server 
available
  ÔÅ│ Waiting 2000ms before retry...
[90mstdout[2m | tests/e2e/scenarios/cli-analyze.scenario.test.js[2m > [22m[2mE2E: CLI Analyze Command[2m > [22m[2mBasic Analysis[2m > [22m[2mshould analyze empty project
[22m[39m[PatternDetection] Ô£à Pattern detection complete in 116ms

ƒÅù´©Å  Initializing cache singleton for: 
C:\Dev\OmnySystem\.test-e2e-analyze\simple
UnifiedCache: 232 atoms indexed (from 
SQLite)
Ô£à Cache singleton ready for: 
C:\Dev\OmnySystem\.test-e2e-analyze\simple
[90mstdout[2m | tests/e2e/scenarios/full-workflow.scenario.test.js[2m > [22m[2mE2E: Full Analysis Workflow[2m > [22m[2mLayer A ÔåÆ Layer C Flow[2m > [22m[2mshould create complete analysis artifacts
[22m[39m[PatternDetection] Registered 7 pattern detectors
[PatternDetection] ­ƒöì Starting pattern detection analysis...

[90mstdout[2m | tests/e2e/scenarios/full-workflow.scenario.test.js[2m > [22m[2mE2E: Full Analysis Workflow[2m > [22m[2mLayer A ÔåÆ Layer C Flow[2m > [22m[2mshould create complete analysis artifacts
[22m[39m[PatternDetection] Ô£à Pattern detection complete in 91ms

ƒÅù´©Å  Initializing cache singleton for: C
:\Users\mauro\AppData\Local\Temp\atomic-edi
tor-test-E9Hkzz
  ÔÅ▒´©Å  Metadata Extraction: 494.35ms

[Phase] Atom Extraction...
  ÔÅ▒´©Å  Atom Extraction: 0.26ms

[Phase] Persistence...
  Ô£ô Saved file metadata to SQLite

  ÔÅ▒´©Å  Persistence: 4.09ms
  ÔÅ▒´©Å  TOTAL Pipeline: 514.17ms [mem: 
+1MB]

ÔÜí Pipeline completed in 514.17ms
ƒÆ¥ Results saved to SQLite for: 
queryable.js

­ƒôè Summary:
  - Imports: 0
  - Exports: 2
  - Semantic connections: 0
  - Functions: 1

[Connection] Adding 8 missing column(s) to 
'atoms': is_deprecated, deprecated_reason, 
called_by_json, imports_json, 
exports_json, uses_json, 
side_effects_json, function_type

[Phase] Initialize...
  Ô£ô Loaded existing project context from 
SQLite

  ÔÅ▒´©Å  Initialize: 3.06ms [mem: +1MB]

[Phase] Parse Source...
  ÔÅ▒´©Å  Parse Source: 8.33ms

[Phase] Resolve Imports...
  ÔÅ▒´©Å  Resolve Imports: 0.55ms

[Phase] Semantic Connections...
  ÔÅ▒´©Å  Semantic Connections: 0.66ms

[Phase] Metadata Extraction...
[Connection] Adding 3 missing column(s) to 
'files': is_removed, hash, updated_at
[Connection] Adding 3 missing column(s) to 
'atom_relations': is_removed, updated_at, 
lifecycle_status
[Connection] Adding 1 missing column(s) to 
'system_files': is_removed
[Connection] Adding 3 missing column(s) to 
'semantic_connections': is_removed, 
updated_at, lifecycle_status
[Tool] atomic:edit() invoked
[Connection] Adding 1 missing column(s) to 
'atom_versions': last_modified
[Connection] Adding 8 missing column(s) to 
'modules': type, file_count, 
complexity_score, cohesion_score, 
coupling_score, risk_score, is_removed, 
updated_at
[Tool] atomic:edit() invoked
[Connection] Adding 2 missing column(s) to 
'file_dependencies': is_removed, updated_at
[Connection] Created table 'societies' 
from registry
[Connection] Adding 3 missing column(s) to 
'risk_assessments': is_removed, 
updated_at, lifecycle_status
[Tool] atomic:edit() invoked
[Connection] Adding 3 missing column(s) to 
'semantic_issues': lifecycle_status, 
is_removed, updated_at
[Connection] Created table 'mcp_sessions' 
from registry
[Tool] atomic:edit() invoked
[Connection] Created table 
'compiler_scanned_files' from registry
UnifiedCache: 0 atoms indexed (from SQLite)
Ô£à Cache singleton ready for: C:\Users\mau
ro\AppData\Local\Temp\atomic-editor-test-E9
Hkzz
­ƒôØ Atomic Edit: test.js
  ­ƒöÆ Validating safety...
  Ô£à Safety passed
  ­ƒöì Validating operation...
  Ô£à Operation valid
  ­ƒöì Validating syntax...
[Connection] Adding 8 missing column(s) to 
'atoms': is_deprecated, deprecated_reason, 
called_by_json, imports_json, 
exports_json, uses_json, 
side_effects_json, function_type
[Connection] Adding 3 missing column(s) to 
'files': is_removed, hash, updated_at
[Connection] Adding 3 missing column(s) to 
'atom_relations': is_removed, updated_at, 
lifecycle_status
[Connection] Adding 1 missing column(s) to 
'system_files': is_removed
[Connection] Adding 3 missing column(s) to 
'semantic_connections': is_removed, 
updated_at, lifecycle_status
[Connection] Adding 1 missing column(s) to 
'atom_versions': last_modified
[Connection] Adding 8 missing column(s) to 
'modules': type, file_count, 
complexity_score, cohesion_score, 
coupling_score, risk_score, is_removed, 
updated_at
[Connection] Adding 2 missing column(s) to 
'file_dependencies': is_removed, updated_at
[Connection] Created table 'societies' 
from registry
[Connection] Adding 3 missing column(s) to 
'risk_assessments': is_removed, 
updated_at, lifecycle_status
[Connection] Adding 3 missing column(s) to 
'semantic_issues': lifecycle_status, 
is_removed, updated_at
[Connection] Created table 'mcp_sessions' 
from registry
[Connection] Created table 
'compiler_scanned_files' from registry
[Transaction] Began: atomic:edit
[Transaction] Started for atomic:edit 
(autoFix: false)
­ƒôØ Atomic Edit: src/utils.js
  ­ƒöì Validating operation...
  Ô£à Operation valid
  ­ƒöì Validating syntax...
  Ô£à Syntax valid
  ÔÜí Executing modify...
  Ô£à Operation complete
ƒÅù´©Å  Initializing cache singleton for: C
:\Users\mauro\AppData\Local\Temp\atomic-edi
tor-test-yNNAKS
UnifiedCache: 0 atoms indexed (from SQLite)
Ô£à Cache singleton ready for: C:\Users\mau
ro\AppData\Local\Temp\atomic-editor-test-yN
NAKS
­ƒôØ Atomic Edit: test.js
  ­ƒöÆ Validating safety...
  Ô£à Safety passed
  ­ƒöì Validating operation...
  Ô£à Operation valid
  ­ƒöì Validating syntax...
  ÔÅ▒´©Å  Metadata Extraction: 1044.27ms

[Phase] Atom Extraction...
  ÔÅ▒´©Å  Atom Extraction: 4.69ms

[Phase] Persistence...
  Ô£ô Saved file metadata to SQLite

  ÔÅ▒´©Å  Persistence: 17.18ms
  ÔÅ▒´©Å  TOTAL Pipeline: 1181.61ms [mem: 
+2MB]

ÔÜí Pipeline completed in 1181.61ms
­ƒÆ¥ Results saved to SQLite for: config.js

­ƒôè Summary:
  - Imports: 0
  - Exports: 1
  - Semantic connections: 0
  - Functions: 0


[Phase] Initialize...
  Ô£ô Loaded existing project context from 
SQLite

  ÔÅ▒´©Å  Initialize: 1.80ms

[Phase] Parse Source...
  ÔÅ▒´©Å  Parse Source: 18.51ms

[Phase] Resolve Imports...
  ÔÅ▒´©Å  Resolve Imports: 3.29ms

[Phase] Semantic Connections...

[Phase] Initialize...
  ÔÅ▒´©Å  Semantic Connections: 4.75ms

[Phase] Metadata Extraction...
[Connection] Adding 8 missing column(s) to 
'atoms': is_deprecated, deprecated_reason, 
called_by_json, imports_json, 
exports_json, uses_json, 
side_effects_json, function_type
  ÔÅ▒´©Å  Metadata Extraction: 693.19ms

[Phase] Atom Extraction...
  ÔÅ▒´©Å  Atom Extraction: 0.32ms

[Phase] Persistence...
[Connection] Adding 3 missing column(s) to 
'files': is_removed, hash, updated_at
[Connection] Adding 3 missing column(s) to 
'atom_relations': is_removed, updated_at, 
lifecycle_status
  Ô£ô Saved file metadata to SQLite

  ÔÅ▒´©Å  Persistence: 4.09ms
  ÔÅ▒´©Å  TOTAL Pipeline: 710.64ms [mem: 
+1MB]

ÔÜí Pipeline completed in 710.64ms
ƒÆ¥ Results saved to SQLite for: 
queryable.js

­ƒôè Summary:
  - Imports: 0
  - Exports: 2
  - Semantic connections: 0
  - Functions: 1

[Connection] Adding 1 missing column(s) to 
'system_files': is_removed
[Connection] Adding 3 missing column(s) to 
'semantic_connections': is_removed, 
updated_at, lifecycle_status
[Connection] Adding 1 missing column(s) to 
'atom_versions': last_modified
[Connection] Adding 8 missing column(s) to 
'modules': type, file_count, 
complexity_score, cohesion_score, 
coupling_score, risk_score, is_removed, 
updated_at
[Connection] Adding 2 missing column(s) to 
'file_dependencies': is_removed, updated_at
[Connection] Created table 'societies' 
from registry

[Phase] Initialize...
[Connection] Adding 3 missing column(s) to 
'risk_assessments': is_removed, 
updated_at, lifecycle_status
  Ô£ô Loaded existing project context from 
SQLite

  ÔÅ▒´©Å  Initialize: 2.83ms [mem: +1MB]

[Phase] Parse Source...
[Connection] Adding 3 missing column(s) to 
'semantic_issues': lifecycle_status, 
is_removed, updated_at
[Connection] Created table 'mcp_sessions' 
from registry
[Connection] Created table 
'compiler_scanned_files' from registry
  ÔÅ▒´©Å  Parse Source: 10.15ms

[Phase] Resolve Imports...
  ÔÅ▒´©Å  Resolve Imports: 1.07ms

[Phase] Semantic Connections...
  Ô£à Syntax valid
  ÔÜí Executing modify...
  Ô£à Operation complete
  Ôä╣´©Å  No existing analysis found, 
starting fresh

ƒÅù´©Å  Initializing cache singleton for: C
:\Users\mauro\AppData\Local\Temp\atomic-edi
tor-test-YNTElR
UnifiedCache: 0 atoms indexed (from SQLite)
Ô£à Cache singleton ready for: C:\Users\mau
ro\AppData\Local\Temp\atomic-editor-test-YN
TElR
  ÔÅ▒´©Å  Initialize: 101.14ms

[Phase] Parse Source...
  ÔÅ▒´©Å  Semantic Connections: 11.68ms

[Phase] Metadata Extraction...
  Ô£à Syntax valid
  ÔÜí Executing modify...
  Ô£à Operation complete
­ƒôØ Atomic Edit: test.js
  ­ƒöÆ Validating safety...
  Ô£à Safety passed
  ­ƒöì Validating operation...
  ÔÅ▒´©Å  Parse Source: 28.55ms [mem: +1MB]

[Phase] Resolve Imports...
  ÔÅ▒´©Å  Resolve Imports: 3.22ms

[Phase] Semantic Connections...
  ÔØî Operation failed: Validation failed: 
oldString not found
  ÔÅ▒´©Å  Semantic Connections: 5.82ms

[Phase] Metadata Extraction...
­ƒôØ Atomic Edit: missing.js
  ­ƒöÆ Validating safety...
  ÔØî Operation failed: Safety check 
failed: File not found: C:\Users\mauro\AppD
ata\Local\Temp\atomic-editor-test-I5elak\mi
ssing.js
ƒÅù´©Å  Initializing cache singleton for: C
:\Users\mauro\AppData\Local\Temp\mcp-atomic
-test-57wPf5
UnifiedCache: 0 atoms indexed (from SQLite)
Ô£à Cache singleton ready for: C:\Users\mau
ro\AppData\Local\Temp\mcp-atomic-test-57wPf
5
­ƒôØ Atomic Edit: test.js
  ­ƒöÆ Validating safety...
  Ô£à Safety passed
  ­ƒöì Validating operation...
  Ô£à Operation valid
  ­ƒöì Validating syntax...
[Connection] Adding 8 missing column(s) to 
'atoms': is_deprecated, deprecated_reason, 
called_by_json, imports_json, 
exports_json, uses_json, 
side_effects_json, function_type
[Connection] Adding 3 missing column(s) to 
'files': is_removed, hash, updated_at
[Connection] Adding 3 missing column(s) to 
'atom_relations': is_removed, updated_at, 
lifecycle_status
[Connection] Adding 1 missing column(s) to 
'system_files': is_removed
[Connection] Adding 3 missing column(s) to 
'semantic_connections': is_removed, 
updated_at, lifecycle_status
[Connection] Adding 1 missing column(s) to 
'atom_versions': last_modified
[Connection] Adding 8 missing column(s) to 
'modules': type, file_count, 
complexity_score, cohesion_score, 
coupling_score, risk_score, is_removed, 
updated_at
[Connection] Adding 2 missing column(s) to 
'file_dependencies': is_removed, updated_at
[Connection] Created table 'societies' 
from registry
[Connection] Adding 3 missing column(s) to 
'risk_assessments': is_removed, 
updated_at, lifecycle_status
[Connection] Adding 3 missing column(s) to 
'semantic_issues': lifecycle_status, 
is_removed, updated_at
[Connection] Created table 'mcp_sessions' 
from registry
[Connection] Created table 
'compiler_scanned_files' from registry
  Ô£à Syntax valid
  ÔÜí Executing modify...
  Ô£à Operation complete
ƒÅù´©Å  Initializing cache singleton for: C
:\Users\mauro\AppData\Local\Temp\atomic-edi
tor-test-FOgs92
UnifiedCache: 0 atoms indexed (from SQLite)
Ô£à Cache singleton ready for: C:\Users\mau
ro\AppData\Local\Temp\atomic-editor-test-FO
gs92
­ƒôØ Atomic Edit: test.js
  ­ƒöÆ Validating safety...
  Ô£à Safety passed
  ­ƒöì Validating operation...
  Ô£à Operation valid
  ­ƒöì Validating syntax...
  ÔÅ▒´©Å  Metadata Extraction: 564.81ms 
[mem: +1MB]

[Phase] Atom Extraction...
  ÔÅ▒´©Å  Atom Extraction: 0.70ms

[Phase] Persistence...
ÔÜá´©Å Error saving atoms for main.js: 
FOREIGN KEY constraint failed
  Ô£ô Saved file metadata to SQLite

  ÔÅ▒´©Å  Persistence: 3.49ms
  ÔÅ▒´©Å  TOTAL Pipeline: 598.16ms [mem: 
+1MB]

ÔÜí Pipeline completed in 598.16ms
­ƒÆ¥ Results saved to SQLite for: main.js

­ƒôè Summary:
  - Imports: 1
  - Exports: 1
  - Semantic connections: 0
  - Functions: 1


[Phase] Initialize...
  Ô£ô Loaded existing project context from 
SQLite

  ÔÅ▒´©Å  Initialize: 1.89ms

[Phase] Parse Source...
  ÔÅ▒´©Å  Parse Source: 9.22ms

[Phase] Resolve Imports...
  ÔÅ▒´©Å  Resolve Imports: 0.57ms

[Phase] Semantic Connections...
  ÔÅ▒´©Å  Semantic Connections: 0.97ms

[Phase] Metadata Extraction...
  ÔÅ▒´©Å  Metadata Extraction: 495.45ms

[Phase] Atom Extraction...
  ÔÅ▒´©Å  Atom Extraction: 0.35ms

[Phase] Persistence...
  Ô£ô Saved file metadata to SQLite

  ÔÅ▒´©Å  Persistence: 4.92ms
  ÔÅ▒´©Å  TOTAL Pipeline: 527.00ms [mem: 
+1MB]

ÔÜí Pipeline completed in 527.00ms
­ƒÆ¥ Results saved to SQLite for: api.js

­ƒôè Summary:
  - Imports: 1
  - Exports: 1
  - Semantic connections: 0
  - Functions: 1


[Phase] Initialize...
  Ô£ô Loaded existing project context from 
SQLite

  ÔÅ▒´©Å  Initialize: 3.45ms [mem: +1MB]

[Phase] Parse Source...
  ÔÅ▒´©Å  Parse Source: 11.28ms

[Phase] Resolve Imports...
  ÔÅ▒´©Å  Resolve Imports: 0.65ms

[Phase] Semantic Connections...
  ÔÅ▒´©Å  Semantic Connections: 0.76ms

[Phase] Metadata Extraction...
  ÔØî SYNTAX ERROR:
     C:\Users\mauro\AppData\Local\Temp\atom
ic-editor-test-MkU3R9\.tmp-validation.js:2
     Line null, Column null
  ÔØî Operation failed: Syntax error 
prevents edit: C:\Users\mauro\AppData\Local
\Temp\atomic-editor-test-MkU3R9\.tmp-valida
tion.js:2
­ƒôØ Atomic Write: new-file.js
  ­ƒöì Validating syntax...
[90mstdout[2m | tests/e2e/scenarios/full-workflow.scenario.test.js[2m > [22m[2mE2E: Full Analysis Workflow[2m > [22m[2mLayer A ÔåÆ Layer C Flow[2m > [22m[2mshould create complete analysis artifacts
[22m[39m[PatternDetection] Registered 7 pattern detectors
[PatternDetection] ­ƒöì Starting pattern detection analysis...

[90mstdout[2m | tests/e2e/scenarios/full-workflow.scenario.test.js[2m > [22m[2mE2E: Full Analysis Workflow[2m > [22m[2mLayer A ÔåÆ Layer C Flow[2m > [22m[2mshould create complete analysis artifacts
[22m[39m[PatternDetection] Ô£à Pattern detection complete in 2ms

ƒÅù´©Å  Initializing cache singleton for: C
:\Dev\OmnySystem\.test-e2e-workflow\interco
nnected
UnifiedCache: 23 atoms indexed (from 
SQLite)
Ô£à Cache singleton ready for: C:\Dev\OmnyS
ystem\.test-e2e-workflow\interconnected
[90mstdout[2m | tests/e2e/scenarios/cli-analyze.scenario.test.js[2m > [22m[2mE2E: CLI Analyze Command[2m > [22m[2mBasic Analysis[2m > [22m[2mshould analyze simple project
[22m[39m[PatternDetection] Registered 7 pattern detectors
[PatternDetection] ­ƒöì Starting pattern detection analysis...

[90mstdout[2m | tests/e2e/scenarios/cli-analyze.scenario.test.js[2m > [22m[2mE2E: CLI Analyze Command[2m > [22m[2mBasic Analysis[2m > [22m[2mshould analyze simple project
[22m[39m[PatternDetection] Ô£à Pattern detection complete in 6ms

  Ô£à Syntax valid
ƒÅù´©Å  Initializing cache singleton for: C
:\Users\mauro\AppData\Local\Temp\atomic-edi
tor-test-lHEkOr
UnifiedCache: 0 atoms indexed (from SQLite)
Ô£à Cache singleton ready for: C:\Users\mau
ro\AppData\Local\Temp\atomic-editor-test-lH
EkOr
  Ô£à Atomic write complete
­ƒôØ Atomic Write: new-file.js
  ­ƒöì Validating syntax...
ƒÅù´©Å  Initializing cache singleton for: 
C:\non\existent\path
UnifiedCache: 229 atoms indexed (from 
SQLite)
Ô£à Cache singleton ready for: 
C:\non\existent\path
[90mstdout[2m | tests/e2e/scenarios/cli-analyze.scenario.test.js[2m > [22m[2mE2E: CLI Analyze Command[2m > [22m[2mBasic Analysis[2m > [22m[2mshould create non-existent directory
[22m[39m[PatternDetection] Registered 7 pattern detectors
[PatternDetection] ­ƒöì Starting pattern detection analysis...

[90mstdout[2m | tests/e2e/scenarios/cli-analyze.scenario.test.js[2m > [22m[2mE2E: CLI Analyze Command[2m > [22m[2mBasic Analysis[2m > [22m[2mshould create non-existent directory
[22m[39m[PatternDetection] Ô£à Pattern detection complete in 2ms

  ÔÅ▒´©Å  Metadata Extraction: 837.93ms 
[mem: -1MB]

[Phase] Atom Extraction...
  ÔÅ▒´©Å  Atom Extraction: 4.15ms

[Phase] Persistence...
  Ô£ô Saved file metadata to SQLite

  ÔÅ▒´©Å  Persistence: 8.08ms
  ÔÅ▒´©Å  TOTAL Pipeline: 992.15ms [mem: 
+1MB]

ÔÜí Pipeline completed in 992.15ms
­ƒÆ¥ Results saved to SQLite for: test.js

­ƒôè Summary:
  - Imports: 1
  - Exports: 1
  - Semantic connections: 0
  - Functions: 1


[Phase] Initialize...
  Ô£ô Loaded existing project context from 
SQLite

  ÔÅ▒´©Å  Initialize: 2.07ms

[Phase] Parse Source...
  ÔÅ▒´©Å  Parse Source: 9.28ms

[Phase] Resolve Imports...
  ÔÅ▒´©Å  Resolve Imports: 0.42ms

[Phase] Semantic Connections...
  ÔÅ▒´©Å  Semantic Connections: 2.18ms

[Phase] Metadata Extraction...
ƒùæ´©Å  Cache singleton invalidated for: C:
\Users\mauro\AppData\Local\Temp\mcp-atomic-
test-57wPf5
[Reindex] Updated 2 atoms for src/utils.js
[PostEditOptimized] No signature changes 
detected
[Transaction] Committed: atomic:edit (0 
steps)
[Transaction] Committed successfully
[Tool] atomic:edit() invoked
  ­ƒöä Attempt 2/3 (timeout: 20000ms)
  ÔØî Attempt 2 failed: No LLM server 
available
  ÔÅ│ Waiting 4000ms before retry...
[Transaction] Began: atomic:edit
[Transaction] Started for atomic:edit 
(autoFix: false)
­ƒôØ Atomic Edit: src/utils.js
  ­ƒöì Validating operation...
ƒÅù´©Å  Initializing cache singleton for: 
C:\Dev\OmnySystem\.test-e2e-analyze\imports
UnifiedCache: 229 atoms indexed (from 
SQLite)
Ô£à Cache singleton ready for: 
C:\Dev\OmnySystem\.test-e2e-analyze\imports
  Ô£à Operation valid
  ­ƒöì Validating syntax...
  ÔÅ▒´©Å  Metadata Extraction: 473.67ms

[Phase] Atom Extraction...
  ÔÅ▒´©Å  Atom Extraction: 0.03ms

[Phase] Persistence...
  Ô£ô Saved file metadata to SQLite

  ÔÅ▒´©Å  Persistence: 0.45ms
  ÔÅ▒´©Å  TOTAL Pipeline: 487.27ms [mem: 
+1MB]

ÔÜí Pipeline completed in 487.27ms
­ƒÆ¥ Results saved to SQLite for: broken.js

­ƒôè Summary:
  - Imports: 0
  - Exports: 0
  - Semantic connections: 0
  - Functions: 0


[Phase] Initialize...
  Ô£ô Loaded existing project context from 
SQLite

  ÔÅ▒´©Å  Initialize: 1.60ms

[Phase] Parse Source...
  ÔÅ▒´©Å  Parse Source: 6.67ms

[Phase] Resolve Imports...
  ÔÅ▒´©Å  Resolve Imports: 0.42ms

[Phase] Semantic Connections...
  ÔÅ▒´©Å  Semantic Connections: 0.61ms

[Phase] Metadata Extraction...
  Ô£à Syntax valid
ƒÅù´©Å  Initializing cache singleton for: C
:\Users\mauro\AppData\Local\Temp\atomic-edi
tor-test-duT3hL
UnifiedCache: 0 atoms indexed (from SQLite)
Ô£à Cache singleton ready for: C:\Users\mau
ro\AppData\Local\Temp\atomic-editor-test-du
T3hL
  Ô£à Atomic write complete
­ƒôØ Atomic Write: bad.js
  ­ƒöì Validating syntax...
  ÔÅ▒´©Å  Metadata Extraction: 538.90ms

[Phase] Atom Extraction...
  ÔÅ▒´©Å  Atom Extraction: 0.42ms

[Phase] Persistence...
  Ô£ô Saved file metadata to SQLite

  ÔÅ▒´©Å  Persistence: 5.12ms
  ÔÅ▒´©Å  TOTAL Pipeline: 561.09ms [mem: 
+1MB]

ÔÜí Pipeline completed in 561.09ms
­ƒÆ¥ Results saved to SQLite for: cache.js

­ƒôè Summary:
  - Imports: 0
  - Exports: 2
  - Semantic connections: 0
  - Functions: 2


[Phase] Initialize...
  Ô£ô Loaded existing project context from 
SQLite

  ÔÅ▒´©Å  Initialize: 2.92ms [mem: +1MB]

[Phase] Parse Source...
  ÔÅ▒´©Å  Parse Source: 4.09ms

[Phase] Resolve Imports...
  ÔÅ▒´©Å  Resolve Imports: 0.38ms

[Phase] Semantic Connections...
  ÔÅ▒´©Å  Semantic Connections: 0.49ms

[Phase] Metadata Extraction...
  Ô£à Syntax valid
  ÔÜí Executing modify...
  Ô£à Operation complete
ƒÅù´©Å  Initializing cache singleton for: C
:\Users\mauro\AppData\Local\Temp\mcp-atomic
-test-5zSmxW
UnifiedCache: 2 atoms indexed (from SQLite)
Ô£à Cache singleton ready for: C:\Users\mau
ro\AppData\Local\Temp\mcp-atomic-test-5zSmx
W
ƒôØ Atomic Write: ../../../etc/malicious.js
­ƒôØ Atomic Write: created.js
  ­ƒöì Validating syntax...
  Ô£à Syntax valid
ƒÅù´©Å  Initializing cache singleton for: C
:\Users\mauro\AppData\Local\Temp\atomic-edi
tor-test-FybdP5
UnifiedCache: 0 atoms indexed (from SQLite)
Ô£à Cache singleton ready for: C:\Users\mau
ro\AppData\Local\Temp\atomic-editor-test-Fy
bdP5
  Ô£à Atomic write complete
  ÔÅ▒´©Å  Metadata Extraction: 865.34ms

[Phase] Atom Extraction...
  ÔÅ▒´©Å  Atom Extraction: 0.78ms

[Phase] Persistence...
  ÔÅ▒´©Å  Metadata Extraction: 939.30ms 
[mem: +1MB]

[Phase] Atom Extraction...
  ÔÅ▒´©Å  Atom Extraction: 0.98ms

[Phase] Persistence...
  Ô£ô Saved file metadata to SQLite

  ÔÅ▒´©Å  Persistence: 5.47ms
  ÔÅ▒´©Å  TOTAL Pipeline: 881.36ms [mem: 
+1MB]

ÔÜí Pipeline completed in 881.36ms
­ƒÆ¥ Results saved to SQLite for: good.js

­ƒôè Summary:
  - Imports: 0
  - Exports: 1
  - Semantic connections: 0
  - Functions: 0

ƒùæ´©Å  Cache singleton invalidated for: C:
\Users\mauro\AppData\Local\Temp\mcp-atomic-
test-5zSmxW
[Reindex] Updated 2 atoms for src/utils.js
[PostEditOptimized] No signature changes 
detected
[Transaction] Committed: atomic:edit (0 
steps)
[Transaction] Committed successfully
  Ô£ô Saved file metadata to SQLite

  ÔÅ▒´©Å  Persistence: 3.72ms
  ÔÅ▒´©Å  TOTAL Pipeline: 958.61ms [mem: 
+1MB]

ÔÜí Pipeline completed in 958.61ms
ƒÆ¥ Results saved to SQLite for: storage.js

­ƒôè Summary:
  - Imports: 0
  - Exports: 1
  - Semantic connections: 0
  - Functions: 1

­ƒôØ Atomic Edit: test.js
  ­ƒöÆ Validating safety...
  Ô£à Safety passed
  ­ƒöì Validating operation...

[Phase] Initialize...
  Ô£ô Loaded existing project context from 
SQLite

  ÔÅ▒´©Å  Initialize: 1.78ms

[Phase] Parse Source...
  Ô£à Operation valid
  ­ƒöì Validating syntax...

[Phase] Initialize...
  Ô£ô Loaded existing project context from 
SQLite

  ÔÅ▒´©Å  Initialize: 0.90ms

[Phase] Parse Source...
[Tool] atomic:edit() invoked
[Transaction] Began: atomic:edit
[Transaction] Started for atomic:edit 
(autoFix: false)
­ƒôØ Atomic Edit: src/utils.js
  ­ƒöì Validating operation...
  ÔÅ▒´©Å  Parse Source: 13.05ms

[Phase] Resolve Imports...
  ÔÅ▒´©Å  Resolve Imports: 0.50ms

[Phase] Semantic Connections...
  ÔÅ▒´©Å  Semantic Connections: 0.58ms

[Phase] Metadata Extraction...
  ÔÅ▒´©Å  Parse Source: 16.80ms

[Phase] Resolve Imports...
  ÔÅ▒´©Å  Resolve Imports: 1.75ms

[Phase] Semantic Connections...
  Ô£à Operation valid
  ­ƒöì Validating syntax...
  ÔÅ▒´©Å  Semantic Connections: 8.82ms

[Phase] Metadata Extraction...
[Connection] Adding 8 missing column(s) to 
'atoms': is_deprecated, deprecated_reason, 
called_by_json, imports_json, 
exports_json, uses_json, 
side_effects_json, function_type
[Connection] Adding 3 missing column(s) to 
'files': is_removed, hash, updated_at
[Connection] Adding 3 missing column(s) to 
'atom_relations': is_removed, updated_at, 
lifecycle_status
[Connection] Adding 1 missing column(s) to 
'system_files': is_removed
[Connection] Adding 3 missing column(s) to 
'semantic_connections': is_removed, 
updated_at, lifecycle_status
[Connection] Adding 1 missing column(s) to 
'atom_versions': last_modified
[Connection] Adding 8 missing column(s) to 
'modules': type, file_count, 
complexity_score, cohesion_score, 
coupling_score, risk_score, is_removed, 
updated_at
[Connection] Adding 2 missing column(s) to 
'file_dependencies': is_removed, updated_at
[Connection] Created table 'societies' 
from registry
[Connection] Adding 3 missing column(s) to 
'risk_assessments': is_removed, 
updated_at, lifecycle_status
[Connection] Adding 3 missing column(s) to 
'semantic_issues': lifecycle_status, 
is_removed, updated_at
[Connection] Created table 'mcp_sessions' 
from registry
[Connection] Created table 
'compiler_scanned_files' from registry
[Connection] Adding 8 missing column(s) to 
'atoms': is_deprecated, deprecated_reason, 
called_by_json, imports_json, 
exports_json, uses_json, 
side_effects_json, function_type
  ÔÅ▒´©Å  Metadata Extraction: 927.48ms

[Phase] Atom Extraction...
  ÔÅ▒´©Å  Atom Extraction: 0.32ms

[Phase] Persistence...
  Ô£ô Saved file metadata to SQLite

  ÔÅ▒´©Å  Persistence: 3.48ms
  ÔÅ▒´©Å  TOTAL Pipeline: 939.55ms [mem: 
+1MB]

ÔÜí Pipeline completed in 939.55ms
­ƒÆ¥ Results saved to SQLite for: config.js

­ƒôè Summary:
  - Imports: 0
  - Exports: 2
  - Semantic connections: 0
  - Functions: 0


[Phase] Initialize...
  Ô£ô Loaded existing project context from 
SQLite

  ÔÅ▒´©Å  Initialize: 3.11ms [mem: +1MB]

[Phase] Parse Source...
  ÔÅ▒´©Å  Parse Source: 4.43ms

[Phase] Resolve Imports...
  ÔÅ▒´©Å  Resolve Imports: 0.69ms

[Phase] Semantic Connections...
  ÔÅ▒´©Å  Semantic Connections: 8.79ms

[Phase] Metadata Extraction...
[Connection] Adding 3 missing column(s) to 
'files': is_removed, hash, updated_at
[Connection] Adding 3 missing column(s) to 
'atom_relations': is_removed, updated_at, 
lifecycle_status
[Connection] Adding 1 missing column(s) to 
'system_files': is_removed
[Connection] Adding 3 missing column(s) to 
'semantic_connections': is_removed, 
updated_at, lifecycle_status
[Connection] Adding 1 missing column(s) to 
'atom_versions': last_modified
[Connection] Adding 8 missing column(s) to 
'modules': type, file_count, 
complexity_score, cohesion_score, 
coupling_score, risk_score, is_removed, 
updated_at
[Connection] Adding 2 missing column(s) to 
'file_dependencies': is_removed, updated_at
[Connection] Created table 'societies' 
from registry
[Connection] Adding 3 missing column(s) to 
'risk_assessments': is_removed, 
updated_at, lifecycle_status
[Connection] Adding 3 missing column(s) to 
'semantic_issues': lifecycle_status, 
is_removed, updated_at
[Connection] Created table 'mcp_sessions' 
from registry
[Connection] Created table 
'compiler_scanned_files' from registry
  Ô£à Syntax valid
  ÔÜí Executing modify...
  Ô£à Operation complete
ƒÅù´©Å  Initializing cache singleton for: C
:\Users\mauro\AppData\Local\Temp\mcp-atomic
-test-u1fy9w
UnifiedCache: 2 atoms indexed (from SQLite)
Ô£à Cache singleton ready for: C:\Users\mau
ro\AppData\Local\Temp\mcp-atomic-test-u1fy9
w
  Ô£à Syntax valid
  ÔÜí Executing modify...
  Ô£à Operation complete
ƒÅù´©Å  Initializing cache singleton for: C
:\Users\mauro\AppData\Local\Temp\atomic-edi
tor-test-bJgCNr
UnifiedCache: 0 atoms indexed (from SQLite)
Ô£à Cache singleton ready for: C:\Users\mau
ro\AppData\Local\Temp\atomic-editor-test-bJ
gCNr
Ôå®´©Å  Undoing modify...
­ƒôØ Atomic Edit: test.js
  ­ƒöÆ Validating safety...
  Ô£à Safety passed
  ­ƒöì Validating operation...
  Ô£à Operation valid
  ­ƒöì Validating syntax...
[90mstdout[2m | tests/e2e/scenarios/full-workflow.scenario.test.js[2m > [22m[2mE2E: Full Analysis Workflow[2m > [22m[2mLayer A ÔåÆ Layer C Flow[2m > [22m[2mshould analyze interconnected modules
[22m[39m[PatternDetection] Registered 7 pattern detectors
[PatternDetection] ­ƒöì Starting pattern detection analysis...

[90mstdout[2m | tests/e2e/scenarios/full-workflow.scenario.test.js[2m > [22m[2mE2E: Full Analysis Workflow[2m > [22m[2mLayer A ÔåÆ Layer C Flow[2m > [22m[2mshould analyze interconnected modules
[22m[39m[PatternDetection] Ô£à Pattern detection complete in 8ms

 [32mÔ£ô[39m tests/unit/core/atomic-editor/syntax-validator.test.js [2m([22m[2m17 tests[22m[2m)[22m[33m 4108[2mms[22m[39m
       [33m[2mÔ£ô[22m[39m returns valid for correct JavaScript syntax [33m 332[2mms[22m[39m
       [33m[2mÔ£ô[22m[39m returns valid for async functions [33m 320[2mms[22m[39m
       [33m[2mÔ£ô[22m[39m returns invalid for syntax errors [33m 316[2mms[22m[39m
       [33m[2mÔ£ô[22m[39m returns invalid for missing closing brace [33m 337[2mms[22m[39m
       [33m[2mÔ£ô[22m[39m handles multi-line invalid code [33m 460[2mms[22m[39m
       [33m[2mÔ£ô[22m[39m cleans up temporary file after validation [33m 503[2mms[22m[39m
       [33m[2mÔ£ô[22m[39m cleans up temporary file even on error [33m 322[2mms[22m[39m
ƒùæ´©Å  Cache singleton invalidated for: C:
\Users\mauro\AppData\Local\Temp\mcp-atomic-
test-u1fy9w
[Reindex] Updated 2 atoms for src/utils.js
[PostEditOptimized] No signature changes 
detected
[Transaction] Committed: atomic:edit (0 
steps)
[Transaction] Committed successfully
[Tool] atomic:edit() invoked
Validation failed: File does not exist: 
src/nonexistent.js
[Tool] atomic:edit() invoked
[Transaction] Began: atomic:edit
[Transaction] Started for atomic:edit 
(autoFix: false)
­ƒôØ Atomic Edit: src/utils.js
  ­ƒöì Validating operation...
  ÔØî Operation failed: Validation failed: 
oldString not found
[Transaction] Rolling back: atomic:edit
[Transaction] FAILED and ROLLED BACK: 
Validation failed: oldString not found
  ÔÅ▒´©Å  Metadata Extraction: 595.59ms

[Phase] Atom Extraction...
  ÔÅ▒´©Å  Atom Extraction: 0.35ms

[Phase] Persistence...
  Ô£ô Saved file metadata to SQLite

  ÔÅ▒´©Å  Persistence: 3.66ms
  ÔÅ▒´©Å  TOTAL Pipeline: 628.46ms [mem: 
+1MB]

ÔÜí Pipeline completed in 628.46ms
­ƒÆ¥ Results saved to SQLite for: index.js

­ƒôè Summary:
  - Imports: 1
  - Exports: 1
  - Semantic connections: 0
  - Functions: 1


[Phase] Initialize...
[Tool] atomic:write() invoked
  Ô£ô Loaded existing project context from 
SQLite

  ÔÅ▒´©Å  Initialize: 0.90ms

[Phase] Parse Source...
  ÔÅ▒´©Å  Parse Source: 1.55ms

[Phase] Resolve Imports...
  ÔÅ▒´©Å  Resolve Imports: 0.46ms

[Phase] Semantic Connections...
  ÔÅ▒´©Å  Semantic Connections: 0.48ms

[Phase] Metadata Extraction...
[Transaction] Began: atomic:write
[Transaction] Started for atomic:write 
(autoFix: false)
­ƒôØ Atomic Write: src/new-file.js
  ÔÅ▒´©Å  Metadata Extraction: 622.03ms

[Phase] Atom Extraction...
  ­ƒöì Validating syntax...
  ÔÅ▒´©Å  Atom Extraction: 0.44ms

[Phase] Persistence...
  Ô£ô Saved file metadata to SQLite

  ÔÅ▒´©Å  Persistence: 7.13ms
  ÔÅ▒´©Å  TOTAL Pipeline: 645.96ms [mem: 
+1MB]

ÔÜí Pipeline completed in 645.96ms
­ƒÆ¥ Results saved to SQLite for: test.js

­ƒôè Summary:
  - Imports: 0
  - Exports: 2
  - Semantic connections: 0
  - Functions: 1

[90mstdout[2m | tests/e2e/scenarios/cli-analyze.scenario.test.js[2m > [22m[2mE2E: CLI Analyze Command[2m > [22m[2mImport/Export Detection[2m > [22m[2mshould detect all imports and exports
[22m[39m[PatternDetection] Registered 7 pattern detectors
[PatternDetection] ­ƒöì Starting pattern detection analysis...

 [32mÔ£ô[39m tests/integration/pipeline/full-analysis-pipeline.test.js [2m([22m[2m3 tests[22m[2m)[22m[33m 4910[2mms[22m[39m
       [33m[2mÔ£ô[22m[39m should run full pipeline on simple project [33m 2865[2mms[22m[39m
       [33m[2mÔ£ô[22m[39m should handle syntax errors gracefully [33m 1392[2mms[22m[39m
       [33m[2mÔ£ô[22m[39m should preserve data integrity across layers [33m 651[2mms[22m[39m
[90mstdout[2m | tests/e2e/scenarios/cli-analyze.scenario.test.js[2m > [22m[2mE2E: CLI Analyze Command[2m > [22m[2mImport/Export Detection[2m > [22m[2mshould detect all imports and exports
[22m[39m[PatternDetection] Ô£à Pattern detection complete in 10ms

  Ô£à Syntax valid
  ÔÜí Executing modify...
  Ô£à Operation complete
ƒÅù´©Å  Initializing cache singleton for: C
:\Users\mauro\AppData\Local\Temp\atomic-edi
tor-test-Tm9isk
UnifiedCache: 0 atoms indexed (from SQLite)
Ô£à Cache singleton ready for: C:\Users\mau
ro\AppData\Local\Temp\atomic-editor-test-Tm
9isk
Ôå®´©Å  Undoing modify...
Ôå¬´©Å  Redoing modify...
­ƒôØ Atomic Edit: test.js
  ­ƒöÆ Validating safety...
  Ô£à Safety passed
  ­ƒöì Validating operation...
  Ô£à Operation valid
  ­ƒöì Validating syntax...
  ÔÅ▒´©Å  Metadata Extraction: 657.71ms

[Phase] Atom Extraction...
  ÔÅ▒´©Å  Atom Extraction: 0.23ms

[Phase] Persistence...
  Ô£ô Saved file metadata to SQLite

  ÔÅ▒´©Å  Persistence: 3.31ms
  ÔÅ▒´©Å  TOTAL Pipeline: 678.77ms [mem: 
+1MB]

ÔÜí Pipeline completed in 678.77ms
­ƒÆ¥ Results saved to SQLite for: index.js

­ƒôè Summary:
  - Imports: 2
  - Exports: 1
  - Semantic connections: 0
  - Functions: 1


[Phase] Initialize...
  Ô£ô Loaded existing project context from 
SQLite

  ÔÅ▒´©Å  Initialize: 2.92ms [mem: +1MB]

[Phase] Parse Source...
  ÔÅ▒´©Å  Parse Source: 12.25ms

[Phase] Resolve Imports...
  ÔÅ▒´©Å  Resolve Imports: 1.03ms

[Phase] Semantic Connections...
  ÔÅ▒´©Å  Semantic Connections: 7.31ms

[Phase] Metadata Extraction...
  Ô£à Syntax valid
ƒÅù´©Å  Initializing cache singleton for: C
:\Users\mauro\AppData\Local\Temp\mcp-atomic
-write-test-djyw4e
UnifiedCache: 2 atoms indexed (from SQLite)
Ô£à Cache singleton ready for: C:\Users\mau
ro\AppData\Local\Temp\mcp-atomic-write-test
-djyw4e
  Ô£à Atomic write complete
ƒÅù´©Å  Initializing cache singleton for: 
C:\Dev\OmnySystem\.test-e2e-analyze\storage
UnifiedCache: 229 atoms indexed (from 
SQLite)
Ô£à Cache singleton ready for: 
C:\Dev\OmnySystem\.test-e2e-analyze\storage
  Ô£à Syntax valid
  ÔÜí Executing modify...
  Ô£à Operation complete
ƒÅù´©Å  Initializing cache singleton for: C
:\Users\mauro\AppData\Local\Temp\atomic-edi
tor-test-Aorrmv
UnifiedCache: 0 atoms indexed (from SQLite)
Ô£à Cache singleton ready for: C:\Users\mau
ro\AppData\Local\Temp\atomic-editor-test-Ao
rrmv
­ƒôÑ Atomic Insert: test.js
  ­ƒöÆ Validating safety...
  Ô£à Safety passed
  ­ƒöì Validating operation...
  Ô£à Operation valid
  ÔÜí Executing insert...
  Ô£à Operation complete
ƒÅù´©Å  Initializing cache singleton for: C
:\Users\mauro\AppData\Local\Temp\atomic-edi
tor-test-oAFB0b
UnifiedCache: 0 atoms indexed (from SQLite)
Ô£à Cache singleton ready for: C:\Users\mau
ro\AppData\Local\Temp\atomic-editor-test-oA
FB0b
­ƒùæ´©Å Atomic Delete: test.js
  ­ƒöÆ Validating safety...
  Ô£à Safety passed
  ­ƒöì Validating operation...
  Ô£à Operation valid
  ÔÜí Executing delete...
  Ô£à Operation complete
ƒÅù´©Å  Initializing cache singleton for: C
:\Users\mauro\AppData\Local\Temp\atomic-edi
tor-test-mCDe50
UnifiedCache: 0 atoms indexed (from SQLite)
Ô£à Cache singleton ready for: C:\Users\mau
ro\AppData\Local\Temp\atomic-editor-test-mC
De50
 [32mÔ£ô[39m tests/unit/core/atomic-editor/atomic-editor.test.js [2m([22m[2m23 tests[22m[2m)[22m[33m 4935[2mms[22m[39m
       [33m[2mÔ£ô[22m[39m edits file successfully [33m 1671[2mms[22m[39m[33m (retry x1)[39m
       [33m[2mÔ£ô[22m[39m emits atom:modified event on edit [33m 305[2mms[22m[39m
       [33m[2mÔ£ô[22m[39m fails for invalid syntax [33m 363[2mms[22m[39m
       [33m[2mÔ£ô[22m[39m emits atom:created event [33m 447[2mms[22m[39m
       [33m[2mÔ£ô[22m[39m undoes edit successfully [33m 421[2mms[22m[39m
       [33m[2mÔ£ô[22m[39m shows canUndo after edit [33m 356[2mms[22m[39m
ƒùæ´©Å  Cache singleton invalidated for: C:
\Users\mauro\AppData\Local\Temp\mcp-atomic-
write-test-djyw4e
[Reindex] Updated 1 atoms for 
src/new-file.js
[Transaction] Committed: atomic:write (0 
steps)
[Transaction] Committed successfully
[Tool] atomic:write() invoked
[Tool] query:graph() invoked
[Transaction] Began: atomic:write
[Transaction] Started for atomic:write 
(autoFix: false)
­ƒôØ Atomic Write: src/created.js
  ­ƒöì Validating syntax...
  ÔÅ▒´©Å  Metadata Extraction: 573.91ms

[Phase] Atom Extraction...
  ÔÅ▒´©Å  Atom Extraction: 0.29ms

[Phase] Persistence...
  Ô£ô Saved file metadata to SQLite

  ÔÅ▒´©Å  Persistence: 3.52ms
  ÔÅ▒´©Å  TOTAL Pipeline: 581.51ms

ÔÜí Pipeline completed in 581.51ms
­ƒÆ¥ Results saved to SQLite for: utils.js

­ƒôè Summary:
  - Imports: 0
  - Exports: 1
  - Semantic connections: 0
  - Functions: 1

 [32mÔ£ô[39m tests/integration/pipeline/layer-a-pipeline.test.js [2m([22m[2m7 tests[22m[2m)[22m[33m 3260[2mms[22m[39m
       [33m[2mÔ£ô[22m[39m should analyze single file [33m 1002[2mms[22m[39m
       [33m[2mÔ£ô[22m[39m should detect localStorage usage [33m 972[2mms[22m[39m
       [33m[2mÔ£ô[22m[39m should run complete pipeline on multi-file project [33m 1221[2mms[22m[39m
  ÔÅ▒´©Å  Metadata Extraction: 491.45ms

[Phase] Atom Extraction...
  ÔÅ▒´©Å  Atom Extraction: 0.48ms

[Phase] Persistence...
  Ô£ô Saved file metadata to SQLite

  ÔÅ▒´©Å  Persistence: 3.69ms
  ÔÅ▒´©Å  TOTAL Pipeline: 519.66ms [mem: 
+1MB]

ÔÜí Pipeline completed in 519.66ms
­ƒÆ¥ Results saved to SQLite for: api.js

­ƒôè Summary:
  - Imports: 1
  - Exports: 1
  - Semantic connections: 0
  - Functions: 1


[Phase] Initialize...
  Ô£ô Loaded existing project context from 
SQLite

  ÔÅ▒´©Å  Initialize: 3.23ms [mem: +1MB]

[Phase] Parse Source...
  ÔÅ▒´©Å  Parse Source: 12.89ms

[Phase] Resolve Imports...
  ÔÅ▒´©Å  Resolve Imports: 0.31ms

[Phase] Semantic Connections...
  ÔÅ▒´©Å  Semantic Connections: 0.57ms

[Phase] Metadata Extraction...
Ô£à Shadow Registry initialized
Ô£à Shadow Registry initialized
Ô£à Shadow Registry initialized
  Ô£à Syntax valid
ƒÅù´©Å  Initializing cache singleton for: C
:\Users\mauro\AppData\Local\Temp\mcp-atomic
-write-test-ZSTzvL
UnifiedCache: 3 atoms indexed (from SQLite)
Ô£à Cache singleton ready for: C:\Users\mau
ro\AppData\Local\Temp\mcp-atomic-write-test
-ZSTzvL
  Ô£à Atomic write complete
 [32mÔ£ô[39m tests/integration/import-health.test.js [2m([22m[2m27 tests[22m[2m)[22m[33m 6193[2mms[22m[39m
     [33m[2mÔ£ô[22m[39m index.js carga con exports esperados [33m 619[2mms[22m[39m
     [33m[2mÔ£ô[22m[39m indexer.js carga correctamente [33m 727[2mms[22m[39m
     [33m[2mÔ£ô[22m[39m mcp/core/server-class.js carga correctamente [33m 4169[2mms[22m[39m
ƒùæ´©Å  Cache singleton invalidated for: C:
\Users\mauro\AppData\Local\Temp\mcp-atomic-
write-test-ZSTzvL
[Reindex] Updated 1 atoms for 
src/created.js
[Transaction] Committed: atomic:write (0 
steps)
[Transaction] Committed successfully
[Tool] atomic:write() invoked
[Transaction] Began: atomic:write
[Transaction] Started for atomic:write 
(autoFix: false)
­ƒôØ Atomic Write: src/existing.js
  ­ƒöì Validating syntax...
[Connection] Adding 8 missing column(s) to 
'atoms': is_deprecated, deprecated_reason, 
called_by_json, imports_json, 
exports_json, uses_json, 
side_effects_json, function_type
[Connection] Adding 8 missing column(s) to 
'atoms': is_deprecated, deprecated_reason, 
called_by_json, imports_json, 
exports_json, uses_json, 
side_effects_json, function_type
[Connection] Adding 3 missing column(s) to 
'files': is_removed, hash, updated_at
[Connection] Adding 3 missing column(s) to 
'atom_relations': is_removed, updated_at, 
lifecycle_status
[Connection] Adding 1 missing column(s) to 
'system_files': is_removed
[Connection] Adding 3 missing column(s) to 
'semantic_connections': is_removed, 
updated_at, lifecycle_status
[Connection] Adding 1 missing column(s) to 
'atom_versions': last_modified
[Connection] Adding 8 missing column(s) to 
'modules': type, file_count, 
complexity_score, cohesion_score, 
coupling_score, risk_score, is_removed, 
updated_at
[Connection] Adding 2 missing column(s) to 
'file_dependencies': is_removed, updated_at
[Connection] Created table 'societies' 
from registry
[Connection] Adding 3 missing column(s) to 
'risk_assessments': is_removed, 
updated_at, lifecycle_status
[Connection] Adding 3 missing column(s) to 
'semantic_issues': lifecycle_status, 
is_removed, updated_at
[Connection] Created table 'mcp_sessions' 
from registry
[Connection] Created table 
'compiler_scanned_files' from registry
[Connection] Adding 3 missing column(s) to 
'files': is_removed, hash, updated_at
[Connection] Adding 3 missing column(s) to 
'atom_relations': is_removed, updated_at, 
lifecycle_status
[Connection] Adding 1 missing column(s) to 
'system_files': is_removed
[Connection] Adding 3 missing column(s) to 
'semantic_connections': is_removed, 
updated_at, lifecycle_status
[Connection] Adding 1 missing column(s) to 
'atom_versions': last_modified
[Connection] Adding 8 missing column(s) to 
'modules': type, file_count, 
complexity_score, cohesion_score, 
coupling_score, risk_score, is_removed, 
updated_at
[Connection] Adding 2 missing column(s) to 
'file_dependencies': is_removed, updated_at
[Connection] Created table 'societies' 
from registry
[Connection] Adding 3 missing column(s) to 
'risk_assessments': is_removed, 
updated_at, lifecycle_status
[Connection] Adding 3 missing column(s) to 
'semantic_issues': lifecycle_status, 
is_removed, updated_at
[Connection] Created table 'mcp_sessions' 
from registry
[Connection] Created table 
'compiler_scanned_files' from registry
Ô£à Shadow Registry initialized
  ÔÅ▒´©Å  Metadata Extraction: 552.04ms

[Phase] Atom Extraction...
  ÔÅ▒´©Å  Atom Extraction: 0.31ms

[Phase] Persistence...
  Ô£ô Saved file metadata to SQLite

  ÔÅ▒´©Å  Persistence: 5.15ms
  ÔÅ▒´©Å  TOTAL Pipeline: 574.88ms [mem: 
+1MB]

ÔÜí Pipeline completed in 574.88ms
­ƒÆ¥ Results saved to SQLite for: cache.js

­ƒôè Summary:
  - Imports: 0
  - Exports: 2
  - Semantic connections: 0
  - Functions: 2


[Phase] Initialize...
  Ô£ô Loaded existing project context from 
SQLite

  ÔÅ▒´©Å  Initialize: 3.01ms [mem: +1MB]

[Phase] Parse Source...
  ÔÅ▒´©Å  Parse Source: 1.77ms

[Phase] Resolve Imports...
  ÔÅ▒´©Å  Resolve Imports: 0.59ms

[Phase] Semantic Connections...
  ÔÅ▒´©Å  Semantic Connections: 0.42ms

[Phase] Metadata Extraction...
  Ô£à Syntax valid
ƒÅù´©Å  Initializing cache singleton for: C
:\Users\mauro\AppData\Local\Temp\mcp-atomic
-write-test-hnjvj3
UnifiedCache: 4 atoms indexed (from SQLite)
Ô£à Cache singleton ready for: C:\Users\mau
ro\AppData\Local\Temp\mcp-atomic-write-test
-hnjvj3
  Ô£à Atomic write complete
[Connection] Adding 8 missing column(s) to 
'atoms': is_deprecated, deprecated_reason, 
called_by_json, imports_json, 
exports_json, uses_json, 
side_effects_json, function_type
[Connection] Adding 3 missing column(s) to 
'files': is_removed, hash, updated_at
[Connection] Adding 3 missing column(s) to 
'atom_relations': is_removed, updated_at, 
lifecycle_status
[Connection] Adding 1 missing column(s) to 
'system_files': is_removed
[Connection] Adding 3 missing column(s) to 
'semantic_connections': is_removed, 
updated_at, lifecycle_status
[Connection] Adding 1 missing column(s) to 
'atom_versions': last_modified
[Connection] Adding 8 missing column(s) to 
'modules': type, file_count, 
complexity_score, cohesion_score, 
coupling_score, risk_score, is_removed, 
updated_at
[Connection] Adding 2 missing column(s) to 
'file_dependencies': is_removed, updated_at
[Connection] Created table 'societies' 
from registry
[Connection] Adding 3 missing column(s) to 
'risk_assessments': is_removed, 
updated_at, lifecycle_status
[Connection] Adding 3 missing column(s) to 
'semantic_issues': lifecycle_status, 
is_removed, updated_at
[Connection] Created table 'mcp_sessions' 
from registry
[Connection] Created table 
'compiler_scanned_files' from registry
ƒ¬ª Shadow created: shadow_mmvdec35_28ta 
(from src/test.js::testFunction)
[90mstdout[2m | tests/e2e/scenarios/cli-analyze.scenario.test.js[2m > [22m[2mE2E: CLI Analyze Command[2m > [22m[2mShared State Detection[2m > [22m[2mshould detect localStorage usage
[22m[39m[PatternDetection] Registered 7 pattern detectors
[PatternDetection] ­ƒöì Starting pattern detection analysis...

[90mstdout[2m | tests/e2e/scenarios/cli-analyze.scenario.test.js[2m > [22m[2mE2E: CLI Analyze Command[2m > [22m[2mShared State Detection[2m > [22m[2mshould detect localStorage usage
[22m[39m[PatternDetection] Ô£à Pattern detection complete in 3ms

Ô£à Shadow Registry initialized
ƒ¬ª Shadow created: shadow_mmvdecl5_8w3r 
(from src/test.js::testFunction)
Ô£à Shadow Registry initialized
Ô£à Shadow Registry initialized
ƒ¬ª Shadow created: shadow_mmvdeclr_5a2m 
(from src/test.js::testFunction)
Ô£à Shadow Registry initialized
[90mstdout[2m | tests/e2e/scenarios/full-workflow.scenario.test.js[2m > [22m[2mE2E: Full Analysis Workflow[2m > [22m[2mLayer A ÔåÆ Layer C Flow[2m > [22m[2mshould analyze interconnected modules
[22m[39m[PatternDetection] Registered 7 pattern detectors
[PatternDetection] ­ƒöì Starting pattern detection analysis...

[90mstdout[2m | tests/e2e/scenarios/full-workflow.scenario.test.js[2m > [22m[2mE2E: Full Analysis Workflow[2m > [22m[2mLayer A ÔåÆ Layer C Flow[2m > [22m[2mshould analyze interconnected modules
[22m[39m[PatternDetection] Ô£à Pattern detection complete in 1ms

ƒ¬ª Shadow created: shadow_mmvdecnx_9qx6 
(from src/test.js::testFunction)
Ô£à Shadow Registry initialized
ƒ¬ª Shadow created: shadow_mmvdecoj_hkvv 
(from src/test.js::testFunction)
ƒ¬ª Shadow created: shadow_mmvdecon_vwvp 
(from src/test2.js::func2)
Ô£à Shadow Registry initialized
ƒ¬ª Shadow created: shadow_mmvdecp2_iqnr 
(from src/test.js::testFunction)
ƒÅù´©Å  Initializing cache singleton for: C
:\Dev\OmnySystem\.test-e2e-workflow\syntax-
error
UnifiedCache: 21 atoms indexed (from 
SQLite)
Ô£à Cache singleton ready for: C:\Dev\OmnyS
ystem\.test-e2e-workflow\syntax-error
Ô£à Shadow Registry initialized
ƒ¬ª Shadow created: shadow_mmvdecpm_gp1w 
(from src/test.js::testFunction)
ƒ¬ª Shadow created: shadow_mmvdecpr_qjer 
(from src/test2.js::func2)
Ô£à Shadow Registry initialized
ƒ¬ª Shadow created: shadow_mmvdecq9_4q8s 
(from src/test.js::testFunction)
ƒ¬ª Shadow created: shadow_mmvdecqb_5ogj 
(from src/test2.js::func2)
Ô£à Shadow Registry initialized
ƒ¬ª Shadow created: shadow_mmvdecqp_39yi 
(from src/test.js::testFunction)
Ô£à Shadow Registry initialized
ƒ¬ª Shadow created: shadow_mmvdecrf_z8i0 
(from src/test.js::testFunction)

­ƒÄ» Ejecutando estrategia: INCREMENTAL
   ƒöä Analizando 1 archivos 
incrementalmente...
Ô£à Shadow Registry initialized
Ô£à Shadow Registry initialized
ƒ¬ª Shadow created: shadow_mmvdecsb_nvvc 
(from src/test.js::testFunction)
Ô£à Shadow Registry initialized
Ô£à Shadow Registry initialized
ƒ¬ª Shadow created: shadow_mmvdecst_gjnr 
(from src/test.js::testFunction)
Ô£à Shadow Registry initialized
ƒùæ´©Å  Cache singleton invalidated for: C:
\Users\mauro\AppData\Local\Temp\mcp-atomic-
write-test-hnjvj3
[Reindex] Updated 0 atoms for 
src/existing.js
[Transaction] Committed: atomic:write (0 
steps)
[Transaction] Committed successfully
[Tool] atomic:write() invoked
[Connection] Adding 8 missing column(s) to 
'atoms': is_deprecated, deprecated_reason, 
called_by_json, imports_json, 
exports_json, uses_json, 
side_effects_json, function_type
Ô£à Shadow Registry initialized
[Tool] atomic:write() invoked
[Tool] atomic:write() invoked
[Connection] Adding 3 missing column(s) to 
'files': is_removed, hash, updated_at
[Connection] Adding 3 missing column(s) to 
'atom_relations': is_removed, updated_at, 
lifecycle_status
[Connection] Adding 1 missing column(s) to 
'system_files': is_removed
[Connection] Adding 3 missing column(s) to 
'semantic_connections': is_removed, 
updated_at, lifecycle_status
 [32mÔ£ô[39m tests/unit/layer-c-memory/mcp/atomic-edit.test.js [2m([22m[2m16 tests[22m[2m | [22m[33m3 skipped[39m[2m)[22m[33m 4969[2mms[22m[39m
       [33m[2mÔ£ô[22m[39m validates and edits successfully [33m 2531[2mms[22m[39m[33m (retry x1)[39m
       [33m[2mÔ£ô[22m[39m writes new content to file [33m 590[2mms[22m[39m
       [33m[2mÔ£ô[22m[39m writes new file successfully [33m 532[2mms[22m[39m
       [33m[2mÔ£ô[22m[39m actually creates the file [33m 544[2mms[22m[39m
       [33m[2mÔ£ô[22m[39m BUG: overwrites existing file with new content [33m 648[2mms[22m[39m
[Connection] Adding 1 missing column(s) to 
'atom_versions': last_modified
[Connection] Adding 8 missing column(s) to 
'modules': type, file_count, 
complexity_score, cohesion_score, 
coupling_score, risk_score, is_removed, 
updated_at
Ô£à Shadow Registry initialized
ƒ¬ª Shadow created: shadow_mmvdecu1_fr0g 
(from src/test.js::testFunction)
Ô£à Shadow Registry initialized
[Connection] Adding 2 missing column(s) to 
'file_dependencies': is_removed, updated_at
[Connection] Created table 'societies' 
from registry
[Connection] Adding 3 missing column(s) to 
'risk_assessments': is_removed, 
updated_at, lifecycle_status
[Connection] Adding 3 missing column(s) to 
'semantic_issues': lifecycle_status, 
is_removed, updated_at
[Connection] Created table 'mcp_sessions' 
from registry
[Connection] Created table 
'compiler_scanned_files' from registry
ƒ¬ª Shadow created: shadow_mmvdecgt_tenm 
(from src/test.js::testFunction)
ƒ¬ª Shadow created: shadow_mmvdecua_oa31 
(from src/test.js::testFunction)
Ô£à Shadow Registry initialized
ƒ¬ª Shadow created: shadow_mmvdecv1_31pb 
(from src/test.js::testFunction)
Ô£à Shadow Registry initialized
ƒ¬ª Shadow created: shadow_mmvdecvg_qyb0 
(from src/test.js::testFunction)
Ô£à Shadow Registry initialized
ƒ¬ª Shadow created: shadow_mmvdecvp_5jxy 
(from src/test.js::testFunction)
Ô£à Shadow Registry initialized
ƒ¬ª Shadow created: shadow_mmvdecvz_g454 
(from src/test.js::testFunction)
  ÔÅ▒´©Å  Metadata Extraction: 522.95ms

[Phase] Atom Extraction...
  ÔÅ▒´©Å  Atom Extraction: 0.27ms

[Phase] Persistence...
ƒ¬ª Shadow created: shadow_mmvdecux_wdr7 
(from src/test2.js::func2)
Ô£à Shadow Registry initialized
ƒ¬ª Shadow created: shadow_mmvdecwj_le8w 
(from src/test.js::testFunction)
  Ô£ô Saved file metadata to SQLite

  ÔÅ▒´©Å  Persistence: 21.55ms
  ÔÅ▒´©Å  TOTAL Pipeline: 550.95ms [mem: 
+1MB]

ÔÜí Pipeline completed in 550.95ms
­ƒÆ¥ Results saved to SQLite for: config.js

­ƒôè Summary:
  - Imports: 0
  - Exports: 2
  - Semantic connections: 0
  - Functions: 0


[Phase] Initialize...
  Ô£ô Loaded existing project context from 
SQLite

  ÔÅ▒´©Å  Initialize: 4.05ms [mem: +1MB]

[Phase] Parse Source...
  ÔÅ▒´©Å  Parse Source: 9.18ms [mem: -13MB]

[Phase] Resolve Imports...
  ÔÅ▒´©Å  Resolve Imports: 1.49ms

[Phase] Semantic Connections...
Ô£à Shadow Registry initialized
  ÔÅ▒´©Å  Semantic Connections: 13.70ms

[Phase] Metadata Extraction...
ƒ¬ª Shadow created: shadow_mmvdecxf_1y9x 
(from src/test.js::testFunction)
Ô£à Shadow Registry initialized
   ƒôØ Analizando 1 archivos 
directamente...
Ô£à Shadow Registry initialized
ƒ¬ª Shadow created: shadow_mmvded0n_inp1 
(from src/test.js::testFunction)
 [32mÔ£ô[39m tests/performance/mcp-post-edit-guards.benchmark.test.js [2m([22m[2m1 test[22m[2m)[22m[32m 31[2mms[22m[39m
ƒ¬ª Shadow created: shadow_mmvded2j_rwnp 
(from src/test0.js::func0)
ƒ¬ª Shadow created: shadow_mmvded3o_yspn 
(from src/test1.js::func1)
Ô£à Shadow Registry initialized
ƒ¬ª Shadow created: shadow_mmvded79_j8kv 
(from src/test.js::testFunction)
ƒ¬ª Shadow created: shadow_mmvded6s_knit 
(from src/test2.js::func2)
ƒ¬ª Shadow created: shadow_mmvded9b_kayd 
(from src/test3.js::func3)
ƒ¬ª Shadow created: shadow_mmvded9i_0f82 
(from src/test4.js::func4)
ƒ¬ª Shadow created: shadow_mmvded91_o63a 
(from src/test2.js::func2)
ƒ¬ª Shadow created: shadow_mmvded9p_sc8h 
(from src/test5.js::func5)
ƒ¬ª Shadow created: shadow_mmvded9s_kj1r 
(from src/test6.js::func6)
ƒ¬ª Shadow created: shadow_mmvded9u_g7sv 
(from src/test7.js::func7)
ƒ¬ª Shadow created: shadow_mmvded9x_wx5r 
(from src/test8.js::func8)
ƒ¬ª Shadow created: shadow_mmvdeda9_yhiw 
(from src/test9.js::func9)
ƒ¬ª Shadow created: shadow_mmvdedae_m4q4 
(from src/test10.js::func10)
ƒ¬ª Shadow created: shadow_mmvdedan_g5ra 
(from src/test11.js::func11)
ƒ¬ª Shadow created: shadow_mmvdedar_wyae 
(from src/test12.js::func12)
ƒ¬ª Shadow created: shadow_mmvdedaw_upjf 
(from src/test13.js::func13)
Ô£à Shadow Registry initialized
ƒ¬ª Shadow created: shadow_mmvdedb8_2wfx 
(from src/test14.js::func14)
Ô£à Shadow Registry initialized
ƒ¬ª Shadow created: shadow_mmvdedcg_f6bz 
(from src/test15.js::func15)
  ­ƒöä Attempt 3/3 (timeout: 20000ms)
  ÔØî Attempt 3 failed: No LLM server 
available
ÔØî LLM analysis failed for test.js after 
3 attempts: No LLM server available
  Ô£ô All files found in cache
  ­ƒôè Cache hit: 0/2, analyzing 2 files
ÔØî LLM analyze error for prompt 0: No LLM 
server available
ÔØî LLM analyze error for prompt 1: No LLM 
server available
­ƒöì DEBUG normalizeResponse: test1.js
ÔÜá´©Å  Invalid LLM response for test1.js
­ƒöì DEBUG normalizeResponse: test2.js
ÔÜá´©Å  Invalid LLM response for test2.js

­ƒôè Prompt Stats for test.js:
  - Characters: 4865
  - Approx Tokens: 1217
  ­ƒöä Attempt 1/3 (timeout: 21000ms)
  ÔØî Attempt 1 failed: No LLM server 
available
  ÔÅ│ Waiting 2000ms before retry...
ƒ¬ª Shadow created: shadow_mmvdedcy_yi1p 
(from src/test.js::testFunction)
ƒ¬ª Shadow created: shadow_mmvdedd5_0nrl 
(from src/test16.js::func16)
ƒ¬ª Shadow created: shadow_mmvdeddo_cfgp 
(from src/test17.js::func17)
ƒ¬ª Shadow created: shadow_mmvdeddx_lukn 
(from src/test18.js::func18)
Ô£à Shadow Registry initialized
ƒ¬ª Shadow created: shadow_mmvdedeg_uqjh 
(from src/test19.js::func19)
  ÔÅ▒´©Å  Metadata Extraction: 618.60ms

[Phase] Atom Extraction...
  ÔÅ▒´©Å  Atom Extraction: 0.39ms

[Phase] Persistence...
 [32mÔ£ô[39m tests/contracts/layer-c/layer-c-exports.contract.test.js [2m([22m[2m56 tests[22m[2m)[22m[33m 1973[2mms[22m[39m
  Ô£ô Saved file metadata to SQLite

  ÔÅ▒´©Å  Persistence: 3.03ms
  ÔÅ▒´©Å  TOTAL Pipeline: 650.96ms [mem: 
-11MB]

ÔÜí Pipeline completed in 650.96ms
­ƒÆ¥ Results saved to SQLite for: index.js

­ƒôè Summary:
  - Imports: 2
  - Exports: 1
  - Semantic connections: 0
  - Functions: 1


[Phase] Initialize...
  Ô£ô Loaded existing project context from 
SQLite

  ÔÅ▒´©Å  Initialize: 3.20ms [mem: +1MB]

[Phase] Parse Source...
 [32mÔ£ô[39m tests/unit/layer-c-memory/shadow-registry/similarity-search.test.js [2m([22m[2m21 tests[22m[2m)[22m[33m 1747[2mms[22m[39m
       [33m[2mÔ£ô[22m[39m returns matches above threshold [33m 663[2mms[22m[39m[33m (retry x1)[39m
       [33m[2mÔ£ô[22m[39m handles large result sets [33m 511[2mms[22m[39m
  ÔÅ▒´©Å  Parse Source: 7.23ms

[Phase] Resolve Imports...
  ÔÅ▒´©Å  Resolve Imports: 0.30ms

[Phase] Semantic Connections...
  ÔÅ▒´©Å  Semantic Connections: 0.31ms

[Phase] Metadata Extraction...
ƒ¬ª Shadow created: shadow_mmvdedej_vlor 
(from src/test.js::testFunction)
[Connection] Adding 8 missing column(s) to 
'atoms': is_deprecated, deprecated_reason, 
called_by_json, imports_json, 
exports_json, uses_json, 
side_effects_json, function_type
[Connection] Adding 8 missing column(s) to 
'atoms': is_deprecated, deprecated_reason, 
called_by_json, imports_json, 
exports_json, uses_json, 
side_effects_json, function_type
Ô£à Shadow Registry initialized
[Connection] Adding 3 missing column(s) to 
'files': is_removed, hash, updated_at
[Connection] Adding 3 missing column(s) to 
'atom_relations': is_removed, updated_at, 
lifecycle_status
[Connection] Adding 1 missing column(s) to 
'system_files': is_removed
[Connection] Adding 3 missing column(s) to 
'semantic_connections': is_removed, 
updated_at, lifecycle_status
[Connection] Adding 1 missing column(s) to 
'atom_versions': last_modified
[Connection] Adding 8 missing column(s) to 
'modules': type, file_count, 
complexity_score, cohesion_score, 
coupling_score, risk_score, is_removed, 
updated_at
[Connection] Adding 2 missing column(s) to 
'file_dependencies': is_removed, updated_at
[Connection] Created table 'societies' 
from registry
[Connection] Adding 3 missing column(s) to 
'risk_assessments': is_removed, 
updated_at, lifecycle_status
[Connection] Adding 3 missing column(s) to 
'semantic_issues': lifecycle_status, 
is_removed, updated_at
[Connection] Created table 'mcp_sessions' 
from registry
[Connection] Created table 
'compiler_scanned_files' from registry
[Connection] Adding 3 missing column(s) to 
'files': is_removed, hash, updated_at
[Connection] Adding 3 missing column(s) to 
'atom_relations': is_removed, updated_at, 
lifecycle_status
[Connection] Adding 1 missing column(s) to 
'system_files': is_removed
[Connection] Adding 3 missing column(s) to 
'semantic_connections': is_removed, 
updated_at, lifecycle_status
[Connection] Adding 1 missing column(s) to 
'atom_versions': last_modified
[Connection] Adding 8 missing column(s) to 
'modules': type, file_count, 
complexity_score, cohesion_score, 
coupling_score, risk_score, is_removed, 
updated_at
[Connection] Adding 2 missing column(s) to 
'file_dependencies': is_removed, updated_at
[Connection] Created table 'societies' 
from registry
[Connection] Adding 3 missing column(s) to 
'risk_assessments': is_removed, 
updated_at, lifecycle_status
[Connection] Adding 3 missing column(s) to 
'semantic_issues': lifecycle_status, 
is_removed, updated_at
[Connection] Created table 'mcp_sessions' 
from registry
[Connection] Created table 
'compiler_scanned_files' from registry
ƒ¬ª Shadow created: shadow_mmvdedgt_kg1z 
(from src/test.js::testFunction)
Ô£à Shadow Registry initialized
ƒ¬ª Shadow created: shadow_mmvdedi9_tzj7 
(from src/test.js::testFunction)
Ô£à Shadow Registry initialized
ƒ¬ª Shadow created: shadow_mmvdedit_7znt 
(from src/test.js::testFunction)
ƒ¬ª Shadow created: shadow_mmvdedji_jovn 
(from src/test.js::testFunction)
ƒ¬ª Shadow created: shadow_mmvdedki_bam4 
(from src/test.js::testFunction)
Ô£à Shadow Registry initialized
[90mstdout[2m | tests/e2e/scenarios/full-workflow.scenario.test.js[2m > [22m[2mE2E: Full Analysis Workflow[2m > [22m[2mError Handling[2m > [22m[2mshould handle syntax errors gracefully
[22m[39m[PatternDetection] Registered 7 pattern detectors
[PatternDetection] ­ƒöì Starting pattern detection analysis...

[90mstdout[2m | tests/e2e/scenarios/full-workflow.scenario.test.js[2m > [22m[2mE2E: Full Analysis Workflow[2m > [22m[2mError Handling[2m > [22m[2mshould handle syntax errors gracefully
[22m[39m[PatternDetection] Ô£à Pattern detection complete in 1ms

ƒ¬ª Shadow created: shadow_mmvdedld_pl3r 
(from src/test.js::testFunction)
Ô£à Shadow Registry initialized
[90mstdout[2m | tests/e2e/scenarios/cli-analyze.scenario.test.js[2m > [22m[2mE2E: CLI Analyze Command[2m > [22m[2mShared State Detection[2m > [22m[2mshould detect localStorage usage
[22m[39m[PatternDetection] Registered 7 pattern detectors
[PatternDetection] ­ƒöì Starting pattern detection analysis...

[90mstdout[2m | tests/e2e/scenarios/cli-analyze.scenario.test.js[2m > [22m[2mE2E: CLI Analyze Command[2m > [22m[2mShared State Detection[2m > [22m[2mshould detect localStorage usage
[22m[39m[PatternDetection] Ô£à Pattern detection complete in 1ms

Ô£à Shadow Registry initialized
ƒÅù´©Å  Initializing cache singleton for: 
C:\Dev\OmnySystem\.test-e2e-analyze\session
UnifiedCache: 232 atoms indexed (from 
SQLite)
Ô£à Cache singleton ready for: 
C:\Dev\OmnySystem\.test-e2e-analyze\session
Ô£à Shadow Registry initialized
Ô£à Shadow Registry initialized
[Tool] get_server_status()
ƒ¬ª Shadow created: shadow_mmvdedmu_y7yr 
(from test1)
ƒ¬ª Shadow created: shadow_mmvdedmy_c257 
(from test2)
Ô£à Shadow Registry initialized
ƒ¬ª Shadow created: shadow_mmvdednf_oyjj 
(from src/test.js::testFunction)
[RUNTIME TABLE HEALTH][HIGH] project-wide 
-> runtime_table_health_atoms_empty: atoms 
is below minimum expected rows; the 
indexing pipeline likely did not complete.
[RUNTIME TABLE HEALTH][HIGH] project-wide 
-> 
runtime_table_health_atom_relations_empty: 
atom_relations is empty; the graph/linking 
pipeline is not persisting dependencies.
[RUNTIME TABLE HEALTH][HIGH] project-wide 
-> runtime_table_health_files_empty: files 
is empty; file-level metadata is missing.
[RUNTIME TABLE HEALTH][MEDIUM] 
project-wide -> 
runtime_table_health_atom_versions_empty: 
atom_versions is empty; version tracking 
is not being written.
[RUNTIME TABLE HEALTH][MEDIUM] 
project-wide -> 
runtime_table_health_atom_events_empty: 
atom_events is empty; event sourcing is 
not being written.
[RUNTIME TABLE HEALTH][MEDIUM] 
project-wide -> 
runtime_table_health_societies_empty: 
societies is empty; society clustering is 
not being persisted.
[RUNTIME TABLE HEALTH][MEDIUM] 
project-wide -> runtime_table_health_risk_a
ssessments_empty: risk_assessments is 
empty; risk telemetry is advisory only 
until persistence resumes.
[WATCHER ISSUE RECONCILE] deleted 7 
watcher alert(s) (expired=0, superseded=0, 
outdated=7, orphaned=0, lowSignal=0)
ƒ¬ª Shadow created: shadow_mmvdedo2_26pl 
(from test2)
[Connection] Adding 8 missing column(s) to 
'atoms': is_deprecated, deprecated_reason, 
called_by_json, imports_json, 
exports_json, uses_json, 
side_effects_json, function_type
[Connection] Adding 3 missing column(s) to 
'files': is_removed, hash, updated_at
 [32mÔ£ô[39m tests/unit/layer-c-memory/shadow-registry/shadow-registry.test.js [2m([22m[2m25 tests[22m[2m)[22m[33m 1619[2mms[22m[39m
       [33m[2mÔ£ô[22m[39m creates proper shadow from atom [33m 533[2mms[22m[39m[33m (retry x1)[39m
[Connection] Adding 3 missing column(s) to 
'atom_relations': is_removed, updated_at, 
lifecycle_status
[Connection] Adding 1 missing column(s) to 
'system_files': is_removed
[Connection] Adding 3 missing column(s) to 
'semantic_connections': is_removed, 
updated_at, lifecycle_status
[Connection] Adding 1 missing column(s) to 
'atom_versions': last_modified
[Connection] Adding 8 missing column(s) to 
'modules': type, file_count, 
complexity_score, cohesion_score, 
coupling_score, risk_score, is_removed, 
updated_at
[Connection] Adding 2 missing column(s) to 
'file_dependencies': is_removed, updated_at
[Connection] Created table 'societies' 
from registry
[Connection] Adding 3 missing column(s) to 
'risk_assessments': is_removed, 
updated_at, lifecycle_status
[Connection] Adding 3 missing column(s) to 
'semantic_issues': lifecycle_status, 
is_removed, updated_at
[Connection] Created table 'mcp_sessions' 
from registry
[Connection] Created table 
'compiler_scanned_files' from registry
   Ô£à An├ílisis incremental completado en 
1.23s
   ­ƒôè 1 archivos analizados
   ƒº╣ Ejecutando limpieza autom├ítica de 
registros hu├®rfanos...
   Ô£¿ Limpieza completada: 1 registros 
purgados (0 relaciones, 0 issues)

­ƒÄ» Ejecutando estrategia: INCREMENTAL
   ƒöä Analizando 1 archivos 
incrementalmente...
   ƒôØ Analizando 1 archivos 
directamente...
  ÔÅ▒´©Å  Metadata Extraction: 442.46ms

[Phase] Atom Extraction...
  ÔÅ▒´©Å  Atom Extraction: 0.24ms

[Phase] Persistence...
  Ô£ô Saved file metadata to SQLite

  ÔÅ▒´©Å  Persistence: 2.79ms
  ÔÅ▒´©Å  TOTAL Pipeline: 456.91ms [mem: 
+1MB]

ÔÜí Pipeline completed in 456.91ms
ƒÆ¥ Results saved to SQLite for: 
also-valid.js

­ƒôè Summary:
  - Imports: 0
  - Exports: 1
  - Semantic connections: 0
  - Functions: 0


[Phase] Initialize...
  Ô£ô Loaded existing project context from 
SQLite

  ÔÅ▒´©Å  Initialize: 3.62ms [mem: +1MB]

[Phase] Parse Source...
[Tool] get_server_status()
  ÔÅ▒´©Å  Parse Source: 6.56ms

[Phase] Resolve Imports...
  ÔÅ▒´©Å  Resolve Imports: 0.30ms

[Phase] Semantic Connections...
  ÔÅ▒´©Å  Semantic Connections: 0.32ms

[Phase] Metadata Extraction...
[RUNTIME TABLE HEALTH][HIGH] project-wide 
-> runtime_table_health_atoms_empty: atoms 
is below minimum expected rows; the 
indexing pipeline likely did not complete.
[RUNTIME TABLE HEALTH][HIGH] project-wide 
-> 
runtime_table_health_atom_relations_empty: 
atom_relations is empty; the graph/linking 
pipeline is not persisting dependencies.
[RUNTIME TABLE HEALTH][HIGH] project-wide 
-> runtime_table_health_files_empty: files 
is empty; file-level metadata is missing.
[RUNTIME TABLE HEALTH][MEDIUM] 
project-wide -> 
runtime_table_health_atom_versions_empty: 
atom_versions is empty; version tracking 
is not being written.
[RUNTIME TABLE HEALTH][MEDIUM] 
project-wide -> 
runtime_table_health_atom_events_empty: 
atom_events is empty; event sourcing is 
not being written.
[RUNTIME TABLE HEALTH][MEDIUM] 
project-wide -> 
runtime_table_health_societies_empty: 
societies is empty; society clustering is 
not being persisted.
[RUNTIME TABLE HEALTH][MEDIUM] 
project-wide -> runtime_table_health_risk_a
ssessments_empty: risk_assessments is 
empty; risk telemetry is advisory only 
until persistence resumes.
[WATCHER ISSUE RECONCILE] deleted 7 
watcher alert(s) (expired=0, superseded=0, 
outdated=7, orphaned=0, lowSignal=0)
[Tool] get_server_status()
[RUNTIME TABLE HEALTH][HIGH] project-wide 
-> runtime_table_health_atoms_empty: atoms 
is below minimum expected rows; the 
indexing pipeline likely did not complete.
[RUNTIME TABLE HEALTH][HIGH] project-wide 
-> 
runtime_table_health_atom_relations_empty: 
atom_relations is empty; the graph/linking 
pipeline is not persisting dependencies.
[RUNTIME TABLE HEALTH][HIGH] project-wide 
-> runtime_table_health_files_empty: files 
is empty; file-level metadata is missing.
[RUNTIME TABLE HEALTH][MEDIUM] 
project-wide -> 
runtime_table_health_atom_versions_empty: 
atom_versions is empty; version tracking 
is not being written.
[RUNTIME TABLE HEALTH][MEDIUM] 
project-wide -> 
runtime_table_health_atom_events_empty: 
atom_events is empty; event sourcing is 
not being written.
[RUNTIME TABLE HEALTH][MEDIUM] 
project-wide -> 
runtime_table_health_societies_empty: 
societies is empty; society clustering is 
not being persisted.
[RUNTIME TABLE HEALTH][MEDIUM] 
project-wide -> runtime_table_health_risk_a
ssessments_empty: risk_assessments is 
empty; risk telemetry is advisory only 
until persistence resumes.
[WATCHER ISSUE RECONCILE] deleted 7 
watcher alert(s) (expired=0, superseded=0, 
outdated=7, orphaned=0, lowSignal=0)
[Tool] get_server_status()
[RUNTIME TABLE HEALTH][HIGH] project-wide 
-> runtime_table_health_atoms_empty: atoms 
is below minimum expected rows; the 
indexing pipeline likely did not complete.
[RUNTIME TABLE HEALTH][HIGH] project-wide 
-> 
runtime_table_health_atom_relations_empty: 
atom_relations is empty; the graph/linking 
pipeline is not persisting dependencies.
[RUNTIME TABLE HEALTH][HIGH] project-wide 
-> runtime_table_health_files_empty: files 
is empty; file-level metadata is missing.
[RUNTIME TABLE HEALTH][MEDIUM] 
project-wide -> 
runtime_table_health_atom_versions_empty: 
atom_versions is empty; version tracking 
is not being written.
[RUNTIME TABLE HEALTH][MEDIUM] 
project-wide -> 
runtime_table_health_atom_events_empty: 
atom_events is empty; event sourcing is 
not being written.
[RUNTIME TABLE HEALTH][MEDIUM] 
project-wide -> 
runtime_table_health_societies_empty: 
societies is empty; society clustering is 
not being persisted.
[RUNTIME TABLE HEALTH][MEDIUM] 
project-wide -> runtime_table_health_risk_a
ssessments_empty: risk_assessments is 
empty; risk telemetry is advisory only 
until persistence resumes.
[WATCHER ISSUE RECONCILE] deleted 7 
watcher alert(s) (expired=0, superseded=0, 
outdated=7, orphaned=0, lowSignal=0)
[Tool] get_server_status()
[RUNTIME TABLE HEALTH][HIGH] project-wide 
-> runtime_table_health_atoms_empty: atoms 
is below minimum expected rows; the 
indexing pipeline likely did not complete.
[RUNTIME TABLE HEALTH][HIGH] project-wide 
-> 
runtime_table_health_atom_relations_empty: 
atom_relations is empty; the graph/linking 
pipeline is not persisting dependencies.
[RUNTIME TABLE HEALTH][HIGH] project-wide 
-> runtime_table_health_files_empty: files 
is empty; file-level metadata is missing.
[RUNTIME TABLE HEALTH][MEDIUM] 
project-wide -> 
runtime_table_health_atom_versions_empty: 
atom_versions is empty; version tracking 
is not being written.
[RUNTIME TABLE HEALTH][MEDIUM] 
project-wide -> 
runtime_table_health_atom_events_empty: 
atom_events is empty; event sourcing is 
not being written.
[RUNTIME TABLE HEALTH][MEDIUM] 
project-wide -> 
runtime_table_health_societies_empty: 
societies is empty; society clustering is 
not being persisted.
[RUNTIME TABLE HEALTH][MEDIUM] 
project-wide -> runtime_table_health_risk_a
ssessments_empty: risk_assessments is 
empty; risk telemetry is advisory only 
until persistence resumes.
[WATCHER ISSUE RECONCILE] deleted 7 
watcher alert(s) (expired=0, superseded=0, 
outdated=7, orphaned=0, lowSignal=0)
[Tool] get_server_status()
[RUNTIME TABLE HEALTH][HIGH] project-wide 
-> runtime_table_health_atoms_empty: atoms 
is below minimum expected rows; the 
indexing pipeline likely did not complete.
[RUNTIME TABLE HEALTH][HIGH] project-wide 
-> 
runtime_table_health_atom_relations_empty: 
atom_relations is empty; the graph/linking 
pipeline is not persisting dependencies.
[RUNTIME TABLE HEALTH][HIGH] project-wide 
-> runtime_table_health_files_empty: files 
is empty; file-level metadata is missing.
[RUNTIME TABLE HEALTH][MEDIUM] 
project-wide -> 
runtime_table_health_atom_versions_empty: 
atom_versions is empty; version tracking 
is not being written.
[RUNTIME TABLE HEALTH][MEDIUM] 
project-wide -> 
runtime_table_health_atom_events_empty: 
atom_events is empty; event sourcing is 
not being written.
[RUNTIME TABLE HEALTH][MEDIUM] 
project-wide -> 
runtime_table_health_societies_empty: 
societies is empty; society clustering is 
not being persisted.
[RUNTIME TABLE HEALTH][MEDIUM] 
project-wide -> runtime_table_health_risk_a
ssessments_empty: risk_assessments is 
empty; risk telemetry is advisory only 
until persistence resumes.
[WATCHER ISSUE RECONCILE] deleted 7 
watcher alert(s) (expired=0, superseded=0, 
outdated=7, orphaned=0, lowSignal=0)
   Ô£à An├ílisis incremental completado en 
0.58s
   ­ƒôè 1 archivos analizados
   ƒº╣ Ejecutando limpieza autom├ítica de 
registros hu├®rfanos...
   Ô£¿ Limpieza completada: 1 registros 
purgados (0 relaciones, 0 issues)
 [32mÔ£ô[39m tests/performance/mcp-incremental-reindex.benchmark.test.js [2m([22m[2m1 test[22m[2m)[22m[33m 1870[2mms[22m[39m
     [33m[2mÔ£ô[22m[39m re-analyzes a small changed set within a bounded budget [33m 1866[2mms[22m[39m[33m (retry x1)[39m
[Tool] get_server_status()
[RUNTIME TABLE HEALTH][HIGH] project-wide 
-> runtime_table_health_atoms_empty: atoms 
is below minimum expected rows; the 
indexing pipeline likely did not complete.
[RUNTIME TABLE HEALTH][HIGH] project-wide 
-> 
runtime_table_health_atom_relations_empty: 
atom_relations is empty; the graph/linking 
pipeline is not persisting dependencies.
  ÔÅ▒´©Å  Metadata Extraction: 705.70ms

[Phase] Atom Extraction...
  ÔÅ▒´©Å  Atom Extraction: 0.03ms

[Phase] Persistence...
  Ô£ô Saved file metadata to SQLite

  ÔÅ▒´©Å  Persistence: 0.40ms
  ÔÅ▒´©Å  TOTAL Pipeline: 717.26ms [mem: 
+1MB]

ÔÜí Pipeline completed in 717.26ms
ƒÆ¥ Results saved to SQLite for: invalid.js

­ƒôè Summary:
  - Imports: 0
  - Exports: 0
  - Semantic connections: 0
  - Functions: 0


[Phase] Initialize...
  Ô£ô Loaded existing project context from 
SQLite

  ÔÅ▒´©Å  Initialize: 3.66ms [mem: +1MB]

[Phase] Parse Source...
[RUNTIME TABLE HEALTH][HIGH] project-wide 
-> runtime_table_health_files_empty: files 
is empty; file-level metadata is missing.
  ÔÅ▒´©Å  Parse Source: 18.77ms [mem: -5MB]

[Phase] Resolve Imports...
  ÔÅ▒´©Å  Resolve Imports: 0.54ms

[Phase] Semantic Connections...
  ÔÅ▒´©Å  Semantic Connections: 0.41ms

[Phase] Metadata Extraction...
[RUNTIME TABLE HEALTH][MEDIUM] 
project-wide -> 
runtime_table_health_atom_versions_empty: 
atom_versions is empty; version tracking 
is not being written.
[RUNTIME TABLE HEALTH][MEDIUM] 
project-wide -> 
runtime_table_health_atom_events_empty: 
atom_events is empty; event sourcing is 
not being written.
[RUNTIME TABLE HEALTH][MEDIUM] 
project-wide -> 
runtime_table_health_societies_empty: 
societies is empty; society clustering is 
not being persisted.
[RUNTIME TABLE HEALTH][MEDIUM] 
project-wide -> runtime_table_health_risk_a
ssessments_empty: risk_assessments is 
empty; risk telemetry is advisory only 
until persistence resumes.
[WATCHER ISSUE RECONCILE] deleted 7 
watcher alert(s) (expired=0, superseded=0, 
outdated=7, orphaned=0, lowSignal=0)
[Connection] Adding 8 missing column(s) to 
'atoms': is_deprecated, deprecated_reason, 
called_by_json, imports_json, 
exports_json, uses_json, 
side_effects_json, function_type
[Connection] Adding 8 missing column(s) to 
'atoms': is_deprecated, deprecated_reason, 
called_by_json, imports_json, 
exports_json, uses_json, 
side_effects_json, function_type
[Tool] get_server_status()
[RUNTIME TABLE HEALTH][HIGH] project-wide 
-> runtime_table_health_atoms_empty: atoms 
is below minimum expected rows; the 
indexing pipeline likely did not complete.
[RUNTIME TABLE HEALTH][HIGH] project-wide 
-> 
runtime_table_health_atom_relations_empty: 
atom_relations is empty; the graph/linking 
pipeline is not persisting dependencies.
[RUNTIME TABLE HEALTH][HIGH] project-wide 
-> runtime_table_health_files_empty: files 
is empty; file-level metadata is missing.
[RUNTIME TABLE HEALTH][MEDIUM] 
project-wide -> 
runtime_table_health_atom_versions_empty: 
atom_versions is empty; version tracking 
is not being written.
[RUNTIME TABLE HEALTH][MEDIUM] 
project-wide -> 
runtime_table_health_atom_events_empty: 
atom_events is empty; event sourcing is 
not being written.
[RUNTIME TABLE HEALTH][MEDIUM] 
project-wide -> 
runtime_table_health_societies_empty: 
societies is empty; society clustering is 
not being persisted.
[RUNTIME TABLE HEALTH][MEDIUM] 
project-wide -> runtime_table_health_risk_a
ssessments_empty: risk_assessments is 
empty; risk telemetry is advisory only 
until persistence resumes.
[WATCHER ISSUE RECONCILE] deleted 7 
watcher alert(s) (expired=0, superseded=0, 
outdated=7, orphaned=0, lowSignal=0)
[Connection] Adding 3 missing column(s) to 
'files': is_removed, hash, updated_at
[Connection] Adding 3 missing column(s) to 
'atom_relations': is_removed, updated_at, 
lifecycle_status
[Connection] Adding 1 missing column(s) to 
'system_files': is_removed
[Connection] Adding 3 missing column(s) to 
'semantic_connections': is_removed, 
updated_at, lifecycle_status
[Connection] Adding 1 missing column(s) to 
'atom_versions': last_modified
[Connection] Adding 8 missing column(s) to 
'modules': type, file_count, 
complexity_score, cohesion_score, 
coupling_score, risk_score, is_removed, 
updated_at
[Connection] Adding 2 missing column(s) to 
'file_dependencies': is_removed, updated_at
[Connection] Created table 'societies' 
from registry
[Connection] Adding 3 missing column(s) to 
'risk_assessments': is_removed, 
updated_at, lifecycle_status
[Connection] Adding 3 missing column(s) to 
'semantic_issues': lifecycle_status, 
is_removed, updated_at
[Connection] Created table 'mcp_sessions' 
from registry
[Connection] Created table 
'compiler_scanned_files' from registry
[Tool] get_server_status()
[RUNTIME TABLE HEALTH][HIGH] project-wide 
-> runtime_table_health_atoms_empty: atoms 
is below minimum expected rows; the 
indexing pipeline likely did not complete.
[RUNTIME TABLE HEALTH][HIGH] project-wide 
-> 
runtime_table_health_atom_relations_empty: 
atom_relations is empty; the graph/linking 
pipeline is not persisting dependencies.
[RUNTIME TABLE HEALTH][HIGH] project-wide 
-> runtime_table_health_files_empty: files 
is empty; file-level metadata is missing.
[RUNTIME TABLE HEALTH][MEDIUM] 
project-wide -> 
runtime_table_health_atom_versions_empty: 
atom_versions is empty; version tracking 
is not being written.
[RUNTIME TABLE HEALTH][MEDIUM] 
project-wide -> 
runtime_table_health_atom_events_empty: 
atom_events is empty; event sourcing is 
not being written.
[RUNTIME TABLE HEALTH][MEDIUM] 
project-wide -> 
runtime_table_health_societies_empty: 
societies is empty; society clustering is 
not being persisted.
[RUNTIME TABLE HEALTH][MEDIUM] 
project-wide -> runtime_table_health_risk_a
ssessments_empty: risk_assessments is 
empty; risk telemetry is advisory only 
until persistence resumes.
[WATCHER ISSUE RECONCILE] deleted 7 
watcher alert(s) (expired=0, superseded=0, 
outdated=7, orphaned=0, lowSignal=0)
[90mstdout[2m | tests/e2e/scenarios/full-workflow.scenario.test.js[2m > [22m[2mE2E: Full Analysis Workflow[2m > [22m[2mError Handling[2m > [22m[2mshould handle syntax errors gracefully
[22m[39m[PatternDetection] Registered 7 pattern detectors
[PatternDetection] ­ƒöì Starting pattern detection analysis...

[90mstdout[2m | tests/e2e/scenarios/full-workflow.scenario.test.js[2m > [22m[2mE2E: Full Analysis Workflow[2m > [22m[2mError Handling[2m > [22m[2mshould handle syntax errors gracefully
[22m[39m[PatternDetection] Ô£à Pattern detection complete in 1ms

 [32mÔ£ô[39m tests/unit/layer-a-analysis/module-system/module-system.test.js [2m([22m[2m2 tests[22m[2m)[22m[33m 817[2mms[22m[39m
     [33m[2mÔ£ô[22m[39m module system exports are available [33m 813[2mms[22m[39m
[Tool] get_server_status()
[RUNTIME TABLE HEALTH][HIGH] project-wide 
-> runtime_table_health_atoms_empty: atoms 
is below minimum expected rows; the 
indexing pipeline likely did not complete.
[RUNTIME TABLE HEALTH][HIGH] project-wide 
-> 
runtime_table_health_atom_relations_empty: 
atom_relations is empty; the graph/linking 
pipeline is not persisting dependencies.
[RUNTIME TABLE HEALTH][HIGH] project-wide 
-> runtime_table_health_files_empty: files 
is empty; file-level metadata is missing.
[RUNTIME TABLE HEALTH][MEDIUM] 
project-wide -> 
runtime_table_health_atom_versions_empty: 
atom_versions is empty; version tracking 
is not being written.
[RUNTIME TABLE HEALTH][MEDIUM] 
project-wide -> 
runtime_table_health_atom_events_empty: 
atom_events is empty; event sourcing is 
not being written.
[RUNTIME TABLE HEALTH][MEDIUM] 
project-wide -> 
runtime_table_health_societies_empty: 
societies is empty; society clustering is 
not being persisted.
[RUNTIME TABLE HEALTH][MEDIUM] 
project-wide -> runtime_table_health_risk_a
ssessments_empty: risk_assessments is 
empty; risk telemetry is advisory only 
until persistence resumes.
[WATCHER ISSUE RECONCILE] deleted 7 
watcher alert(s) (expired=0, superseded=0, 
outdated=7, orphaned=0, lowSignal=0)
ƒÅù´©Å  Initializing cache singleton for: C
:\Dev\OmnySystem\.test-e2e-workflow\missing
-imports
UnifiedCache: 21 atoms indexed (from 
SQLite)
Ô£à Cache singleton ready for: C:\Dev\OmnyS
ystem\.test-e2e-workflow\missing-imports
 [32mÔ£ô[39m tests/contracts/layer-c/mcp-tools.contract.test.js [2m([22m[2m66 tests[22m[2m)[22m[33m 1349[2mms[22m[39m
[Tool] get_server_status()
[RUNTIME TABLE HEALTH][HIGH] project-wide 
-> runtime_table_health_atoms_empty: atoms 
is below minimum expected rows; the 
indexing pipeline likely did not complete.
[RUNTIME TABLE HEALTH][HIGH] project-wide 
-> 
runtime_table_health_atom_relations_empty: 
atom_relations is empty; the graph/linking 
pipeline is not persisting dependencies.
[RUNTIME TABLE HEALTH][HIGH] project-wide 
-> runtime_table_health_files_empty: files 
is empty; file-level metadata is missing.
[RUNTIME TABLE HEALTH][MEDIUM] 
project-wide -> 
runtime_table_health_atom_versions_empty: 
atom_versions is empty; version tracking 
is not being written.
[RUNTIME TABLE HEALTH][MEDIUM] 
project-wide -> 
runtime_table_health_atom_events_empty: 
atom_events is empty; event sourcing is 
not being written.
[RUNTIME TABLE HEALTH][MEDIUM] 
project-wide -> 
runtime_table_health_societies_empty: 
societies is empty; society clustering is 
not being persisted.
[RUNTIME TABLE HEALTH][MEDIUM] 
project-wide -> runtime_table_health_risk_a
ssessments_empty: risk_assessments is 
empty; risk telemetry is advisory only 
until persistence resumes.
[WATCHER ISSUE RECONCILE] deleted 7 
watcher alert(s) (expired=0, superseded=0, 
outdated=7, orphaned=0, lowSignal=0)
[Connection] Adding 8 missing column(s) to 
'atoms': is_deprecated, deprecated_reason, 
called_by_json, imports_json, 
exports_json, uses_json, 
side_effects_json, function_type
  ÔÅ▒´©Å  Metadata Extraction: 523.21ms

[Phase] Atom Extraction...
  ÔÅ▒´©Å  Atom Extraction: 0.36ms

[Phase] Persistence...
  Ô£ô Saved file metadata to SQLite

  ÔÅ▒´©Å  Persistence: 4.05ms
  ÔÅ▒´©Å  TOTAL Pipeline: 551.44ms [mem: 
-4MB]

ÔÜí Pipeline completed in 551.44ms
­ƒÆ¥ Results saved to SQLite for: valid.js

­ƒôè Summary:
  - Imports: 0
  - Exports: 1
  - Semantic connections: 0
  - Functions: 0

 [31mÔØ»[39m tests/integration/full-stack.integration.test.js [2m([22m[2m11 tests[22m[2m | [22m[31m3 failed[39m[2m)[22m[33m 14883[2mms[22m[39m
       [33m[2mÔ£ô[22m[39m should build dependency graph from parsed files [33m 1990[2mms[22m[39m
       [32mÔ£ô[39m should detect cycles in dependency graph[32m 29[2mms[22m[39m
       [32mÔ£ô[39m should calculate impact map for changes[32m 42[2mms[22m[39m
       [33m[2mÔ£ô[22m[39m should scan, parse and analyze files [33m 2128[2mms[22m[39m
       [33m[2mÔ£ô[22m[39m should extract atoms from functions [33m 458[2mms[22m[39m
       [33m[2mÔ£ô[22m[39m should build metadata contracts [33m 382[2mms[22m[39m
       [33m[2mÔ£ô[22m[39m should detect shared state patterns [33m 384[2mms[22m[39m
[31m       [31m├ù[31m should save and load analysis from storage[39m[33m 1467[2mms[22m[39m[33m (retry x1)[39m
[31m       [31m├ù[31m should query analysis results[39m[33m 1237[2mms[22m[39m[33m (retry x1)[39m
[31m       [31m├ù[31m should run complete pipeline on realistic project[39m[33m 5029[2mms[22m[39m[33m (retry x1)[39m
       [33m[2mÔ£ô[22m[39m should handle errors gracefully across layers [33m 1734[2mms[22m[39m
[Connection] Adding 3 missing column(s) to 
'files': is_removed, hash, updated_at
[Connection] Adding 3 missing column(s) to 
'atom_relations': is_removed, updated_at, 
lifecycle_status
[Connection] Adding 1 missing column(s) to 
'system_files': is_removed
[Connection] Adding 3 missing column(s) to 
'semantic_connections': is_removed, 
updated_at, lifecycle_status
[Connection] Adding 1 missing column(s) to 
'atom_versions': last_modified
[Connection] Adding 8 missing column(s) to 
'modules': type, file_count, 
complexity_score, cohesion_score, 
coupling_score, risk_score, is_removed, 
updated_at
[Connection] Adding 2 missing column(s) to 
'file_dependencies': is_removed, updated_at
[Connection] Created table 'societies' 
from registry
[Connection] Adding 3 missing column(s) to 
'risk_assessments': is_removed, 
updated_at, lifecycle_status
[Connection] Adding 3 missing column(s) to 
'semantic_issues': lifecycle_status, 
is_removed, updated_at
[Connection] Created table 'mcp_sessions' 
from registry
[Connection] Created table 
'compiler_scanned_files' from registry
 [32mÔ£ô[39m tests/unit/layer-c/mcp/tool-handlers.test.js [2m([22m[2m11 tests[22m[2m)[22m[33m 1454[2mms[22m[39m
     [33m[2mÔ£ô[22m[39m status.orchestrator.status es "not_ready" cuando orchestrator es null [33m 302[2mms[22m[39m
[90mstdout[2m | tests/e2e/scenarios/cli-analyze.scenario.test.js[2m > [22m[2mE2E: CLI Analyze Command[2m > [22m[2mShared State Detection[2m > [22m[2mshould detect sessionStorage usage
[22m[39m[PatternDetection] Registered 7 pattern detectors
[PatternDetection] ­ƒöì Starting pattern detection analysis...

[90mstdout[2m | tests/e2e/scenarios/cli-analyze.scenario.test.js[2m > [22m[2mE2E: CLI Analyze Command[2m > [22m[2mShared State Detection[2m > [22m[2mshould detect sessionStorage usage
[22m[39m[PatternDetection] Ô£à Pattern detection complete in 0ms

­ƒôØ Atomic Edit: test.js
  ­ƒöÆ Validating safety...
  Ô£à Safety passed
  ­ƒöì Validating operation...
  Ô£à Operation valid
  ­ƒöì Validating syntax...
  ­ƒöä Attempt 2/3 (timeout: 21000ms)
  ÔØî Attempt 2 failed: No LLM server 
available
  ÔÅ│ Waiting 4000ms before retry...
ƒÅù´©Å  Initializing cache singleton for: 
C:\Dev\OmnySystem\.test-e2e-analyze\events
UnifiedCache: 232 atoms indexed (from 
SQLite)
Ô£à Cache singleton ready for: 
C:\Dev\OmnySystem\.test-e2e-analyze\events
 [32mÔ£ô[39m tests/unit/core/unified-server/api.test.js [2m([22m[2m40 tests[22m[2m)[22m[33m 1007[2mms[22m[39m
       [33m[2mÔ£ô[22m[39m should return 400 when filePath is missing [33m 944[2mms[22m[39m
  Ô£à Syntax valid
  ÔÜí Executing modify...
  Ô£à Operation complete
ƒôü File change detected: test.js 
(modified)
ƒÅù´©Å  Initializing cache singleton for: C
:\Users\mauro\AppData\Local\Temp\orchestrat
or-test-O6gFFQ
Repository not available for shadows: The 
"paths[0]" argument must be of type 
string. Received null
Repository not available for shadows: The 
"paths[0]" argument must be of type 
string. Received null
Repository not available for shadows: The 
"paths[0]" argument must be of type 
string. Received null
Repository not available for shadows: The 
"paths[0]" argument must be of type 
string. Received null
Repository not available for shadows: The 
"paths[0]" argument must be of type 
string. Received null
Repository not available for shadows: The 
"paths[0]" argument must be of type 
string. Received null
Repository not available for shadows: The 
"paths[0]" argument must be of type 
string. Received null
Repository not available for shadows: The 
"paths[0]" argument must be of type 
string. Received null
Repository not available for shadows: The 
"paths[0]" argument must be of type 
string. Received null
Repository not available for shadows: The 
"paths[0]" argument must be of type 
string. Received null
[Connection] Adding 8 missing column(s) to 
'atoms': is_deprecated, deprecated_reason, 
called_by_json, imports_json, 
exports_json, uses_json, 
side_effects_json, function_type
[Connection] Adding 3 missing column(s) to 
'files': is_removed, hash, updated_at
[Connection] Adding 3 missing column(s) to 
'atom_relations': is_removed, updated_at, 
lifecycle_status
Repository not available for shadows: The 
"paths[0]" argument must be of type 
string. Received null
Repository not available for shadows: The 
"paths[0]" argument must be of type 
string. Received null
[Connection] Adding 1 missing column(s) to 
'system_files': is_removed
[Connection] Adding 3 missing column(s) to 
'semantic_connections': is_removed, 
updated_at, lifecycle_status
[Connection] Adding 1 missing column(s) to 
'atom_versions': last_modified
[Connection] Adding 8 missing column(s) to 
'modules': type, file_count, 
complexity_score, cohesion_score, 
coupling_score, risk_score, is_removed, 
updated_at
Repository not available for shadows: The 
"paths[0]" argument must be of type 
string. Received null
[Connection] Adding 2 missing column(s) to 
'file_dependencies': is_removed, updated_at
[Connection] Created table 'societies' 
from registry
[Connection] Adding 3 missing column(s) to 
'risk_assessments': is_removed, 
updated_at, lifecycle_status
Repository not available for shadows: The 
"paths[0]" argument must be of type 
string. Received null
[Connection] Adding 3 missing column(s) to 
'semantic_issues': lifecycle_status, 
is_removed, updated_at
Repository not available for shadows: The 
"paths[0]" argument must be of type 
string. Received null
[Connection] Created table 'mcp_sessions' 
from registry
[Connection] Created table 
'compiler_scanned_files' from registry
Repository not available for shadows: The 
"paths[0]" argument must be of type 
string. Received null
UnifiedCache: 0 atoms indexed (from SQLite)
Ô£à Cache singleton ready for: C:\Users\mau
ro\AppData\Local\Temp\orchestrator-test-O6g
FFQ
Ô£à Atomic edit complete: test.js
ƒÅÿ´©Å  Triggering incremental society 
update for: test.js
Repository not available for shadows: The 
"paths[0]" argument must be of type 
string. Received null
Repository not available for shadows: The 
"paths[0]" argument must be of type 
string. Received null
­ƒôØ Atomic Edit: test.js
  ­ƒöÆ Validating safety...
  Ô£à Safety passed
  ­ƒöì Validating operation...
  Ô£à Operation valid
  ­ƒöì Validating syntax...
­ƒöì Starting integrity validation...
Ô£à Integrity validation complete: 6 
issues found
­ƒöì Starting integrity validation...
Ô£à Integrity validation complete: 6 
issues found
 [32mÔ£ô[39m tests/contracts/core/graph.contract.test.js [2m([22m[2m51 tests[22m[2m)[22m[33m 605[2mms[22m[39m
­ƒöì Starting integrity validation...
Ô£à Integrity validation complete: 6 
issues found
­ƒöì Starting integrity validation...
[Connection] Adding 8 missing column(s) to 
'atoms': is_deprecated, deprecated_reason, 
called_by_json, imports_json, 
exports_json, uses_json, 
side_effects_json, function_type
Ô£à Integrity validation complete: 6 
issues found
  Ô£à Syntax valid
  ÔÜí Executing modify...
  Ô£à Operation complete
ƒôü File change detected: test.js 
(modified)
ƒÅù´©Å  Initializing cache singleton for: C
:\Users\mauro\AppData\Local\Temp\orchestrat
or-test-nNTTOV
UnifiedCache: 0 atoms indexed (from SQLite)
Ô£à Cache singleton ready for: C:\Users\mau
ro\AppData\Local\Temp\orchestrator-test-nNT
TOV
Ô£à Atomic edit complete: test.js
ƒÅÿ´©Å  Triggering incremental society 
update for: test.js
[Connection] Adding 3 missing column(s) to 
'files': is_removed, hash, updated_at
[Connection] Adding 3 missing column(s) to 
'atom_relations': is_removed, updated_at, 
lifecycle_status
[Connection] Adding 1 missing column(s) to 
'system_files': is_removed
[Connection] Adding 3 missing column(s) to 
'semantic_connections': is_removed, 
updated_at, lifecycle_status
[Connection] Adding 1 missing column(s) to 
'atom_versions': last_modified
[Connection] Adding 8 missing column(s) to 
'modules': type, file_count, 
complexity_score, cohesion_score, 
coupling_score, risk_score, is_removed, 
updated_at
[Connection] Adding 2 missing column(s) to 
'file_dependencies': is_removed, updated_at
[Connection] Created table 'societies' 
from registry
[Connection] Adding 3 missing column(s) to 
'risk_assessments': is_removed, 
updated_at, lifecycle_status
[Connection] Adding 3 missing column(s) to 
'semantic_issues': lifecycle_status, 
is_removed, updated_at
[Connection] Created table 'mcp_sessions' 
from registry
[Connection] Created table 
'compiler_scanned_files' from registry
­ƒôØ Atomic Edit: test2.js
  ­ƒöÆ Validating safety...
  Ô£à Safety passed
  ­ƒöì Validating operation...
  ÔØî Operation failed: Validation failed: 
oldString not found
­ƒöì Starting integrity validation...
­ƒôØ Atomic Edit: test3.js
  ­ƒöÆ Validating safety...
  Ô£à Safety passed
  ­ƒöì Validating operation...
  Ô£à Operation valid
  ­ƒöì Validating syntax...
Ô£à Integrity validation complete: 6 
issues found
­ƒöì Starting integrity validation...
Ô£à Integrity validation complete: 6 
issues found
 [32mÔ£ô[39m tests/contracts/layer-graph/layer-graph.contract.test.js [2m([22m[2m54 tests[22m[2m)[22m[33m 702[2mms[22m[39m
[90mstdout[2m | tests/e2e/scenarios/full-workflow.scenario.test.js[2m > [22m[2mE2E: Full Analysis Workflow[2m > [22m[2mError Handling[2m > [22m[2mshould handle missing imports gracefully
[22m[39m[PatternDetection] Registered 7 pattern detectors
[PatternDetection] ­ƒöì Starting pattern detection analysis...

[90mstdout[2m | tests/e2e/scenarios/full-workflow.scenario.test.js[2m > [22m[2mE2E: Full Analysis Workflow[2m > [22m[2mError Handling[2m > [22m[2mshould handle missing imports gracefully
[22m[39m[PatternDetection] Ô£à Pattern detection complete in 2ms

­ƒöì Starting integrity validation...
Ô£à Integrity validation complete: 7 
issues found
ƒÅù´©Å  Initializing cache singleton for: C
:\Dev\OmnySystem\.test-e2e-workflow\reanaly
ze
UnifiedCache: 21 atoms indexed (from 
SQLite)
Ô£à Cache singleton ready for: C:\Dev\OmnyS
ystem\.test-e2e-workflow\reanalyze
­ƒöì Starting comprehensive verification...
­ƒöì Starting integrity validation...
­ƒöì Starting integrity validation...
­ƒöä Reiniciando servidor OmnySys...
 [32mÔ£ô[39m tests/unit/layer-c-memory/shadow-registry/shadow-storage.test.js [2m([22m[2m27 tests[22m[2m)[22m[33m 1173[2mms[22m[39m
       [33m[2mÔ£ô[22m[39m saves shadow to disk [33m 535[2mms[22m[39m
­ƒöä Reiniciando servidor OmnySys...
­ƒöä Reiniciando servidor OmnySys...
­ƒº╣ Limpiando cach├®...
­ƒöä Reiniciando servidor OmnySys...
Ô£à Integrity validation complete: 7 
issues found
[Connection] Adding 8 missing column(s) to 
'atoms': is_deprecated, deprecated_reason, 
called_by_json, imports_json, 
exports_json, uses_json, 
side_effects_json, function_type
 [32mÔ£ô[39m tests/unit/core/unified-server/tools.test.js [2m([22m[2m32 tests[22m[2m)[22m[33m 624[2mms[22m[39m
       [33m[2mÔ£ô[22m[39m should return server status structure [33m 563[2mms[22m[39m
­ƒöì Starting integrity validation...
Ô£à Integrity validation complete: 7 
issues found
  Ô£à Syntax valid
  ÔÜí Executing modify...
  Ô£à Operation complete
ƒôü File change detected: test3.js 
(modified)
ƒÅù´©Å  Initializing cache singleton for: C
:\Users\mauro\AppData\Local\Temp\orchestrat
or-test-JyyTpC
UnifiedCache: 0 atoms indexed (from SQLite)
Ô£à Cache singleton ready for: C:\Users\mau
ro\AppData\Local\Temp\orchestrator-test-Jyy
TpC
Ô£à Atomic edit complete: test3.js
ƒÅÿ´©Å  Triggering incremental society 
update for: test3.js
­ƒôØ Atomic Write: new-file.js
  ­ƒöì Validating syntax...
Ô£à Integrity validation complete: 6 
issues found
ƒöä Starting consistency validation 
(SSOT)...
[Connection] Adding 3 missing column(s) to 
'files': is_removed, hash, updated_at
­ƒöì Starting integrity validation...
[Connection] Adding 3 missing column(s) to 
'atom_relations': is_removed, updated_at, 
lifecycle_status
[Connection] Adding 1 missing column(s) to 
'system_files': is_removed
[Connection] Adding 3 missing column(s) to 
'semantic_connections': is_removed, 
updated_at, lifecycle_status
[Connection] Adding 1 missing column(s) to 
'atom_versions': last_modified
Ô£à Consistency validation complete: 3 
issues found
[Connection] Adding 8 missing column(s) to 
'modules': type, file_count, 
complexity_score, cohesion_score, 
coupling_score, risk_score, is_removed, 
updated_at
[Connection] Adding 2 missing column(s) to 
'file_dependencies': is_removed, updated_at
[Connection] Created table 'societies' 
from registry
­ƒô£ Generating verification certificate...
Ô£à Certificate generated: 
cert-1773797781646-48a1beba
ÔÜá´©Å Certificate generated with WARNING 
status (non-critical issues present)
Ô£à Verification complete in 91ms
[Connection] Adding 3 missing column(s) to 
'risk_assessments': is_removed, 
updated_at, lifecycle_status
[Connection] Adding 3 missing column(s) to 
'semantic_issues': lifecycle_status, 
is_removed, updated_at
[Connection] Created table 'mcp_sessions' 
from registry
[Connection] Created table 
'compiler_scanned_files' from registry
Ô£à Integrity validation complete: 5 
issues found
­ƒöì Starting comprehensive verification...
­ƒöì Starting integrity validation...
Ô£à Integrity validation complete: 6 
issues found
ƒöä Starting consistency validation 
(SSOT)...
Ô£à Consistency validation complete: 3 
issues found
­ƒô£ Generating verification certificate...
Ô£à Certificate generated: 
cert-1773797781674-3f7af899
ÔÜá´©Å Certificate generated with WARNING 
status (non-critical issues present)
Ô£à Verification complete in 5ms
­ƒöì Starting comprehensive verification...
­ƒöì Starting integrity validation...
Ô£à Integrity validation complete: 6 
issues found
ƒöä Starting consistency validation 
(SSOT)...
Ô£à Consistency validation complete: 3 
issues found
­ƒô£ Generating verification certificate...
Ô£à Certificate generated: 
cert-1773797781694-3f7eb505
ÔÜá´©Å Certificate generated with WARNING 
status (non-critical issues present)
Ô£à Verification complete in 7ms
­ƒöì Starting comprehensive verification...
­ƒöì Starting integrity validation...
Ô£à Integrity validation complete: 6 
issues found
ƒöä Starting consistency validation 
(SSOT)...
­ƒöì Starting integrity validation...
Ô£à Consistency validation complete: 3 
issues found
Ô£à Verification complete in 19ms
[90mstdout[2m | tests/e2e/scenarios/cli-analyze.scenario.test.js[2m > [22m[2mE2E: CLI Analyze Command[2m > [22m[2mEvent Pattern Detection[2m > [22m[2mshould detect event listeners
[22m[39m[PatternDetection] Registered 7 pattern detectors
[PatternDetection] ­ƒöì Starting pattern detection analysis...

[90mstdout[2m | tests/e2e/scenarios/cli-analyze.scenario.test.js[2m > [22m[2mE2E: CLI Analyze Command[2m > [22m[2mEvent Pattern Detection[2m > [22m[2mshould detect event listeners
[22m[39m[PatternDetection] Ô£à Pattern detection complete in 2ms

Ô£à Integrity validation complete: 4 
issues found
ƒÅù´©Å  Initializing cache singleton for: 
C:\Dev\OmnySystem\.test-e2e-analyze\emit
UnifiedCache: 232 atoms indexed (from 
SQLite)
Ô£à Cache singleton ready for: 
C:\Dev\OmnySystem\.test-e2e-analyze\emit
  Ô£à Syntax valid
ƒôü File change detected: new-file.js 
(modified)
ƒÅù´©Å  Initializing cache singleton for: C
:\Users\mauro\AppData\Local\Temp\orchestrat
or-test-eRG6pX
UnifiedCache: 0 atoms indexed (from SQLite)
Ô£à Cache singleton ready for: C:\Users\mau
ro\AppData\Local\Temp\orchestrator-test-eRG
6pX
  Ô£à Atomic write complete
­ƒôØ Atomic Write: overwrite.js
  ­ƒöì Validating syntax...
­ƒöì Starting integrity validation...
Ô£à Integrity validation complete: 5 
issues found
­ƒöì Starting integrity validation...
Ô£à Integrity validation complete: 6 
issues found
­ƒöì Starting integrity validation...
Ô£à Integrity validation complete: 6 
issues found
 [32mÔ£ô[39m tests/unit/layer-c-memory/verification/integrity-validator.test.js [2m([22m[2m23 tests[22m[2m | [22m[33m2 skipped[39m[2m)[22m[33m 939[2mms[22m[39m
  Ô£à Syntax valid
ƒôü File change detected: overwrite.js 
(modified)
ƒÅù´©Å  Initializing cache singleton for: C
:\Users\mauro\AppData\Local\Temp\orchestrat
or-test-4slite
UnifiedCache: 0 atoms indexed (from SQLite)
Ô£à Cache singleton ready for: C:\Users\mau
ro\AppData\Local\Temp\orchestrator-test-4sl
ite
  Ô£à Atomic write complete
 [32mÔ£ô[39m tests/unit/layer-a-analysis/storage/storage.test.js [2m([22m[2m7 tests[22m[2m)[22m[33m 543[2mms[22m[39m
         [33m[2mÔ£ô[22m[39m storage module available [33m 534[2mms[22m[39m
­ƒÜ½ Atomic validation failed: test.js
   Error: validation error
Ô£à Atomic edit complete: test.js
ƒÅÿ´©Å  Triggering incremental society 
update for: test.js
 [32mÔ£ô[39m tests/unit/core/orchestrator/orchestrator.test.js [2m([22m[2m19 tests[22m[2m)[22m[33m 2145[2mms[22m[39m
       [33m[2mÔ£ô[22m[39m edits file successfully [33m 940[2mms[22m[39m[33m (retry x1)[39m
       [33m[2mÔ£ô[22m[39m overwrites existing file [33m 627[2mms[22m[39m
[Connection] Adding 8 missing column(s) to 
'atoms': is_deprecated, deprecated_reason, 
called_by_json, imports_json, 
exports_json, uses_json, 
side_effects_json, function_type
[Connection] Adding 3 missing column(s) to 
'files': is_removed, hash, updated_at
[Connection] Adding 3 missing column(s) to 
'atom_relations': is_removed, updated_at, 
lifecycle_status
[Connection] Adding 1 missing column(s) to 
'system_files': is_removed
[Connection] Adding 3 missing column(s) to 
'semantic_connections': is_removed, 
updated_at, lifecycle_status
[Connection] Adding 1 missing column(s) to 
'atom_versions': last_modified
[Connection] Adding 8 missing column(s) to 
'modules': type, file_count, 
complexity_score, cohesion_score, 
coupling_score, risk_score, is_removed, 
updated_at
[Connection] Adding 2 missing column(s) to 
'file_dependencies': is_removed, updated_at
[Connection] Created table 'societies' 
from registry
[Connection] Adding 3 missing column(s) to 
'risk_assessments': is_removed, 
updated_at, lifecycle_status
[Connection] Adding 3 missing column(s) to 
'semantic_issues': lifecycle_status, 
is_removed, updated_at
[Connection] Created table 'mcp_sessions' 
from registry
[Connection] Created table 
'compiler_scanned_files' from registry
 [32mÔ£ô[39m tests/unit/layer-a-analysis/query/query.test.js [2m([22m[2m1 test[22m[2m)[22m[33m 589[2mms[22m[39m
     [33m[2mÔ£ô[22m[39m query APIs are available [33m 586[2mms[22m[39m
[Connection] Adding 8 missing column(s) to 
'atoms': is_deprecated, deprecated_reason, 
called_by_json, imports_json, 
exports_json, uses_json, 
side_effects_json, function_type
[Connection] Adding 3 missing column(s) to 
'files': is_removed, hash, updated_at
[Connection] Adding 3 missing column(s) to 
'atom_relations': is_removed, updated_at, 
lifecycle_status
[Connection] Adding 1 missing column(s) to 
'system_files': is_removed
[Connection] Adding 3 missing column(s) to 
'semantic_connections': is_removed, 
updated_at, lifecycle_status
[Connection] Adding 1 missing column(s) to 
'atom_versions': last_modified
[Connection] Adding 8 missing column(s) to 
'modules': type, file_count, 
complexity_score, cohesion_score, 
coupling_score, risk_score, is_removed, 
updated_at
[Connection] Adding 2 missing column(s) to 
'file_dependencies': is_removed, updated_at
[Connection] Created table 'societies' 
from registry
[Connection] Adding 3 missing column(s) to 
'risk_assessments': is_removed, 
updated_at, lifecycle_status
[Connection] Adding 3 missing column(s) to 
'semantic_issues': lifecycle_status, 
is_removed, updated_at
[Connection] Created table 'mcp_sessions' 
from registry
[Connection] Created table 
'compiler_scanned_files' from registry
[90mstdout[2m | tests/e2e/scenarios/cli-analyze.scenario.test.js[2m > [22m[2mE2E: CLI Analyze Command[2m > [22m[2mEvent Pattern Detection[2m > [22m[2mshould detect event emissions
[22m[39m[PatternDetection] Registered 7 pattern detectors
[PatternDetection] ­ƒöì Starting pattern detection analysis...

[90mstdout[2m | tests/e2e/scenarios/cli-analyze.scenario.test.js[2m > [22m[2mE2E: CLI Analyze Command[2m > [22m[2mEvent Pattern Detection[2m > [22m[2mshould detect event emissions
[22m[39m[PatternDetection] Ô£à Pattern detection complete in 2ms

ƒÅù´©Å  Initializing cache singleton for: 
C:\Dev\OmnySystem\.test-e2e-analyze\react
UnifiedCache: 232 atoms indexed (from 
SQLite)
Ô£à Cache singleton ready for: 
C:\Dev\OmnySystem\.test-e2e-analyze\react
 [32mÔ£ô[39m tests/contracts/core/storage.contract.test.js [2m([22m[2m32 tests[22m[2m)[22m[33m 511[2mms[22m[39m
ÔÜá´©Å Certificate not generated: critical 
issues found or verification failed
­ƒô£ Generating verification certificate...
Ô£à Certificate generated: 
cert-1773797783185-08035d02
===========================================
===========================
STARTING VALIDATION
Project: C:\Users\mauro\AppData\Local\Temp\
validation-integration-test-BsQoQ5
Options: {"parallel":true,"maxConcurrency":
10,"autoFix":false,"incremental":false,"cac
heResults":true,"stopOnCritical":true,"enab
ledStrategies":["syntax"],"registry":{"rule
s":{},"rulesByLayer":{"source":[{"id":"sour
ce.file-existence","name":"File 
Existence","description":"Verifica que el 
archivo fuente exista en el proyecto","laye
r":"source","invariant":false,"fixable":fal
se,"appliesTo":["file","molecule"],"require
s":["path"]},{"id":"source.export-consisten
cy","name":"Export 
Consistency","description":"Verifica que 
los exports registrados existan en el 
c├│digo fuente","layer":"source","invariant
":false,"fixable":false,"appliesTo":["file"
,"molecule"],"requires":["path","exports"]}
,{"id":"source.import-resolution","name":"I
mport Resolution","description":"Verifica 
que los imports resuelvan a archivos existe
ntes","layer":"source","invariant":false,"f
ixable":false,"appliesTo":["file","molecule
"],"requires":["path","imports"]}],"derivat
ion":[],"semantic":[],"cross-metadata":[]},
"rulesByEntity":{},"invariants":[]}}
Loading validation context...
Context loaded: 2 files
Running 1 strategies in parallel (max 10)
Phase 1: Syntax validation (Ground 
Truth)...
  Validating 2 files with 3 rules
­ƒô£ Generating verification certificate...
Ô£à Certificate generated: 
cert-1773797783208-8ccc4475
ÔÜá´©Å Certificate generated with WARNING 
status (non-critical issues present)
  Syntax results: 6/6 valid
  Strategy syntax completed in 19ms
Parallel execution completed in 19ms
===========================================
===========================
VALIDATION COMPLETE
Duration: 25ms
Results: 6 passed, 0 failed, 0 critical
===========================================
===========================
===========================================
===========================
STARTING VALIDATION
Project: C:\Users\mauro\AppData\Local\Temp\
validation-integration-test-DeTcc4
Options: {"parallel":true,"maxConcurrency":
10,"autoFix":false,"incremental":false,"cac
heResults":true,"stopOnCritical":true,"enab
ledStrategies":["syntax"],"registry":{"rule
s":{},"rulesByLayer":{"source":[{"id":"sour
ce.file-existence","name":"File 
Existence","description":"Verifica que el 
archivo fuente exista en el proyecto","laye
r":"source","invariant":false,"fixable":fal
se,"appliesTo":["file","molecule"],"require
s":["path"]},{"id":"source.export-consisten
cy","name":"Export 
Consistency","description":"Verifica que 
los exports registrados existan en el 
c├│digo fuente","layer":"source","invariant
":false,"fixable":false,"appliesTo":["file"
,"molecule"],"requires":["path","exports"]}
,{"id":"source.import-resolution","name":"I
mport Resolution","description":"Verifica 
que los imports resuelvan a archivos existe
ntes","layer":"source","invariant":false,"f
ixable":false,"appliesTo":["file","molecule
"],"requires":["path","imports"]}],"derivat
ion":[],"semantic":[],"cross-metadata":[]},
"rulesByEntity":{},"invariants":[]}}
Loading validation context...
Context loaded: 1 files
Running 1 strategies in parallel (max 10)
Phase 1: Syntax validation (Ground 
Truth)...
  Validating 1 files with 3 rules
  Syntax results: 1/3 valid
  Strategy syntax completed in 0ms
Parallel execution completed in 1ms
===========================================
===========================
VALIDATION COMPLETE
Duration: 2ms
Results: 1 passed, 1 failed, 0 critical
===========================================
===========================
===========================================
===========================
STARTING VALIDATION
Project: C:\Users\mauro\AppData\Local\Temp\
validation-integration-test-d7BfCZ
Options: {"parallel":true,"maxConcurrency":
10,"autoFix":false,"incremental":false,"cac
heResults":true,"stopOnCritical":true,"enab
ledStrategies":["syntax"],"registry":{"rule
s":{},"rulesByLayer":{"source":[{"id":"cust
om.test","name":"Custom Test","description"
:"","layer":"source","invariant":false,"fix
able":false,"appliesTo":["file"],"requires"
:["path"]}],"derivation":[],"semantic":[],"
cross-metadata":[]},"rulesByEntity":{},"inv
ariants":[]}}
Loading validation context...
Context loaded: 2 files
Running 1 strategies in parallel (max 10)
Phase 1: Syntax validation (Ground 
Truth)...
  Validating 2 files with 1 rules
  Syntax results: 1/2 valid
  Strategy syntax completed in 1ms
Parallel execution completed in 1ms
===========================================
===========================
VALIDATION COMPLETE
Duration: 11ms
Results: 1 passed, 1 failed, 0 critical
===========================================
===========================
===========================================
===========================
STARTING VALIDATION
Project: C:\Users\mauro\AppData\Local\Temp\
validation-integration-test-LBwwDp
Options: {"parallel":true,"maxConcurrency":
10,"autoFix":false,"incremental":false,"cac
heResults":true,"stopOnCritical":true,"enab
ledStrategies":["syntax"],"registry":{"rule
s":{},"rulesByLayer":{"source":[{"id":"coun
ting.rule","name":"Counting Rule","descript
ion":"","layer":"source","invariant":false,
"fixable":false,"appliesTo":["file"],"requi
res":[]}],"derivation":[],"semantic":[],"cr
oss-metadata":[]},"rulesByEntity":{},"invar
iants":[]}}
Loading validation context...
Context loaded: 1 files
Running 1 strategies in parallel (max 10)
Phase 1: Syntax validation (Ground 
Truth)...
  Validating 1 files with 1 rules
  Syntax results: 1/1 valid
  Strategy syntax completed in 0ms
Parallel execution completed in 0ms
===========================================
===========================
VALIDATION COMPLETE
Duration: 1ms
Results: 1 passed, 0 failed, 0 critical
===========================================
===========================
===========================================
===========================
STARTING VALIDATION
Project: C:\Users\mauro\AppData\Local\Temp\
validation-integration-test-LBwwDp
Options: {"parallel":true,"maxConcurrency":
10,"autoFix":false,"incremental":false,"cac
heResults":true,"stopOnCritical":true,"enab
ledStrategies":["syntax"],"registry":{"rule
s":{},"rulesByLayer":{"source":[{"id":"coun
ting.rule","name":"Counting Rule","descript
ion":"","layer":"source","invariant":false,
"fixable":false,"appliesTo":["file"],"requi
res":[]}],"derivation":[],"semantic":[],"cr
oss-metadata":[]},"rulesByEntity":{},"invar
iants":[]}}
Loading validation context...
Context loaded: 1 files
Running 1 strategies in parallel (max 10)
Phase 1: Syntax validation (Ground 
Truth)...
  Validating 1 files with 1 rules
  Syntax results: 1/1 valid
  Strategy syntax completed in 0ms
Parallel execution completed in 0ms
===========================================
===========================
VALIDATION COMPLETE
Duration: 1ms
Results: 1 passed, 0 failed, 0 critical
===========================================
===========================
===========================================
===========================
STARTING VALIDATION
Project: C:\Users\mauro\AppData\Local\Temp\
validation-integration-test-HXmytp
Options: {"parallel":true,"maxConcurrency":
10,"autoFix":false,"incremental":false,"cac
heResults":true,"stopOnCritical":true,"enab
ledStrategies":["syntax"],"registry":{"rule
s":{},"rulesByLayer":{"source":[{"id":"erro
r.rule","name":"Error Rule","description":"
","layer":"source","invariant":false,"fixab
le":false,"appliesTo":["file"],"requires":[
]}],"derivation":[],"semantic":[],"cross-me
tadata":[]},"rulesByEntity":{},"invariants"
:[]}}
Loading validation context...
Context loaded: 1 files
Running 1 strategies in parallel (max 10)
Phase 1: Syntax validation (Ground 
Truth)...
  Validating 1 files with 1 rules
  Syntax results: 0/1 valid
  Strategy syntax completed in 11ms
Parallel execution completed in 11ms
===========================================
===========================
VALIDATION COMPLETE
Duration: 13ms
Results: 0 passed, 0 failed, 1 critical
===========================================
===========================
[90mstdout[2m | tests/e2e/scenarios/full-workflow.scenario.test.js[2m > [22m[2mE2E: Full Analysis Workflow[2m > [22m[2mIncremental Analysis[2m > [22m[2mshould handle re-analysis of same project
[22m[39m[PatternDetection] Registered 7 pattern detectors
[PatternDetection] ­ƒöì Starting pattern detection analysis...

 [32mÔ£ô[39m tests/unit/validation/integration.test.js [2m([22m[2m7 tests[22m[2m | [22m[33m2 skipped[39m[2m)[22m[32m 137[2mms[22m[39m
[90mstdout[2m | tests/e2e/scenarios/full-workflow.scenario.test.js[2m > [22m[2mE2E: Full Analysis Workflow[2m > [22m[2mIncremental Analysis[2m > [22m[2mshould handle re-analysis of same project
[22m[39m[PatternDetection] Ô£à Pattern detection complete in 4ms

­ƒöì Starting integrity validation...
Ô£à Integrity validation complete: 6 
issues found
ƒöä Starting consistency validation 
(SSOT)...
Ô£à Consistency validation complete: 3 
issues found
­ƒöì Starting integrity validation...
Ô£à Integrity validation complete: 6 
issues found
ƒöä Starting consistency validation 
(SSOT)...
Ô£à Consistency validation complete: 3 
issues found
­ƒöì Starting comprehensive verification...
­ƒöì Starting integrity validation...
Ô£à Integrity validation complete: 6 
issues found
ƒöä Starting consistency validation 
(SSOT)...
Ô£à Consistency validation complete: 3 
issues found
­ƒô£ Generating verification certificate...
Ô£à Certificate generated: 
cert-1773797783377-5c137ce6
ÔÜá´©Å Certificate generated with WARNING 
status (non-critical issues present)
Ô£à Verification complete in 6ms
 [32mÔ£ô[39m tests/unit/layer-c-memory/verification/verification-orchestrator.test.js [2m([22m[2m24 tests[22m[2m | [22m[33m1 skipped[39m[2m)[22m[33m 1943[2mms[22m[39m
       [33m[2mÔ£ô[22m[39m skips IntegrityValidator when checkIntegrity is false [33m 515[2mms[22m[39m
       [33m[2mÔ£ô[22m[39m skips ConsistencyValidator when checkConsistency is false [33m 342[2mms[22m[39m
 [32mÔ£ô[39m tests/unit/layer-a-analysis/race-detector/race-detector.test.js [2m([22m[2m7 tests[22m[2m)[22m[33m 439[2mms[22m[39m
         [33m[2mÔ£ô[22m[39m race detector module available [33m 428[2mms[22m[39m
 [32mÔ£ô[39m tests/unit/shared/atomic-cache.test.js [2m([22m[2m27 tests[22m[2m)[22m[32m 279[2mms[22m[39m
 [32mÔ£ô[39m tests/contracts/cross-layer.contract.test.js [2m([22m[2m40 tests[22m[2m)[22m[33m 356[2mms[22m[39m

­ƒæï Stopping Orchestrator...
Ô£à Orchestrator stopped

­ƒæï Stopping Orchestrator...
Ô£à Orchestrator stopped

­ƒæï Stopping Orchestrator...
Ô£à Orchestrator stopped

­ƒæï Stopping Orchestrator...
Ô£à Orchestrator stopped

­ƒæï Stopping Orchestrator...
Ô£à Orchestrator stopped

­ƒæï Stopping Orchestrator...
Ô£à LLM health checker stopped
Ô£à Orchestrator stopped
[90mstdout[2m | tests/unit/shared/ground-truth-validator.test.js[2m > [22m[2mValidationEngine - Integration[2m > [22m[2mruns all registered validators
[22m[39m[32m[INFO][0m [validator:engine] Starting Ground Truth Validation...
[32m[INFO][0m [validator:engine] Running atom-validator...

[90mstdout[2m | tests/unit/shared/ground-truth-validator.test.js[2m > [22m[2mValidationEngine - Integration[2m > [22m[2mruns all registered validators
[22m[39m[32m[INFO][0m [validator:engine] Running call-graph-validator...

[90mstdout[2m | tests/unit/shared/ground-truth-validator.test.js[2m > [22m[2mValidationEngine - Integration[2m > [22m[2mruns all registered validators
[22m[39m[32m[INFO][0m [validator:report] ======================================================================
GROUND TRUTH VALIDATION REPORT
======================================================================
Status: Ô£à VALID
Duration: 5ms

Statistics:
  Files checked: 0
  Atoms verified: 0
  Calls verified: 0
  Errors: 0
  Warnings: 0

======================================================================


­ƒæï Stopping Orchestrator...
Ô£à Orchestrator stopped

­ƒæï Stopping Orchestrator...
Ô£à Orchestrator stopped

­ƒæï Stopping Orchestrator...
Ô£à Orchestrator stopped

­ƒæï Stopping Orchestrator...
Ô£à Orchestrator stopped

­ƒæï Stopping Orchestrator...
Ô£à Orchestrator stopped
[Connection] Adding 8 missing column(s) to 
'atoms': is_deprecated, deprecated_reason, 
called_by_json, imports_json, 
exports_json, uses_json, 
side_effects_json, function_type
[90mstdout[2m | tests/unit/shared/ground-truth-validator.test.js[2m > [22m[2mValidationEngine - Integration[2m > [22m[2mallows custom validator registration
[22m[39m[32m[INFO][0m [validator:engine] Starting Ground Truth Validation...
[32m[INFO][0m [validator:engine] Running atom-validator...

[90mstdout[2m | tests/unit/shared/ground-truth-validator.test.js[2m > [22m[2mValidationEngine - Integration[2m > [22m[2mallows custom validator registration
[22m[39m[32m[INFO][0m [validator:engine] Running call-graph-validator...


­ƒæï Stopping Orchestrator...
Ô£à Orchestrator stopped
[90mstdout[2m | tests/unit/shared/ground-truth-validator.test.js[2m > [22m[2mValidationEngine - Integration[2m > [22m[2mallows custom validator registration
[22m[39m[32m[INFO][0m [validator:engine] Running custom-validator...


­ƒæï Stopping Orchestrator...
Ô£à Orchestrator stopped

­ƒæï Stopping Orchestrator...
Ô£à Orchestrator stopped
[90mstdout[2m | tests/unit/shared/ground-truth-validator.test.js[2m > [22m[2mValidationEngine - Integration[2m > [22m[2mallows custom validator registration
[22m[39m[32m[INFO][0m [validator:report] ======================================================================
GROUND TRUTH VALIDATION REPORT
======================================================================
Status: Ô£à VALID
Duration: 12ms

Statistics:
  Files checked: 0
  Atoms verified: 0
  Calls verified: 0
  Errors: 0
  Warnings: 0

======================================================================


­ƒæï Stopping Orchestrator...
Ô£à Orchestrator stopped

­ƒæï Stopping Orchestrator...
Ô£à Orchestrator stopped

­ƒæï Stopping Orchestrator...
Ô£à Orchestrator stopped
[Connection] Adding 3 missing column(s) to 
'files': is_removed, hash, updated_at
[Connection] Adding 3 missing column(s) to 
'atom_relations': is_removed, updated_at, 
lifecycle_status
[Connection] Adding 1 missing column(s) to 
'system_files': is_removed
[Connection] Adding 3 missing column(s) to 
'semantic_connections': is_removed, 
updated_at, lifecycle_status
[Connection] Adding 1 missing column(s) to 
'atom_versions': last_modified

­ƒæï Stopping Orchestrator...
[Connection] Adding 8 missing column(s) to 
'modules': type, file_count, 
complexity_score, cohesion_score, 
coupling_score, risk_score, is_removed, 
updated_at
[Connection] Adding 2 missing column(s) to 
'file_dependencies': is_removed, updated_at
[Connection] Created table 'societies' 
from registry
[Connection] Adding 3 missing column(s) to 
'risk_assessments': is_removed, 
updated_at, lifecycle_status
[Connection] Adding 3 missing column(s) to 
'semantic_issues': lifecycle_status, 
is_removed, updated_at
[Connection] Created table 'mcp_sessions' 
from registry
[Connection] Created table 
'compiler_scanned_files' from registry
Ô£à Orchestrator stopped
[90mstdout[2m | tests/unit/shared/ground-truth-validator.test.js[2m > [22m[2mValidationEngine - Integration[2m > [22m[2mhandles validator errors gracefully
[22m[39m[32m[INFO][0m [validator:engine] Starting Ground Truth Validation...
[32m[INFO][0m [validator:engine] Running atom-validator...


­ƒæï Stopping Orchestrator...
Ô£à Orchestrator stopped
[90mstdout[2m | tests/unit/shared/ground-truth-validator.test.js[2m > [22m[2mValidationEngine - Integration[2m > [22m[2mhandles validator errors gracefully
[22m[39m[32m[INFO][0m [validator:engine] Running call-graph-validator...


­ƒæï Stopping Orchestrator...
Ô£à Orchestrator stopped
[90mstdout[2m | tests/unit/shared/ground-truth-validator.test.js[2m > [22m[2mValidationEngine - Integration[2m > [22m[2mhandles validator errors gracefully
[22m[39m[32m[INFO][0m [validator:engine] Running failing-validator...

[90mstderr[2m | tests/unit/shared/ground-
truth-validator.test.js[2m > 
[22m[2mValidationEngine - 
Integration[2m > [22m[2mhandles 
validator errors gracefully
[22m[39m[31m[ERROR][0m 
[validator:engine] Validator 
failing-validator failed:

[90mstdout[2m | tests/unit/shared/ground-truth-validator.test.js[2m > [22m[2mValidationEngine - Integration[2m > [22m[2mhandles validator errors gracefully
[22m[39m[32m[INFO][0m [validator:report] ======================================================================
GROUND TRUTH VALIDATION REPORT
======================================================================
Status: ÔØî MISMATCHES FOUND
Duration: 27ms

Statistics:
  Files checked: 0
  Atoms verified: 0
  Calls verified: 0
  Errors: 0
  Warnings: 0

Mismatches:
  1. [VALIDATOR_ERROR] unknown

======================================================================


­ƒæï Stopping Orchestrator...
Ô£à Orchestrator stopped

­ƒæï Stopping Orchestrator...
Ô£à Orchestrator stopped
[90mstdout[2m | tests/unit/shared/ground-truth-validator.test.js[2m > [22m[2mValidationEngine - Integration[2m > [22m[2mtracks duration
[22m[39m[32m[INFO][0m [validator:engine] Starting Ground Truth Validation...
[32m[INFO][0m [validator:engine] Running atom-validator...

[90mstdout[2m | tests/unit/shared/ground-truth-validator.test.js[2m > [22m[2mValidationEngine - Integration[2m > [22m[2mtracks duration
[22m[39m[32m[INFO][0m [validator:engine] Running call-graph-validator...

[90mstdout[2m | tests/unit/shared/ground-truth-validator.test.js[2m > [22m[2mValidationEngine - Integration[2m > [22m[2mtracks duration
[22m[39m[32m[INFO][0m [validator:report] ======================================================================
GROUND TRUTH VALIDATION REPORT
======================================================================
Status: Ô£à VALID
Duration: 3ms

Statistics:
  Files checked: 0
  Atoms verified: 0
  Calls verified: 0
  Errors: 0
  Warnings: 0

======================================================================


­ƒæï Stopping Orchestrator...
Ô£à Orchestrator stopped
[90mstdout[2m | tests/unit/shared/ground-truth-validator.test.js[2m > [22m[2mvalidateGroundTruth - Convenience Function[2m > [22m[2mreturns ValidationResult
[22m[39m[32m[INFO][0m [validator:engine] Starting Ground Truth Validation...
[32m[INFO][0m [validator:engine] Running atom-validator...


­ƒæï Stopping Orchestrator...
Ô£à Orchestrator stopped
[90mstdout[2m | tests/unit/shared/ground-truth-validator.test.js[2m > [22m[2mvalidateGroundTruth - Convenience Function[2m > [22m[2mreturns ValidationResult
[22m[39m[32m[INFO][0m [validator:engine] Running call-graph-validator...


­ƒæï Stopping Orchestrator...
Ô£à Orchestrator stopped
[90mstdout[2m | tests/unit/shared/ground-truth-validator.test.js[2m > [22m[2mvalidateGroundTruth - Convenience Function[2m > [22m[2mreturns ValidationResult
[22m[39m[32m[INFO][0m [validator:report] ======================================================================
GROUND TRUTH VALIDATION REPORT
======================================================================
Status: Ô£à VALID
Duration: 18ms

Statistics:
  Files checked: 0
  Atoms verified: 0
  Calls verified: 0
  Errors: 0
  Warnings: 0

======================================================================


­ƒæï Stopping Orchestrator...
Ô£à Orchestrator stopped

­ƒæï Stopping Orchestrator...
Ô£à Orchestrator stopped

­ƒæï Stopping Orchestrator...
Ô£à Orchestrator stopped

­ƒæï Stopping Orchestrator...
Ô£à Orchestrator stopped

­ƒæï Stopping Orchestrator...
Ô£à Orchestrator stopped
[90mstdout[2m | tests/unit/shared/ground-truth-validator.test.js[2m > [22m[2mvalidateGroundTruth - Convenience Function[2m > [22m[2mvalidates with paths
[22m[39m[32m[INFO][0m [validator:engine] Starting Ground Truth Validation...
[32m[INFO][0m [validator:engine] Running atom-validator...

[90mstdout[2m | tests/unit/shared/ground-truth-validator.test.js[2m > [22m[2mvalidateGroundTruth - Convenience Function[2m > [22m[2mvalidates with paths
[22m[39m[32m[INFO][0m [validator:engine] Running call-graph-validator...


­ƒæï Stopping Orchestrator...
Ô£à Orchestrator stopped
[90mstdout[2m | tests/unit/shared/ground-truth-validator.test.js[2m > [22m[2mvalidateGroundTruth - Convenience Function[2m > [22m[2mvalidates with paths
[22m[39m[32m[INFO][0m [validator:report] ======================================================================
GROUND TRUTH VALIDATION REPORT
======================================================================
Status: Ô£à VALID
Duration: 1ms

Statistics:
  Files checked: 0
  Atoms verified: 0
  Calls verified: 0
  Errors: 0
  Warnings: 0

======================================================================


­ƒæï Stopping Orchestrator...
Ô£à Orchestrator stopped

­ƒæï Stopping Orchestrator...
Ô£à Orchestrator stopped
[90mstdout[2m | tests/e2e/scenarios/cli-analyze.scenario.test.js[2m > [22m[2mE2E: CLI Analyze Command[2m > [22m[2mReact Component Analysis[2m > [22m[2mshould detect React hooks
[22m[39m[PatternDetection] Registered 7 pattern detectors
[PatternDetection] ­ƒöì Starting pattern detection analysis...

[90mstdout[2m | tests/e2e/scenarios/cli-analyze.scenario.test.js[2m > [22m[2mE2E: CLI Analyze Command[2m > [22m[2mReact Component Analysis[2m > [22m[2mshould detect React hooks
[22m[39m[PatternDetection] Ô£à Pattern detection complete in 3ms


­ƒæï Stopping Orchestrator...
Ô£à Orchestrator stopped

­ƒæï Stopping Orchestrator...
Ô£à Orchestrator stopped
[90mstdout[2m | tests/unit/shared/ground-truth-validator.test.js[2m > [22m[2mGround Truth Validator - Real File Scenarios[2m > [22m[2mvalidates real project with atoms
[22m[39m[32m[INFO][0m [validator:engine] Starting Ground Truth Validation...
[32m[INFO][0m [validator:engine] Running atom-validator...

 [32mÔ£ô[39m tests/unit/core/orchestrator/lifecycle.test.js [2m([22m[2m36 tests[22m[2m)[22m[32m 283[2mms[22m[39m
[90mstdout[2m | tests/unit/shared/ground-truth-validator.test.js[2m > [22m[2mGround Truth Validator - Real File Scenarios[2m > [22m[2mvalidates real project with atoms
[22m[39m[32m[INFO][0m [validator:engine] Running call-graph-validator...

[90mstdout[2m | tests/unit/shared/ground-truth-validator.test.js[2m > [22m[2mGround Truth Validator - Real File Scenarios[2m > [22m[2mvalidates real project with atoms
[22m[39m[32m[INFO][0m [validator:report] ======================================================================
GROUND TRUTH VALIDATION REPORT
======================================================================
Status: Ô£à VALID
Duration: 13ms

Statistics:
  Files checked: 1
  Atoms verified: 2
  Calls verified: 0
  Errors: 0
  Warnings: 0

======================================================================

[90mstdout[2m | tests/unit/shared/ground-truth-validator.test.js[2m > [22m[2mGround Truth Validator - Real File Scenarios[2m > [22m[2mdetects mismatch when function removed
[22m[39m[32m[INFO][0m [validator:engine] Starting Ground Truth Validation...
[32m[INFO][0m [validator:engine] Running atom-validator...

[90mstdout[2m | tests/unit/shared/ground-truth-validator.test.js[2m > [22m[2mGround Truth Validator - Real File Scenarios[2m > [22m[2mdetects mismatch when function removed
[22m[39m[32m[INFO][0m [validator:engine] Running call-graph-validator...

[90mstdout[2m | tests/unit/shared/ground-truth-validator.test.js[2m > [22m[2mGround Truth Validator - Real File Scenarios[2m > [22m[2mdetects mismatch when function removed
[22m[39m[32m[INFO][0m [validator:report] ======================================================================
GROUND TRUTH VALIDATION REPORT
======================================================================
Status: ÔØî MISMATCHES FOUND
Duration: 13ms

Statistics:
  Files checked: 1
  Atoms verified: 1
  Calls verified: 0
  Errors: 1
  Warnings: 0

Mismatches:
  1. [FUNCTION_NOT_FOUND] src_module.js
      Function: removedFunction

======================================================================

[90mstdout[2m | tests/unit/shared/ground-truth-validator.test.js[2m > [22m[2mGround Truth Validator - Real File Scenarios[2m > [22m[2mvalidates complex nested structure
[22m[39m[32m[INFO][0m [validator:engine] Starting Ground Truth Validation...
[32m[INFO][0m [validator:engine] Running atom-validator...

[90mstdout[2m | tests/unit/shared/ground-truth-validator.test.js[2m > [22m[2mGround Truth Validator - Real File Scenarios[2m > [22m[2mvalidates complex nested structure
[22m[39m[32m[INFO][0m [validator:engine] Running call-graph-validator...

[90mstdout[2m | tests/unit/shared/ground-truth-validator.test.js[2m > [22m[2mGround Truth Validator - Real File Scenarios[2m > [22m[2mvalidates complex nested structure
[22m[39m[32m[INFO][0m [validator:report] ======================================================================
GROUND TRUTH VALIDATION REPORT
======================================================================
Status: Ô£à VALID
Duration: 17ms

Statistics:
  Files checked: 1
  Atoms verified: 2
  Calls verified: 0
  Errors: 0
  Warnings: 0

======================================================================

 [32mÔ£ô[39m tests/unit/layer-a-analysis/extractors/extractors-group5.test.js [2m([22m[2m7 tests[22m[2m)[22m[33m 313[2mms[22m[39m
         [33m[2mÔ£ô[22m[39m metadata extractor available [33m 303[2mms[22m[39m
 [32mÔ£ô[39m tests/unit/shared/ground-truth-validator.test.js [2m([22m[2m36 tests[22m[2m)[22m[33m 562[2mms[22m[39m
 [32mÔ£ô[39m tests/contracts/layer-a-extractor.contract.test.js [2m([22m[2m52 tests[22m[2m)[22m[32m 206[2mms[22m[39m
 [32mÔ£ô[39m tests/unit/layer-a-analysis/extractors/extractors-group4.test.js [2m([22m[2m7 tests[22m[2m)[22m[32m 244[2mms[22m[39m
[90mstdout[2m | tests/e2e/scenarios/full-workflow.scenario.test.js[2m > [22m[2mE2E: Full Analysis Workflow[2m > [22m[2mIncremental Analysis[2m > [22m[2mshould handle re-analysis of same project
[22m[39m[PatternDetection] Registered 7 pattern detectors
[PatternDetection] ­ƒöì Starting pattern detection analysis...

[90mstdout[2m | tests/e2e/scenarios/full-workflow.scenario.test.js[2m > [22m[2mE2E: Full Analysis Workflow[2m > [22m[2mIncremental Analysis[2m > [22m[2mshould handle re-analysis of same project
[22m[39m[PatternDetection] Ô£à Pattern detection complete in 2ms

ƒÅù´©Å  Initializing cache singleton for: C
:\Dev\OmnySystem\.test-e2e-workflow\modifie
d
UnifiedCache: 23 atoms indexed (from 
SQLite)
Ô£à Cache singleton ready for: C:\Dev\OmnyS
ystem\.test-e2e-workflow\modified
 [32mÔ£ô[39m tests/unit/layer-a-core/scanner/scanner.test.js [2m([22m[2m10 tests[22m[2m)[22m[32m 207[2mms[22m[39m
  ­ƒöä Attempt 3/3 (timeout: 21000ms)
  ÔØî Attempt 3 failed: No LLM server 
available
ÔØî LLM analysis failed for test.js after 
3 attempts: No LLM server available

­ƒôè Prompt Stats for test.js:
  - Characters: 104861
  - Approx Tokens: 26216
  ­ƒöä Attempt 1/3 (timeout: 120000ms)
  ÔØî Attempt 1 failed: No LLM server 
available
  ÔÅ│ Waiting 2000ms before retry...
ƒÅù´©Å  Initializing cache singleton for: 
C:\Dev\OmnySystem\.test-e2e-analyze\large
UnifiedCache: 232 atoms indexed (from 
SQLite)
Ô£à Cache singleton ready for: 
C:\Dev\OmnySystem\.test-e2e-analyze\large
[Connection] Adding 8 missing column(s) to 
'atoms': is_deprecated, deprecated_reason, 
called_by_json, imports_json, 
exports_json, uses_json, 
side_effects_json, function_type
[Connection] Adding 3 missing column(s) to 
'files': is_removed, hash, updated_at
[Connection] Adding 3 missing column(s) to 
'atom_relations': is_removed, updated_at, 
lifecycle_status
[Connection] Adding 1 missing column(s) to 
'system_files': is_removed
[Connection] Adding 3 missing column(s) to 
'semantic_connections': is_removed, 
updated_at, lifecycle_status
[Connection] Adding 1 missing column(s) to 
'atom_versions': last_modified
[Connection] Adding 8 missing column(s) to 
'modules': type, file_count, 
complexity_score, cohesion_score, 
coupling_score, risk_score, is_removed, 
updated_at
[Connection] Adding 2 missing column(s) to 
'file_dependencies': is_removed, updated_at
[Connection] Created table 'societies' 
from registry
[Connection] Adding 3 missing column(s) to 
'risk_assessments': is_removed, 
updated_at, lifecycle_status
[Connection] Adding 3 missing column(s) to 
'semantic_issues': lifecycle_status, 
is_removed, updated_at
[Connection] Created table 'mcp_sessions' 
from registry
[Connection] Created table 
'compiler_scanned_files' from registry
Integrity Error: Test error [object Object]
Integrity Warning: Test warning [object 
Object]
Integrity Error: Error 1 [object Object]
Integrity Warning: Warning 1 [object 
Object]
Integrity Error: Error [object Object]
Integrity Warning: Warning [object Object]
Integrity Error: Atom missing id [object 
Object]
Integrity Error: Atom references 
non-existent molecule [object Object]
Integrity Error: Atom missing name [object 
Object]
Integrity Error: Atom references 
non-existent molecule [object Object]
Integrity Warning: Atom missing complexity 
[object Object]
Integrity Error: Atom has incorrect type 
[object Object]
Integrity Error: Atom references 
non-existent molecule [object Object]
Integrity Error: Atom calls is not an 
array [object Object]
Integrity Error: Atom references 
non-existent molecule [object Object]
Integrity Error: Atom calledBy is not an 
array [object Object]
Integrity Error: Atom references 
non-existent molecule [object Object]
Integrity Warning: Atom archetype missing 
type [object Object]
Integrity Error: Atom references 
non-existent molecule [object Object]
Integrity Warning: Atom archetype missing 
severity [object Object]
Integrity Error: Atom references 
non-existent molecule [object Object]
Integrity Warning: Atom missing 
parentMolecule [object Object]
Integrity Error: Atom references 
non-existent molecule [object Object]
Starting data integrity validation...
Loaded 0 atoms
Loaded 0 molecules
===========================================
=================
DATA INTEGRITY VALIDATION COMPLETE
===========================================
=================
Status: VALID
Atoms checked: 0
Molecules checked: 0
References checked: 0
Errors: 0
Warnings: 0
===========================================
=================
Starting data integrity validation...
Integrity Error: Failed to load molecules 
[object Object]
Loaded 1 atoms
Integrity Error: Atom references 
non-existent molecule [object Object]
===========================================
=================
DATA INTEGRITY VALIDATION COMPLETE
===========================================
=================
Status: INVALID
Atoms checked: 1
Molecules checked: 0
References checked: 0
Errors: 2
Warnings: 0

ERRORS:
  1. Failed to load molecules
  2. Atom references non-existent molecule
===========================================
=================
Starting data integrity validation...
Integrity Error: Failed to load molecules 
[object Object]
Loaded 1 atoms
Integrity Error: Atom missing name [object 
Object]
Integrity Warning: Atom missing complexity 
[object Object]
Integrity Warning: Atom missing 
parentMolecule [object Object]
Integrity Warning: Orphaned atom (no 
parent molecule) [object Object]
===========================================
=================
DATA INTEGRITY VALIDATION COMPLETE
===========================================
=================
Status: INVALID
Atoms checked: 1
Molecules checked: 0
References checked: 0
Errors: 2
Warnings: 3

ERRORS:
  1. Failed to load molecules
  2. Atom missing name

WARNINGS:
  1. Atom missing complexity
  2. Atom missing parentMolecule
  3. Orphaned atom (no parent molecule)
===========================================
=================
Starting data integrity validation...
Integrity Error: Failed to load atoms 
[object Object]
Loaded 1 molecules
Integrity Error: Derived complexity 
mismatch [object Object]
Integrity Error: Derived export count 
mismatch [object Object]
Integrity Warning: Empty molecule (no 
atoms) [object Object]
===========================================
=================
DATA INTEGRITY VALIDATION COMPLETE
===========================================
=================
Status: INVALID
Atoms checked: 0
Molecules checked: 1
References checked: 0
Errors: 3
Warnings: 1

ERRORS:
  1. Failed to load atoms
  2. Derived complexity mismatch
  3. Derived export count mismatch

WARNINGS:
  1. Empty molecule (no atoms)
===========================================
=================
Starting data integrity validation...
Integrity Error: Failed to load atoms 
[object Object]
Integrity Error: Failed to load molecules 
[object Object]
===========================================
=================
DATA INTEGRITY VALIDATION COMPLETE
===========================================
=================
Status: INVALID
Atoms checked: 0
Molecules checked: 0
References checked: 0
Errors: 2
Warnings: 0

ERRORS:
  1. Failed to load atoms
  2. Failed to load molecules
===========================================
=================
Starting data integrity validation...
Integrity Error: Failed to load molecules 
[object Object]
Loaded 3 atoms
Integrity Error: Atom references 
non-existent molecule [object Object]
Integrity Error: Atom references 
non-existent molecule [object Object]
Integrity Error: Atom references 
non-existent molecule [object Object]
===========================================
=================
DATA INTEGRITY VALIDATION COMPLETE
===========================================
=================
Status: INVALID
Atoms checked: 3
Molecules checked: 0
References checked: 0
Errors: 4
Warnings: 0

ERRORS:
  1. Failed to load molecules
  2. Atom references non-existent molecule
  3. Atom references non-existent molecule
  4. Atom references non-existent molecule
===========================================
=================
Starting data integrity validation...
Loaded 1 atoms
Loaded 2 molecules
Integrity Error: Atoms exist but not 
referenced in molecule [object Object]
Integrity Error: Derived complexity 
mismatch [object Object]
Integrity Error: Derived export count 
mismatch [object Object]
Integrity Error: Derived complexity 
mismatch [object Object]
Integrity Error: Derived export count 
mismatch [object Object]
Integrity Warning: Empty molecule (no 
atoms) [object Object]
Integrity Warning: Empty molecule (no 
atoms) [object Object]
===========================================
=================
DATA INTEGRITY VALIDATION COMPLETE
===========================================
=================
Status: INVALID
Atoms checked: 1
Molecules checked: 2
References checked: 0
Errors: 5
Warnings: 2

ERRORS:
  1. Atoms exist but not referenced in 
molecule
  2. Derived complexity mismatch
  3. Derived export count mismatch
  4. Derived complexity mismatch
  5. Derived export count mismatch

WARNINGS:
  1. Empty molecule (no atoms)
  2. Empty molecule (no atoms)
===========================================
=================
Starting data integrity validation...
Integrity Error: Failed to load molecules 
[object Object]
Loaded 2 atoms
Integrity Error: Atom references 
non-existent molecule [object Object]
Integrity Error: Atom references 
non-existent molecule [object Object]
===========================================
=================
DATA INTEGRITY VALIDATION COMPLETE
===========================================
=================
Status: INVALID
Atoms checked: 2
Molecules checked: 0
References checked: 1
Errors: 3
Warnings: 0

ERRORS:
  1. Failed to load molecules
  2. Atom references non-existent molecule
  3. Atom references non-existent molecule
===========================================
=================
Starting data integrity validation...
Integrity Error: Failed to load molecules 
[object Object]
Loaded 1 atoms
Integrity Error: Atom references 
non-existent molecule [object Object]
===========================================
=================
DATA INTEGRITY VALIDATION COMPLETE
===========================================
=================
Status: INVALID
Atoms checked: 1
Molecules checked: 0
References checked: 0
Errors: 2
Warnings: 0

ERRORS:
  1. Failed to load molecules
  2. Atom references non-existent molecule
===========================================
=================
 [32mÔ£ô[39m tests/unit/shared/data-integrity-validator.test.js [2m([22m[2m29 tests[22m[2m)[22m[32m 171[2mms[22m[39m
 [32mÔ£ô[39m tests/unit/validation/rules/source-rules.test.js [2m([22m[2m24 tests[22m[2m | [22m[33m3 skipped[39m[2m)[22m[32m 172[2mms[22m[39m
[Connection] Adding 8 missing column(s) to 
'atoms': is_deprecated, deprecated_reason, 
called_by_json, imports_json, 
exports_json, uses_json, 
side_effects_json, function_type
[Connection] Adding 3 missing column(s) to 
'files': is_removed, hash, updated_at
[Connection] Adding 3 missing column(s) to 
'atom_relations': is_removed, updated_at, 
lifecycle_status
[Connection] Adding 1 missing column(s) to 
'system_files': is_removed
[Connection] Adding 3 missing column(s) to 
'semantic_connections': is_removed, 
updated_at, lifecycle_status
[Connection] Adding 1 missing column(s) to 
'atom_versions': last_modified
[Connection] Adding 8 missing column(s) to 
'modules': type, file_count, 
complexity_score, cohesion_score, 
coupling_score, risk_score, is_removed, 
updated_at
[Connection] Adding 2 missing column(s) to 
'file_dependencies': is_removed, updated_at
[Connection] Created table 'societies' 
from registry
[Connection] Adding 3 missing column(s) to 
'risk_assessments': is_removed, 
updated_at, lifecycle_status
[Connection] Adding 3 missing column(s) to 
'semantic_issues': lifecycle_status, 
is_removed, updated_at
[Connection] Created table 'mcp_sessions' 
from registry
[Connection] Created table 
'compiler_scanned_files' from registry
 [32mÔ£ô[39m tests/unit/layer-c-memory/verification/report-generator.test.js [2m([22m[2m29 tests[22m[2m)[22m[33m 973[2mms[22m[39m
[Connection] Adding 8 missing column(s) to 
'atoms': is_deprecated, deprecated_reason, 
called_by_json, imports_json, 
exports_json, uses_json, 
side_effects_json, function_type
[Connection] Adding 3 missing column(s) to 
'files': is_removed, hash, updated_at
[Connection] Adding 3 missing column(s) to 
'atom_relations': is_removed, updated_at, 
lifecycle_status
[Connection] Adding 1 missing column(s) to 
'system_files': is_removed
[Connection] Adding 3 missing column(s) to 
'semantic_connections': is_removed, 
updated_at, lifecycle_status
[Connection] Adding 1 missing column(s) to 
'atom_versions': last_modified
[Connection] Adding 8 missing column(s) to 
'modules': type, file_count, 
complexity_score, cohesion_score, 
coupling_score, risk_score, is_removed, 
updated_at
[Connection] Adding 2 missing column(s) to 
'file_dependencies': is_removed, updated_at
[Connection] Created table 'societies' 
from registry
[Connection] Adding 3 missing column(s) to 
'risk_assessments': is_removed, 
updated_at, lifecycle_status
[Connection] Adding 3 missing column(s) to 
'semantic_issues': lifecycle_status, 
is_removed, updated_at
[Connection] Created table 'mcp_sessions' 
from registry
[Connection] Created table 
'compiler_scanned_files' from registry
[90mstdout[2m | tests/e2e/scenarios/full-workflow.scenario.test.js[2m > [22m[2mE2E: Full Analysis Workflow[2m > [22m[2mIncremental Analysis[2m > [22m[2mshould handle modified files
[22m[39m[PatternDetection] Registered 7 pattern detectors
[PatternDetection] ­ƒöì Starting pattern detection analysis...

[90mstdout[2m | tests/e2e/scenarios/full-workflow.scenario.test.js[2m > [22m[2mE2E: Full Analysis Workflow[2m > [22m[2mIncremental Analysis[2m > [22m[2mshould handle modified files
[22m[39m[PatternDetection] Ô£à Pattern detection complete in 1ms

[90mstdout[2m | tests/unit/cli/commands/consolidate.test.js[2m > [22m[2mconsolidate[2m > [22m[2mcalls process.exit with exitCode from logic
[22m[39m
OmniSystem Iterative Consolidation (Orchestrator)

Project: /nonexistent


[90mstderr[2m | tests/unit/cli/commands/c
onsolidate.test.js[2m > 
[22m[2mconsolidate[2m > [22m[2mcalls 
process.exit with exitCode from logic
[22m[39mNo analysis data found!

Run first:
   omnysystem analyze <project>


 [32mÔ£ô[39m tests/unit/cli/commands/consolidate.test.js [2m([22m[2m7 tests[22m[2m)[22m[33m 1576[2mms[22m[39m
     [33m[2mÔ£ô[22m[39m returns success when analysis data exists [33m 856[2mms[22m[39m[33m (retry x1)[39m
     [33m[2mÔ£ô[22m[39m returns stats from analysis [33m 492[2mms[22m[39m
ÔØî No grammar for 0
ÔØî No grammar for 1
ÔØî No grammar for 2
ÔØî No grammar for 3
ÔØî No grammar for 4
ÔØî No grammar for 5
ÔØî No grammar for 6
ÔØî No grammar for 7
ÔØî No grammar for 8
ÔØî No grammar for 9
ÔØî No grammar for 10
ÔØî No grammar for 11
ÔØî No grammar for 12
ÔØî No grammar for 13
ÔØî No grammar for 14
ÔØî No grammar for 15
ÔØî No grammar for 16
ÔØî No grammar for 17
ÔØî No grammar for 18
ÔØî No grammar for 19
ÔØî No grammar for 20
ÔØî No grammar for 21
ÔØî No grammar for 22
ÔØî No grammar for 23
ÔØî No grammar for 24
ÔØî No grammar for 25
ÔØî No grammar for 26
ÔØî No grammar for 27
ÔØî No grammar for 28
ÔØî No grammar for 29
ÔØî No grammar for 30
ÔØî No grammar for 31
ÔØî No grammar for 32
ÔØî No grammar for 33
ÔØî No grammar for 34
ÔØî No grammar for 35
ÔØî No grammar for 36
ÔØî No grammar for 37
ÔØî No grammar for 38
ÔØî No grammar for 39
ÔØî No grammar for 40
ÔØî No grammar for 41
ÔØî No grammar for 42
ÔØî No grammar for 43
ÔØî No grammar for 44
ÔØî No grammar for 45
ÔØî No grammar for 46
ÔØî No grammar for 47
ÔØî No grammar for 48
ÔØî No grammar for 49
ÔØî No grammar for 50
ÔØî No grammar for 51
ÔØî No grammar for 52
ÔØî No grammar for 53
ÔØî No grammar for 54
ÔØî No grammar for 55
ÔØî No grammar for 56
ÔØî No grammar for 57
ÔØî No grammar for 58
ÔØî No grammar for 59
ÔØî No grammar for 60
ÔØî No grammar for 61
ÔØî No grammar for 62
ÔØî No grammar for 63
ÔØî No grammar for 64
ÔØî No grammar for 65
ÔØî No grammar for 66
ÔØî No grammar for 67
ÔØî No grammar for 68
ÔØî No grammar for 69
ÔØî No grammar for 70
ÔØî No grammar for 71
ÔØî No grammar for 72
ÔØî No grammar for 73
ÔØî No grammar for 74
ÔØî No grammar for 75
ÔØî No grammar for 76
ÔØî No grammar for 77
ÔØî No grammar for 78
ÔØî No grammar for 79
ÔØî No grammar for 80
ÔØî No grammar for 81
ÔØî No grammar for 82
ÔØî No grammar for 83
ÔØî No grammar for 84
ÔØî No grammar for 85
ÔØî No grammar for 86
ÔØî No grammar for 87
ÔØî No grammar for 88
ÔØî No grammar for 89
ÔØî No grammar for 90
ÔØî No grammar for 91
ÔØî No grammar for 92
ÔØî No grammar for 93
ÔØî No grammar for 94
ÔØî No grammar for 95
ÔØî No grammar for 96
ÔØî No grammar for 97
ÔØî No grammar for 98
ÔØî No grammar for 99
ÔØî No grammar for 100
ÔØî No grammar for 101
ÔØî No grammar for 102
ÔØî No grammar for 103
ÔØî No grammar for 104
ÔØî No grammar for 105
ÔØî No grammar for 106
ÔØî No grammar for 107
ÔØî No grammar for 108
ÔØî No grammar for 109
ÔØî No grammar for 110
ÔØî No grammar for 111
ÔØî No grammar for 112
ÔØî No grammar for 113
ÔØî No grammar for 114
ÔØî No grammar for 115
ÔØî No grammar for 116
ÔØî No grammar for 117
ÔØî No grammar for 118
ÔØî No grammar for 119
ÔØî No grammar for 120
ÔØî No grammar for 121
ÔØî No grammar for 122
ÔØî No grammar for 123
ÔØî No grammar for 124
ÔØî No grammar for 125
ÔØî No grammar for 126
ÔØî No grammar for 127
ÔØî No grammar for 128
ÔØî No grammar for 129
ÔØî No grammar for 130
ÔØî No grammar for 131
ÔØî No grammar for 132
ÔØî No grammar for 133
ÔØî No grammar for 134
ÔØî No grammar for 135
ÔØî No grammar for 136
ÔØî No grammar for 137
ÔØî No grammar for 138
ÔØî No grammar for 139
ÔØî No grammar for 140
ÔØî No grammar for 141
ÔØî No grammar for 142
ÔØî No grammar for 143
ÔØî No grammar for 144
ÔØî No grammar for 145
ÔØî No grammar for 146
ÔØî No grammar for 147
ÔØî No grammar for 148
ÔØî No grammar for 149
ÔØî No grammar for 150
ÔØî No grammar for 151
ÔØî No grammar for 152
ÔØî No grammar for 153
ÔØî No grammar for 154
ÔØî No grammar for 155
ÔØî No grammar for 156
ÔØî No grammar for 157
ÔØî No grammar for 158
ÔØî No grammar for 159
ÔØî No grammar for 160
ÔØî No grammar for 161
ÔØî No grammar for 162
ÔØî No grammar for 163
ÔØî No grammar for 164
ÔØî No grammar for 165
ÔØî No grammar for 166
ÔØî No grammar for 167
ÔØî No grammar for 168
ÔØî No grammar for 169
ÔØî No grammar for 170
ÔØî No grammar for 171
ÔØî No grammar for 172
ÔØî No grammar for 173
ÔØî No grammar for 174
ÔØî No grammar for 175
ÔØî No grammar for 176
ÔØî No grammar for 177
ÔØî No grammar for 178
ÔØî No grammar for 179
ÔØî No grammar for 180
ÔØî No grammar for 181
ÔØî No grammar for 182
ÔØî No grammar for 183
ÔØî No grammar for 184
ÔØî No grammar for 185
ÔØî No grammar for 186
ÔØî No grammar for 187
ÔØî No grammar for 188
ÔØî No grammar for 189
ÔØî No grammar for 190
ÔØî No grammar for 191
ÔØî No grammar for 192
ÔØî No grammar for 0
ÔØî No grammar for 1
ÔØî No grammar for 2
ÔØî No grammar for 3
ÔØî No grammar for 4
ÔØî No grammar for 5
ÔØî No grammar for 6
ÔØî No grammar for 7
ÔØî No grammar for 8
ÔØî No grammar for 9
ÔØî No grammar for 10
ÔØî No grammar for 11
ÔØî No grammar for 12
ÔØî No grammar for 13
ÔØî No grammar for 14
ÔØî No grammar for 15
ÔØî No grammar for 16
ÔØî No grammar for 17
ÔØî No grammar for 18
ÔØî No grammar for 19
ÔØî No grammar for 20
ÔØî No grammar for 21
ÔØî No grammar for 22
ÔØî No grammar for 23
ÔØî No grammar for 24
ÔØî No grammar for 25
ÔØî No grammar for 26
ÔØî No grammar for 27
ÔØî No grammar for 28
ÔØî No grammar for 29
ÔØî No grammar for 30
ÔØî No grammar for 31
ÔØî No grammar for 32
ÔØî No grammar for 33
ÔØî No grammar for 34
ÔØî No grammar for 35
ÔØî No grammar for 36
ÔØî No grammar for 37
ÔØî No grammar for 38
ÔØî No grammar for 39
ÔØî No grammar for 40
ÔØî No grammar for 41
ÔØî No grammar for 42
ÔØî No grammar for 43
ÔØî No grammar for 44
ÔØî No grammar for 45
ÔØî No grammar for 46
ÔØî No grammar for 47
ÔØî No grammar for 48
ÔØî No grammar for 49
ÔØî No grammar for 50
ÔØî No grammar for 51
ÔØî No grammar for 52
ÔØî No grammar for 53
ÔØî No grammar for 54
ÔØî No grammar for 55
ÔØî No grammar for 56
ÔØî No grammar for 57
ÔØî No grammar for 58
ÔØî No grammar for 59
ÔØî No grammar for 60
ÔØî No grammar for 61
ÔØî No grammar for 62
ÔØî No grammar for 63
ÔØî No grammar for 64
ÔØî No grammar for 65
ÔØî No grammar for 66
ÔØî No grammar for 67
ÔØî No grammar for 68
ÔØî No grammar for 69
ÔØî No grammar for 70
ÔØî No grammar for 71
ÔØî No grammar for 72
ÔØî No grammar for 73
ÔØî No grammar for 74
ÔØî No grammar for 75
ÔØî No grammar for 76
ÔØî No grammar for 77
ÔØî No grammar for 78
ÔØî No grammar for 79
ÔØî No grammar for 80
ÔØî No grammar for 81
ÔØî No grammar for 82
ÔØî No grammar for 83
ÔØî No grammar for 84
ÔØî No grammar for 85
ÔØî No grammar for 86
ÔØî No grammar for 87
ÔØî No grammar for 88
ÔØî No grammar for 89
ÔØî No grammar for 90
ÔØî No grammar for 91
ÔØî No grammar for 92
ÔØî No grammar for 93
ÔØî No grammar for 94
ÔØî No grammar for 95
ÔØî No grammar for 96
ÔØî No grammar for 97
ÔØî No grammar for 98
ÔØî No grammar for 99
ÔØî No grammar for 100
ÔØî No grammar for 101
ÔØî No grammar for 102
ÔØî No grammar for 103
ÔØî No grammar for 104
ÔØî No grammar for 105
ÔØî No grammar for 106
ÔØî No grammar for 107
ÔØî No grammar for 108
ÔØî No grammar for 109
ÔØî No grammar for 110
ÔØî No grammar for 111
ÔØî No grammar for 112
ÔØî No grammar for 113
ÔØî No grammar for 114
ÔØî No grammar for 115
ÔØî No grammar for 116
ÔØî No grammar for 117
ÔØî No grammar for 118
ÔØî No grammar for 119
ÔØî No grammar for 120
ÔØî No grammar for 121
ÔØî No grammar for 122
ÔØî No grammar for 123
ÔØî No grammar for 124
ÔØî No grammar for 125
ÔØî No grammar for 126
ÔØî No grammar for 127
ÔØî No grammar for 128
ÔØî No grammar for 129
ÔØî No grammar for 130
ÔØî No grammar for 131
ÔØî No grammar for 132
ÔØî No grammar for 133
ÔØî No grammar for 134
ÔØî No grammar for 135
ÔØî No grammar for 136
ÔØî No grammar for 137
ÔØî No grammar for 138
ÔØî No grammar for 139
ÔØî No grammar for 140
ÔØî No grammar for 141
ÔØî No grammar for 142
ÔØî No grammar for 143
ÔØî No grammar for 144
ÔØî No grammar for 145
ÔØî No grammar for 146
ÔØî No grammar for 147
ÔØî No grammar for 148
ÔØî No grammar for 149
ÔØî No grammar for 150
ÔØî No grammar for 151
ÔØî No grammar for 152
ÔØî No grammar for 153
ÔØî No grammar for 154
ÔØî No grammar for 155
ÔØî No grammar for 156
ÔØî No grammar for 157
ÔØî No grammar for 158
ÔØî No grammar for 159
ÔØî No grammar for 160
ÔØî No grammar for 161
ÔØî No grammar for 162
ÔØî No grammar for 163
ÔØî No grammar for 164
ÔØî No grammar for 165
ÔØî No grammar for 166
ÔØî No grammar for 167
ÔØî No grammar for 168
ÔØî No grammar for 169
ÔØî No grammar for 170
ÔØî No grammar for 171
ÔØî No grammar for 172
ÔØî No grammar for 173
ÔØî No grammar for 174
ÔØî No grammar for 175
ÔØî No grammar for 176
ÔØî No grammar for 177
ÔØî No grammar for 178
ÔØî No grammar for 179
ÔØî No grammar for 180
ÔØî No grammar for 181
ÔØî No grammar for 182
ÔØî No grammar for 183
ÔØî No grammar for 184
ÔØî No grammar for 185
ÔØî No grammar for 186
ÔØî No grammar for 187
ÔØî No grammar for 188
ÔØî No grammar for 189
ÔØî No grammar for 190
ÔØî No grammar for 191
ÔØî No grammar for 192
ÔØî No grammar for 193
ÔØî No grammar for 194
ÔØî No grammar for 195
ÔØî No grammar for 196
ÔØî No grammar for 197
ÔØî No grammar for 198
ÔØî No grammar for 199
ÔØî No grammar for 200
ÔØî No grammar for 201
ÔØî No grammar for 202
ÔØî No grammar for 203
ÔØî No grammar for 204
ÔØî No grammar for 205
ÔØî No grammar for 206
ÔØî No grammar for 207
ÔØî No grammar for 208
ÔØî No grammar for 209
ÔØî No grammar for 210
ÔØî No grammar for 211
ÔØî No grammar for 212
ÔØî No grammar for 213
ÔØî No grammar for 214
ÔØî No grammar for 215
ÔØî No grammar for 216
ÔØî No grammar for 217
ÔØî No grammar for 218
ÔØî No grammar for 219
ÔØî No grammar for 220
ÔØî No grammar for 221
ÔØî No grammar for 222
ÔØî No grammar for 223
ÔØî No grammar for 224
ÔØî No grammar for 225
ÔØî No grammar for 226
ÔØî No grammar for 227
ÔØî No grammar for 228
ÔØî No grammar for 229
ÔØî No grammar for 230
ÔØî No grammar for 231
ÔØî No grammar for 232
ÔØî No grammar for 233
ÔØî No grammar for 234
ÔØî No grammar for 0
ÔØî No grammar for 1
ÔØî No grammar for 2
ÔØî No grammar for 3
ÔØî No grammar for 4
ÔØî No grammar for 5
ÔØî No grammar for 6
ÔØî No grammar for 7
ÔØî No grammar for 8
ÔØî No grammar for 9
ÔØî No grammar for 10
ÔØî No grammar for 11
ÔØî No grammar for 12
ÔØî No grammar for 13
ÔØî No grammar for 14
ÔØî No grammar for 15
ÔØî No grammar for 16
ÔØî No grammar for 17
ÔØî No grammar for 18
ÔØî No grammar for 19
ÔØî No grammar for 20
ÔØî No grammar for 21
ÔØî No grammar for 22
ÔØî No grammar for 23
ÔØî No grammar for 24
ÔØî No grammar for 25
ÔØî No grammar for 26
ÔØî No grammar for 27
ÔØî No grammar for 28
ÔØî No grammar for 29
ÔØî No grammar for 30
ÔØî No grammar for 31
ÔØî No grammar for 32
ÔØî No grammar for 33
ÔØî No grammar for 34
ÔØî No grammar for 35
ÔØî No grammar for 36
ÔØî No grammar for 37
ÔØî No grammar for 38
ÔØî No grammar for 39
ÔØî No grammar for 40
ÔØî No grammar for 41
ÔØî No grammar for 42
ÔØî No grammar for 43
ÔØî No grammar for 44
ÔØî No grammar for 45
ÔØî No grammar for 46
ÔØî No grammar for 47
ÔØî No grammar for 48
ÔØî No grammar for 49
ÔØî No grammar for 50
ÔØî No grammar for 51
ÔØî No grammar for 52
ÔØî No grammar for 53
ÔØî No grammar for 54
ÔØî No grammar for 55
ÔØî No grammar for 56
ÔØî No grammar for 57
ÔØî No grammar for 58
ÔØî No grammar for 59
ÔØî No grammar for 60
ÔØî No grammar for 61
ÔØî No grammar for 62
ÔØî No grammar for 63
ÔØî No grammar for 64
ÔØî No grammar for 65
ÔØî No grammar for 66
ÔØî No grammar for 67
ÔØî No grammar for 68
ÔØî No grammar for 69
ÔØî No grammar for 70
ÔØî No grammar for 71
ÔØî No grammar for 72
ÔØî No grammar for 73
ÔØî No grammar for 74
ÔØî No grammar for 75
ÔØî No grammar for 76
ÔØî No grammar for 77
ÔØî No grammar for 78
ÔØî No grammar for 79
ÔØî No grammar for 80
ÔØî No grammar for 81
ÔØî No grammar for 82
ÔØî No grammar for 83
ÔØî No grammar for 84
ÔØî No grammar for 85
ÔØî No grammar for 86
ÔØî No grammar for 87
ÔØî No grammar for 88
ÔØî No grammar for 89
ÔØî No grammar for 90
ÔØî No grammar for 91
ÔØî No grammar for 92
ÔØî No grammar for 93
ÔØî No grammar for 94
ÔØî No grammar for 95
ÔØî No grammar for 96
ÔØî No grammar for 97
ÔØî No grammar for 98
ÔØî No grammar for 99
ÔØî No grammar for 100
ÔØî No grammar for 101
ÔØî No grammar for 102
ÔØî No grammar for 103
ÔØî No grammar for 104
ÔØî No grammar for 0
ÔØî No grammar for 1
ÔØî No grammar for 2
ÔØî No grammar for 3
ÔØî No grammar for 4
ÔØî No grammar for 5
ÔØî No grammar for 6
ÔØî No grammar for 7
ÔØî No grammar for 8
ÔØî No grammar for 9
ÔØî No grammar for 10
ÔØî No grammar for 11
ÔØî No grammar for 12
ÔØî No grammar for 13
ÔØî No grammar for 14
ÔØî No grammar for 15
ÔØî No grammar for 16
ÔØî No grammar for 17
ÔØî No grammar for 18
ÔØî No grammar for 19
ÔØî No grammar for 20
ÔØî No grammar for 21
ÔØî No grammar for 22
ÔØî No grammar for 23
ÔØî No grammar for 24
ÔØî No grammar for 25
ÔØî No grammar for 26
ÔØî No grammar for 27
ÔØî No grammar for 28
ÔØî No grammar for 29
ÔØî No grammar for 30
ÔØî No grammar for 31
ÔØî No grammar for 32
ÔØî No grammar for 33
ÔØî No grammar for 34
ÔØî No grammar for 35
ÔØî No grammar for 36
ÔØî No grammar for 37
ÔØî No grammar for 38
ÔØî No grammar for 39
ÔØî No grammar for 40
ÔØî No grammar for 41
ÔØî No grammar for 42
ÔØî No grammar for 43
ÔØî No grammar for 44
ÔØî No grammar for 45
ÔØî No grammar for 46
ÔØî No grammar for 47
ÔØî No grammar for 48
ÔØî No grammar for 49
ÔØî No grammar for 50
ÔØî No grammar for 51
ÔØî No grammar for 52
ÔØî No grammar for 53
ÔØî No grammar for 54
ÔØî No grammar for 55
ÔØî No grammar for 56
ÔØî No grammar for 57
ÔØî No grammar for 58
ÔØî No grammar for 59
ÔØî No grammar for 60
ÔØî No grammar for 61
ÔØî No grammar for 62
ÔØî No grammar for 63
ÔØî No grammar for 64
ÔØî No grammar for 65
ÔØî No grammar for 66
ÔØî No grammar for 67
ÔØî No grammar for 68
ÔØî No grammar for 69
ÔØî No grammar for 70
ÔØî No grammar for 71
ÔØî No grammar for 72
ÔØî No grammar for 73
ÔØî No grammar for 74
ÔØî No grammar for 75
ÔØî No grammar for 76
ÔØî No grammar for 77
ÔØî No grammar for 78
ÔØî No grammar for 79
ÔØî No grammar for 80
ÔØî No grammar for 81
ÔØî No grammar for 82
ÔØî No grammar for 83
ÔØî No grammar for 84
ÔØî No grammar for 85
ÔØî No grammar for 86
ÔØî No grammar for 87
ÔØî No grammar for 88
ÔØî No grammar for 89
ÔØî No grammar for 90
ÔØî No grammar for 91
ÔØî No grammar for 92
ÔØî No grammar for 93
ÔØî No grammar for 94
ÔØî No grammar for 95
ÔØî No grammar for 96
ÔØî No grammar for 97
ÔØî No grammar for 98
ÔØî No grammar for 99
ÔØî No grammar for 100
ÔØî No grammar for 101
ÔØî No grammar for 102
ÔØî No grammar for 103
ÔØî No grammar for 104
ÔØî No grammar for 105
ÔØî No grammar for 106
ÔØî No grammar for 107
ÔØî No grammar for 108
ÔØî No grammar for 109
ÔØî No grammar for 110
ÔØî No grammar for 111
ÔØî No grammar for 112
ÔØî No grammar for 113
ÔØî No grammar for 114
  ­ƒöä Attempt 2/3 (timeout: 120000ms)
  ÔØî Attempt 2 failed: No LLM server 
available
  ÔÅ│ Waiting 4000ms before retry...
ÔØî No grammar for 0
ÔØî No grammar for 1
ÔØî No grammar for 2
ÔØî No grammar for 3
ÔØî No grammar for 4
ÔØî No grammar for 5
ÔØî No grammar for 6
ÔØî No grammar for 7
ÔØî No grammar for 8
ÔØî No grammar for 9
ÔØî No grammar for 10
ÔØî No grammar for 11
ÔØî No grammar for 12
ÔØî No grammar for 13
ÔØî No grammar for 14
ÔØî No grammar for 15
ÔØî No grammar for 16
ÔØî No grammar for 17
ÔØî No grammar for 18
ÔØî No grammar for 19
ÔØî No grammar for 20
ÔØî No grammar for 21
ÔØî No grammar for 22
ÔØî No grammar for 23
ÔØî No grammar for 24
ÔØî No grammar for 25
ÔØî No grammar for 26
ÔØî No grammar for 27
ÔØî No grammar for 28
ÔØî No grammar for 29
ÔØî No grammar for 30
ÔØî No grammar for 31
ÔØî No grammar for 32
ÔØî No grammar for 33
ÔØî No grammar for 34
ÔØî No grammar for 35
ÔØî No grammar for 36
ÔØî No grammar for 37
ÔØî No grammar for 38
ÔØî No grammar for 39
ÔØî No grammar for 40
ÔØî No grammar for 41
ÔØî No grammar for 42
ÔØî No grammar for 43
ÔØî No grammar for 44
ÔØî No grammar for 45
ÔØî No grammar for 46
ÔØî No grammar for 47
ÔØî No grammar for 48
ÔØî No grammar for 49
ÔØî No grammar for 50
ÔØî No grammar for 51
ÔØî No grammar for 52
ÔØî No grammar for 53
ÔØî No grammar for 54
ÔØî No grammar for 55
ÔØî No grammar for 56
ÔØî No grammar for 57
ÔØî No grammar for 58
ÔØî No grammar for 59
ÔØî No grammar for 60
ÔØî No grammar for 61
ÔØî No grammar for 62
ÔØî No grammar for 63
ÔØî No grammar for 64
ÔØî No grammar for 65
ÔØî No grammar for 66
ÔØî No grammar for 67
ÔØî No grammar for 68
ÔØî No grammar for 69
ÔØî No grammar for 70
ÔØî No grammar for 71
ÔØî No grammar for 72
ÔØî No grammar for 73
ÔØî No grammar for 74
ÔØî No grammar for 75
ÔØî No grammar for 76
ÔØî No grammar for 77
ÔØî No grammar for 78
ÔØî No grammar for 79
ÔØî No grammar for 80
ÔØî No grammar for 81
ÔØî No grammar for 82
ÔØî No grammar for 83
ÔØî No grammar for 84
ÔØî No grammar for 85
ÔØî No grammar for 86
ÔØî No grammar for 87
ÔØî No grammar for 88
ÔØî No grammar for 89
ÔØî No grammar for 90
ÔØî No grammar for 91
ÔØî No grammar for 92
ÔØî No grammar for 93
ÔØî No grammar for 94
ÔØî No grammar for 95
ÔØî No grammar for 96
ÔØî No grammar for 97
ÔØî No grammar for 98
ÔØî No grammar for 99
ÔØî No grammar for 100
ÔØî No grammar for 101
ÔØî No grammar for 102
ÔØî No grammar for 103
ÔØî No grammar for 104
ÔØî No grammar for 105
ÔØî No grammar for 106
ÔØî No grammar for 107
ÔØî No grammar for 108
ÔØî No grammar for 109
ÔØî No grammar for 110
ÔØî No grammar for 111
ÔØî No grammar for 112
ÔØî No grammar for 113
ÔØî No grammar for 114
ÔØî No grammar for 115
ÔØî No grammar for 116
ÔØî No grammar for 117
ÔØî No grammar for 118
ÔØî No grammar for 119
ÔØî No grammar for 120
ÔØî No grammar for 121
ÔØî No grammar for 122
ÔØî No grammar for 123
ÔØî No grammar for 124
ÔØî No grammar for 125
ÔØî No grammar for 126
ÔØî No grammar for 127
ÔØî No grammar for 128
ÔØî No grammar for 129
ÔØî No grammar for 130
ÔØî No grammar for 131
ÔØî No grammar for 132
ÔØî No grammar for 133
ÔØî No grammar for 134
ÔØî No grammar for 135
ÔØî No grammar for 136
ÔØî No grammar for 137
ÔØî No grammar for 138
ÔØî No grammar for 139
ÔØî No grammar for 140
ÔØî No grammar for 141
ÔØî No grammar for 142
ÔØî No grammar for 143
ÔØî No grammar for 144
ÔØî No grammar for 145
ÔØî No grammar for 146
ÔØî No grammar for 147
ÔØî No grammar for 148
ÔØî No grammar for 149
ÔØî No grammar for 150
ÔØî No grammar for 151
ÔØî No grammar for 152
ÔØî No grammar for 153
ÔØî No grammar for 154
ÔØî No grammar for 155
ÔØî No grammar for 156
ÔØî No grammar for 157
ÔØî No grammar for 158
ÔØî No grammar for 159
ÔØî No grammar for 160
ÔØî No grammar for 161
ÔØî No grammar for 162
ÔØî No grammar for 163
ÔØî No grammar for 164
ÔØî No grammar for 165
ÔØî No grammar for 166
ÔØî No grammar for 167
ÔØî No grammar for 168
ÔØî No grammar for 169
ÔØî No grammar for 170
ÔØî No grammar for 171
ÔØî No grammar for 172
ÔØî No grammar for 173
ÔØî No grammar for 174
ÔØî No grammar for 175
ÔØî No grammar for 176
ÔØî No grammar for 177
ÔØî No grammar for 178
ÔØî No grammar for 179
ÔØî No grammar for 180
ÔØî No grammar for 181
ÔØî No grammar for 182
ÔØî No grammar for 183
ÔØî No grammar for 184
ÔØî No grammar for 185
ÔØî No grammar for 186
ÔØî No grammar for 187
ÔØî No grammar for 188
ÔØî No grammar for 189
ÔØî No grammar for 190
ÔØî No grammar for 191
ÔØî No grammar for 192
ÔØî No grammar for 0
ÔØî No grammar for 1
ÔØî No grammar for 2
ÔØî No grammar for 3
ÔØî No grammar for 4
ÔØî No grammar for 5
ÔØî No grammar for 6
ÔØî No grammar for 7
ÔØî No grammar for 8
ÔØî No grammar for 9
ÔØî No grammar for 10
ÔØî No grammar for 11
ÔØî No grammar for 12
ÔØî No grammar for 13
ÔØî No grammar for 14
ÔØî No grammar for 15
ÔØî No grammar for 16
ÔØî No grammar for 17
ÔØî No grammar for 18
ÔØî No grammar for 19
ÔØî No grammar for 20
ÔØî No grammar for 21
ÔØî No grammar for 22
ÔØî No grammar for 23
ÔØî No grammar for 24
ÔØî No grammar for 25
ÔØî No grammar for 26
ÔØî No grammar for 27
ÔØî No grammar for 28
ÔØî No grammar for 29
ÔØî No grammar for 30
ÔØî No grammar for 31
ÔØî No grammar for 32
ÔØî No grammar for 33
ÔØî No grammar for 34
ÔØî No grammar for 35
ÔØî No grammar for 36
ÔØî No grammar for 37
ÔØî No grammar for 38
ÔØî No grammar for 39
ÔØî No grammar for 40
ÔØî No grammar for 41
ÔØî No grammar for 42
ÔØî No grammar for 43
ÔØî No grammar for 44
ÔØî No grammar for 45
ÔØî No grammar for 46
ÔØî No grammar for 47
ÔØî No grammar for 48
ÔØî No grammar for 49
ÔØî No grammar for 50
ÔØî No grammar for 51
ÔØî No grammar for 52
ÔØî No grammar for 53
ÔØî No grammar for 54
ÔØî No grammar for 55
ÔØî No grammar for 56
ÔØî No grammar for 57
ÔØî No grammar for 58
ÔØî No grammar for 59
ÔØî No grammar for 60
ÔØî No grammar for 61
ÔØî No grammar for 62
ÔØî No grammar for 63
ÔØî No grammar for 64
ÔØî No grammar for 65
ÔØî No grammar for 66
ÔØî No grammar for 67
ÔØî No grammar for 68
ÔØî No grammar for 69
ÔØî No grammar for 70
ÔØî No grammar for 71
ÔØî No grammar for 72
ÔØî No grammar for 73
ÔØî No grammar for 74
ÔØî No grammar for 75
ÔØî No grammar for 76
ÔØî No grammar for 77
ÔØî No grammar for 78
ÔØî No grammar for 79
ÔØî No grammar for 80
ÔØî No grammar for 81
ÔØî No grammar for 82
ÔØî No grammar for 83
ÔØî No grammar for 84
ÔØî No grammar for 85
ÔØî No grammar for 86
ÔØî No grammar for 87
ÔØî No grammar for 88
ÔØî No grammar for 89
ÔØî No grammar for 90
ÔØî No grammar for 91
ÔØî No grammar for 92
ÔØî No grammar for 93
ÔØî No grammar for 94
ÔØî No grammar for 95
ÔØî No grammar for 96
ÔØî No grammar for 97
ÔØî No grammar for 98
ÔØî No grammar for 99
ÔØî No grammar for 100
ÔØî No grammar for 101
ÔØî No grammar for 102
ÔØî No grammar for 103
ÔØî No grammar for 104
ÔØî No grammar for 105
ÔØî No grammar for 106
ÔØî No grammar for 107
ÔØî No grammar for 108
ÔØî No grammar for 109
ÔØî No grammar for 110
ÔØî No grammar for 111
ÔØî No grammar for 112
ÔØî No grammar for 113
ÔØî No grammar for 114
ÔØî No grammar for 115
ÔØî No grammar for 116
ÔØî No grammar for 117
ÔØî No grammar for 118
ÔØî No grammar for 119
ÔØî No grammar for 120
ÔØî No grammar for 121
ÔØî No grammar for 122
ÔØî No grammar for 123
ÔØî No grammar for 124
ÔØî No grammar for 125
ÔØî No grammar for 126
ÔØî No grammar for 127
ÔØî No grammar for 128
ÔØî No grammar for 129
ÔØî No grammar for 130
ÔØî No grammar for 131
ÔØî No grammar for 132
ÔØî No grammar for 133
ÔØî No grammar for 134
ÔØî No grammar for 135
ÔØî No grammar for 136
ÔØî No grammar for 137
ÔØî No grammar for 138
ÔØî No grammar for 139
ÔØî No grammar for 140
ÔØî No grammar for 141
ÔØî No grammar for 142
ÔØî No grammar for 143
ÔØî No grammar for 144
ÔØî No grammar for 145
ÔØî No grammar for 146
ÔØî No grammar for 147
ÔØî No grammar for 148
ÔØî No grammar for 149
ÔØî No grammar for 150
ÔØî No grammar for 151
ÔØî No grammar for 152
ÔØî No grammar for 153
ÔØî No grammar for 154
ÔØî No grammar for 155
ÔØî No grammar for 156
ÔØî No grammar for 157
ÔØî No grammar for 158
ÔØî No grammar for 159
ÔØî No grammar for 160
ÔØî No grammar for 161
ÔØî No grammar for 162
ÔØî No grammar for 163
ÔØî No grammar for 164
ÔØî No grammar for 165
ÔØî No grammar for 166
ÔØî No grammar for 167
ÔØî No grammar for 168
ÔØî No grammar for 169
ÔØî No grammar for 170
ÔØî No grammar for 171
ÔØî No grammar for 172
 [32mÔ£ô[39m tests/functional/patterns/extraction.functional.test.js [2m([22m[2m18 tests[22m[2m)[22m[33m 594[2mms[22m[39m
ÔØî No grammar for 173
ÔØî No grammar for 174
ÔØî No grammar for 175
ÔØî No grammar for 176
ÔØî No grammar for 177
ÔØî No grammar for 178
ÔØî No grammar for 179
ÔØî No grammar for 180
ÔØî No grammar for 181
ÔØî No grammar for 182
ÔØî No grammar for 183
ÔØî No grammar for 184
ÔØî No grammar for 185
ÔØî No grammar for 186
ÔØî No grammar for 187
ÔØî No grammar for 188
ÔØî No grammar for 189
ÔØî No grammar for 190
ÔØî No grammar for 191
ÔØî No grammar for 192
 [32mÔ£ô[39m tests/unit/layer-a-analysis/pipeline/pipeline.test.js [2m([22m[2m1 test[22m[2m)[22m[32m 123[2mms[22m[39m
ƒôü File change detected: src/test.js 
(modified)
ƒôü File change detected: src/test.js 
(modified)
ƒôü File change detected: src/test.js 
(modified)
ƒôü File change detected: src/new.js 
(created)
 [32mÔ£ô[39m tests/unit/layer-a-analysis/analyses/tier1/function-cycle-classifier/cycles/classifier.test.js [2m([22m[2m1 test[22m[2m)[22m[32m 37[2mms[22m[39m
ƒôü File change detected: src/deleted.js 
(deleted)
ƒôü File change detected: src/critical.js 
(modified)
ƒôü File change detected: src/critical.js 
(modified)
ƒôü File change detected: src/critical.js 
(modified)
ƒôü File change detected: src/file.js 
(modified)
ƒôü File change detected: 
src/critical-override.js (created)
 [32mÔ£ô[39m tests/unit/audit/index.test.js [2m([22m[2m18 tests[22m[2m)[22m[33m 1457[2mms[22m[39m
     [33m[2mÔ£ô[22m[39m audits atoms and molecules [33m 967[2mms[22m[39m
ƒôü File change detected: src/test.js 
(modified)
­ƒöì Starting comprehensive verification...
­ƒöì Starting integrity validation...
­ƒöì Starting integrity validation...
­ƒô£ Generating verification certificate...
 [32mÔ£ô[39m tests/contracts/layer-c/verification.contract.test.js [2m([22m[2m75 tests[22m[2m)[22m[32m 130[2mms[22m[39m
ƒôü File change detected: src/test.js 
(modified)
ƒôü File change detected: src/test.js 
(modified)
ƒôü File change detected: src/test.js 
(modified)
ƒôü File change detected: src/test.js 
(modified)
ƒôü File change detected: 
src/priority-test.js (modified)
ƒôü File change detected: src/test.js 
(modified)
ƒôü File change detected: src/a.js 
(modified)
ƒôü File change detected: src/b.js 
(created)
ƒôü File change detected: src/duplicate.js 
(modified)
ƒôü File change detected: src/duplicate.js 
(modified)
ƒôü File change detected: src/reprior.js 
(modified)
ƒôü File change detected: src/reprior.js 
(created)
 [32mÔ£ô[39m tests/unit/layer-a-analysis/parser/index.test.js [2m([22m[2m1 test[22m[2m)[22m[32m 103[2mms[22m[39m
 [32mÔ£ô[39m tests/unit/core/orchestrator/file-handling.test.js [2m([22m[2m20 tests[22m[2m)[22m[33m 399[2mms[22m[39m
­ƒô£ Generating verification certificate...
Ô£à Certificate generated: 
cert-1773797787640-66f3208b
­ƒô£ Generating verification certificate...
Ô£à Certificate generated: 
cert-1773797787644-bb89bae1
­ƒô£ Generating verification certificate...
Ô£à Certificate generated: 
cert-1773797787650-4a45fdb6
­ƒô£ Generating verification certificate...
Ô£à Certificate generated: 
cert-1773797787651-c644382f
­ƒô£ Generating verification certificate...
Ô£à Certificate generated: 
cert-1773797787654-46c2f21f
­ƒô£ Generating verification certificate...
Ô£à Certificate generated: 
cert-1773797787656-9f5d28a3
­ƒô£ Generating verification certificate...
Ô£à Certificate generated: 
cert-1773797787659-72220c2e
­ƒô£ Generating verification certificate...
Ô£à Certificate generated: 
cert-1773797787661-933449ca
­ƒô£ Generating verification certificate...
Ô£à Certificate generated: 
cert-1773797787665-b84437d8
[90mstdout[2m | tests/unit/pattern-detection/engine/PatternDetectionEngine.test.js[2m > [22m[2mPattern Detection Engine[2m > [22m[2mConstruction[2m > [22m[2mshould create engine with default config
[22m[39m[PatternDetection] Registered 7 pattern detectors

[90mstdout[2m | tests/unit/pattern-detection/engine/PatternDetectionEngine.test.js[2m > [22m[2mPattern Detection Engine[2m > [22m[2mConstruction[2m > [22m[2mshould create engine with custom config
[22m[39m[PatternDetection] Registered 7 pattern detectors

[90mstdout[2m | tests/unit/pattern-detection/engine/PatternDetectionEngine.test.js[2m > [22m[2mPattern Detection Engine[2m > [22m[2mConstruction[2m > [22m[2mshould register default detectors on construction
[22m[39m[PatternDetection] Registered 7 pattern detectors

[90mstdout[2m | tests/unit/pattern-detection/engine/PatternDetectionEngine.test.js[2m > [22m[2mPattern Detection Engine[2m > [22m[2mAnalysis[2m > [22m[2mshould run analysis and return results
[22m[39m[PatternDetection] Registered 7 pattern detectors
[PatternDetection] ­ƒöì Starting pattern detection analysis...

ƒÅù´©Å  Initializing cache singleton for: C
:\Users\mauro\AppData\Local\Temp\omny-singl
eton-test-basic-1773797787722-ihte3cb3vc
[90mstdout[2m | tests/unit/pattern-detection/engine/PatternDetectionEngine.test.js[2m > [22m[2mPattern Detection Engine[2m > [22m[2mAnalysis[2m > [22m[2mshould run analysis and return results
[22m[39m[PatternDetection] Ô£à Pattern detection complete in 48ms

[90mstdout[2m | tests/unit/pattern-detection/engine/PatternDetectionEngine.test.js[2m > [22m[2mPattern Detection Engine[2m > [22m[2mAnalysis[2m > [22m[2mshould return quality score with score and grade
[22m[39m[PatternDetection] Registered 7 pattern detectors
[PatternDetection] ­ƒöì Starting pattern detection analysis...

[90mstdout[2m | tests/unit/pattern-detection/engine/PatternDetectionEngine.test.js[2m > [22m[2mPattern Detection Engine[2m > [22m[2mAnalysis[2m > [22m[2mshould return quality score with score and grade
[22m[39m[PatternDetection] Ô£à Pattern detection complete in 1ms

[90mstdout[2m | tests/unit/pattern-detection/engine/PatternDetectionEngine.test.js[2m > [22m[2mPattern Detection Engine[2m > [22m[2mAnalysis[2m > [22m[2mshould include metadata with duration and timestamp
[22m[39m[PatternDetection] Registered 7 pattern detectors
[PatternDetection] ­ƒöì Starting pattern detection analysis...

[90mstdout[2m | tests/unit/pattern-detection/engine/PatternDetectionEngine.test.js[2m > [22m[2mPattern Detection Engine[2m > [22m[2mAnalysis[2m > [22m[2mshould include metadata with duration and timestamp
[22m[39m[PatternDetection] Ô£à Pattern detection complete in 1ms

[90mstdout[2m | tests/unit/pattern-detection/engine/PatternDetectionEngine.test.js[2m > [22m[2mPattern Detection Engine[2m > [22m[2mAnalysis[2m > [22m[2mshould handle empty system map gracefully
[22m[39m[PatternDetection] Registered 7 pattern detectors
[PatternDetection] ­ƒöì Starting pattern detection analysis...

[90mstdout[2m | tests/unit/pattern-detection/engine/PatternDetectionEngine.test.js[2m > [22m[2mPattern Detection Engine[2m > [22m[2mAnalysis[2m > [22m[2mshould handle empty system map gracefully
[22m[39m[PatternDetection] Ô£à Pattern detection complete in 1ms

[90mstdout[2m | tests/unit/pattern-detection/engine/PatternDetectionEngine.test.js[2m > [22m[2mPattern Detection Engine[2m > [22m[2mAnalysis[2m > [22m[2mshould handle null/undefined system map gracefully
[22m[39m[PatternDetection] Registered 7 pattern detectors
[PatternDetection] ­ƒöì Starting pattern detection analysis...

[90mstdout[2m | tests/unit/pattern-detection/engine/PatternDetectionEngine.test.js[2m > [22m[2mPattern Detection Engine[2m > [22m[2mAnalysis[2m > [22m[2mshould handle null/undefined system map gracefully
[22m[39m[PatternDetection] Ô£à Pattern detection complete in 1ms

­ƒô£ Generating verification certificate...
Ô£à Certificate generated: 
cert-1773797787766-5d8780ea
­ƒô£ Generating verification certificate...
Ô£à Certificate generated: 
cert-1773797787771-c02d46ac
 [32mÔ£ô[39m tests/unit/layer-c-memory/verification/certificate-generator.test.js [2m([22m[2m33 tests[22m[2m)[22m[32m 139[2mms[22m[39m
[90mstdout[2m | tests/unit/pattern-detection/engine/PatternDetectionEngine.test.js[2m > [22m[2mPattern Detection Engine[2m > [22m[2mCustom Detectors[2m > [22m[2mshould allow adding custom detector
[22m[39m[PatternDetection] Registered 7 pattern detectors

[90mstdout[2m | tests/unit/pattern-detection/engine/PatternDetectionEngine.test.js[2m > [22m[2mPattern Detection Engine[2m > [22m[2mCustom Detectors[2m > [22m[2mshould store results for specific detector
[22m[39m[PatternDetection] Registered 7 pattern detectors
[PatternDetection] ­ƒöì Starting pattern detection analysis...

[90mstdout[2m | tests/unit/pattern-detection/engine/PatternDetectionEngine.test.js[2m > [22m[2mPattern Detection Engine[2m > [22m[2mCustom Detectors[2m > [22m[2mshould store results for specific detector
[22m[39m[PatternDetection] Ô£à Pattern detection complete in 0ms

[90mstdout[2m | tests/unit/pattern-detection/engine/PatternDetectionEngine.test.js[2m > [22m[2mPattern Detection Engine[2m > [22m[2mError Handling[2m > [22m[2mshould handle detector failures gracefully
[22m[39m[PatternDetection] Registered 7 pattern detectors
[PatternDetection] ­ƒöì Starting pattern detection analysis...

[90mstderr[2m | tests/unit/pattern-detect
ion/engine/PatternDetectionEngine.test.js[
2m > [22m[2mPattern Detection Engine[2m 
> [22m[2mError Handling[2m > 
[22m[2mshould handle detector failures 
gracefully
[22m[39m[PatternDetection] Detector 
failing-detector error: Detector failed

[90mstdout[2m | tests/unit/pattern-detection/engine/PatternDetectionEngine.test.js[2m > [22m[2mPattern Detection Engine[2m > [22m[2mError Handling[2m > [22m[2mshould handle detector failures gracefully
[22m[39m[PatternDetection] Ô£à Pattern detection complete in 2ms

[90mstdout[2m | tests/unit/pattern-detection/engine/PatternDetectionEngine.test.js[2m > [22m[2mPattern Detection Engine[2m > [22m[2mError Handling[2m > [22m[2mshould continue with other detectors if one fails
[22m[39m[PatternDetection] Registered 7 pattern detectors
[PatternDetection] ­ƒöì Starting pattern detection analysis...

[90mstderr[2m | tests/unit/pattern-detect
ion/engine/PatternDetectionEngine.test.js[
2m > [22m[2mPattern Detection Engine[2m 
> [22m[2mError Handling[2m > 
[22m[2mshould continue with other 
detectors if one fails
[22m[39m[PatternDetection] Detector 
failing-detector-2 error: Detector failed

[90mstdout[2m | tests/unit/pattern-detection/engine/PatternDetectionEngine.test.js[2m > [22m[2mPattern Detection Engine[2m > [22m[2mError Handling[2m > [22m[2mshould continue with other detectors if one fails
[22m[39m[PatternDetection] Ô£à Pattern detection complete in 1ms

[90mstdout[2m | tests/unit/pattern-detection/engine/PatternDetectionEngine.test.js[2m > [22m[2mPattern Detection Engine[2m > [22m[2mConfiguration[2m > [22m[2mshould detect project type from system map
[22m[39m[PatternDetection] Registered 7 pattern detectors
[PatternDetection] ­ƒöì Starting pattern detection analysis...

[90mstdout[2m | tests/unit/pattern-detection/engine/PatternDetectionEngine.test.js[2m > [22m[2mPattern Detection Engine[2m > [22m[2mConfiguration[2m > [22m[2mshould detect project type from system map
[22m[39m[PatternDetection] Ô£à Pattern detection complete in 2ms

[90mstdout[2m | tests/unit/pattern-detection/engine/PatternDetectionEngine.test.js[2m > [22m[2mPattern Detection Engine[2m > [22m[2mConfiguration[2m > [22m[2mshould apply custom thresholds
[22m[39m[PatternDetection] Registered 7 pattern detectors

 [32mÔ£ô[39m tests/unit/pattern-detection/engine/PatternDetectionEngine.test.js [2m([22m[2m14 tests[22m[2m)[22m[32m 93[2mms[22m[39m
[Connection] Adding 8 missing column(s) to 
'atoms': is_deprecated, deprecated_reason, 
called_by_json, imports_json, 
exports_json, uses_json, 
side_effects_json, function_type
[Connection] Adding 3 missing column(s) to 
'files': is_removed, hash, updated_at
[Connection] Adding 3 missing column(s) to 
'atom_relations': is_removed, updated_at, 
lifecycle_status
[Connection] Adding 1 missing column(s) to 
'system_files': is_removed
[Connection] Adding 3 missing column(s) to 
'semantic_connections': is_removed, 
updated_at, lifecycle_status
[Connection] Adding 1 missing column(s) to 
'atom_versions': last_modified
[Connection] Adding 8 missing column(s) to 
'modules': type, file_count, 
complexity_score, cohesion_score, 
coupling_score, risk_score, is_removed, 
updated_at
[Connection] Adding 2 missing column(s) to 
'file_dependencies': is_removed, updated_at
[Connection] Created table 'societies' 
from registry
[Connection] Adding 3 missing column(s) to 
'risk_assessments': is_removed, 
updated_at, lifecycle_status
[Connection] Adding 3 missing column(s) to 
'semantic_issues': lifecycle_status, 
is_removed, updated_at
[Connection] Created table 'mcp_sessions' 
from registry
[Connection] Created table 
'compiler_scanned_files' from registry
UnifiedCache: 0 atoms indexed (from SQLite)
Ô£à Cache singleton ready for: C:\Users\mau
ro\AppData\Local\Temp\omny-singleton-test-b
asic-1773797787722-ihte3cb3vc
ƒùæ´©Å  Cache singleton invalidated for: C:
\Users\mauro\AppData\Local\Temp\omny-single
ton-test-basic-1773797787722-ihte3cb3vc
ƒÅù´©Å  Initializing cache singleton for: C
:\Users\mauro\AppData\Local\Temp\omny-singl
eton-test-loaded-1773797787838-rqmhbf9vkzm
UnifiedCache: 0 atoms indexed (from SQLite)
Ô£à Cache singleton ready for: C:\Users\mau
ro\AppData\Local\Temp\omny-singleton-test-l
oaded-1773797787838-rqmhbf9vkzm
ƒùæ´©Å  Cache singleton invalidated for: C:
\Users\mauro\AppData\Local\Temp\omny-single
ton-test-loaded-1773797787838-rqmhbf9vkzm
ƒÅù´©Å  Initializing cache singleton for: C
:\Users\mauro\AppData\Local\Temp\omny-singl
eton-test-identity-1773797787846-tnd45uw4ls
c
UnifiedCache: 0 atoms indexed (from SQLite)
Ô£à Cache singleton ready for: C:\Users\mau
ro\AppData\Local\Temp\omny-singleton-test-i
dentity-1773797787846-tnd45uw4lsc
ƒùæ´©Å  Cache singleton invalidated for: C:
\Users\mauro\AppData\Local\Temp\omny-single
ton-test-identity-1773797787846-tnd45uw4lsc
ƒÅù´©Å  Initializing cache singleton for: C
:\Users\mauro\AppData\Local\Temp\omny-singl
eton-test-normalize-1773797787852-wu3bhvza4
ti
UnifiedCache: 0 atoms indexed (from SQLite)
Ô£à Cache singleton ready for: C:\Users\mau
ro\AppData\Local\Temp\omny-singleton-test-n
ormalize-1773797787852-wu3bhvza4ti
ƒùæ´©Å  Cache singleton invalidated for: C:
\Users\mauro\AppData\Local\Temp\omny-single
ton-test-normalize-1773797787852-wu3bhvza4t
i
ƒÅù´©Å  Initializing cache singleton for: C
:\Users\mauro\AppData\Local\Temp\omny-singl
eton-test-diff-a-1773797787861-bvtluhqm73i
UnifiedCache: 0 atoms indexed (from SQLite)
Ô£à Cache singleton ready for: C:\Users\mau
ro\AppData\Local\Temp\omny-singleton-test-d
iff-a-1773797787861-bvtluhqm73i
ƒÅù´©Å  Initializing cache singleton for: C
:\Users\mauro\AppData\Local\Temp\omny-singl
eton-test-diff-b-1773797787861-ichep3liyzc
UnifiedCache: 0 atoms indexed (from SQLite)
Ô£à Cache singleton ready for: C:\Users\mau
ro\AppData\Local\Temp\omny-singleton-test-d
iff-b-1773797787861-ichep3liyzc
ƒùæ´©Å  Cache singleton invalidated for: C:
\Users\mauro\AppData\Local\Temp\omny-single
ton-test-diff-a-1773797787861-bvtluhqm73i
ƒùæ´©Å  Cache singleton invalidated for: C:
\Users\mauro\AppData\Local\Temp\omny-single
ton-test-diff-b-1773797787861-ichep3liyzc
ƒÅù´©Å  Initializing cache singleton for: C
:\Users\mauro\AppData\Local\Temp\omny-singl
eton-test-concurrent-1773797787871-fffuuktr
6lk
UnifiedCache: 0 atoms indexed (from SQLite)
Ô£à Cache singleton ready for: C:\Users\mau
ro\AppData\Local\Temp\omny-singleton-test-c
oncurrent-1773797787871-fffuuktr6lk
ƒùæ´©Å  Cache singleton invalidated for: C:
\Users\mauro\AppData\Local\Temp\omny-single
ton-test-concurrent-1773797787871-fffuuktr6
lk
ƒÅù´©Å  Initializing cache singleton for: C
:\Users\mauro\AppData\Local\Temp\omny-singl
eton-test-mix-1773797787878-11hysmlsf68
UnifiedCache: 0 atoms indexed (from SQLite)
Ô£à Cache singleton ready for: C:\Users\mau
ro\AppData\Local\Temp\omny-singleton-test-m
ix-1773797787878-11hysmlsf68
ƒùæ´©Å  Cache singleton invalidated for: C:
\Users\mauro\AppData\Local\Temp\omny-single
ton-test-mix-1773797787878-11hysmlsf68
ƒÅù´©Å  Initializing cache singleton for: C
:\Users\mauro\AppData\Local\Temp\omny-singl
eton-test-invalidate-1773797787889-kj9asexk
8dc
UnifiedCache: 0 atoms indexed (from SQLite)
Ô£à Cache singleton ready for: C:\Users\mau
ro\AppData\Local\Temp\omny-singleton-test-i
nvalidate-1773797787889-kj9asexk8dc
ƒùæ´©Å  Cache singleton invalidated for: C:
\Users\mauro\AppData\Local\Temp\omny-single
ton-test-invalidate-1773797787889-kj9asexk8
dc
ƒÅù´©Å  Initializing cache singleton for: C
:\Users\mauro\AppData\Local\Temp\omny-singl
eton-test-invalidate-1773797787889-kj9asexk
8dc
UnifiedCache: 0 atoms indexed (from SQLite)
Ô£à Cache singleton ready for: C:\Users\mau
ro\AppData\Local\Temp\omny-singleton-test-i
nvalidate-1773797787889-kj9asexk8dc
ƒùæ´©Å  Cache singleton invalidated for: C:
\Users\mauro\AppData\Local\Temp\omny-single
ton-test-invalidate-1773797787889-kj9asexk8
dc
ƒÅù´©Å  Initializing cache singleton for: C
:\Users\mauro\AppData\Local\Temp\omny-singl
eton-test-reinit-1773797787898-zuazrczuic
UnifiedCache: 0 atoms indexed (from SQLite)
Ô£à Cache singleton ready for: C:\Users\mau
ro\AppData\Local\Temp\omny-singleton-test-r
einit-1773797787898-zuazrczuic
ƒùæ´©Å  Cache singleton invalidated for: C:
\Users\mauro\AppData\Local\Temp\omny-single
ton-test-reinit-1773797787898-zuazrczuic
ƒÅù´©Å  Initializing cache singleton for: C
:\Users\mauro\AppData\Local\Temp\omny-singl
eton-test-reinit-1773797787898-zuazrczuic
UnifiedCache: 0 atoms indexed (from SQLite)
Ô£à Cache singleton ready for: C:\Users\mau
ro\AppData\Local\Temp\omny-singleton-test-r
einit-1773797787898-zuazrczuic
ƒùæ´©Å  Cache singleton invalidated for: C:
\Users\mauro\AppData\Local\Temp\omny-single
ton-test-reinit-1773797787898-zuazrczuic
ƒÅù´©Å  Initializing cache singleton for: C
:\Users\mauro\AppData\Local\Temp\omny-singl
eton-test-count-1773797787909-6se33tfqzd9
UnifiedCache: 0 atoms indexed (from SQLite)
Ô£à Cache singleton ready for: C:\Users\mau
ro\AppData\Local\Temp\omny-singleton-test-c
ount-1773797787909-6se33tfqzd9
ƒùæ´©Å  Cache singleton invalidated for: C:
\Users\mauro\AppData\Local\Temp\omny-single
ton-test-count-1773797787909-6se33tfqzd9
ƒÅù´©Å  Initializing cache singleton for: C
:\Users\mauro\AppData\Local\Temp\omny-singl
eton-test-keys-1773797787911-1to151ecyfv
UnifiedCache: 0 atoms indexed (from SQLite)
Ô£à Cache singleton ready for: C:\Users\mau
ro\AppData\Local\Temp\omny-singleton-test-k
eys-1773797787911-1to151ecyfv
Ô£à Shadow Registry initialized
Ô£à Shadow Registry initialized
ÔÜá´©Å Invalid atom metadata for 
undefined: Atom missing ID,Atom missing 
name,Atom missing DNA,Missing dataFlow
Ô£à Shadow Registry initialized
Ô£à Shadow Registry initialized
ƒùæ´©Å  Cache singleton invalidated for: C:
\Users\mauro\AppData\Local\Temp\omny-single
ton-test-keys-1773797787911-1to151ecyfv
 [32mÔ£ô[39m tests/contracts/layer-c/shadow-registry.contract.test.js [2m([22m[2m65 tests[22m[2m)[22m[32m 100[2mms[22m[39m
ƒÅù´©Å  Initializing cache singleton for: C
:\Users\mauro\AppData\Local\Temp\omny-singl
eton-test-keys-removed-1773797787921-p0vcje
acg1l
UnifiedCache: 0 atoms indexed (from SQLite)
Ô£à Cache singleton ready for: C:\Users\mau
ro\AppData\Local\Temp\omny-singleton-test-k
eys-removed-1773797787921-p0vcjeacg1l
ƒùæ´©Å  Cache singleton invalidated for: C:
\Users\mauro\AppData\Local\Temp\omny-single
ton-test-keys-removed-1773797787921-p0vcjea
cg1l
 [32mÔ£ô[39m tests/unit/core/cache/singleton.test.js [2m([22m[2m27 tests[22m[2m)[22m[32m 238[2mms[22m[39m
 [32mÔ£ô[39m tests/unit/layer-a-analysis/extractors/extractors-group3.test.js [2m([22m[2m7 tests[22m[2m)[22m[32m 104[2mms[22m[39m
[90mstdout[2m | tests/e2e/scenarios/full-workflow.scenario.test.js[2m > [22m[2mE2E: Full Analysis Workflow[2m > [22m[2mIncremental Analysis[2m > [22m[2mshould handle modified files
[22m[39m[PatternDetection] Registered 7 pattern detectors
[PatternDetection] ­ƒöì Starting pattern detection analysis...

[90mstdout[2m | tests/e2e/scenarios/full-workflow.scenario.test.js[2m > [22m[2mE2E: Full Analysis Workflow[2m > [22m[2mIncremental Analysis[2m > [22m[2mshould handle modified files
[22m[39m[PatternDetection] Ô£à Pattern detection complete in 1ms

[90mstdout[2m | tests/e2e/scenarios/cli-analyze.scenario.test.js[2m > [22m[2mE2E: CLI Analyze Command[2m > [22m[2mPerformance[2m > [22m[2mshould analyze 100 files in reasonable time
[22m[39m[PatternDetection] Registered 7 pattern detectors
[PatternDetection] ­ƒöì Starting pattern detection analysis...

[90mstdout[2m | tests/e2e/scenarios/cli-analyze.scenario.test.js[2m > [22m[2mE2E: CLI Analyze Command[2m > [22m[2mPerformance[2m > [22m[2mshould analyze 100 files in reasonable time
[22m[39m[PatternDetection] Ô£à Pattern detection complete in 14ms

 [31mÔØ»[39m tests/e2e/scenarios/full-workflow.scenario.test.js [2m([22m[2m6 tests[22m[2m | [22m[31m3 failed[39m[2m)[22m[33m 19222[2mms[22m[39m
[31m       [31m├ù[31m should create complete analysis artifacts[39m[33m 5454[2mms[22m[39m[33m (retry x1)[39m
[31m       [31m├ù[31m should analyze interconnected modules[39m[33m 3348[2mms[22m[39m[33m (retry x1)[39m
[31m       [31m├ù[31m should handle syntax errors gracefully[39m[33m 2524[2mms[22m[39m[33m (retry x1)[39m
       [33m[2mÔ£ô[22m[39m should handle missing imports gracefully [33m 1416[2mms[22m[39m
       [33m[2mÔ£ô[22m[39m should handle re-analysis of same project [33m 2860[2mms[22m[39m
       [33m[2mÔ£ô[22m[39m should handle modified files [33m 3617[2mms[22m[39m
[90mstdout[2m | tests/functional/pattern-detection.functional.test.js[2m > [22m[2mPattern Detection - Detailed Tests[2m > [22m[2mPatternDetectionEngine Real Methods[2m > [22m[2mengine is created with registry and aggregator
[22m[39m[PatternDetection] Registered 7 pattern detectors

[90mstdout[2m | tests/functional/pattern-detection.functional.test.js[2m > [22m[2mPattern Detection - Detailed Tests[2m > [22m[2mPatternDetectionEngine Real Methods[2m > [22m[2maddDetector() registers a detector via addDetector method
[22m[39m[PatternDetection] Registered 7 pattern detectors

[90mstdout[2m | tests/functional/pattern-detection.functional.test.js[2m > [22m[2mPattern Detection - Detailed Tests[2m > [22m[2mPatternDetectionEngine Real Methods[2m > [22m[2manalyze() runs async detection on systemMap
[22m[39m[PatternDetection] Registered 7 pattern detectors

[90mstdout[2m | tests/functional/pattern-detection.functional.test.js[2m > [22m[2mPattern Detection - Detailed Tests[2m > [22m[2mPatternDetectionEngine Real Methods[2m > [22m[2manalyze() runs async detection on systemMap
[22m[39m[PatternDetection] ­ƒöì Starting pattern detection analysis...


├░┼©ÔÇÿÔÇ╣ Shutting down Unified Server...
├ó┼ôÔÇª Server stopped

├░┼©ÔÇÿÔÇ╣ Shutting down Unified Server...
├ó┼ôÔÇª Server stopped

├░┼©ÔÇÿÔÇ╣ Shutting down Unified Server...
├ó┼ôÔÇª Server stopped

├░┼©ÔÇÿÔÇ╣ Shutting down Unified Server...
├ó┼ôÔÇª Server stopped

├░┼©ÔÇÿÔÇ╣ Shutting down Unified Server...
├ó┼ôÔÇª Server stopped

├░┼©ÔÇÿÔÇ╣ Shutting down Unified Server...
├ó┼ôÔÇª Server stopped

├░┼©ÔÇÿÔÇ╣ Shutting down Unified Server...
├ó┼ôÔÇª Server stopped

├░┼©ÔÇÿÔÇ╣ Shutting down Unified Server...
├ó┼ôÔÇª Server stopped

├░┼©ÔÇÿÔÇ╣ Shutting down Unified Server...
├ó┼ôÔÇª Server stopped

├░┼©ÔÇÿÔÇ╣ Shutting down Unified Server...
├ó┼ôÔÇª Server stopped

├░┼©ÔÇÿÔÇ╣ Shutting down Unified Server...
├ó┼ôÔÇª Server stopped

├░┼©ÔÇÿÔÇ╣ Shutting down Unified Server...
├ó┼ôÔÇª Server stopped

├░┼©ÔÇÿÔÇ╣ Shutting down Unified Server...
├ó┼ôÔÇª Server stopped

├░┼©ÔÇÿÔÇ╣ Shutting down Unified Server...
├ó┼ôÔÇª Server stopped

├░┼©ÔÇÿÔÇ╣ Shutting down Unified Server...
├ó┼ôÔÇª Server stopped

├░┼©ÔÇÿÔÇ╣ Shutting down Unified Server...
├ó┼ôÔÇª Server stopped
[90mstdout[2m | tests/functional/pattern-detection.functional.test.js[2m > [22m[2mPattern Detection - Detailed Tests[2m > [22m[2mPatternDetectionEngine Real Methods[2m > [22m[2manalyze() runs async detection on systemMap
[22m[39m[PatternDetection] Ô£à Pattern detection complete in 55ms

[90mstdout[2m | tests/functional/pattern-detection.functional.test.js[2m > [22m[2mPattern Detection - Detailed Tests[2m > [22m[2mPatternDetectionEngine Real Methods[2m > [22m[2manalyze() returns results with metadata
[22m[39m[PatternDetection] Registered 7 pattern detectors

 [32mÔ£ô[39m tests/unit/core/unified-server/lifecycle.test.js [2m([22m[2m19 tests[22m[2m)[22m[32m 66[2mms[22m[39m
[90mstdout[2m | tests/functional/pattern-detection.functional.test.js[2m > [22m[2mPattern Detection - Detailed Tests[2m > [22m[2mPatternDetectionEngine Real Methods[2m > [22m[2manalyze() returns results with metadata
[22m[39m[PatternDetection] ­ƒöì Starting pattern detection analysis...

[90mstdout[2m | tests/functional/pattern-detection.functional.test.js[2m > [22m[2mPattern Detection - Detailed Tests[2m > [22m[2mPatternDetectionEngine Real Methods[2m > [22m[2manalyze() returns results with metadata
[22m[39m[PatternDetection] Ô£à Pattern detection complete in 1ms

[90mstdout[2m | tests/functional/pattern-detection.functional.test.js[2m > [22m[2mPattern Detection - Detailed Tests[2m > [22m[2mPatternDetectionEngine Real Methods[2m > [22m[2mrunDetector() executes specific detector async
[22m[39m[PatternDetection] Registered 7 pattern detectors

[90mstdout[2m | tests/functional/pattern-detection.functional.test.js[2m > [22m[2mPattern Detection - Detailed Tests[2m > [22m[2mPatternDetectionEngine Real Methods[2m > [22m[2mgetResults() returns results for a detector after analysis
[22m[39m[PatternDetection] Registered 7 pattern detectors

[90mstdout[2m | tests/functional/pattern-detection.functional.test.js[2m > [22m[2mPattern Detection - Detailed Tests[2m > [22m[2mPatternDetectionEngine Real Methods[2m > [22m[2mgetResults() returns results for a detector after analysis
[22m[39m[PatternDetection] ­ƒöì Starting pattern detection analysis...

[90mstdout[2m | tests/functional/pattern-detection.functional.test.js[2m > [22m[2mPattern Detection - Detailed Tests[2m > [22m[2mPatternDetectionEngine Real Methods[2m > [22m[2mgetResults() returns results for a detector after analysis
[22m[39m[PatternDetection] Ô£à Pattern detection complete in 1ms

[90mstdout[2m | tests/functional/pattern-detection.functional.test.js[2m > [22m[2mPattern Detection - Detailed Tests[2m > [22m[2mPatternDetectionEngine Real Methods[2m > [22m[2mhandles empty systemMap
[22m[39m[PatternDetection] Registered 7 pattern detectors

[90mstdout[2m | tests/functional/pattern-detection.functional.test.js[2m > [22m[2mPattern Detection - Detailed Tests[2m > [22m[2mPatternDetectionEngine Real Methods[2m > [22m[2mhandles empty systemMap
[22m[39m[PatternDetection] ­ƒöì Starting pattern detection analysis...

[90mstdout[2m | tests/functional/pattern-detection.functional.test.js[2m > [22m[2mPattern Detection - Detailed Tests[2m > [22m[2mPatternDetectionEngine Real Methods[2m > [22m[2mhandles empty systemMap
[22m[39m[PatternDetection] Ô£à Pattern detection complete in 0ms

[90mstdout[2m | tests/functional/pattern-detection.functional.test.js[2m > [22m[2mPattern Detection - Detailed Tests[2m > [22m[2mPatternDetectionEngine Real Methods[2m > [22m[2mhandles systemMap with multiple files
[22m[39m[PatternDetection] Registered 7 pattern detectors

[90mstdout[2m | tests/functional/pattern-detection.functional.test.js[2m > [22m[2mPattern Detection - Detailed Tests[2m > [22m[2mPatternDetectionEngine Real Methods[2m > [22m[2mhandles systemMap with multiple files
[22m[39m[PatternDetection] ­ƒöì Starting pattern detection analysis...

[90mstdout[2m | tests/functional/pattern-detection.functional.test.js[2m > [22m[2mPattern Detection - Detailed Tests[2m > [22m[2mPatternDetectionEngine Real Methods[2m > [22m[2mhandles systemMap with multiple files
[22m[39m[PatternDetection] Ô£à Pattern detection complete in 1ms

 [32mÔ£ô[39m tests/functional/pattern-detection.functional.test.js [2m([22m[2m29 tests[22m[2m)[22m[32m 92[2mms[22m[39m
 [31mÔØ»[39m tests/e2e/scenarios/cli-analyze.scenario.test.js [2m([22m[2m10 tests[22m[2m | [22m[31m2 failed[39m[2m)[22m[33m 19425[2mms[22m[39m
       [33m[2mÔ£ô[22m[39m should analyze empty project [33m 3738[2mms[22m[39m
       [33m[2mÔ£ô[22m[39m should analyze simple project [33m 1797[2mms[22m[39m
       [32mÔ£ô[39m should create non-existent directory[32m 103[2mms[22m[39m
[31m       [31m├ù[31m should detect all imports and exports[39m[33m 1856[2mms[22m[39m[33m (retry x1)[39m
[31m       [31m├ù[31m should detect localStorage usage[39m[33m 2508[2mms[22m[39m[33m (retry x1)[39m
       [33m[2mÔ£ô[22m[39m should detect sessionStorage usage [33m 1697[2mms[22m[39m
       [33m[2mÔ£ô[22m[39m should detect event listeners [33m 1268[2mms[22m[39m
       [33m[2mÔ£ô[22m[39m should detect event emissions [33m 1189[2mms[22m[39m
       [33m[2mÔ£ô[22m[39m should detect React hooks [33m 1178[2mms[22m[39m
       [33m[2mÔ£ô[22m[39m should analyze 100 files in reasonable time [33m 4086[2mms[22m[39m
 [32mÔ£ô[39m tests/integration/cross-layer/full-pipeline.test.js [2m([22m[2m13 tests[22m[2m)[22m[32m 57[2mms[22m[39m
 [32mÔ£ô[39m tests/unit/core/atomic-editor/safety-validator.test.js [2m([22m[2m15 tests[22m[2m)[22m[32m 134[2mms[22m[39m
 [32mÔ£ô[39m tests/unit/ai/load-config.test.js [2m([22m[2m8 tests[22m[2m)[22m[32m 56[2mms[22m[39m
[90mstdout[2m | tests/unit/shared/logger-system.test.js[2m > [22m[2mLogger - Time Tracking[2m > [22m[2mreturns done function for manual timing
[22m[39m[36m[DEBUG][0m [TestTimer] Starting: operation
[36m[DEBUG][0m [TestTimer] Completed: operation {duration=1}

[90mstdout[2m | tests/unit/shared/logger-system.test.js[2m > [22m[2mLogger - Time Tracking[2m > [22m[2mtimes synchronous function
[22m[39m[36m[DEBUG][0m [TestTimer] Starting: sync-op
[36m[DEBUG][0m [TestTimer] Completed: sync-op {duration=0}

[90mstdout[2m | tests/unit/shared/logger-system.test.js[2m > [22m[2mLogger - Time Tracking[2m > [22m[2mtimes async function
[22m[39m[36m[DEBUG][0m [TestTimer] Starting: async-op

[90mstdout[2m | tests/unit/shared/logger-system.test.js[2m > [22m[2mLogger - Time Tracking[2m > [22m[2mtimes async function
[22m[39m[36m[DEBUG][0m [TestTimer] Completed: async-op {duration=13}

[90mstdout[2m | tests/unit/shared/logger-system.test.js[2m > [22m[2mLogger - Time Tracking[2m > [22m[2mpropagates errors from timed function
[22m[39m[36m[DEBUG][0m [TestTimer] Starting: failing-op
[36m[DEBUG][0m [TestTimer] Completed: failing-op {duration=0}

 [32mÔ£ô[39m tests/integration/layer-b/semantic-flow.test.js [2m([22m[2m12 tests[22m[2m)[22m[32m 53[2mms[22m[39m
 [32mÔ£ô[39m tests/unit/shared/logger-system.test.js [2m([22m[2m31 tests[22m[2m | [22m[33m1 skipped[39m[2m)[22m[32m 46[2mms[22m[39m
 [32mÔ£ô[39m tests/unit/ai/server-manager.test.js [2m([22m[2m36 tests[22m[2m | [22m[33m2 skipped[39m[2m)[22m[32m 57[2mms[22m[39m
[90mstdout[2m | tests/unit/cli/commands/clean.test.js[2m > [22m[2mclean[2m > [22m[2mcalls process.exit with exitCode from logic
[22m[39m
Cleaning OmniSystem data

Project: /some/path


[90mstdout[2m | tests/unit/cli/commands/clean.test.js[2m > [22m[2mclean[2m > [22m[2mcalls process.exit with exitCode from logic
[22m[39m  No analysis data found

Cleanup complete!


 [32mÔ£ô[39m tests/unit/cli/commands/clean.test.js [2m([22m[2m7 tests[22m[2m)[22m[32m 50[2mms[22m[39m
Preloaded 3 schemas
 [32mÔ£ô[39m tests/unit/layer-a-analysis/extractors/extractors-group6.test.js [2m([22m[2m7 tests[22m[2m)[22m[32m 45[2mms[22m[39m
Preloaded 1 schemas
Preloaded 0 schemas
 [32mÔ£ô[39m tests/unit/layer-b-semantic/prompt-engine/core/schema-resolver.test.js [2m([22m[2m27 tests[22m[2m)[22m[32m 80[2mms[22m[39m
 [32mÔ£ô[39m tests/unit/shared/architecture-utils.test.js [2m([22m[2m28 tests[22m[2m)[22m[32m 52[2mms[22m[39m
[90mstderr[2m | tests/unit/cli/commands/a
nalyze-file.test.js[2m > 
[22m[2mrunAnalyzeFileCommand[2m > 
[22m[2mcalls process.exit with exitCode 
from logic
[22m[39m
Error: No file specified!

Usage:
   omnysystem analyze-file 
<path/to/file.js>


 [32mÔ£ô[39m tests/unit/cli/commands/analyze-file.test.js [2m([22m[2m8 tests[22m[2m)[22m[32m 37[2mms[22m[39m
 [32mÔ£ô[39m tests/unit/layer-b-semantic/validators/lineage-validator/checks/shadow-checks.test.js [2m([22m[2m14 tests[22m[2m)[22m[32m 40[2mms[22m[39m
Running 2 strategies sequentially
  Executing strategy: first
  Strategy first completed in 1ms
  Executing strategy: second
  Strategy second completed in 0ms
Sequential execution completed in 1ms
Running 2 strategies sequentially
  Executing strategy: strategy1
  Strategy strategy1 completed in 2ms
  Executing strategy: strategy2
  Strategy strategy2 completed in 0ms
Sequential execution completed in 2ms
Running 2 strategies sequentially
  Executing strategy: strategy1
  Strategy strategy1 completed in 0ms
  Executing strategy: strategy2
  Strategy strategy2 completed in 0ms
Sequential execution completed in 0ms
Running 0 strategies sequentially
Sequential execution completed in 0ms
Execution stopped early after first
Running 2 strategies in parallel (max 10)
 [32mÔ£ô[39m tests/contracts/layer-b-metadata.contract.test.js [2m([22m[2m17 tests[22m[2m)[22m[32m 28[2mms[22m[39m
  Strategy s1 completed in 22ms
  Strategy s2 completed in 22ms
Parallel execution completed in 23ms
Running 2 strategies in parallel (max 10)
  Strategy strategy1 completed in 0ms
  Strategy strategy2 completed in 0ms
Parallel execution completed in 0ms
Running 2 strategies in parallel (max 10)
  Strategy strategy1 completed in 0ms
  Strategy strategy2 completed in 0ms
Parallel execution completed in 0ms
Running 0 strategies in parallel (max 10)
Parallel execution completed in 0ms
Running 1 strategies in parallel (max 10)
  Strategy failing failed: Strategy failed
Running 5 strategies in batches of 2
  Processing batch 1/3
  Processing batch 2/3
  Processing batch 3/3
Batched execution completed in 0ms
 [32mÔ£ô[39m tests/unit/validation/engine/runners.test.js [2m([22m[2m18 tests[22m[2m)[22m[32m 47[2mms[22m[39m
 [32mÔ£ô[39m tests/unit/ai/response-cleaner.test.js [2m([22m[2m39 tests[22m[2m)[22m[32m 24[2mms[22m[39m
 [32mÔ£ô[39m tests/functional/static-extractors.functional.test.js [2m([22m[2m17 tests[22m[2m)[22m[32m 31[2mms[22m[39m
 [32mÔ£ô[39m tests/unit/layer-c-memory/shadow-registry/lru-cache.test.js [2m([22m[2m33 tests[22m[2m)[22m[32m 19[2mms[22m[39m
 [32mÔ£ô[39m tests/integration/cross-layer/a-to-b-flow.test.js [2m([22m[2m14 tests[22m[2m)[22m[32m 43[2mms[22m[39m
Preloaded 2 schemas
 [32mÔ£ô[39m tests/unit/layer-b-semantic/prompt-engine/core/prompt-engine.test.js [2m([22m[2m16 tests[22m[2m)[22m[32m 31[2mms[22m[39m
[90mstdout[2m | tests/unit/cli/commands/export.test.js[2m > [22m[2mexportMap[2m > [22m[2mcalls process.exit with exitCode from logic
[22m[39m
Exporting System Map

Project: /nonexistent


[90mstderr[2m | 
tests/unit/cli/commands/export.test.js[2m 
> [22m[2mexportMap[2m > [22m[2mcalls 
process.exit with exitCode from logic
[22m[39mNo analysis data found!

Run first:
   omnysystem analyze <project>


 [32mÔ£ô[39m tests/unit/cli/commands/export.test.js [2m([22m[2m7 tests[22m[2m)[22m[32m 31[2mms[22m[39m
LLM response is not valid JSON: not valid 
json at all
LLM response is not valid JSON: 
 [32mÔ£ô[39m tests/unit/ai/analyzer.test.js [2m([22m[2m19 tests[22m[2m)[22m[32m 23[2mms[22m[39m
 [32mÔ£ô[39m tests/unit/core/batch-processor/priority-calculator.test.js [2m([22m[2m22 tests[22m[2m)[22m[32m 11[2mms[22m[39m
Phase 1: Syntax validation (Ground 
Truth)...
  No syntax rules registered
Phase 1: Syntax validation (Ground 
Truth)...
  Validating 2 files with 1 rules
  Syntax results: 2/2 valid
Phase 1: Syntax validation (Ground 
Truth)...
  Validating 2 files with 1 rules
  Syntax results: 0/0 valid
Phase 1: Syntax validation (Ground 
Truth)...
  Validating 2 files with 1 rules
  Syntax results: 2/2 valid
Phase 1: Syntax validation (Ground 
Truth)...
  Validating 2 files with 1 rules
  Syntax results: 2/2 valid
Phase 3: Semantic validation (Data Flow)...
  No semantic rules registered
Phase 3: Semantic validation (Data Flow)...
  Validating 1 file(s) with 1 semantic 
rules
  Semantic results: 1/1 valid
Phase 2: Derivation validation (Fractal)...
  Validating 1 derivations with 1 rules
  Derivation results: 1/1 valid
Phase 4: Cross-metadata validation 
(Insights)...
 [32mÔ£ô[39m tests/unit/validation/engine/strategies.test.js [2m([22m[2m20 tests[22m[2m)[22m[32m 25[2mms[22m[39m
 [32mÔ£ô[39m tests/unit/validation/core/validation-result.test.js [2m([22m[2m39 tests[22m[2m)[22m[32m 42[2mms[22m[39m

[1/3] step-1...
   Ô£à step-1 complete

[2/3] step-2...
   Ô£à step-2 complete

[3/3] step-3...
   Ô£à step-3 complete

[1/3] first...
   Ô£à first complete

[2/3] second...
   Ô£à second complete

[3/3] third...
   Ô£à third complete

[1/1] capture...
   Ô£à capture complete

[1/1] executed...
   Ô£à executed complete

[1/3] run-1...
   Ô£à run-1 complete

[2/3] run-2...
   Ô£à run-2 complete

[3/3] run-3...
   Ô£à run-3 complete

[1/3] step-1...
   Ô£à step-1 complete

[2/3] step-halt...
   ÔÜá´©Å  Step step-halt requested halt

[1/3] ok-step...
   Ô£à ok-step complete

[2/3] fail-step...
   ÔØî fail-step failed: Step failed

­ƒöä Rolling back initialization...
   Ô£à Rolled back: ok-step

[1/3] first...
   Ô£à first complete

[2/3] second...
   Ô£à second complete

[3/3] fail...
   ÔØî fail failed: fail

­ƒöä Rolling back initialization...
   Ô£à Rolled back: second
   Ô£à Rolled back: first

[1/3] first...
   Ô£à first complete

[2/3] second...
   Ô£à second complete

[3/3] fail...
   ÔØî fail failed: fail

­ƒöä Rolling back initialization...
   ÔÜá´©Å  Rollback failed for second: 
Rollback failed
   Ô£à Rolled back: first

[1/3] a...
   Ô£à a complete

[2/3] b...
   Ô£à b complete

[3/3] c...
   Ô£à c complete

[1/2] fail...
   ÔØî fail failed: fail

­ƒöä Rolling back initialization...
  ÔÜá´©Å  No rollback implemented for 
step: default
 [32mÔ£ô[39m tests/unit/layer-c/mcp/pipeline.test.js [2m([22m[2m17 tests[22m[2m)[22m[32m 24[2mms[22m[39m
 [32mÔ£ô[39m tests/unit/layer-b-semantic/metadata-contract/constants.test.js [2m([22m[2m40 tests[22m[2m)[22m[32m 24[2mms[22m[39m
 [32mÔ£ô[39m tests/unit/layer-c-memory/shadow-registry/lineage-tracker.test.js [2m([22m[2m29 tests[22m[2m)[22m[32m 23[2mms[22m[39m
 [32mÔ£ô[39m tests/unit/layer-a-static/extractors/metadata/archetype.test.js [2m([22m[2m31 tests[22m[2m)[22m[32m 16[2mms[22m[39m
 [32mÔ£ô[39m tests/integration/layer-c/shadow-registry-flow.test.js [2m([22m[2m10 tests[22m[2m)[22m[32m 22[2mms[22m[39m
 [32mÔ£ô[39m tests/unit/layer-b-semantic/llm-analyzer/analysis-decider.test.js [2m([22m[2m28 tests[22m[2m)[22m[32m 27[2mms[22m[39m
  ­ƒöä Attempt 3/3 (timeout: 120000ms)
  ÔØî Attempt 3 failed: No LLM server 
available
ÔØî LLM analysis failed for test.js after 
3 attempts: No LLM server available
 [32mÔ£ô[39m tests/unit/layer-b-semantic/llm-analyzer/llm-analyzer-core.test.js [2m([22m[2m14 tests[22m[2m)[22m[33m 18205[2mms[22m[39m
       [33m[2mÔ£ô[22m[39m should handle empty code [33m 6047[2mms[22m[39m
       [33m[2mÔ£ô[22m[39m should handle network errors gracefully [33m 6025[2mms[22m[39m
       [33m[2mÔ£ô[22m[39m should handle timeout errors [33m 6025[2mms[22m[39m
 [32mÔ£ô[39m tests/unit/core/atomic-editor/history-manager.test.js [2m([22m[2m43 tests[22m[2m)[22m[32m 18[2mms[22m[39m
 [32mÔ£ô[39m tests/unit/ai/analysis-schema.test.js [2m([22m[2m27 tests[22m[2m)[22m[32m 25[2mms[22m[39m
 [32mÔ£ô[39m tests/unit/layer-c/mcp/tools-registry.test.js [2m([22m[2m138 tests[22m[2m)[22m[32m 25[2mms[22m[39m
 [32mÔ£ô[39m tests/unit/layer-a-analysis/pattern-detection/pattern-detection.test.js [2m([22m[2m7 tests[22m[2m)[22m[32m 22[2mms[22m[39m
 [32mÔ£ô[39m tests/integration/cross-layer/full-pipeline-layer-c.test.js [2m([22m[2m7 tests[22m[2m)[22m[32m 32[2mms[22m[39m
 [32mÔ£ô[39m tests/functional/state-management-extractor.functional.test.js [2m([22m[2m30 tests[22m[2m)[22m[32m 23[2mms[22m[39m
 [32mÔ£ô[39m tests/functional/static-extractors-connections.functional.test.js [2m([22m[2m24 tests[22m[2m)[22m[32m 18[2mms[22m[39m
 [32mÔ£ô[39m tests/unit/layer-c-memory/mcp/tools-registry.test.js [2m([22m[2m16 tests[22m[2m)[22m[32m 30[2mms[22m[39m
­ƒöì DEBUG normalizeResponse: src/test.js
­ƒöì DEBUG normalized: src/test.js
ÔÜá´©Å  LLM confidence too low (0.5) for 
src/test.js
­ƒöì DEBUG normalizeResponse: src/test.js
­ƒöì DEBUG normalized: src/test.js
ÔÜá´©Å  LLM confidence too low (0.5) for 
src/test.js
­ƒöì DEBUG normalizeResponse: src/test.js
­ƒöì DEBUG normalized: src/test.js
Ô£à Validated: src/test.js, confidence=0.9
­ƒöì DEBUG normalizeResponse: src/test.js
­ƒöì DEBUG normalized: src/test.js
Ô£à Validated: src/test.js, confidence=0.7
­ƒöì DEBUG normalizeResponse: src/test.js
­ƒöì DEBUG normalized: src/test.js
ÔÜá´©Å  LLM confidence too low (0) for 
src/test.js
­ƒöì DEBUG normalizeResponse: src/test.js
­ƒöì DEBUG normalized: src/test.js
Ô£à Validated: src/test.js, confidence=1
­ƒöì DEBUG normalizeResponse: src/test.js
­ƒöì DEBUG normalized: src/test.js
Ô£à Validated: src/test.js, confidence=0.6
­ƒöì DEBUG normalizeResponse: src/test.js
­ƒöì DEBUG normalized: src/test.js
ÔÜá´©Å  LLM confidence too low (0.9) for 
src/test.js
­ƒöì DEBUG normalizeResponse: src/test.js
­ƒöì DEBUG normalized: src/test.js
Ô£à Validated: src/test.js, confidence=0.95
­ƒöì DEBUG normalizeResponse: src/test.js
­ƒöì DEBUG normalized: src/test.js
Ô£à Validated: src/test.js, confidence=0.85
­ƒöì DEBUG normalizeResponse: src/test.js
­ƒöì DEBUG normalized: src/test.js
Ô£à Validated: src/test.js, confidence=0.8
­ƒöì DEBUG normalizeResponse: src/test.js
ÔÜá´©Å  Invalid LLM response for 
src/test.js
­ƒöì DEBUG normalizeResponse: src/test.js
ÔÜá´©Å  Invalid LLM response for 
src/test.js
­ƒöì DEBUG normalizeResponse: src/test.js
ÔÜá´©Å  Invalid LLM response for 
src/test.js
­ƒöì DEBUG normalizeResponse: src/test.js
ÔÜá´©Å  LLM returned raw text for 
src/test.js, expected JSON
­ƒöì DEBUG normalizeResponse: src/test.js
­ƒöì DEBUG normalized: src/test.js
Ô£à Validated: src/test.js, confidence=0.9
­ƒöì DEBUG normalizeResponse: src/test.js
­ƒöì DEBUG normalized: src/test.js
Ô£à Validated: src/test.js, confidence=0.9
­ƒöì DEBUG normalizeResponse: src/test.js
­ƒöì DEBUG normalized: src/test.js
Ô£à Validated: src/test.js, confidence=0.9
­ƒöì DEBUG normalizeResponse: src/test.js
­ƒöì DEBUG normalized: src/test.js
Ô£à Validated: src/test.js, confidence=0.9
­ƒöì DEBUG normalizeResponse: src/test.js
­ƒöì DEBUG normalized: src/test.js
Ô£à Validated: src/test.js, confidence=0.9
­ƒöì DEBUG normalizeResponse: src/test.js
­ƒöì DEBUG normalized: src/test.js
Ô£à Validated: src/test.js, confidence=0.9
­ƒöì DEBUG normalizeResponse: src/test.js
­ƒöì DEBUG normalized: src/test.js
Ô£à Validated: src/test.js, confidence=0.9
 [32mÔ£ô[39m tests/unit/layer-b-semantic/llm-analyzer/response-normalizer.test.js [2m([22m[2m31 tests[22m[2m)[22m[32m 21[2mms[22m[39m
 [32mÔ£ô[39m tests/unit/layer-a-analysis/analyses/recommendations.test.js [2m([22m[2m1 test[22m[2m)[22m[32m 18[2mms[22m[39m
 [32mÔ£ô[39m tests/unit/validation/invariants/system-invariants.test.js [2m([22m[2m21 tests[22m[2m | [22m[33m1 skipped[39m[2m)[22m[32m 19[2mms[22m[39m
 [32mÔ£ô[39m tests/unit/core/orchestrator/llm-trigger.test.js [2m([22m[2m19 tests[22m[2m)[22m[32m 18[2mms[22m[39m
 [32mÔ£ô[39m tests/unit/layer-a-analysis/analyses/metrics.test.js [2m([22m[2m1 test[22m[2m)[22m[32m 11[2mms[22m[39m
ÔÜá´©Å  LLM alucin├│ m├®todo DOM como 
evento: click
ÔÜá´©Å  LLM alucin├│ m├®todo DOM como 
evento: submit
ÔÜá´©Å  LLM alucin├│ m├®todo DOM como 
evento: keydown
ÔÜá´©Å  LLM devolvi├│ placeholder: event1
ÔÜá´©Å  LLM devolvi├│ placeholder: event2
ÔÜá´©Å  LLM confundi├│ c├│digo con evento: 
function() {}
ÔÜá´©Å  LLM alucin├│ m├®todo DOM como 
evento: click
ÔÜá´©Å  LLM devolvi├│ placeholder: event1
ÔÜá´©Å  LLM confundi├│ c├│digo con evento: 
function() {}
 [32mÔ£ô[39m tests/unit/layer-b-semantic/validators/validators/event-validator.test.js [2m([22m[2m23 tests[22m[2m)[22m[32m 18[2mms[22m[39m
 [32mÔ£ô[39m tests/unit/layer-a-analysis/tier3/detectors/dead-code-detector.test.js [2m([22m[2m1 test[22m[2m)[22m[32m 8[2mms[22m[39m
 [32mÔ£ô[39m tests/unit/cli/commands/call.test.js [2m([22m[2m10 tests[22m[2m)[22m[32m 16[2mms[22m[39m
 [32mÔ£ô[39m tests/unit/audit/field-checker.test.js [2m([22m[2m23 tests[22m[2m)[22m[32m 16[2mms[22m[39m
 [32mÔ£ô[39m tests/unit/layer-b-semantic/project-analyzer/utils/matrix-builder.test.js [2m([22m[2m20 tests[22m[2m)[22m[32m 18[2mms[22m[39m
ÔÜá´©Å  LLM alucin├│ m├®todo como key: 
setItem
ÔÜá´©Å  LLM alucin├│ m├®todo como key: 
getItem
ÔÜá´©Å  LLM alucin├│ m├®todo como key: 
removeItem
ÔÜá´©Å  LLM alucin├│ m├®todo como key: 
clear
ÔÜá´©Å  LLM devolvi├│ placeholder: key1
ÔÜá´©Å  LLM devolvi├│ placeholder: key2
ÔÜá´©Å  LLM devolvi├│ placeholder: key3
ÔÜá´©Å  LLM devolvi├│ placeholder: key4
 [32mÔ£ô[39m tests/unit/layer-b-semantic/validators/validators/storage-validator.test.js [2m([22m[2m19 tests[22m[2m)[22m[32m 18[2mms[22m[39m
 [32mÔ£ô[39m tests/unit/validation/rules/derivation-rules.test.js [2m([22m[2m23 tests[22m[2m)[22m[32m 16[2mms[22m[39m
 [32mÔ£ô[39m tests/unit/ai/llm-client.test.js [2m([22m[2m29 tests[22m[2m | [22m[33m6 skipped[39m[2m)[22m[32m 16[2mms[22m[39m
 [32mÔ£ô[39m tests/unit/layer-a-analysis/parser/config.test.js [2m([22m[2m1 test[22m[2m)[22m[32m 6[2mms[22m[39m
 [32mÔ£ô[39m tests/unit/layer-b-semantic/metadata-contract/detectors/architectural-patterns.test.js [2m([22m[2m40 tests[22m[2m)[22m[32m 22[2mms[22m[39m
MCP Protocol Setup
  Ô£à MCP server configured (28 tools)
MCP Protocol Setup
  Ô£à MCP server configured (28 tools)
MCP Protocol Setup
  Ô£à MCP server configured (28 tools)
MCP Protocol Setup
  Ô£à MCP server configured (28 tools)
MCP Protocol Setup
  Ô£à MCP server configured (28 tools)
MCP Protocol Setup
  Ô£à MCP server configured (28 tools)
MCP Protocol Setup
  Ô£à MCP server configured (28 tools)
 [32mÔ£ô[39m tests/unit/layer-c/mcp/mcp-setup-step.test.js [2m([22m[2m9 tests[22m[2m)[22m[32m 23[2mms[22m[39m
 [32mÔ£ô[39m tests/unit/layer-b-semantic/metadata-contract/builders/standard-builder.test.js [2m([22m[2m18 tests[22m[2m)[22m[32m 15[2mms[22m[39m
 [32mÔ£ô[39m tests/unit/layer-a-static/analyses/tier3/issue-detectors/global-state-builder.test.js [2m([22m[2m17 tests[22m[2m)[22m[32m 16[2mms[22m[39m
 [32mÔ£ô[39m tests/unit/layer-b-semantic/project-analyzer/utils/cluster-detector.test.js [2m([22m[2m22 tests[22m[2m)[22m[32m 16[2mms[22m[39m
 [32mÔ£ô[39m tests/functional/patterns/cycle-classification.functional.test.js [2m([22m[2m15 tests[22m[2m | [22m[33m3 skipped[39m[2m)[22m[32m 16[2mms[22m[39m
 [32mÔ£ô[39m tests/unit/ai/json-cleaners.test.js [2m([22m[2m34 tests[22m[2m)[22m[32m 18[2mms[22m[39m
 [32mÔ£ô[39m tests/unit/layer-b-semantic/validators/validators-index.test.js [2m([22m[2m14 tests[22m[2m)[22m[32m 16[2mms[22m[39m
 [32mÔ£ô[39m tests/unit/layer-b-semantic/project-analyzer/utils/cohesion-calculator.test.js [2m([22m[2m13 tests[22m[2m)[22m[32m 12[2mms[22m[39m
 [32mÔ£ô[39m tests/unit/core/orchestrator/queue.test.js [2m([22m[2m33 tests[22m[2m)[22m[32m 15[2mms[22m[39m
 [32mÔ£ô[39m tests/unit/cli/commands/tools.test.js [2m([22m[2m11 tests[22m[2m)[22m[32m 16[2mms[22m[39m
 [32mÔ£ô[39m tests/unit/cli/commands/status.test.js [2m([22m[2m11 tests[22m[2m)[22m[32m 12[2mms[22m[39m
 [32mÔ£ô[39m tests/unit/layer-a-static/analyses/tier3/issue-detectors/shared-state.test.js [2m([22m[2m16 tests[22m[2m)[22m[32m 17[2mms[22m[39m
 [32mÔ£ô[39m tests/unit/ai/prompt-builder.test.js [2m([22m[2m23 tests[22m[2m)[22m[32m 16[2mms[22m[39m
 [32mÔ£ô[39m tests/unit/layer-a-static/analyses/tier3/issue-detectors/orphaned-files.test.js [2m([22m[2m13 tests[22m[2m)[22m[32m 26[2mms[22m[39m
 [32mÔ£ô[39m tests/unit/validation/engine/reports.test.js [2m([22m[2m15 tests[22m[2m)[22m[32m 15[2mms[22m[39m
 [32mÔ£ô[39m tests/unit/layer-b-semantic/project-analyzer/utils/orphan-detector.test.js [2m([22m[2m24 tests[22m[2m)[22m[32m 14[2mms[22m[39m
 [32mÔ£ô[39m tests/unit/audit/audit-reporter.test.js [2m([22m[2m15 tests[22m[2m)[22m[32m 13[2mms[22m[39m
 [32mÔ£ô[39m tests/unit/ai/parallel-analyzer.test.js [2m([22m[2m13 tests[22m[2m | [22m[33m7 skipped[39m[2m)[22m[32m 12[2mms[22m[39m
 [32mÔ£ô[39m tests/integration/layer-c/verification-flow.test.js [2m([22m[2m8 tests[22m[2m)[22m[32m 17[2mms[22m[39m
ƒøí´©Å  Error Guardian activado - Sistema 
protegido recursivamente
 [32mÔ£ô[39m tests/integration/smoke.test.js [2m([22m[2m17 tests[22m[2m)[22m[32m 16[2mms[22m[39m
 [32mÔ£ô[39m tests/functional/patterns/file-grouped.functional.test.js [2m([22m[2m14 tests[22m[2m)[22m[32m 13[2mms[22m[39m
 [32mÔ£ô[39m tests/unit/layer-c-memory/mcp/atomic-edit-comprehensive.test.js [2m([22m[2m25 tests[22m[2m)[22m[32m 26[2mms[22m[39m
 [32mÔ£ô[39m src/layer-a-static/module-system/__tests__/utils.test.js [2m([22m[2m14 tests[22m[2m)[22m[32m 14[2mms[22m[39m
 [32mÔ£ô[39m tests/factories/test-suite-generator/test/meta-factory.validation.test.js [2m([22m[2m15 tests[22m[2m)[22m[32m 14[2mms[22m[39m
 [32mÔ£ô[39m tests/unit/validation/rules/semantic-rules.test.js [2m([22m[2m10 tests[22m[2m)[22m[32m 12[2mms[22m[39m
 [32mÔ£ô[39m src/shared/analysis/__tests__/function-analyzer.test.js [2m([22m[2m11 tests[22m[2m)[22m[32m 13[2mms[22m[39m
 [32mÔ£ô[39m tests/unit/layer-b-semantic/llm-analyzer/prompt-builder.test.js [2m([22m[2m9 tests[22m[2m)[22m[32m 15[2mms[22m[39m
 [32mÔ£ô[39m tests/unit/layer-a-analysis/analyses/analyses-group2.test.js [2m([22m[2m17 tests[22m[2m)[22m[32m 12[2mms[22m[39m
 [32mÔ£ô[39m tests/unit/audit/constants.test.js [2m([22m[2m15 tests[22m[2m)[22m[32m 13[2mms[22m[39m
 [32mÔ£ô[39m tests/unit/core/unified-server/unified-server.test.js [2m([22m[2m23 tests[22m[2m)[22m[32m 13[2mms[22m[39m
 [32mÔ£ô[39m tests/unit/layer-b-semantic/metadata-contract/validators/metadata-validator.test.js [2m([22m[2m21 tests[22m[2m)[22m[32m 14[2mms[22m[39m
 [32mÔ£ô[39m tests/unit/validation/index.test.js [2m([22m[2m26 tests[22m[2m)[22m[32m 12[2mms[22m[39m
 [32mÔ£ô[39m tests/unit/layer-a-analysis/analyses/functional-tests.test.js [2m([22m[2m7 tests[22m[2m)[22m[32m 13[2mms[22m[39m
 [32mÔ£ô[39m tests/unit/layer-a-static/extractors/metadata/dna-extractor.test.js [2m([22m[2m17 tests[22m[2m)[22m[32m 13[2mms[22m[39m
 [32mÔ£ô[39m tests/unit/layer-a-analysis/race-detector/race-detector-group.test.js [2m([22m[2m18 tests[22m[2m)[22m[32m 17[2mms[22m[39m
 [32mÔ£ô[39m tests/unit/layer-b-semantic/prompt-engine/prompt-engine-index.test.js [2m([22m[2m15 tests[22m[2m)[22m[32m 14[2mms[22m[39m
 [32mÔ£ô[39m tests/unit/layer-a-analysis/analyses/tier1/function-cycle-classifier/rules/index.test.js [2m([22m[2m1 test[22m[2m)[22m[32m 17[2mms[22m[39m
 [32mÔ£ô[39m tests/unit/layer-a-analysis/analyses/tier1/function-cycle-classifier/rules/async-rules.test.js [2m([22m[2m1 test[22m[2m)[22m[32m 5[2mms[22m[39m
 [32mÔ£ô[39m tests/unit/layer-b-semantic/validators/extractors/storage-extractor.test.js [2m([22m[2m15 tests[22m[2m)[22m[32m 13[2mms[22m[39m
 [32mÔ£ô[39m tests/unit/layer-a-analysis/analyses/tier1/function-cycle-classifier/classifiers/rules.test.js [2m([22m[2m1 test[22m[2m)[22m[32m 7[2mms[22m[39m
 [32mÔ£ô[39m tests/unit/layer-a-analysis/analyses/analyses-group1.test.js [2m([22m[2m17 tests[22m[2m)[22m[32m 15[2mms[22m[39m
 [32mÔ£ô[39m tests/unit/layer-a-analysis/analyses/analyses-group3.test.js [2m([22m[2m22 tests[22m[2m)[22m[32m 14[2mms[22m[39m
 [32mÔ£ô[39m tests/unit/layer-b-semantic/validators/lineage-validator/checks/dataflow-checks.test.js [2m([22m[2m10 tests[22m[2m)[22m[32m 20[2mms[22m[39m
 [32mÔ£ô[39m tests/unit/layer-b-semantic/schema-validator/validators/connection.test.js [2m([22m[2m15 tests[22m[2m)[22m[32m 63[2mms[22m[39m
 [32mÔ£ô[39m tests/unit/layer-b-semantic/validators/extractors/event-extractor.test.js [2m([22m[2m16 tests[22m[2m)[22m[32m 18[2mms[22m[39m
 [32mÔ£ô[39m tests/unit/layer-a-analysis/parser/extractors/imports.test.js [2m([22m[2m1 test[22m[2m)[22m[32m 16[2mms[22m[39m
 [32mÔ£ô[39m tests/unit/layer-b-semantic/validators/lineage-validator/utils/metadata-extractor.test.js [2m([22m[2m10 tests[22m[2m)[22m[32m 10[2mms[22m[39m
 [32mÔ£ô[39m tests/integration/cross-layer/b-to-c-metadata-flow.test.js [2m([22m[2m7 tests[22m[2m)[22m[32m 13[2mms[22m[39m
ƒøí´©Å  Error Guardian activado - Sistema 
protegido recursivamente
MCP Protocol Setup
  Ô£à MCP server configured (28 tools)
 [32mÔ£ô[39m tests/performance/mcp-startup.benchmark.test.js [2m([22m[2m1 test[22m[2m)[22m[32m 15[2mms[22m[39m
 [32mÔ£ô[39m tests/unit/layer-b-semantic/validators/sanitizers/response-sanitizer.test.js [2m([22m[2m20 tests[22m[2m)[22m[32m 12[2mms[22m[39m
 [32mÔ£ô[39m tests/unit/layer-b-semantic/validators/lineage-validator/validators/main-validator.test.js [2m([22m[2m11 tests[22m[2m)[22m[32m 12[2mms[22m[39m
 [32mÔ£ô[39m tests/unit/layer-graph/builders/cluster-builder.test.js [2m([22m[2m8 tests[22m[2m)[22m[32m 10[2mms[22m[39m
 [32mÔ£ô[39m tests/unit/layer-b-semantic/schema-validator/validators/risk-score.test.js [2m([22m[2m15 tests[22m[2m)[22m[32m 10[2mms[22m[39m
 [32mÔ£ô[39m tests/unit/layer-b-semantic/project-analyzer/constants.test.js [2m([22m[2m22 tests[22m[2m)[22m[32m 11[2mms[22m[39m
 [32mÔ£ô[39m tests/unit/layer-a-analysis/analyses/tier1/function-cycle-classifier/utils/metadata.test.js [2m([22m[2m1 test[22m[2m)[22m[32m 20[2mms[22m[39m
 [32mÔ£ô[39m tests/unit/layer-a-analysis/extractors/extractors-static.test.js [2m([22m[2m1 test[22m[2m)[22m[32m 8[2mms[22m[39m
 [32mÔ£ô[39m tests/unit/cli/commands/help.test.js [2m([22m[2m8 tests[22m[2m)[22m[32m 10[2mms[22m[39m
 [32mÔ£ô[39m tests/unit/cli/commands/setup.test.js [2m([22m[2m7 tests[22m[2m)[22m[32m 11[2mms[22m[39m
 [32mÔ£ô[39m tests/functional/patterns/list-results.functional.test.js [2m([22m[2m15 tests[22m[2m)[22m[32m 12[2mms[22m[39m
 [32mÔ£ô[39m tests/unit/layer-a-analysis/analyzer.test.js [2m([22m[2m1 test[22m[2m)[22m[32m 6[2mms[22m[39m
 [32mÔ£ô[39m tests/unit/layer-a-analysis/analyses/tier1/function-cycle-classifier/rules/recursion-rules.test.js [2m([22m[2m1 test[22m[2m)[22m[32m 16[2mms[22m[39m
 [32mÔ£ô[39m tests/unit/layer-a-analysis/analyses/analyses-tier1.test.js [2m([22m[2m14 tests[22m[2m)[22m[32m 12[2mms[22m[39m
 [32mÔ£ô[39m tests/unit/layer-a-static/analyses/tier3/issue-detectors/issue-detectors-index.test.js [2m([22m[2m8 tests[22m[2m)[22m[32m 11[2mms[22m[39m
 [32mÔ£ô[39m tests/unit/layer-a-analysis/query/query-group.test.js [2m([22m[2m14 tests[22m[2m)[22m[32m 10[2mms[22m[39m
 [32mÔ£ô[39m tests/unit/layer-a-static/analyses/tier3/issue-detectors/unhandled-events.test.js [2m([22m[2m8 tests[22m[2m)[22m[32m 10[2mms[22m[39m
 [32mÔ£ô[39m tests/unit/layer-a-analysis/parser/extractors/definitions.test.js [2m([22m[2m1 test[22m[2m)[22m[32m 16[2mms[22m[39m
 [32mÔ£ô[39m tests/unit/layer-b-semantic/metadata-contract/schemas/layer-a-metadata.test.js [2m([22m[2m16 tests[22m[2m)[22m[32m 12[2mms[22m[39m
 [32mÔ£ô[39m tests/unit/layer-b-semantic/inference-engine/risk-scorer.test.js [2m([22m[2m4 tests[22m[2m)[22m[32m 11[2mms[22m[39m
 [32mÔ£ô[39m tests/unit/layer-a-analysis/analyses/analyses-contract.test.js [2m([22m[2m1 test[22m[2m)[22m[32m 7[2mms[22m[39m
 [32mÔ£ô[39m tests/unit/layer-b-semantic/schema-validator/validators/side-effects.test.js [2m([22m[2m12 tests[22m[2m)[22m[32m 10[2mms[22m[39m
 [32mÔ£ô[39m tests/unit/layer-a-analysis/tier3/factors/static-complexity.test.js [2m([22m[2m1 test[22m[2m)[22m[32m 6[2mms[22m[39m
 [32mÔ£ô[39m tests/unit/layer-graph/builders/event-graph.test.js [2m([22m[2m6 tests[22m[2m)[22m[32m 9[2mms[22m[39m
 [32mÔ£ô[39m tests/unit/layer-b-semantic/validators/utils/timeout-calculator.test.js [2m([22m[2m15 tests[22m[2m)[22m[32m 12[2mms[22m[39m
 [32mÔ£ô[39m tests/unit/layer-b-semantic/project-analyzer/project-analyzer-index.test.js [2m([22m[2m8 tests[22m[2m)[22m[32m 9[2mms[22m[39m
 [32mÔ£ô[39m tests/unit/layer-c-memory/mcp/validation-utils.test.js [2m([22m[2m4 tests[22m[2m)[22m[32m 9[2mms[22m[39m
 [32mÔ£ô[39m tests/unit/layer-b-semantic/validators/lineage-validator/utils/confidence.test.js [2m([22m[2m11 tests[22m[2m)[22m[32m 10[2mms[22m[39m
 [32mÔ£ô[39m tests/unit/architecture-utils.test.js [2m([22m[2m9 tests[22m[2m)[22m[32m 8[2mms[22m[39m
 [32mÔ£ô[39m tests/unit/layer-a-analysis/parser/extractors/calls.test.js [2m([22m[2m1 test[22m[2m)[22m[32m 7[2mms[22m[39m
 [32mÔ£ô[39m tests/unit/layer-a-analysis/parser/helpers.test.js [2m([22m[2m1 test[22m[2m)[22m[32m 7[2mms[22m[39m
 [32mÔ£ô[39m tests/unit/layer-a-analysis/extractors/extractors-state-management.test.js [2m([22m[2m1 test[22m[2m)[22m[32m 9[2mms[22m[39m
 [32mÔ£ô[39m tests/unit/layer-a-analysis/resolver.test.js [2m([22m[2m1 test[22m[2m)[22m[32m 8[2mms[22m[39m
 [32mÔ£ô[39m tests/unit/layer-b-semantic/validators/lineage-validator/checks/semantic-checks.test.js [2m([22m[2m6 tests[22m[2m)[22m[32m 14[2mms[22m[39m
 [32mÔ£ô[39m tests/unit/layer-a-analysis/tier3/validators/url-validator.test.js [2m([22m[2m1 test[22m[2m)[22m[32m 6[2mms[22m[39m
 [32mÔ£ô[39m tests/unit/layer-a-analysis/extractors/utils.test.js [2m([22m[2m1 test[22m[2m)[22m[32m 12[2mms[22m[39m
 [32mÔ£ô[39m tests/unit/cli/commands/down.test.js [2m([22m[2m6 tests[22m[2m)[22m[32m 9[2mms[22m[39m
 [32mÔ£ô[39m tests/contracts/layer-a-language-adapter.contract.test.js [2m([22m[2m4 tests[22m[2m)[22m[32m 11[2mms[22m[39m
 [32mÔ£ô[39m tests/unit/layer-a-analysis/tier2/coupling.test.js [2m([22m[2m1 test[22m[2m)[22m[32m 6[2mms[22m[39m
 [32mÔ£ô[39m tests/unit/layer-a-analysis/tier3/calculators/report-generator.test.js [2m([22m[2m1 test[22m[2m)[22m[32m 9[2mms[22m[39m
 [32mÔ£ô[39m tests/unit/cli/commands/serve.test.js [2m([22m[2m8 tests[22m[2m)[22m[32m 12[2mms[22m[39m
 [32mÔ£ô[39m tests/unit/layer-a-analysis/scanner.test.js [2m([22m[2m1 test[22m[2m)[22m[32m 6[2mms[22m[39m
 [32mÔ£ô[39m tests/unit/layer-b-semantic/schema-validator/schema-validator-index.test.js [2m([22m[2m9 tests[22m[2m)[22m[32m 8[2mms[22m[39m
 [32mÔ£ô[39m tests/unit/layer-a-analysis/tier3/detectors/side-effects-detector.test.js [2m([22m[2m1 test[22m[2m)[22m[32m 15[2mms[22m[39m
 [32mÔ£ô[39m tests/unit/layer-a-analysis/parser/extractors/typescript.test.js [2m([22m[2m1 test[22m[2m)[22m[32m 15[2mms[22m[39m
 [32mÔ£ô[39m tests/unit/layer-a-analysis/parser/extractors/exports.test.js [2m([22m[2m1 test[22m[2m)[22m[32m 9[2mms[22m[39m
 [32mÔ£ô[39m tests/unit/ai/batch-analyzer.test.js [2m([22m[2m10 tests[22m[2m | [22m[33m6 skipped[39m[2m)[22m[32m 9[2mms[22m[39m
 [32mÔ£ô[39m tests/unit/config.test.js [2m([22m[2m7 tests[22m[2m)[22m[32m 7[2mms[22m[39m
 [32mÔ£ô[39m tests/unit/layer-a-analysis/extractors/extractors-data-flow.test.js [2m([22m[2m1 test[22m[2m)[22m[32m 6[2mms[22m[39m
 [32mÔ£ô[39m tests/unit/layer-a-analysis/tier3/detectors/import-detector.test.js [2m([22m[2m1 test[22m[2m)[22m[32m 6[2mms[22m[39m
 [32mÔ£ô[39m tests/unit/layer-a-analysis/layer-a-contracts.test.js [2m([22m[2m1 test[22m[2m)[22m[32m 7[2mms[22m[39m
 [32mÔ£ô[39m tests/unit/layer-a-analysis/pipeline/pipeline-group.test.js [2m([22m[2m7 tests[22m[2m)[22m[32m 7[2mms[22m[39m
 [32mÔ£ô[39m tests/unit/layer-a-analysis/tier3/calculators/severity-calculator.test.js [2m([22m[2m1 test[22m[2m)[22m[32m 6[2mms[22m[39m
 [32mÔ£ô[39m tests/unit/layer-a-analysis/tier3/detectors/broken-connections-detector.test.js [2m([22m[2m1 test[22m[2m)[22m[32m 7[2mms[22m[39m
 [32mÔ£ô[39m tests/unit/layer-a-analysis/analyses/tier1/function-cycle-classifier/rules/complexity-rules.test.js [2m([22m[2m1 test[22m[2m)[22m[32m 6[2mms[22m[39m
 [32mÔ£ô[39m tests/unit/layer-a-analysis/extractors/extractors-css-in-js.test.js [2m([22m[2m1 test[22m[2m)[22m[32m 7[2mms[22m[39m
 [32mÔ£ô[39m tests/unit/layer-a-analysis/tier3/scorers/RiskScorer.test.js [2m([22m[2m1 test[22m[2m)[22m[32m 52[2mms[22m[39m
 [32mÔ£ô[39m tests/unit/layer-a-analysis/layer-a-integration.test.js [2m([22m[2m1 test[22m[2m)[22m[32m 9[2mms[22m[39m
 [32mÔ£ô[39m tests/unit/layer-a-analysis/storage/storage-group.test.js [2m([22m[2m6 tests[22m[2m)[22m[32m 7[2mms[22m[39m
 [32mÔ£ô[39m tests/unit/layer-a-analysis/tier1/hotspots.test.js [2m([22m[2m1 test[22m[2m)[22m[32m 6[2mms[22m[39m
 [32mÔ£ô[39m tests/unit/layer-a-analysis/tier3/utils/name-utils.test.js [2m([22m[2m1 test[22m[2m)[22m[32m 7[2mms[22m[39m
 [32mÔ£ô[39m tests/unit/layer-a-analysis/tier3/factors/semantic-score.test.js [2m([22m[2m1 test[22m[2m)[22m[32m 6[2mms[22m[39m
 [32mÔ£ô[39m tests/unit/layer-a-analysis/tier3/contract/tier3-contract.test.js [2m([22m[2m1 test[22m[2m)[22m[32m 7[2mms[22m[39m
 [32mÔ£ô[39m tests/unit/layer-a-analysis/tier3/factors/hotspot-score.test.js [2m([22m[2m1 test[22m[2m)[22m[32m 6[2mms[22m[39m
 [32mÔ£ô[39m tests/unit/layer-a-analysis/analyses/V2_ALGORITHMS_PROPOSAL.test.js [2m([22m[2m1 test[22m[2m)[22m[32m 7[2mms[22m[39m
 [32mÔ£ô[39m tests/unit/layer-b-semantic/validators/lineage-validator/lineage-validator-index.test.js [2m([22m[2m8 tests[22m[2m)[22m[32m 6[2mms[22m[39m
 [32mÔ£ô[39m tests/unit/layer-c-memory/mcp/atomic-edit-post-validation.test.js [2m([22m[2m8 tests[22m[2m)[22m[32m 47[2mms[22m[39m
 [32mÔ£ô[39m tests/unit/layer-a-analysis/tier3/detectors/duplicate-detector.test.js [2m([22m[2m1 test[22m[2m)[22m[32m 7[2mms[22m[39m
 [32mÔ£ô[39m tests/unit/layer-a-analysis/parser/parser-contract.test.js [2m([22m[2m1 test[22m[2m)[22m[32m 8[2mms[22m[39m
 [32mÔ£ô[39m tests/unit/layer-a-analysis/extractors/comprehensive-extractor.test.js [2m([22m[2m1 test[22m[2m)[22m[32m 7[2mms[22m[39m
 [32mÔ£ô[39m tests/unit/layer-a-analysis/tier3/calculators/score-calculator.test.js [2m([22m[2m1 test[22m[2m)[22m[32m 38[2mms[22m[39m
 [32mÔ£ô[39m tests/unit/layer-a-analysis/tier3/detectors/worker-detector.test.js [2m([22m[2m1 test[22m[2m)[22m[32m 6[2mms[22m[39m
 [32mÔ£ô[39m tests/unit/layer-a-analysis/extractors/extractors-metadata.test.js [2m([22m[2m1 test[22m[2m)[22m[32m 8[2mms[22m[39m
 [32mÔ£ô[39m tests/unit/layer-a-analysis/extractors/extractors-typescript.test.js [2m([22m[2m1 test[22m[2m)[22m[32m 12[2mms[22m[39m
 [32mÔ£ô[39m tests/unit/layer-a-analysis/tier3/detectors/shared-state-detector.test.js [2m([22m[2m1 test[22m[2m)[22m[32m 8[2mms[22m[39m
 [32mÔ£ô[39m tests/unit/layer-a-analysis/tier3/factors/coupling-score.test.js [2m([22m[2m1 test[22m[2m)[22m[32m 8[2mms[22m[39m
 [32mÔ£ô[39m tests/unit/layer-a-analysis/analyses/helpers.test.js [2m([22m[2m1 test[22m[2m)[22m[32m 10[2mms[22m[39m
 [32mÔ£ô[39m tests/functional/validators.functional.test.js [2m([22m[2m4 tests[22m[2m)[22m[32m 6[2mms[22m[39m
 [32mÔ£ô[39m tests/unit/layer-a-analysis/tier3/factors/side-effect-score.test.js [2m([22m[2m1 test[22m[2m)[22m[32m 7[2mms[22m[39m
 [32mÔ£ô[39m tests/unit/layer-a-analysis/indexer.test.js [2m([22m[2m1 test[22m[2m)[22m[32m 7[2mms[22m[39m
 [32mÔ£ô[39m tests/unit/layer-a-analysis/analyses/tier1/function-cycle-classifier/extractors/metadata-extractor.test.js [2m([22m[2m1 test[22m[2m)[22m[32m 7[2mms[22m[39m
 [32mÔ£ô[39m tests/unit/layer-a-analysis/extractors/extractors-comprehensive.test.js [2m([22m[2m1 test[22m[2m)[22m[32m 8[2mms[22m[39m
 [32mÔ£ô[39m tests/unit/layer-a-analysis/tier3/detectors/event-detector.test.js [2m([22m[2m1 test[22m[2m)[22m[32m 7[2mms[22m[39m
 [32mÔ£ô[39m tests/unit/layer-a-analysis/extractors/extractors-group2.test.js [2m([22m[2m2 tests[22m[2m)[22m[32m 9[2mms[22m[39m
ÔØî No grammar for 
 [32mÔ£ô[39m tests/unit/layer-a-analysis/parser/parser.test.js [2m([22m[2m2 tests[22m[2m)[22m[32m 6[2mms[22m[39m
 [32mÔ£ô[39m tests/unit/layer-a-analysis/tier3/utils/issue-utils.test.js [2m([22m[2m1 test[22m[2m)[22m[32m 8[2mms[22m[39m
 [32mÔ£ô[39m tests/unit/layer-a-analysis/extractors/extractors-communication.test.js [2m([22m[2m1 test[22m[2m)[22m[32m 4[2mms[22m[39m
 [32mÔ£ô[39m tests/unit/layer-a-analysis/analyses/analyses-tier2.test.js [2m([22m[2m1 test[22m[2m)[22m[32m 4[2mms[22m[39m
 [32mÔ£ô[39m tests/unit/layer-a-analysis/analyses/analyses-tier3.test.js [2m([22m[2m1 test[22m[2m)[22m[32m 4[2mms[22m[39m
 [32mÔ£ô[39m tests/unit/layer-a-analysis/graph/graph-system.test.js [2m([22m[2m2 tests[22m[2m)[22m[32m 6[2mms[22m[39m
[90mstderr[2m | tests/unit/cli/commands/c
heck.real.test.js[2m > [22m[2mcheck 
(Real Factories)[2m > [22m[2mcalls 
process.exit with exitCode from logic
[22m[39m
Error: No file specified!

Usage: omnysystem check <file-path>
   Example: omnysystem check src/api.js


 [31mÔØ»[39m tests/unit/cli/commands/check.real.test.js [2m([22m[2m11 tests[22m[2m | [22m[31m5 failed[39m[2m)[22m[33m 67503[2mms[22m[39m
       [32mÔ£ô[39m returns error when no filePath provided[32m 5[2mms[22m[39m
       [32mÔ£ô[39m returns error when filePath is empty string[32m 2[2mms[22m[39m
[31m       [31m├ù[31m returns error when no analysis data exists[39m[33m 10178[2mms[22m[39m[33m (retry x1)[39m
       [33m[2mÔ£ô[22m[39m returns error when file not found in system map [33m 4875[2mms[22m[39m
[31m       [31m├ù[31m returns file data when file exists in system map[39m[33m 10440[2mms[22m[39m[33m (retry x1)[39m
[31m       [31m├ù[31m includes semantic connections in output[39m[33m 10276[2mms[22m[39m[33m (retry x1)[39m
[31m       [31m├ù[31m includes side effects in output[39m[33m 15767[2mms[22m[39m[33m (retry x1)[39m
[31m       [31m├ù[31m handles path normalization[39m[33m 11616[2mms[22m[39m[33m (retry x1)[39m
       [33m[2mÔ£ô[22m[39m handles errors gracefully [33m 4271[2mms[22m[39m
     [32mÔ£ô[39m exports check function[32m 0[2mms[22m[39m
     [32mÔ£ô[39m calls process.exit with exitCode from logic[32m 69[2mms[22m[39m

[31mÔÄ»ÔÄ»ÔÄ»ÔÄ»ÔÄ»ÔÄ»[39m[1m[41m 
Failed Suites 10 
[49m[22m[31mÔÄ»ÔÄ»ÔÄ»ÔÄ»ÔÄ»ÔÄ»[39m

[41m[1m FAIL [22m[49m tests/functional/
comprehensive-extractor.functional.test.js
[2m [ tests/functional/comprehensive-extrac
tor.functional.test.js ][22m
[31m[1mError[22m: Cannot find module '#l
ayer-a/extractors/comprehensive-extractor/i
ndex.js' imported from 'C:/Dev/OmnySystem/t
ests/functional/comprehensive-extractor.fun
ctional.test.js'[39m
[36m [2mÔØ»[22m tests/functional/compreh
ensive-extractor.functional.test.js:[2m10:
1[22m[39m
    [90m  8| [39m
    [90m  9| [39m[35mimport[39m { 
describe[33m,[39m it[33m,[39m expect } 
[35mfrom[39m 
[32m'vitest'[39m[33m;[39m
    [90m 10| [39m[35mimport[39m {
    [90m   | [39m[31m^[39m
    [90m 11| [39m  
[33mComprehensiveExtractor[39m[33m,[39m
    [90m 12| [39m  
createExtractor[33m,[39m

[31m[2mÔÄ»ÔÄ»ÔÄ»ÔÄ»ÔÄ»ÔÄ»ÔÄ»ÔÄ»ÔÄ»ÔÄ»ÔÄ»Ô
Ä»ÔÄ»ÔÄ»ÔÄ»ÔÄ»ÔÄ»ÔÄ»ÔÄ»ÔÄ»ÔÄ»ÔÄ»[1/176]ÔÄ»
[22m[39m

[41m[1m FAIL [22m[49m tests/integration
/layer-a/analyzer-flow.test.js[2m [ tests/
integration/layer-a/analyzer-flow.test.js 
][22m
[41m[1m FAIL [22m[49m tests/integration
/layer-a/integration-contracts.test.js[2m 
[ tests/integration/layer-a/integration-con
tracts.test.js ][22m
[31m[1mError[22m: Cannot find module 
'./builders.js' imported from 'C:/Dev/OmnyS
ystem/tests/factories/graph-test/scenarios.
js'[39m
[36m [2mÔØ»[22m tests/factories/graph-te
st/scenarios.js:[2m5:1[22m[39m
    [90m  3| [39m */[39m
    [90m  4| [39m
    [90m  5| [39m[35mimport[39m { 
[33mGraphBuilder[39m } [35mfrom[39m 
[32m'./builders.js'[39m[33m;[39m
    [90m   | [39m[31m^[39m
    [90m  6| [39m
    [90m  7| [39m[35mexport[39m 
[35mconst[39m [33mGraphScenarios[39m 
[33m=[39m {
[90m [2mÔØ»[22m tests/factories/graph-te
st.factory.js:[2m12:1[22m[39m

[31m[2mÔÄ»ÔÄ»ÔÄ»ÔÄ»ÔÄ»ÔÄ»ÔÄ»ÔÄ»ÔÄ»ÔÄ»ÔÄ»Ô
Ä»ÔÄ»ÔÄ»ÔÄ»ÔÄ»ÔÄ»ÔÄ»ÔÄ»ÔÄ»ÔÄ»ÔÄ»[2/176]ÔÄ»
[22m[39m

[41m[1m FAIL [22m[49m tests/unit/layer-
a-analysis/extractors/extractors-atomic.tes
t.js[2m [ tests/unit/layer-a-analysis/extr
actors/extractors-atomic.test.js ][22m
[31m[1mError[22m: Cannot find module 
'#layer-a/extractors/atomic/index.js' 
imported from 'C:/Dev/OmnySystem/tests/unit
/layer-a-analysis/extractors/extractors-ato
mic.test.js'[39m
[36m [2mÔØ»[22m tests/unit/layer-a-analy
sis/extractors/extractors-atomic.test.js:[
2m6:1[22m[39m
    [90m  4| [39m
    [90m  5| [39m[35mimport[39m { 
describe[33m,[39m it[33m,[39m expect } 
[35mfrom[39m 
[32m'vitest'[39m[33m;[39m
    [90m  6| [39m[35mimport[39m 
[33m*[39m [35mas[39m atomic 
[35mfrom[39m [32m'#layer-a/extractors/at
omic/index.js'[39m[33m;[39m
    [90m   | [39m[31m^[39m
    [90m  7| [39m
    [90m  8| 
[39m[34mdescribe[39m([32m'Atomic 
Extractors'[39m[33m,[39m () 
[33m=>[39m {

[31m[2mÔÄ»ÔÄ»ÔÄ»ÔÄ»ÔÄ»ÔÄ»ÔÄ»ÔÄ»ÔÄ»ÔÄ»ÔÄ»Ô
Ä»ÔÄ»ÔÄ»ÔÄ»ÔÄ»ÔÄ»ÔÄ»ÔÄ»ÔÄ»ÔÄ»ÔÄ»[3/176]ÔÄ»
[22m[39m

[41m[1m FAIL [22m[49m tests/unit/layer-
a-analysis/extractors/extractors-group1.tes
t.js[2m [ tests/unit/layer-a-analysis/extr
actors/extractors-group1.test.js ][22m
[31m[1mError[22m: Cannot find module 
'#layer-a/extractors/atomic/index.js' 
imported from 'C:/Dev/OmnySystem/tests/unit
/layer-a-analysis/extractors/extractors-gro
up1.test.js'[39m
[36m [2mÔØ»[22m tests/unit/layer-a-analy
sis/extractors/extractors-group1.test.js:[
2m6:1[22m[39m
    [90m  4| [39m
    [90m  5| [39m[35mimport[39m { 
describe[33m,[39m it[33m,[39m expect } 
[35mfrom[39m 
[32m'vitest'[39m[33m;[39m
    [90m  6| [39m[35mimport[39m 
[33m*[39m [35mas[39m atomic 
[35mfrom[39m [32m'#layer-a/extractors/at
omic/index.js'[39m[33m;[39m
    [90m   | [39m[31m^[39m
    [90m  7| [39m
    [90m  8| 
[39m[34mdescribe[39m([32m'Extractors - 
Funciones y m├®todos'[39m[33m,[39m () 
[33m=>[39m {

[31m[2mÔÄ»ÔÄ»ÔÄ»ÔÄ»ÔÄ»ÔÄ»ÔÄ»ÔÄ»ÔÄ»ÔÄ»ÔÄ»Ô
Ä»ÔÄ»ÔÄ»ÔÄ»ÔÄ»ÔÄ»ÔÄ»ÔÄ»ÔÄ»ÔÄ»ÔÄ»[4/176]ÔÄ»
[22m[39m

[41m[1m FAIL [22m[49m tests/unit/layer-
a-static/parser/parser-config.test.js[2m 
[ tests/unit/layer-a-static/parser/parser-c
onfig.test.js ][22m
[31m[1mError[22m: Cannot find module 
'#layer-a/parser/config.js' imported from '
C:/Dev/OmnySystem/tests/unit/layer-a-static
/parser/parser-config.test.js'[39m
[36m [2mÔØ»[22m tests/unit/layer-a-stati
c/parser/parser-config.test.js:[2m15:1[22
m[39m
    [90m 13| [39m
    [90m 14| [39m[35mimport[39m { 
describe[33m,[39m test[33m,[39m expect 
} [35mfrom[39m 
[32m'vitest'[39m[33m;[39m
    [90m 15| [39mimport { 
getBabelPlugins, getParserOptions } from 
'#layer-a/parser/conÔÇª
    [90m   | [39m[31m^[39m
    [90m 16| [39m[35mimport[39m { 
parse } [35mfrom[39m 
[32m'@babel/parser'[39m[33m;[39m
    [90m 17| [39m

[31m[2mÔÄ»ÔÄ»ÔÄ»ÔÄ»ÔÄ»ÔÄ»ÔÄ»ÔÄ»ÔÄ»ÔÄ»ÔÄ»Ô
Ä»ÔÄ»ÔÄ»ÔÄ»ÔÄ»ÔÄ»ÔÄ»ÔÄ»ÔÄ»ÔÄ»ÔÄ»[5/176]ÔÄ»
[22m[39m

[41m[1m FAIL [22m[49m tests/unit/layer-
c-memory/mcp/impact-map.test.js[2m [ tests
/unit/layer-c-memory/mcp/impact-map.test.js
 ][22m
[31m[1mError[22m: Cannot find module 
'#layer-c/mcp/tools/impact-map.js' 
imported from 'C:/Dev/OmnySystem/tests/unit
/layer-c-memory/mcp/impact-map.test.js'[39
m
[36m [2mÔØ»[22m tests/unit/layer-c-memor
y/mcp/impact-map.test.js:[2m10:1[22m[39m
    [90m  8| [39m[35mimport[39m path 
[35mfrom[39m [32m'path'[39m[33m;[39m
    [90m  9| [39m[35mimport[39m os 
[35mfrom[39m [32m'os'[39m[33m;[39m
    [90m 10| [39m[35mimport[39m { 
get_impact_map } [35mfrom[39m [32m'#laye
r-c/mcp/tools/impact-map.js'[39m[33m;[39
m
    [90m   | [39m[31m^[39m
    [90m 11| [39m
    [90m 12| [39m[34mdescribe[39m([32m
'get_impact_map'[39m[33m,[39m () 
[33m=>[39m {

[31m[2mÔÄ»ÔÄ»ÔÄ»ÔÄ»ÔÄ»ÔÄ»ÔÄ»ÔÄ»ÔÄ»ÔÄ»ÔÄ»Ô
Ä»ÔÄ»ÔÄ»ÔÄ»ÔÄ»ÔÄ»ÔÄ»ÔÄ»ÔÄ»ÔÄ»ÔÄ»[6/176]ÔÄ»
[22m[39m

[41m[1m FAIL [22m[49m tests/unit/layer-
c-memory/mcp/risk-assessment.test.js[2m [ 
tests/unit/layer-c-memory/mcp/risk-assessme
nt.test.js ][22m
[31m[1mError[22m: Cannot find module 
'#layer-c/mcp/tools/risk.js' imported from 
'C:/Dev/OmnySystem/tests/unit/layer-c-memor
y/mcp/risk-assessment.test.js'[39m
[36m [2mÔØ»[22m tests/unit/layer-c-memor
y/mcp/risk-assessment.test.js:[2m10:1[22m
[39m
    [90m  8| [39m[35mimport[39m path 
[35mfrom[39m [32m'path'[39m[33m;[39m
    [90m  9| [39m[35mimport[39m os 
[35mfrom[39m [32m'os'[39m[33m;[39m
    [90m 10| [39m[35mimport[39m { 
get_risk_assessment } [35mfrom[39m [32m'
#layer-c/mcp/tools/risk.js'[39m[33m;[39m
    [90m   | [39m[31m^[39m
    [90m 11| [39m
    [90m 12| [39m[34mdescribe[39m([32m
'get_risk_assessment'[39m[33m,[39m () 
[33m=>[39m {

[31m[2mÔÄ»ÔÄ»ÔÄ»ÔÄ»ÔÄ»ÔÄ»ÔÄ»ÔÄ»ÔÄ»ÔÄ»ÔÄ»Ô
Ä»ÔÄ»ÔÄ»ÔÄ»ÔÄ»ÔÄ»ÔÄ»ÔÄ»ÔÄ»ÔÄ»ÔÄ»[7/176]ÔÄ»
[22m[39m

[41m[1m FAIL [22m[49m tests/unit/layer-
c-memory/mcp/search-files.test.js[2m [ tes
ts/unit/layer-c-memory/mcp/search-files.tes
t.js ][22m
[31m[1mError[22m: Cannot find module 
'#layer-c/mcp/tools/search.js' imported 
from 'C:/Dev/OmnySystem/tests/unit/layer-c-
memory/mcp/search-files.test.js'[39m
[36m [2mÔØ»[22m tests/unit/layer-c-memor
y/mcp/search-files.test.js:[2m10:1[22m[3
9m
    [90m  8| [39m[35mimport[39m path 
[35mfrom[39m [32m'path'[39m[33m;[39m
    [90m  9| [39m[35mimport[39m os 
[35mfrom[39m [32m'os'[39m[33m;[39m
    [90m 10| [39m[35mimport[39m { 
search_files } [35mfrom[39m [32m'#layer-
c/mcp/tools/search.js'[39m[33m;[39m
    [90m   | [39m[31m^[39m
    [90m 11| [39m
    [90m 12| [39m[34mdescribe[39m([32m
'search_files'[39m[33m,[39m () 
[33m=>[39m {

[31m[2mÔÄ»ÔÄ»ÔÄ»ÔÄ»ÔÄ»ÔÄ»ÔÄ»ÔÄ»ÔÄ»ÔÄ»ÔÄ»Ô
Ä»ÔÄ»ÔÄ»ÔÄ»ÔÄ»ÔÄ»ÔÄ»ÔÄ»ÔÄ»ÔÄ»ÔÄ»[8/176]ÔÄ»
[22m[39m

[41m[1m FAIL [22m[49m tests/unit/layer-
c-memory/storage/repository/adapters/sqlite
-bulk-operations.test.js[2m [ tests/unit/l
ayer-c-memory/storage/repository/adapters/s
qlite-bulk-operations.test.js ][22m
[31m[1mTypeError[22m: Class extends 
value undefined is not a constructor or 
null[39m
[36m [2mÔØ»[22m src/layer-c-memory/stora
ge/repository/adapters/sqlite-adapter.js:[
2m42:36[22m[39m
    [90m 40| [39m *             ÔåÆ 
AtomRepository
    [90m 41| [39m */[39m
    [90m 42| [39m[35mexport[39m 
[35mclass[39m [33mSQLiteAdapter[39m 
[35mextends[39m 
[33mSQLiteBulkOperations[39m {
    [90m   | [39m                        
           [31m^[39m
    [90m 43| [39m  // No se necesita 
c├│digo adicional, hereda todo de 
SQLiteBulkOperatiÔÇª
    [90m 44| [39m  [90m// La API 
p├║blica se mantiene id├®ntica:[39m
[90m [2mÔØ»[22m src/layer-c-memory/stora
ge/repository/index.js:[2m14:1[22m[39m
[90m [2mÔØ»[22m src/shared/compiler/help
er-reuse-detector.js:[2m10:1[22m[39m

[31m[2mÔÄ»ÔÄ»ÔÄ»ÔÄ»ÔÄ»ÔÄ»ÔÄ»ÔÄ»ÔÄ»ÔÄ»ÔÄ»Ô
Ä»ÔÄ»ÔÄ»ÔÄ»ÔÄ»ÔÄ»ÔÄ»ÔÄ»ÔÄ»ÔÄ»ÔÄ»[9/176]ÔÄ»
[22m[39m


[31mÔÄ»ÔÄ»ÔÄ»ÔÄ»ÔÄ»ÔÄ»[39m[1m[41m 
Failed Tests 83 
[49m[22m[31mÔÄ»ÔÄ»ÔÄ»ÔÄ»ÔÄ»ÔÄ»ÔÄ»[39m

[41m[1m FAIL [22m[49m 
tests/cache-invalidator.test.js[2m > 
[22mCacheInvalidator[2m > 
[22minvalidateSync[2m > [22mshould 
invalidate cache in less than 50ms
[41m[1m FAIL [22m[49m 
tests/cache-invalidator.test.js[2m > 
[22mCacheInvalidator[2m > 
[22minvalidateSync[2m > [22mshould 
invalidate cache in less than 50ms
[31m[1mAssertionError[22m: expected { 
test: 'data' } to be null[39m

[32m- Expected:[39m 
null

[31m+ Received:[39m 
{
  "test": "data",
}

[36m [2mÔØ»[22m tests/cache-invalidator.
test.js:[2m68:56[22m[39m
    [90m 66| [39m      [34mexpect[39m(r
esult[33m.[39msuccess)[33m.[39m[34mtoB
e[39m([35mtrue[39m)[33m;[39m
    [90m 67| [39m      [34mexpect[39m(d
uration)[33m.[39m[34mtoBeLessThan[39m(
[34m50[39m)[33m;[39m
    [90m 68| [39m      [34mexpect[39m(c
acheManager[33m.[39m[35mget[39m([32m`a
nalysis:[39m[36m${[39mfilePath[36m}[39
m[32m`[39m))[33m.[39m[34mtoBeNull[39m
()[33m;[39m
    [90m   | [39m                        
                               [31m^[39m
    [90m 69| [39m      [34mexpect[39m(c
acheManager[33m.[39mindex[33m.[39mentri
es[filePath])[33m.[39m[34mtoBeUndefined
[39m()[33m;[39m
    [90m 70| [39m    })[33m;[39m

[31m[2mÔÄ»ÔÄ»ÔÄ»ÔÄ»ÔÄ»ÔÄ»ÔÄ»ÔÄ»ÔÄ»ÔÄ»ÔÄ»Ô
Ä»ÔÄ»ÔÄ»ÔÄ»ÔÄ»ÔÄ»ÔÄ»ÔÄ»ÔÄ»ÔÄ»[10/176]ÔÄ»[2
2m[39m

[41m[1m FAIL [22m[49m 
tests/cache-invalidator.test.js[2m > 
[22mCacheInvalidator[2m > 
[22minvalidateMultiple[2m > [22mshould 
invalidate multiple files efficiently
[41m[1m FAIL [22m[49m 
tests/cache-invalidator.test.js[2m > 
[22mCacheInvalidator[2m > 
[22minvalidateMultiple[2m > [22mshould 
invalidate multiple files efficiently
[31m[1mAssertionError[22m: expected { 
test: 'src/a.js' } to be null[39m

[32m- Expected:[39m 
null

[31m+ Received:[39m 
{
  "test": "src/a.js",
}

[36m [2mÔØ»[22m tests/cache-invalidator.
test.js:[2m204:51[22m[39m
    [90m202| [39m      
    [90m203| [39m      [35mfor[39m 
([35mconst[39m f [35mof[39m files) {
    [90m204| [39m        [34mexpect[39m
(cacheManager[33m.[39m[35mget[39m([32m
`analysis:[39m[36m${[39mf[36m}[39m[32
m`[39m))[33m.[39m[34mtoBeNull[39m()[3
3m;[39m
    [90m   | [39m                        
                          [31m^[39m
    [90m205| [39m      }
    [90m206| [39m    })[33m;[39m

[31m[2mÔÄ»ÔÄ»ÔÄ»ÔÄ»ÔÄ»ÔÄ»ÔÄ»ÔÄ»ÔÄ»ÔÄ»ÔÄ»Ô
Ä»ÔÄ»ÔÄ»ÔÄ»ÔÄ»ÔÄ»ÔÄ»ÔÄ»ÔÄ»ÔÄ»[11/176]ÔÄ»[2
2m[39m

[41m[1m FAIL [22m[49m 
tests/cache-invalidator.test.js[2m > 
[22mCacheInvalidator[2m > 
[22mConcurrency[2m > [22mshould handle 
concurrent invalidations of different files
[41m[1m FAIL [22m[49m 
tests/cache-invalidator.test.js[2m > 
[22mCacheInvalidator[2m > 
[22mConcurrency[2m > [22mshould handle 
concurrent invalidations of different files
[31m[1mAssertionError[22m: expected { 
data: 'src/a.js' } to be null[39m

[32m- Expected:[39m 
null

[31m+ Received:[39m 
{
  "data": "src/a.js",
}

[36m [2mÔØ»[22m tests/cache-invalidator.
test.js:[2m301:51[22m[39m
    [90m299| [39m      
    [90m300| [39m      [35mfor[39m 
([35mconst[39m f [35mof[39m files) {
    [90m301| [39m        [34mexpect[39m
(cacheManager[33m.[39m[35mget[39m([32m
`analysis:[39m[36m${[39mf[36m}[39m[32
m`[39m))[33m.[39m[34mtoBeNull[39m()[3
3m;[39m
    [90m   | [39m                        
                          [31m^[39m
    [90m302| [39m      }
    [90m303| [39m    })[33m;[39m

[31m[2mÔÄ»ÔÄ»ÔÄ»ÔÄ»ÔÄ»ÔÄ»ÔÄ»ÔÄ»ÔÄ»ÔÄ»ÔÄ»Ô
Ä»ÔÄ»ÔÄ»ÔÄ»ÔÄ»ÔÄ»ÔÄ»ÔÄ»ÔÄ»ÔÄ»[12/176]ÔÄ»[2
2m[39m

[41m[1m FAIL [22m[49m 
tests/cache-invalidator.test.js[2m > 
[22mCacheInvalidator[2m > 
[22mConcurrency[2m > [22mshould handle 
concurrent invalidations of same file 
gracefully
[41m[1m FAIL [22m[49m 
tests/cache-invalidator.test.js[2m > 
[22mCacheInvalidator[2m > 
[22mConcurrency[2m > [22mshould handle 
concurrent invalidations of same file 
gracefully
[31m[1mAssertionError[22m: expected { 
data: 'test' } to be null[39m

[32m- Expected:[39m 
null

[31m+ Received:[39m 
{
  "data": "test",
}

[36m [2mÔØ»[22m tests/cache-invalidator.
test.js:[2m322:26[22m[39m
    [90m320| [39m      [90m// El 
resultado final debe ser consistente[39m
    [90m321| [39m      [35mconst[39m 
finalState [33m=[39m cacheManager[33m.[
39m[35mget[39m([32m`analysis:[39m[36m$
{[39mfilePath[36m}[39m[32m`[39m)[33m;
[39m
    [90m322| [39m      [34mexpect[39m(f
inalState)[33m.[39m[34mtoBeNull[39m()[
33m;[39m
    [90m   | [39m                        
 [31m^[39m
    [90m323| [39m    })[33m;[39m
    [90m324| [39m  })[33m;[39m

[31m[2mÔÄ»ÔÄ»ÔÄ»ÔÄ»ÔÄ»ÔÄ»ÔÄ»ÔÄ»ÔÄ»ÔÄ»ÔÄ»Ô
Ä»ÔÄ»ÔÄ»ÔÄ»ÔÄ»ÔÄ»ÔÄ»ÔÄ»ÔÄ»ÔÄ»[13/176]ÔÄ»[2
2m[39m

[41m[1m FAIL [22m[49m 
tests/cache-invalidator.test.js[2m > 
[22mCacheInvalidator[2m > [22mStatus 
and Stats[2m > [22mshould report correct 
status for cached file
[41m[1m FAIL [22m[49m 
tests/cache-invalidator.test.js[2m > 
[22mCacheInvalidator[2m > [22mStatus 
and Stats[2m > [22mshould report correct 
status for cached file
[31m[1mAssertionError[22m: expected 
false to be true // Object.is equality[39m

[32m- Expected[39m
[31m+ Received[39m

[32m- true[39m
[31m+ false[39m

[36m [2mÔØ»[22m tests/cache-invalidator.
test.js:[2m338:28[22m[39m
    [90m336| [39m      
    [90m337| [39m      [34mexpect[39m(s
tatus[33m.[39mfilePath)[33m.[39m[34mto
Be[39m(filePath)[33m;[39m
    [90m338| [39m      [34mexpect[39m(s
tatus[33m.[39minRam)[33m.[39m[34mtoBe
[39m([35mtrue[39m)[33m;[39m
    [90m   | [39m                        
   [31m^[39m
    [90m339| [39m      [34mexpect[39m(s
tatus[33m.[39minIndex)[33m.[39m[34mtoB
e[39m([35mtrue[39m)[33m;[39m
    [90m340| [39m    })[33m;[39m

[31m[2mÔÄ»ÔÄ»ÔÄ»ÔÄ»ÔÄ»ÔÄ»ÔÄ»ÔÄ»ÔÄ»ÔÄ»ÔÄ»Ô
Ä»ÔÄ»ÔÄ»ÔÄ»ÔÄ»ÔÄ»ÔÄ»ÔÄ»ÔÄ»ÔÄ»[14/176]ÔÄ»[2
2m[39m

[41m[1m FAIL [22m[49m 
tests/cache-invalidator.test.js[2m > 
[22mCacheInvalidator[2m > 
[22mIntegration Tests[2m > [22mshould 
invalidate and allow re-analysis
[31m[1mAssertionError[22m: expected { 
imports: [], ÔÇª(2) } to be null[39m

[32m- Expected:[39m 
null

[31m+ Received:[39m 
{
  "analyzedAt": 1773797767454,
  "exports": [
    "test",
  ],
  "imports": [],
}

[36m [2mÔØ»[22m tests/cache-invalidator.
test.js:[2m377:56[22m[39m
    [90m375| [39m      
    [90m376| [39m      [90m// 3. 
Verificar que no est├í en cach├®[39m
    [90m377| [39m      [34mexpect[39m(c
acheManager[33m.[39m[35mget[39m([32m`a
nalysis:[39m[36m${[39mfilePath[36m}[39
m[32m`[39m))[33m.[39m[34mtoBeNull[39m
()[33m;[39m
    [90m   | [39m                        
                               [31m^[39m
    [90m378| [39m      
    [90m379| [39m      [90m// 4. 
Simular re-an├ílisis (agregar nuevo 
dato)[39m

[31m[2mÔÄ»ÔÄ»ÔÄ»ÔÄ»ÔÄ»ÔÄ»ÔÄ»ÔÄ»ÔÄ»ÔÄ»ÔÄ»Ô
Ä»ÔÄ»ÔÄ»ÔÄ»ÔÄ»ÔÄ»ÔÄ»ÔÄ»ÔÄ»ÔÄ»[15/176]ÔÄ»[2
2m[39m

[41m[1m FAIL [22m[49m 
tests/cache-invalidator.test.js[2m > 
[22mCacheInvalidator[2m > 
[22mIntegration Tests[2m > [22mshould 
invalidate and allow re-analysis
[31m[1mAssertionError[22m: expected { 
imports: [], ÔÇª(2) } to be null[39m

[32m- Expected:[39m 
null

[31m+ Received:[39m 
{
  "analyzedAt": 1773797767458,
  "exports": [
    "test",
  ],
  "imports": [],
}

[36m [2mÔØ»[22m tests/cache-invalidator.
test.js:[2m377:56[22m[39m
    [90m375| [39m      
    [90m376| [39m      [90m// 3. 
Verificar que no est├í en cach├®[39m
    [90m377| [39m      [34mexpect[39m(c
acheManager[33m.[39m[35mget[39m([32m`a
nalysis:[39m[36m${[39mfilePath[36m}[39
m[32m`[39m))[33m.[39m[34mtoBeNull[39m
()[33m;[39m
    [90m   | [39m                        
                               [31m^[39m
    [90m378| [39m      
    [90m379| [39m      [90m// 4. 
Simular re-an├ílisis (agregar nuevo 
dato)[39m

[31m[2mÔÄ»ÔÄ»ÔÄ»ÔÄ»ÔÄ»ÔÄ»ÔÄ»ÔÄ»ÔÄ»ÔÄ»ÔÄ»Ô
Ä»ÔÄ»ÔÄ»ÔÄ»ÔÄ»ÔÄ»ÔÄ»ÔÄ»ÔÄ»ÔÄ»[16/176]ÔÄ»[2
2m[39m

[41m[1m FAIL [22m[49m tests/contracts/p
attern-detection.contract.test.js[2m > 
[22m'HotspotsDetector': Structure 
Contract[2m > [22mmust return 
DetectionResult from detect()
[41m[1m FAIL [22m[49m tests/contracts/p
attern-detection.contract.test.js[2m > 
[22m'HotspotsDetector': Structure 
Contract[2m > [22mmust return 
DetectionResult from detect()
[31m[1mAssertionError[22m: expected { 
detector: 'hotspots', ÔÇª(3) } to have 
property "name"[39m
[36m [2mÔØ»[22m tests/contracts/pattern-
detection.contract.test.js:[2m54:20[22m[
39m
    [90m 52| [39m    
    [90m 53| [39m    [34mexpect[39m(res
ult)[33m.[39m[34mtoHaveProperty[39m([3
2m'detector'[39m)[33m;[39m
    [90m 54| [39m    [34mexpect[39m(res
ult)[33m.[39m[34mtoHaveProperty[39m([3
2m'name'[39m)[33m;[39m
    [90m   | [39m                   
[31m^[39m
    [90m 55| [39m    [34mexpect[39m(res
ult)[33m.[39m[34mtoHaveProperty[39m([3
2m'description'[39m)[33m;[39m
    [90m 56| [39m    [34mexpect[39m(res
ult)[33m.[39m[34mtoHaveProperty[39m([3
2m'findings'[39m)[33m;[39m

[31m[2mÔÄ»ÔÄ»ÔÄ»ÔÄ»ÔÄ»ÔÄ»ÔÄ»ÔÄ»ÔÄ»ÔÄ»ÔÄ»Ô
Ä»ÔÄ»ÔÄ»ÔÄ»ÔÄ»ÔÄ»ÔÄ»ÔÄ»ÔÄ»ÔÄ»[17/176]ÔÄ»[2
2m[39m

[41m[1m FAIL [22m[49m tests/examples/re
al-factory-example.test.js[2m > [22mReal 
Factories Examples[2m > 
[22mProjectFactory[2m > [22mshould 
create simple project
[41m[1m FAIL [22m[49m tests/examples/re
al-factory-example.test.js[2m > [22mReal 
Factories Examples[2m > 
[22mProjectFactory[2m > [22mshould 
create simple project
[31m[1mAssertionError[22m: expected 
false to be true // Object.is equality[39m

[32m- Expected[39m
[31m+ Received[39m

[32m- true[39m
[31m+ false[39m

[36m [2mÔØ»[22m tests/examples/real-fact
ory-example.test.js:[2m89:51[22m[39m
    [90m 87| [39m      [35mconst[39m 
project [33m=[39m [35mawait[39m [34mcr
eateTestProject[39m([32m'simple'[39m)[3
3m;[39m
    [90m 88| [39m      
    [90m 89| [39m      
[34mexpect[39m([35mawait[39m project[3
3m.[39mfs[33m.[39m[34mexists[39m([32m
'index.js'[39m))[33m.[39m[34mtoBe[39m(
[35mtrue[39m)[33m;[39m
    [90m   | [39m                        
                          [31m^[39m
    [90m 90| [39m      [35mconst[39m 
content [33m=[39m [35mawait[39m project
[33m.[39mfs[33m.[39m[34mreadFile[39m(
[32m'index.js'[39m)[33m;[39m
    [90m 91| [39m      [34mexpect[39m(c
ontent)[33m.[39m[34mtoContain[39m([32m
'greet'[39m)[33m;[39m

[31m[2mÔÄ»ÔÄ»ÔÄ»ÔÄ»ÔÄ»ÔÄ»ÔÄ»ÔÄ»ÔÄ»ÔÄ»ÔÄ»Ô
Ä»ÔÄ»ÔÄ»ÔÄ»ÔÄ»ÔÄ»ÔÄ»ÔÄ»ÔÄ»ÔÄ»[18/176]ÔÄ»[2
2m[39m

[41m[1m FAIL [22m[49m tests/examples/re
al-factory-example.test.js[2m > [22mReal 
Factories Examples[2m > 
[22mProjectFactory[2m > [22mshould 
create project with imports
[41m[1m FAIL [22m[49m tests/examples/re
al-factory-example.test.js[2m > [22mReal 
Factories Examples[2m > 
[22mProjectFactory[2m > [22mshould 
create project with imports
[31m[1mAssertionError[22m: expected 
false to be true // Object.is equality[39m

[32m- Expected[39m
[31m+ Received[39m

[32m- true[39m
[31m+ false[39m

[36m [2mÔØ»[22m tests/examples/real-fact
ory-example.test.js:[2m99:55[22m[39m
    [90m 97| [39m      [35mconst[39m 
project [33m=[39m [35mawait[39m [34mcr
eateTestProject[39m([32m'withImports'[39
m)[33m;[39m
    [90m 98| [39m      
    [90m 99| [39m      
[34mexpect[39m([35mawait[39m project[3
3m.[39mfs[33m.[39m[34mexists[39m([32m
'src/utils.js'[39m))[33m.[39m[34mtoBe[
39m([35mtrue[39m)[33m;[39m
    [90m   | [39m                        
                              [31m^[39m
    [90m100| [39m      
[34mexpect[39m([35mawait[39m project[3
3m.[39mfs[33m.[39m[34mexists[39m([32m
'src/main.js'[39m))[33m.[39m[34mtoBe[3
9m([35mtrue[39m)[33m;[39m
    [90m101| [39m      

[31m[2mÔÄ»ÔÄ»ÔÄ»ÔÄ»ÔÄ»ÔÄ»ÔÄ»ÔÄ»ÔÄ»ÔÄ»ÔÄ»Ô
Ä»ÔÄ»ÔÄ»ÔÄ»ÔÄ»ÔÄ»ÔÄ»ÔÄ»ÔÄ»ÔÄ»[19/176]ÔÄ»[2
2m[39m

[41m[1m FAIL [22m[49m tests/examples/re
al-factory-example.test.js[2m > [22mReal 
Factories Examples[2m > 
[22mProjectFactory[2m > [22mshould 
create complex project
[41m[1m FAIL [22m[49m tests/examples/re
al-factory-example.test.js[2m > [22mReal 
Factories Examples[2m > 
[22mProjectFactory[2m > [22mshould 
create complex project
[31m[1mAssertionError[22m: expected 
false to be true // Object.is equality[39m

[32m- Expected[39m
[31m+ Received[39m

[32m- true[39m
[31m+ false[39m

[36m [2mÔØ»[22m tests/examples/real-fact
ory-example.test.js:[2m111:55[22m[39m
    [90m109| [39m      [35mconst[39m 
project [33m=[39m [35mawait[39m [34mcr
eateTestProject[39m([32m'complex'[39m)[
33m;[39m
    [90m110| [39m      
    [90m111| [39m      
[34mexpect[39m([35mawait[39m project[3
3m.[39mfs[33m.[39m[34mexists[39m([32m
'package.json'[39m))[33m.[39m[34mtoBe[
39m([35mtrue[39m)[33m;[39m
    [90m   | [39m                        
                              [31m^[39m
    [90m112| [39m      
[34mexpect[39m([35mawait[39m project[3
3m.[39mfs[33m.[39m[34mexists[39m([32m
'src/index.js'[39m))[33m.[39m[34mtoBe[
39m([35mtrue[39m)[33m;[39m
    [90m113| [39m      expect(await proje
ct.fs.exists('src/services/UserService.js')
).tÔÇª

[31m[2mÔÄ»ÔÄ»ÔÄ»ÔÄ»ÔÄ»ÔÄ»ÔÄ»ÔÄ»ÔÄ»ÔÄ»ÔÄ»Ô
Ä»ÔÄ»ÔÄ»ÔÄ»ÔÄ»ÔÄ»ÔÄ»ÔÄ»ÔÄ»ÔÄ»[20/176]ÔÄ»[2
2m[39m

[41m[1m FAIL [22m[49m tests/examples/re
al-factory-example.test.js[2m > [22mReal 
Factories Examples[2m > [22mwithProject 
helper[2m > [22mshould auto-cleanup 
project
[41m[1m FAIL [22m[49m tests/examples/re
al-factory-example.test.js[2m > [22mReal 
Factories Examples[2m > [22mwithProject 
helper[2m > [22mshould auto-cleanup 
project
[31m[1mAssertionError[22m: expected 
false to be true // Object.is equality[39m

[32m- Expected[39m
[31m+ Received[39m

[32m- true[39m
[31m+ false[39m

[36m [2mÔØ»[22m tests/examples/real-fact
ory-example.test.js:[2m126:53[22m[39m
    [90m124| [39m      [35mawait[39m [
34mwithProject[39m([32m'simple'[39m[33m
,[39m [35masync[39m (project) 
[33m=>[39m {
    [90m125| [39m        [90m// Usar el 
proyecto[39m
    [90m126| [39m        
[34mexpect[39m([35mawait[39m project[3
3m.[39mfs[33m.[39m[34mexists[39m([32m
'index.js'[39m))[33m.[39m[34mtoBe[39m(
[35mtrue[39m)[33m;[39m
    [90m   | [39m                        
                            [31m^[39m
    [90m127| [39m        
    [90m128| [39m        [90m// Podemos 
agregar archivos adicionales[39m
[90m [2mÔØ»[22m Module.withProject tests
/factories/real/project.factory.js:[2m117:
12[22m[39m
[90m [2mÔØ»[22m tests/examples/real-fact
ory-example.test.js:[2m124:7[22m[39m

[31m[2mÔÄ»ÔÄ»ÔÄ»ÔÄ»ÔÄ»ÔÄ»ÔÄ»ÔÄ»ÔÄ»ÔÄ»ÔÄ»Ô
Ä»ÔÄ»ÔÄ»ÔÄ»ÔÄ»ÔÄ»ÔÄ»ÔÄ»ÔÄ»ÔÄ»[21/176]ÔÄ»[2
2m[39m

[41m[1m FAIL [22m[49m tests/examples/re
al-factory-example.test.js[2m > [22mReal 
Factories Examples[2m > [22mwithProject 
helper[2m > [22mshould handle errors and 
still cleanup
[41m[1m FAIL [22m[49m tests/examples/re
al-factory-example.test.js[2m > [22mReal 
Factories Examples[2m > [22mwithProject 
helper[2m > [22mshould handle errors and 
still cleanup
[31m[1mAssertionError[22m: expected 
'expected false to be true // Object.iÔÇª' 
to be 'Test error' // Object.is 
equality[39m

Expected: [32m"Test error"[39m
Received: [31m"expected false to be true 
// Object.is equality"[39m

[36m [2mÔØ»[22m tests/examples/real-fact
ory-example.test.js:[2m148:27[22m[39m
    [90m146| [39m        })[33m;[39m
    [90m147| [39m      } [35mcatch[39m 
(e) {
    [90m148| [39m        [34mexpect[39m
(e[33m.[39mmessage)[33m.[39m[34mtoBe[
39m([32m'Test error'[39m)[33m;[39m
    [90m   | [39m                        
  [31m^[39m
    [90m149| [39m      }
    [90m150| [39m      

[31m[2mÔÄ»ÔÄ»ÔÄ»ÔÄ»ÔÄ»ÔÄ»ÔÄ»ÔÄ»ÔÄ»ÔÄ»ÔÄ»Ô
Ä»ÔÄ»ÔÄ»ÔÄ»ÔÄ»ÔÄ»ÔÄ»ÔÄ»ÔÄ»ÔÄ»[22/176]ÔÄ»[2
2m[39m

[41m[1m FAIL [22m[49m tests/examples/re
al-factory-example.test.js[2m > [22mReal 
Factories Examples[2m > [22mCustom files 
in templates[2m > [22mshould allow 
custom files
[41m[1m FAIL [22m[49m tests/examples/re
al-factory-example.test.js[2m > [22mReal 
Factories Examples[2m > [22mCustom files 
in templates[2m > [22mshould allow 
custom files
[31m[1mAssertionError[22m: expected 
false to be true // Object.is equality[39m

[32m- Expected[39m
[31m+ Received[39m

[32m- true[39m
[31m+ false[39m

[36m [2mÔØ»[22m tests/examples/real-fact
ory-example.test.js:[2m163:51[22m[39m
    [90m161| [39m      
    [90m162| [39m      [90m// Template 
files[39m
    [90m163| [39m      
[34mexpect[39m([35mawait[39m project[3
3m.[39mfs[33m.[39m[34mexists[39m([32m
'index.js'[39m))[33m.[39m[34mtoBe[39m(
[35mtrue[39m)[33m;[39m
    [90m   | [39m                        
                          [31m^[39m
    [90m164| [39m      
    [90m165| [39m      [90m// Custom 
files[39m

[31m[2mÔÄ»ÔÄ»ÔÄ»ÔÄ»ÔÄ»ÔÄ»ÔÄ»ÔÄ»ÔÄ»ÔÄ»ÔÄ»Ô
Ä»ÔÄ»ÔÄ»ÔÄ»ÔÄ»ÔÄ»ÔÄ»ÔÄ»ÔÄ»ÔÄ»[23/176]ÔÄ»[2
2m[39m

[41m[1m FAIL [22m[49m tests/functional/
race-detector.functional.test.js[2m > 
[22mRace Detector - Detailed Tests[2m > 
[22mRiskScorer Detailed[2m > 
[22mscoreToSeverity converts numeric 
score to severity
[41m[1m FAIL [22m[49m tests/functional/
race-detector.functional.test.js[2m > 
[22mRace Detector - Detailed Tests[2m > 
[22mRiskScorer Detailed[2m > 
[22mscoreToSeverity converts numeric 
score to severity
[31m[1mTypeError[22m: 
scorer.scoreToSeverity is not a 
function[39m
[36m [2mÔØ»[22m tests/functional/race-de
tector.functional.test.js:[2m56:21[22m[3
9m
    [90m 54| [39m      [35mconst[39m 
scorer [33m=[39m [35mnew[39m 
[33mRiskScorer[39m()[33m;[39m
    [90m 55| [39m
    [90m 56| [39m      [34mexpect[39m(s
corer[33m.[39m[34mscoreToSeverity[39m(
[34m0.9[39m))[33m.[39m[34mtoBe[39m([3
2m'critical'[39m)[33m;[39m
    [90m   | [39m                    
[31m^[39m
    [90m 57| [39m      [34mexpect[39m(s
corer[33m.[39m[34mscoreToSeverity[39m(
[34m0.7[39m))[33m.[39m[34mtoBe[39m([3
2m'high'[39m)[33m;[39m
    [90m 58| [39m      [34mexpect[39m(s
corer[33m.[39m[34mscoreToSeverity[39m(
[34m0.5[39m))[33m.[39m[34mtoBe[39m([3
2m'medium'[39m)[33m;[39m

[31m[2mÔÄ»ÔÄ»ÔÄ»ÔÄ»ÔÄ»ÔÄ»ÔÄ»ÔÄ»ÔÄ»ÔÄ»ÔÄ»Ô
Ä»ÔÄ»ÔÄ»ÔÄ»ÔÄ»ÔÄ»ÔÄ»ÔÄ»ÔÄ»ÔÄ»[24/176]ÔÄ»[2
2m[39m

[41m[1m FAIL [22m[49m tests/functional/
storage-manager.functional.test.js[2m > 
[22mStorage Manager - Functional 
Tests[2m > [22mall expected functions 
are exported
[41m[1m FAIL [22m[49m tests/functional/
storage-manager.functional.test.js[2m > 
[22mStorage Manager - Functional 
Tests[2m > [22mall expected functions 
are exported
[31m[1mAssertionError[22m: expected 
'undefined' to be 'function' // Object.is 
equality[39m

Expected: 
[32m"[7mf[27mun[7mction[27m"[39m
Received: [31m"un[7mdefined[27m"[39m

[36m [2mÔØ»[22m tests/functional/storage
-manager.functional.test.js:[2m15:48[22m
[39m
    [90m 13| [39m  
    [90m 14| [39m  
[34mit[39m([32m'all expected functions 
are exported'[39m[33m,[39m () 
[33m=>[39m {
    [90m 15| [39m    
[34mexpect[39m([35mtypeof[39m storageMa
nager[33m.[39msaveMetadata)[33m.[39m[3
4mtoBe[39m([32m'function'[39m)[33m;[39
m
    [90m   | [39m                        
                       [31m^[39m
    [90m 16| [39m    
[34mexpect[39m([35mtypeof[39m storageMa
nager[33m.[39msaveFileAnalysis)[33m.[39
m[34mtoBe[39m([32m'function'[39m)[33m;
[39m
    [90m 17| [39m    
[34mexpect[39m([35mtypeof[39m storageMa
nager[33m.[39msaveConnections)[33m.[39m
[34mtoBe[39m([32m'function'[39m)[33m;
[39m

[31m[2mÔÄ»ÔÄ»ÔÄ»ÔÄ»ÔÄ»ÔÄ»ÔÄ»ÔÄ»ÔÄ»ÔÄ»ÔÄ»Ô
Ä»ÔÄ»ÔÄ»ÔÄ»ÔÄ»ÔÄ»ÔÄ»ÔÄ»ÔÄ»ÔÄ»[25/176]ÔÄ»[2
2m[39m

[41m[1m FAIL [22m[49m tests/functional/
storage-manager.functional.test.js[2m > 
[22mStorage Manager - Functional 
Tests[2m > [22mSave Operations[2m > 
[22msaveMetadata is exported
[41m[1m FAIL [22m[49m tests/functional/
storage-manager.functional.test.js[2m > 
[22mStorage Manager - Functional 
Tests[2m > [22mSave Operations[2m > 
[22msaveMetadata is exported
[31m[1mAssertionError[22m: expected 
'undefined' to be 'function' // Object.is 
equality[39m

Expected: 
[32m"[7mf[27mun[7mction[27m"[39m
Received: [31m"un[7mdefined[27m"[39m

[36m [2mÔØ»[22m tests/functional/storage
-manager.functional.test.js:[2m71:50[22m
[39m
    [90m 69| [39m  
[34mdescribe[39m([32m'Save 
Operations'[39m[33m,[39m () 
[33m=>[39m {
    [90m 70| [39m    
[34mit[39m([32m'saveMetadata is 
exported'[39m[33m,[39m () [33m=>[39m {
    [90m 71| [39m      
[34mexpect[39m([35mtypeof[39m storageMa
nager[33m.[39msaveMetadata)[33m.[39m[3
4mtoBe[39m([32m'function'[39m)[33m;[39
m
    [90m   | [39m                        
                         [31m^[39m
    [90m 72| [39m    })[33m;[39m
    [90m 73| [39m

[31m[2mÔÄ»ÔÄ»ÔÄ»ÔÄ»ÔÄ»ÔÄ»ÔÄ»ÔÄ»ÔÄ»ÔÄ»ÔÄ»Ô
Ä»ÔÄ»ÔÄ»ÔÄ»ÔÄ»ÔÄ»ÔÄ»ÔÄ»ÔÄ»ÔÄ»[26/176]ÔÄ»[2
2m[39m

[41m[1m FAIL [22m[49m tests/functional/
storage-manager.functional.test.js[2m > 
[22mStorage Manager - Functional 
Tests[2m > [22mSave Operations[2m > 
[22msaveFileAnalysis is exported
[41m[1m FAIL [22m[49m tests/functional/
storage-manager.functional.test.js[2m > 
[22mStorage Manager - Functional 
Tests[2m > [22mSave Operations[2m > 
[22msaveFileAnalysis is exported
[31m[1mAssertionError[22m: expected 
'undefined' to be 'function' // Object.is 
equality[39m

Expected: 
[32m"[7mf[27mun[7mction[27m"[39m
Received: [31m"un[7mdefined[27m"[39m

[36m [2mÔØ»[22m tests/functional/storage
-manager.functional.test.js:[2m75:54[22m
[39m
    [90m 73| [39m
    [90m 74| [39m    
[34mit[39m([32m'saveFileAnalysis is 
exported'[39m[33m,[39m () [33m=>[39m {
    [90m 75| [39m      
[34mexpect[39m([35mtypeof[39m storageMa
nager[33m.[39msaveFileAnalysis)[33m.[39
m[34mtoBe[39m([32m'function'[39m)[33m;
[39m
    [90m   | [39m                        
                             [31m^[39m
    [90m 76| [39m    })[33m;[39m
    [90m 77| [39m

[31m[2mÔÄ»ÔÄ»ÔÄ»ÔÄ»ÔÄ»ÔÄ»ÔÄ»ÔÄ»ÔÄ»ÔÄ»ÔÄ»Ô
Ä»ÔÄ»ÔÄ»ÔÄ»ÔÄ»ÔÄ»ÔÄ»ÔÄ»ÔÄ»ÔÄ»[27/176]ÔÄ»[2
2m[39m

[41m[1m FAIL [22m[49m tests/functional/
storage-manager.functional.test.js[2m > 
[22mStorage Manager - Functional 
Tests[2m > [22mSave Operations[2m > 
[22msaveConnections is exported
[41m[1m FAIL [22m[49m tests/functional/
storage-manager.functional.test.js[2m > 
[22mStorage Manager - Functional 
Tests[2m > [22mSave Operations[2m > 
[22msaveConnections is exported
[31m[1mAssertionError[22m: expected 
'undefined' to be 'function' // Object.is 
equality[39m

Expected: 
[32m"[7mf[27mun[7mction[27m"[39m
Received: [31m"un[7mdefined[27m"[39m

[36m [2mÔØ»[22m tests/functional/storage
-manager.functional.test.js:[2m79:53[22m
[39m
    [90m 77| [39m
    [90m 78| [39m    
[34mit[39m([32m'saveConnections is 
exported'[39m[33m,[39m () [33m=>[39m {
    [90m 79| [39m      
[34mexpect[39m([35mtypeof[39m storageMa
nager[33m.[39msaveConnections)[33m.[39m
[34mtoBe[39m([32m'function'[39m)[33m;
[39m
    [90m   | [39m                        
                            [31m^[39m
    [90m 80| [39m    })[33m;[39m
    [90m 81| [39m

[31m[2mÔÄ»ÔÄ»ÔÄ»ÔÄ»ÔÄ»ÔÄ»ÔÄ»ÔÄ»ÔÄ»ÔÄ»ÔÄ»Ô
Ä»ÔÄ»ÔÄ»ÔÄ»ÔÄ»ÔÄ»ÔÄ»ÔÄ»ÔÄ»ÔÄ»[28/176]ÔÄ»[2
2m[39m

[41m[1m FAIL [22m[49m tests/functional/
storage-manager.functional.test.js[2m > 
[22mStorage Manager - Functional 
Tests[2m > [22mSave Operations[2m > 
[22msaveRiskAssessment is exported
[41m[1m FAIL [22m[49m tests/functional/
storage-manager.functional.test.js[2m > 
[22mStorage Manager - Functional 
Tests[2m > [22mSave Operations[2m > 
[22msaveRiskAssessment is exported
[31m[1mAssertionError[22m: expected 
'undefined' to be 'function' // Object.is 
equality[39m

Expected: 
[32m"[7mf[27mun[7mction[27m"[39m
Received: [31m"un[7mdefined[27m"[39m

[36m [2mÔØ»[22m tests/functional/storage
-manager.functional.test.js:[2m83:56[22m
[39m
    [90m 81| [39m
    [90m 82| [39m    
[34mit[39m([32m'saveRiskAssessment is 
exported'[39m[33m,[39m () [33m=>[39m {
    [90m 83| [39m      expect(typeof stor
ageManager.saveRiskAssessment).toBe('functi
on'ÔÇª
    [90m   | [39m                        
                               [31m^[39m
    [90m 84| [39m    })[33m;[39m
    [90m 85| [39m  })[33m;[39m

[31m[2mÔÄ»ÔÄ»ÔÄ»ÔÄ»ÔÄ»ÔÄ»ÔÄ»ÔÄ»ÔÄ»ÔÄ»ÔÄ»Ô
Ä»ÔÄ»ÔÄ»ÔÄ»ÔÄ»ÔÄ»ÔÄ»ÔÄ»ÔÄ»ÔÄ»[29/176]ÔÄ»[2
2m[39m

[41m[1m FAIL [22m[49m tests/integration
/full-stack.integration.test.js[2m > 
[22mFull-Stack Integration: Graph ÔåÆ A 
ÔåÆ B ÔåÆ C[2m > [22mLayer C (Nivel 3) - 
Memory & Query[2m > [22mshould save and 
load analysis from storage
[41m[1m FAIL [22m[49m tests/integration
/full-stack.integration.test.js[2m > 
[22mFull-Stack Integration: Graph ÔåÆ A 
ÔåÆ B ÔåÆ C[2m > [22mLayer C (Nivel 3) - 
Memory & Query[2m > [22mshould save and 
load analysis from storage
[31m[1mAssertionError[22m: expected 
false to be true // Object.is equality[39m

[32m- Expected[39m
[31m+ Received[39m

[32m- true[39m
[31m+ false[39m

[36m [2mÔØ»[22m tests/integration/full-s
tack.integration.test.js:[2m258:22[22m[3
9m
    [90m256| [39m      const savedPath = 
path.join(projectPath, '.omnysysdata', 
'files'ÔÇª
    [90m257| [39m      const exists = 
await fs.access(savedPath).then(() => 
true).catchÔÇª
    [90m258| [39m      [34mexpect[39m(e
xists)[33m.[39m[34mtoBe[39m([35mtrue[
39m)[33m;[39m
    [90m   | [39m                     
[31m^[39m
    [90m259| [39m    })[33m;[39m
    [90m260| [39m

[31m[2mÔÄ»ÔÄ»ÔÄ»ÔÄ»ÔÄ»ÔÄ»ÔÄ»ÔÄ»ÔÄ»ÔÄ»ÔÄ»Ô
Ä»ÔÄ»ÔÄ»ÔÄ»ÔÄ»ÔÄ»ÔÄ»ÔÄ»ÔÄ»ÔÄ»[30/176]ÔÄ»[2
2m[39m

[41m[1m FAIL [22m[49m tests/integration
/full-stack.integration.test.js[2m > 
[22mFull-Stack Integration: Graph ÔåÆ A 
ÔåÆ B ÔåÆ C[2m > [22mLayer C (Nivel 3) - 
Memory & Query[2m > [22mshould query 
analysis results
[41m[1m FAIL [22m[49m tests/integration
/full-stack.integration.test.js[2m > 
[22mFull-Stack Integration: Graph ÔåÆ A 
ÔåÆ B ÔåÆ C[2m > [22mLayer C (Nivel 3) - 
Memory & Query[2m > [22mshould query 
analysis results
[31m[1mAssertionError[22m: expected 0 
to be greater than 0[39m
[36m [2mÔØ»[22m tests/integration/full-s
tack.integration.test.js:[2m272:28[22m[3
9m
    [90m270| [39m      [35mconst[39m 
dataDir [33m=[39m path[33m.[39m[34mjoi
n[39m(projectPath[33m,[39m 
[32m'.omnysysdata'[39m[33m,[39m 
[32m'files'[39m)[33m;[39m
    [90m271| [39m      [35mconst[39m 
files [33m=[39m [35mawait[39m fs[33m.
[39m[34mreaddir[39m(dataDir)[33m.[39m[
35mcatch[39m(() [33m=>[39m 
[])[33m;[39m
    [90m272| [39m      [34mexpect[39m(f
iles[33m.[39mlength)[33m.[39m[34mtoBeG
reaterThan[39m([34m0[39m)[33m;[39m
    [90m   | [39m                        
   [31m^[39m
    [90m273| [39m    })[33m;[39m
    [90m274| [39m  })[33m;[39m

[31m[2mÔÄ»ÔÄ»ÔÄ»ÔÄ»ÔÄ»ÔÄ»ÔÄ»ÔÄ»ÔÄ»ÔÄ»ÔÄ»Ô
Ä»ÔÄ»ÔÄ»ÔÄ»ÔÄ»ÔÄ»ÔÄ»ÔÄ»ÔÄ»ÔÄ»[31/176]ÔÄ»[2
2m[39m

[41m[1m FAIL [22m[49m tests/integration
/full-stack.integration.test.js[2m > 
[22mFull-Stack Integration: Graph ÔåÆ A 
ÔåÆ B ÔåÆ C[2m > [22mFull Pipeline: All 
Layers Integration[2m > [22mshould run 
complete pipeline on realistic project
[41m[1m FAIL [22m[49m tests/integration
/full-stack.integration.test.js[2m > 
[22mFull-Stack Integration: Graph ÔåÆ A 
ÔåÆ B ÔåÆ C[2m > [22mFull Pipeline: All 
Layers Integration[2m > [22mshould run 
complete pipeline on realistic project
[31m[1mError[22m: ENOENT: no such file 
or directory, open 'C:\Dev\OmnySystem\.test
-fullstack\.omnysysdata\files\index.js.json
'[39m
[36m [2mÔØ»[22m tests/integration/full-s
tack.integration.test.js:[2m348:40[22m[3
9m
    [90m346| [39m
    [90m347| [39m      const indexPath = 
path.join(projectPath, '.omnysysdata', 
'files'ÔÇª
    [90m348| [39m      const 
indexAnalysis = JSON.parse(await 
fs.readFile(indexPath, 'uÔÇª
    [90m   | [39m                        
               [31m^[39m
    [90m349| [39m      
    [90m350| [39m      [34mexpect[39m(i
ndexAnalysis[33m.[39mimports[33m.[39mle
ngth)[33m.[39m[34mtoBeGreaterThan[39m(
[34m0[39m)[33m;[39m

[31m[2mÔÄ»ÔÄ»ÔÄ»ÔÄ»ÔÄ»ÔÄ»ÔÄ»ÔÄ»ÔÄ»ÔÄ»ÔÄ»Ô
Ä»ÔÄ»ÔÄ»ÔÄ»ÔÄ»ÔÄ»ÔÄ»ÔÄ»ÔÄ»ÔÄ»[32/176]ÔÄ»[2
2m[39m

[41m[1m FAIL [22m[49m src/core/__tests_
_/tunnel-vision-detector.test.js[2m > 
[22mtunnel-vision-detector[2m > 
[22mgetStats[2m > [22mshould return 
correct stats
[41m[1m FAIL [22m[49m src/core/__tests_
_/tunnel-vision-detector.test.js[2m > 
[22mtunnel-vision-detector[2m > 
[22mgetStats[2m > [22mshould return 
correct stats
[31m[1mAssertionError[22m: expected 
undefined to be '3.0' // Object.is 
equality[39m

[32m- Expected:[39m 
"3.0"

[31m+ Received:[39m 
undefined

[36m [2mÔØ»[22m src/core/__tests__/tunne
l-vision-detector.test.js:[2m238:29[22m[
39m
    [90m236| [39m      [35mconst[39m 
stats [33m=[39m 
[34mgetStats[39m()[33m;[39m
    [90m237| [39m      
    [90m238| [39m      [34mexpect[39m(s
tats[33m.[39mversion)[33m.[39m[34mtoBe
[39m([32m'3.0'[39m)[33m;[39m
    [90m   | [39m                        
    [31m^[39m
    [90m239| [39m      [34mexpect[39m(s
tats[33m.[39marchitecture)[33m.[39m[34
mtoBe[39m([32m'molecular'[39m)[33m;[39
m
    [90m240| [39m      [34mexpect[39m(s
tats[33m.[39mminThreshold)[33m.[39m[34
mtoBe[39m([34m2[39m)[33m;[39m

[31m[2mÔÄ»ÔÄ»ÔÄ»ÔÄ»ÔÄ»ÔÄ»ÔÄ»ÔÄ»ÔÄ»ÔÄ»ÔÄ»Ô
Ä»ÔÄ»ÔÄ»ÔÄ»ÔÄ»ÔÄ»ÔÄ»ÔÄ»ÔÄ»ÔÄ»[33/176]ÔÄ»[2
2m[39m

[41m[1m FAIL [22m[49m tests/e2e/scenari
os/cli-analyze.scenario.test.js[2m > 
[22mE2E: CLI Analyze Command[2m > 
[22mImport/Export Detection[2m > 
[22mshould detect all imports and exports
[31m[1mError[22m: ENOENT: no such file 
or directory, open 'C:\Dev\OmnySystem\.test
-e2e-analyze\imports\.omnysysdata\files\mai
n.js.json'[39m
[36m [2mÔØ»[22m tests/e2e/scenarios/cli-
analyze.scenario.test.js:[2m73:35[22m[39
m
    [90m 71| [39m      
    [90m 72| [39m      const 
analysisFile = path.join(projectPath, 
'.omnysysdata', 'filÔÇª
    [90m 73| [39m      const analysis = 
JSON.parse(await fs.readFile(analysisFile, 
'utfÔÇª
    [90m   | [39m                        
          [31m^[39m
    [90m 74| [39m      
    [90m 75| [39m      [34mexpect[39m(a
nalysis[33m.[39mimports[33m?.[39mlength
)[33m.[39m[34mtoBeGreaterThanOrEqual[39
m([34m3[39m)[33m;[39m

[31m[2mÔÄ»ÔÄ»ÔÄ»ÔÄ»ÔÄ»ÔÄ»ÔÄ»ÔÄ»ÔÄ»ÔÄ»ÔÄ»Ô
Ä»ÔÄ»ÔÄ»ÔÄ»ÔÄ»ÔÄ»ÔÄ»ÔÄ»ÔÄ»ÔÄ»[34/176]ÔÄ»[2
2m[39m

[41m[1m FAIL [22m[49m tests/e2e/scenari
os/cli-analyze.scenario.test.js[2m > 
[22mE2E: CLI Analyze Command[2m > 
[22mImport/Export Detection[2m > 
[22mshould detect all imports and exports
[31m[1mError[22m: ENOENT: no such file 
or directory, mkdir 'C:\Dev\OmnySystem\.tes
t-e2e-analyze\imports'[39m
[36m [2mÔØ»[22m createTestProject tests/
e2e/helpers/project-factory.js:[2m6:3[22m
[39m
    [90m  4| [39m[35mexport[39m 
[35masync[39m [35mfunction[39m [34mcre
ateTestProject[39m(baseDir[33m,[39m 
name[33m,[39m files) {
    [90m  5| [39m  [35mconst[39m 
projectDir [33m=[39m path[33m.[39m[34m
join[39m(baseDir[33m,[39m 
name)[33m;[39m
    [90m  6| [39m  [35mawait[39m fs[33
m.[39m[34mmkdir[39m(projectDir[33m,[39
m { recursive[33m:[39m [35mtrue[39m 
})[33m;[39m
    [90m   | [39m  [31m^[39m
    [90m  7| [39m  
    [90m  8| [39m  [35mfor[39m 
([35mconst[39m [relativePath[33m,[39m 
content] [35mof[39m [33mObject[39m[33m
.[39m[34mentries[39m(files)) {
[90m [2mÔØ»[22m tests/e2e/scenarios/cli-
analyze.scenario.test.js:[2m54:27[22m[39
m

[31m[2mÔÄ»ÔÄ»ÔÄ»ÔÄ»ÔÄ»ÔÄ»ÔÄ»ÔÄ»ÔÄ»ÔÄ»ÔÄ»Ô
Ä»ÔÄ»ÔÄ»ÔÄ»ÔÄ»ÔÄ»ÔÄ»ÔÄ»ÔÄ»ÔÄ»[35/176]ÔÄ»[2
2m[39m

[41m[1m FAIL [22m[49m tests/e2e/scenari
os/cli-analyze.scenario.test.js[2m > 
[22mE2E: CLI Analyze Command[2m > 
[22mShared State Detection[2m > 
[22mshould detect localStorage usage
[41m[1m FAIL [22m[49m tests/e2e/scenari
os/cli-analyze.scenario.test.js[2m > 
[22mE2E: CLI Analyze Command[2m > 
[22mShared State Detection[2m > 
[22mshould detect localStorage usage
[31m[1mError[22m: ENOENT: no such file 
or directory, open 'C:\Dev\OmnySystem\.test
-e2e-analyze\storage\.omnysysdata\files\app
.js.json'[39m
[36m [2mÔØ»[22m tests/e2e/scenarios/cli-
analyze.scenario.test.js:[2m90:35[22m[39
m
    [90m 88| [39m      
    [90m 89| [39m      const 
analysisFile = path.join(projectPath, 
'.omnysysdata', 'filÔÇª
    [90m 90| [39m      const analysis = 
JSON.parse(await fs.readFile(analysisFile, 
'utfÔÇª
    [90m   | [39m                        
          [31m^[39m
    [90m 91| [39m      
    [90m 92| [39m      [34mexpect[39m(a
nalysis)[33m.[39m[34mtoBeDefined[39m()
[33m;[39m

[31m[2mÔÄ»ÔÄ»ÔÄ»ÔÄ»ÔÄ»ÔÄ»ÔÄ»ÔÄ»ÔÄ»ÔÄ»ÔÄ»Ô
Ä»ÔÄ»ÔÄ»ÔÄ»ÔÄ»ÔÄ»ÔÄ»ÔÄ»ÔÄ»ÔÄ»[36/176]ÔÄ»[2
2m[39m

[41m[1m FAIL [22m[49m tests/e2e/scenari
os/full-workflow.scenario.test.js[2m > 
[22mE2E: Full Analysis Workflow[2m > 
[22mLayer A ÔåÆ Layer C Flow[2m > 
[22mshould create complete analysis 
artifacts
[41m[1m FAIL [22m[49m tests/e2e/scenari
os/full-workflow.scenario.test.js[2m > 
[22mE2E: Full Analysis Workflow[2m > 
[22mLayer A ÔåÆ Layer C Flow[2m > 
[22mshould create complete analysis 
artifacts
[31m[1mAssertionError[22m: expected 
false to be true // Object.is equality[39m

[32m- Expected[39m
[31m+ Received[39m

[32m- true[39m
[31m+ false[39m

[36m [2mÔØ»[22m tests/e2e/scenarios/full
-workflow.scenario.test.js:[2m37:26[22m[
39m
    [90m 35| [39m      [35mconst[39m 
filesDir [33m=[39m path[33m.[39m[34mjo
in[39m(omnyDir[33m,[39m 
[32m'files'[39m)[33m;[39m
    [90m 36| [39m      const filesExist 
= await fs.access(filesDir).then(() => 
true).caÔÇª
    [90m 37| [39m      [34mexpect[39m(f
ilesExist)[33m.[39m[34mtoBe[39m([35mtr
ue[39m)[33m;[39m
    [90m   | [39m                        
 [31m^[39m
    [90m 38| [39m    })[33m;[39m
    [90m 39| [39m    

[31m[2mÔÄ»ÔÄ»ÔÄ»ÔÄ»ÔÄ»ÔÄ»ÔÄ»ÔÄ»ÔÄ»ÔÄ»ÔÄ»Ô
Ä»ÔÄ»ÔÄ»ÔÄ»ÔÄ»ÔÄ»ÔÄ»ÔÄ»ÔÄ»ÔÄ»[37/176]ÔÄ»[2
2m[39m

[41m[1m FAIL [22m[49m tests/e2e/scenari
os/full-workflow.scenario.test.js[2m > 
[22mE2E: Full Analysis Workflow[2m > 
[22mLayer A ÔåÆ Layer C Flow[2m > 
[22mshould analyze interconnected modules
[41m[1m FAIL [22m[49m tests/e2e/scenari
os/full-workflow.scenario.test.js[2m > 
[22mE2E: Full Analysis Workflow[2m > 
[22mLayer A ÔåÆ Layer C Flow[2m > 
[22mshould analyze interconnected modules
[31m[1mError[22m: ENOENT: no such file 
or directory, open 'C:\Dev\OmnySystem\.test
-e2e-workflow\interconnected\.omnysysdata\f
iles\index.js.json'[39m
[36m [2mÔØ»[22m tests/e2e/scenarios/full
-workflow.scenario.test.js:[2m87:35[22m[
39m
    [90m 85| [39m      
    [90m 86| [39m      const 
indexAnalysis = path.join(projectPath, 
'.omnysysdata', 'fiÔÇª
    [90m 87| [39m      const analysis = 
JSON.parse(await 
fs.readFile(indexAnalysis, 'utÔÇª
    [90m   | [39m                        
          [31m^[39m
    [90m 88| [39m      
    [90m 89| [39m      [34mexpect[39m(a
nalysis)[33m.[39m[34mtoBeDefined[39m()
[33m;[39m

[31m[2mÔÄ»ÔÄ»ÔÄ»ÔÄ»ÔÄ»ÔÄ»ÔÄ»ÔÄ»ÔÄ»ÔÄ»ÔÄ»Ô
Ä»ÔÄ»ÔÄ»ÔÄ»ÔÄ»ÔÄ»ÔÄ»ÔÄ»ÔÄ»ÔÄ»[38/176]ÔÄ»[2
2m[39m

[41m[1m FAIL [22m[49m tests/e2e/scenari
os/full-workflow.scenario.test.js[2m > 
[22mE2E: Full Analysis Workflow[2m > 
[22mError Handling[2m > [22mshould 
handle syntax errors gracefully
[41m[1m FAIL [22m[49m tests/e2e/scenari
os/full-workflow.scenario.test.js[2m > 
[22mE2E: Full Analysis Workflow[2m > 
[22mError Handling[2m > [22mshould 
handle syntax errors gracefully
[31m[1mAssertionError[22m: expected 
false to be true // Object.is equality[39m

[32m- Expected[39m
[31m+ Received[39m

[32m- true[39m
[31m+ false[39m

[36m [2mÔØ»[22m tests/e2e/scenarios/full
-workflow.scenario.test.js:[2m106:22[22m
[39m
    [90m104| [39m      const 
validAnalysis = path.join(projectPath, 
'.omnysysdata', 'fiÔÇª
    [90m105| [39m      const exists = 
await fs.access(validAnalysis).then(() => 
true).cÔÇª
    [90m106| [39m      [34mexpect[39m(e
xists)[33m.[39m[34mtoBe[39m([35mtrue[
39m)[33m;[39m
    [90m   | [39m                     
[31m^[39m
    [90m107| [39m    })[33m;[39m
    [90m108| [39m    

[31m[2mÔÄ»ÔÄ»ÔÄ»ÔÄ»ÔÄ»ÔÄ»ÔÄ»ÔÄ»ÔÄ»ÔÄ»ÔÄ»Ô
Ä»ÔÄ»ÔÄ»ÔÄ»ÔÄ»ÔÄ»ÔÄ»ÔÄ»ÔÄ»ÔÄ»[39/176]ÔÄ»[2
2m[39m

[41m[1m FAIL [22m[49m tests/integration
/layer-a/extended-workflows.integration.tes
t.js[2m > [22mLayer A: Extended 
Integration Workflows[2m > [22mWorkflow: 
Storage Operations[2m > [22msaves 
various analysis results
[41m[1m FAIL [22m[49m tests/integration
/layer-a/extended-workflows.integration.tes
t.js[2m > [22mLayer A: Extended 
Integration Workflows[2m > [22mWorkflow: 
Storage Operations[2m > [22msaves 
various analysis results
[31m[1mTypeError[22m: (0 , 
__vite_ssr_import_8__.saveMetadata) is not 
a function[39m
[36m [2mÔØ»[22m tests/integration/layer-
a/extended-workflows.integration.test.js:[
2m179:46[22m[39m
    [90m177| [39m
    [90m178| [39m      [90m// Save 
metadata[39m
    [90m179| [39m      [35mconst[39m 
metadataPath [33m=[39m [35mawait[39m [
34msaveMetadata[39m(testProjectPath[33m,
[39m {
    [90m   | [39m                        
                     [31m^[39m
    [90m180| [39m        
projectName[33m:[39m 
[32m'extended-test'[39m[33m,[39m
    [90m181| [39m        
analyzedAt[33m:[39m [35mnew[39m [33mDa
te[39m()[33m.[39m[34mtoISOString[39m()
[33m,[39m

[31m[2mÔÄ»ÔÄ»ÔÄ»ÔÄ»ÔÄ»ÔÄ»ÔÄ»ÔÄ»ÔÄ»ÔÄ»ÔÄ»Ô
Ä»ÔÄ»ÔÄ»ÔÄ»ÔÄ»ÔÄ»ÔÄ»ÔÄ»ÔÄ»ÔÄ»[40/176]ÔÄ»[2
2m[39m

[41m[1m FAIL [22m[49m tests/integration
/layer-a/extended-workflows.integration.tes
t.js[2m > [22mLayer A: Extended 
Integration Workflows[2m > [22mWorkflow: 
Query System[2m > [22mqueries project 
stats after analysis
[41m[1m FAIL [22m[49m tests/integration
/layer-a/extended-workflows.integration.tes
t.js[2m > [22mLayer A: Extended 
Integration Workflows[2m > [22mWorkflow: 
Query System[2m > [22mqueries project 
stats after analysis
[31m[1mTypeError[22m: (0 , 
__vite_ssr_import_8__.saveMetadata) is not 
a function[39m
[36m [2mÔØ»[22m tests/integration/layer-
a/extended-workflows.integration.test.js:[
2m215:25[22m[39m
    [90m213| [39m    
[34mit[39m([32m'queries project stats 
after analysis'[39m[33m,[39m 
[35masync[39m () [33m=>[39m {
    [90m214| [39m      [90m// First 
save some data[39m
    [90m215| [39m      [35mawait[39m [
34msaveMetadata[39m(testProjectPath[33m,
[39m {
    [90m   | [39m                        
[31m^[39m
    [90m216| [39m        
projectName[33m:[39m 
[32m'query-test'[39m[33m,[39m
    [90m217| [39m        
totalFiles[33m:[39m 
[34m5[39m[33m,[39m

[31m[2mÔÄ»ÔÄ»ÔÄ»ÔÄ»ÔÄ»ÔÄ»ÔÄ»ÔÄ»ÔÄ»ÔÄ»ÔÄ»Ô
Ä»ÔÄ»ÔÄ»ÔÄ»ÔÄ»ÔÄ»ÔÄ»ÔÄ»ÔÄ»ÔÄ»[41/176]ÔÄ»[2
2m[39m

[41m[1m FAIL [22m[49m tests/integration
/layer-a/layer-a-workflows.integration.test
.js[2m > [22mLayer A: Integration 
Workflows[2m > [22mWorkflow 3: Analysis 
ÔåÆ Storage[2m > [22msaves analysis 
results successfully
[41m[1m FAIL [22m[49m tests/integration
/layer-a/layer-a-workflows.integration.test
.js[2m > [22mLayer A: Integration 
Workflows[2m > [22mWorkflow 3: Analysis 
ÔåÆ Storage[2m > [22msaves analysis 
results successfully
[31m[1mTypeError[22m: (0 , 
__vite_ssr_import_7__.saveMetadata) is not 
a function[39m
[36m [2mÔØ»[22m tests/integration/layer-
a/layer-a-workflows.integration.test.js:[2
m279:46[22m[39m
    [90m277| [39m      
    [90m278| [39m      [90m// PASO 2: 
Guardar metadata[39m
    [90m279| [39m      const 
metadataPath = await 
saveMetadata(testProjectPath, metadatÔÇª
    [90m   | [39m                        
                     [31m^[39m
    [90m280| [39m      
[34mexpect[39m([35mtypeof[39m metadataP
ath)[33m.[39m[34mtoBe[39m([32m'string'
[39m)[33m;[39m
    [90m281| [39m      [34mexpect[39m(m
etadataPath[33m.[39m[34mendsWith[39m([
32m'index.json'[39m))[33m.[39m[34mtoBe
[39m([35mtrue[39m)[33m;[39m

[31m[2mÔÄ»ÔÄ»ÔÄ»ÔÄ»ÔÄ»ÔÄ»ÔÄ»ÔÄ»ÔÄ»ÔÄ»ÔÄ»Ô
Ä»ÔÄ»ÔÄ»ÔÄ»ÔÄ»ÔÄ»ÔÄ»ÔÄ»ÔÄ»ÔÄ»[42/176]ÔÄ»[2
2m[39m

[41m[1m FAIL [22m[49m tests/integration
/layer-a/layer-a-workflows.integration.test
.js[2m > [22mLayer A: Integration 
Workflows[2m > [22mWorkflow 3: Analysis 
ÔåÆ Storage[2m > [22mend-to-end 
workflow: scan ÔåÆ analyze ÔåÆ save
[41m[1m FAIL [22m[49m tests/integration
/layer-a/layer-a-workflows.integration.test
.js[2m > [22mLayer A: Integration 
Workflows[2m > [22mWorkflow 3: Analysis 
ÔåÆ Storage[2m > [22mend-to-end 
workflow: scan ÔåÆ analyze ÔåÆ save
[31m[1mTypeError[22m: (0 , 
__vite_ssr_import_7__.saveMetadata) is not 
a function[39m
[36m [2mÔØ»[22m tests/integration/layer-
a/layer-a-workflows.integration.test.js:[2
m328:43[22m[39m
    [90m326| [39m      }[33m;[39m
    [90m327| [39m      
    [90m328| [39m      const savedPath = 
await saveMetadata(testProjectPath, 
metadata, ÔÇª
    [90m   | [39m                        
                  [31m^[39m
    [90m329| [39m      
    [90m330| [39m      [90m// Verificar 
que todo el flujo funcion├│[39m

[31m[2mÔÄ»ÔÄ»ÔÄ»ÔÄ»ÔÄ»ÔÄ»ÔÄ»ÔÄ»ÔÄ»ÔÄ»ÔÄ»Ô
Ä»ÔÄ»ÔÄ»ÔÄ»ÔÄ»ÔÄ»ÔÄ»ÔÄ»ÔÄ»ÔÄ»[43/176]ÔÄ»[2
2m[39m

[41m[1m FAIL [22m[49m tests/unit/layer-
graph/layer-graph.test.js[2m > [22mLayer 
Graph - Builders[2m > 
[22mbuildSystemMap()[2m > [22mshould 
build graph from parsed files
[41m[1m FAIL [22m[49m tests/unit/layer-
graph/layer-graph.test.js[2m > [22mLayer 
Graph - Builders[2m > 
[22mbuildSystemMap()[2m > [22mshould 
build graph from parsed files
[31m[1mAssertionError[22m: expected 
undefined to be defined[39m
[36m [2mÔØ»[22m tests/unit/layer-graph/l
ayer-graph.test.js:[2m90:48[22m[39m
    [90m 88| [39m      
    [90m 89| [39m      [34mexpect[39m(
[33mObject[39m[33m.[39m[34mkeys[39m(sy
stemMap[33m.[39mfiles))[33m.[39m[34mto
HaveLength[39m([34m2[39m)[33m;[39m
    [90m 90| [39m      [34mexpect[39m(s
ystemMap[33m.[39mfiles[[32m'/src/utils.j
s'[39m])[33m.[39m[34mtoBeDefined[39m()
[33m;[39m
    [90m   | [39m                        
                       [31m^[39m
    [90m 91| [39m      [34mexpect[39m(s
ystemMap[33m.[39mfiles[[32m'/src/main.js
'[39m])[33m.[39m[34mtoBeDefined[39m()
[33m;[39m
    [90m 92| [39m    })[33m;[39m

[31m[2mÔÄ»ÔÄ»ÔÄ»ÔÄ»ÔÄ»ÔÄ»ÔÄ»ÔÄ»ÔÄ»ÔÄ»ÔÄ»Ô
Ä»ÔÄ»ÔÄ»ÔÄ»ÔÄ»ÔÄ»ÔÄ»ÔÄ»ÔÄ»ÔÄ»[44/176]ÔÄ»[2
2m[39m

[41m[1m FAIL [22m[49m tests/unit/layer-
graph/layer-graph.test.js[2m > [22mLayer 
Graph - Builders[2m > 
[22mbuildSystemMap()[2m > [22mshould 
create bidirectional links
[41m[1m FAIL [22m[49m tests/unit/layer-
graph/layer-graph.test.js[2m > [22mLayer 
Graph - Builders[2m > 
[22mbuildSystemMap()[2m > [22mshould 
create bidirectional links
[31m[1mTypeError[22m: Cannot read 
properties of undefined (reading 
'dependsOn')[39m
[36m [2mÔØ»[22m tests/unit/layer-graph/l
ayer-graph.test.js:[2m118:43[22m[39m
    [90m116| [39m      [35mconst[39m 
systemMap [33m=[39m [34mbuildSystemMap[
39m(parsedFiles[33m,[39m 
resolvedImports)[33m;[39m
    [90m117| [39m      
    [90m118| [39m      expect(systemMap.f
iles['/src/b.js'].dependsOn).toContain('/sr
c/aÔÇª
    [90m   | [39m                        
                  [31m^[39m
    [90m119| [39m      expect(systemMap.f
iles['/src/a.js'].usedBy).toContain('/src/b
.jsÔÇª
    [90m120| [39m    })[33m;[39m

[31m[2mÔÄ»ÔÄ»ÔÄ»ÔÄ»ÔÄ»ÔÄ»ÔÄ»ÔÄ»ÔÄ»ÔÄ»ÔÄ»Ô
Ä»ÔÄ»ÔÄ»ÔÄ»ÔÄ»ÔÄ»ÔÄ»ÔÄ»ÔÄ»ÔÄ»[45/176]ÔÄ»[2
2m[39m

[41m[1m FAIL [22m[49m 
tests/unit/services/index.test.js[2m > 
[22mservices/index.js[2m > 
[22mexports[2m > [22mshould export 
LLMService
[41m[1m FAIL [22m[49m 
tests/unit/services/index.test.js[2m > 
[22mservices/index.js[2m > 
[22mexports[2m > [22mshould export 
LLMService
[31m[1mAssertionError[22m: expected 
undefined to be defined[39m
[36m [2mÔØ»[22m tests/unit/services/inde
x.test.js:[2m7:35[22m[39m
    [90m  5| [39m  [34mdescribe[39m([3
2m'exports'[39m[33m,[39m () 
[33m=>[39m {
    [90m  6| [39m    
[34mit[39m([32m'should export 
LLMService'[39m[33m,[39m () 
[33m=>[39m {
    [90m  7| [39m      [34mexpect[39m(s
ervices[33m.[39m[33mLLMService[39m)[33
m.[39m[34mtoBeDefined[39m()[33m;[39m
    [90m   | [39m                        
          [31m^[39m
    [90m  8| [39m      
[34mexpect[39m([35mtypeof[39m services
[33m.[39m[33mLLMService[39m)[33m.[39m
[34mtoBe[39m([32m'function'[39m)[33m;[
39m
    [90m  9| [39m    })[33m;[39m

[31m[2mÔÄ»ÔÄ»ÔÄ»ÔÄ»ÔÄ»ÔÄ»ÔÄ»ÔÄ»ÔÄ»ÔÄ»ÔÄ»Ô
Ä»ÔÄ»ÔÄ»ÔÄ»ÔÄ»ÔÄ»ÔÄ»ÔÄ»ÔÄ»ÔÄ»[46/176]ÔÄ»[2
2m[39m

[41m[1m FAIL [22m[49m 
tests/unit/services/index.test.js[2m > 
[22mservices/index.js[2m > 
[22mexports[2m > [22mshould have 
default export
[41m[1m FAIL [22m[49m 
tests/unit/services/index.test.js[2m > 
[22mservices/index.js[2m > 
[22mexports[2m > [22mshould have 
default export
[31m[1mAssertionError[22m: expected 
undefined to be defined[39m
[36m [2mÔØ»[22m tests/unit/services/inde
x.test.js:[2m30:32[22m[39m
    [90m 28| [39m
    [90m 29| [39m    
[34mit[39m([32m'should have default 
export'[39m[33m,[39m () [33m=>[39m {
    [90m 30| [39m      [34mexpect[39m(s
ervices[33m.[39m[35mdefault[39m)[33m.
[39m[34mtoBeDefined[39m()[33m;[39m
    [90m   | [39m                        
       [31m^[39m
    [90m 31| [39m      [34mexpect[39m(s
ervices[33m.[39m[35mdefault[39m)[33m.
[39m[34mtoBe[39m(services[33m.[39m[33m
LLMService[39m)[33m;[39m
    [90m 32| [39m    })[33m;[39m

[31m[2mÔÄ»ÔÄ»ÔÄ»ÔÄ»ÔÄ»ÔÄ»ÔÄ»ÔÄ»ÔÄ»ÔÄ»ÔÄ»Ô
Ä»ÔÄ»ÔÄ»ÔÄ»ÔÄ»ÔÄ»ÔÄ»ÔÄ»ÔÄ»ÔÄ»[47/176]ÔÄ»[2
2m[39m

[41m[1m FAIL [22m[49m tests/unit/shared
/derivation-engine.test.js[2m > 
[22mDerivationCache - Basic 
Operations[2m > [22mgetStats returns 
correct information
[41m[1m FAIL [22m[49m tests/unit/shared
/derivation-engine.test.js[2m > 
[22mDerivationCache - Basic 
Operations[2m > [22mgetStats returns 
correct information
[31m[1mAssertionError[22m: expected 
undefined to be 1 // Object.is 
equality[39m

[32m- Expected:[39m 
1

[31m+ Received:[39m 
undefined

[36m [2mÔØ»[22m tests/unit/shared/deriva
tion-engine.test.js:[2m194:29[22m[39m
    [90m192| [39m    const stats = 
CacheTestHelper.deriveTwice(cache, atoms, 
'moleculeEÔÇª
    [90m193| [39m
    [90m194| [39m    [34mexpect[39m(sta
ts[33m.[39mcacheSize)[33m.[39m[34mtoBe
[39m([34m1[39m)[33m;[39m
    [90m   | [39m                        
    [31m^[39m
    [90m195| [39m    [34mexpect[39m(sta
ts[33m.[39mhits)[33m.[39m[34mtoBe[39m
([34m1[39m)[33m;[39m
    [90m196| [39m    [34mexpect[39m(sta
ts[33m.[39mmisses)[33m.[39m[34mtoBe[3
9m([34m1[39m)[33m;[39m

[31m[2mÔÄ»ÔÄ»ÔÄ»ÔÄ»ÔÄ»ÔÄ»ÔÄ»ÔÄ»ÔÄ»ÔÄ»ÔÄ»Ô
Ä»ÔÄ»ÔÄ»ÔÄ»ÔÄ»ÔÄ»ÔÄ»ÔÄ»ÔÄ»ÔÄ»[48/176]ÔÄ»[2
2m[39m

[41m[1m FAIL [22m[49m tests/unit/shared
/derivation-engine.test.js[2m > 
[22mcreateComposer - Factory Function[2m 
> [22mcomposer.invalidate clears by atom
[41m[1m FAIL [22m[49m tests/unit/shared
/derivation-engine.test.js[2m > 
[22mcreateComposer - Factory Function[2m 
> [22mcomposer.invalidate clears by atom
[31m[1mAssertionError[22m: expected 
undefined to be +0 // Object.is 
equality[39m

[32m- Expected:[39m 
0

[31m+ Received:[39m 
undefined

[36m [2mÔØ»[22m test tests/unit/shared/d
erivation-engine.test.js:[2m624:47[22m[3
9m
    [90m622| [39m        composer[33m.[
39m[34minvalidate[39m(atom[33m.[39mid)
[33m;[39m
    [90m623| [39m
    [90m624| [39m        [34mexpect[39m
(composer[33m.[39m[34mgetStats[39m()[3
3m.[39mcacheSize)[33m.[39m[34mtoBe[39m
([34m0[39m)[33m;[39m
    [90m   | [39m                        
                      [31m^[39m
    [90m625| [39m      }[33m,[39m
    [90m626| [39m    }[33m,[39m

[31m[2mÔÄ»ÔÄ»ÔÄ»ÔÄ»ÔÄ»ÔÄ»ÔÄ»ÔÄ»ÔÄ»ÔÄ»ÔÄ»Ô
Ä»ÔÄ»ÔÄ»ÔÄ»ÔÄ»ÔÄ»ÔÄ»ÔÄ»ÔÄ»ÔÄ»[49/176]ÔÄ»[2
2m[39m

[41m[1m FAIL [22m[49m tests/unit/shared
/derivation-engine.test.js[2m > 
[22mcreateComposer - Factory Function[2m 
> [22mcomposer.clear resets everything
[41m[1m FAIL [22m[49m tests/unit/shared
/derivation-engine.test.js[2m > 
[22mcreateComposer - Factory Function[2m 
> [22mcomposer.clear resets everything
[31m[1mAssertionError[22m: expected 
undefined to be +0 // Object.is 
equality[39m

[32m- Expected:[39m 
0

[31m+ Received:[39m 
undefined

[36m [2mÔØ»[22m test tests/unit/shared/d
erivation-engine.test.js:[2m636:47[22m[3
9m
    [90m634| [39m        composer[33m.[
39m[34mclear[39m()[33m;[39m
    [90m635| [39m
    [90m636| [39m        [34mexpect[39m
(composer[33m.[39m[34mgetStats[39m()[3
3m.[39mcacheSize)[33m.[39m[34mtoBe[39m
([34m0[39m)[33m;[39m
    [90m   | [39m                        
                      [31m^[39m
    [90m637| [39m      }[33m,[39m
    [90m638| [39m    }[33m,[39m

[31m[2mÔÄ»ÔÄ»ÔÄ»ÔÄ»ÔÄ»ÔÄ»ÔÄ»ÔÄ»ÔÄ»ÔÄ»ÔÄ»Ô
Ä»ÔÄ»ÔÄ»ÔÄ»ÔÄ»ÔÄ»ÔÄ»ÔÄ»ÔÄ»ÔÄ»[50/176]ÔÄ»[2
2m[39m

[41m[1m FAIL [22m[49m tests/unit/core/a
tomic-editor/operations.test.js[2m > 
[22mModifyOperation[2m > 
[22mvalidate()[2m > [22mrequires 
oldString
[41m[1m FAIL [22m[49m tests/unit/core/a
tomic-editor/operations.test.js[2m > 
[22mModifyOperation[2m > 
[22mvalidate()[2m > [22mrequires 
oldString
[31m[1mAssertionError[22m: expected 
'Either oldString or symbolName is reqÔÇª' 
to contain 'oldString is required'[39m

Expected: [32m"oldString is required"[39m
Received: [31m"[7mEither [27moldString 
[7mor symbolName [27mis required[7m for 
modify[27m"[39m

[36m [2mÔØ»[22m tests/unit/core/atomic-e
ditor/operations.test.js:[2m55:28[22m[39
m
    [90m 53| [39m
    [90m 54| [39m      [34mexpect[39m(r
esult[33m.[39mvalid)[33m.[39m[34mtoBe
[39m([35mfalse[39m)[33m;[39m
    [90m 55| [39m      [34mexpect[39m(r
esult[33m.[39merror)[33m.[39m[34mtoCon
tain[39m([32m'oldString is 
required'[39m)[33m;[39m
    [90m   | [39m                        
   [31m^[39m
    [90m 56| [39m    })[33m;[39m
    [90m 57| [39m

[31m[2mÔÄ»ÔÄ»ÔÄ»ÔÄ»ÔÄ»ÔÄ»ÔÄ»ÔÄ»ÔÄ»ÔÄ»ÔÄ»Ô
Ä»ÔÄ»ÔÄ»ÔÄ»ÔÄ»ÔÄ»ÔÄ»ÔÄ»ÔÄ»ÔÄ»[51/176]ÔÄ»[2
2m[39m

[41m[1m FAIL [22m[49m tests/unit/core/a
tomic-editor/operations.test.js[2m > 
[22mModifyOperation[2m > 
[22mvalidate()[2m > [22mhandles file 
read errors
[31m[1mAssertionError[22m: expected 
'Validation failed: ENOENT: no such fiÔÇª' 
to contain 'Cannot read file'[39m

Expected: [32m"Cannot read file"[39m
Received: [31m"Validation failed: ENOENT: 
no such file or directory, open 'C:\Users\m
auro\AppData\Local\Temp\modify-test-JriiCM\
src\nonexistent.js'"[39m

[36m [2mÔØ»[22m tests/unit/core/atomic-e
ditor/operations.test.js:[2m123:28[22m[3
9m
    [90m121| [39m
    [90m122| [39m      [34mexpect[39m(r
esult[33m.[39mvalid)[33m.[39m[34mtoBe
[39m([35mfalse[39m)[33m;[39m
    [90m123| [39m      [34mexpect[39m(r
esult[33m.[39merror)[33m.[39m[34mtoCon
tain[39m([32m'Cannot read 
file'[39m)[33m;[39m
    [90m   | [39m                        
   [31m^[39m
    [90m124| [39m    })[33m;[39m
    [90m125| [39m  })[33m;[39m

[31m[2mÔÄ»ÔÄ»ÔÄ»ÔÄ»ÔÄ»ÔÄ»ÔÄ»ÔÄ»ÔÄ»ÔÄ»ÔÄ»Ô
Ä»ÔÄ»ÔÄ»ÔÄ»ÔÄ»ÔÄ»ÔÄ»ÔÄ»ÔÄ»ÔÄ»[52/176]ÔÄ»[2
2m[39m

[41m[1m FAIL [22m[49m tests/unit/core/a
tomic-editor/operations.test.js[2m > 
[22mModifyOperation[2m > 
[22mvalidate()[2m > [22mhandles file 
read errors
[31m[1mAssertionError[22m: expected 
'Validation failed: ENOENT: no such fiÔÇª' 
to contain 'Cannot read file'[39m

Expected: [32m"Cannot read file"[39m
Received: [31m"Validation failed: ENOENT: 
no such file or directory, open 'C:\Users\m
auro\AppData\Local\Temp\modify-test-1QHLWb\
src\nonexistent.js'"[39m

[36m [2mÔØ»[22m tests/unit/core/atomic-e
ditor/operations.test.js:[2m123:28[22m[3
9m
    [90m121| [39m
    [90m122| [39m      [34mexpect[39m(r
esult[33m.[39mvalid)[33m.[39m[34mtoBe
[39m([35mfalse[39m)[33m;[39m
    [90m123| [39m      [34mexpect[39m(r
esult[33m.[39merror)[33m.[39m[34mtoCon
tain[39m([32m'Cannot read 
file'[39m)[33m;[39m
    [90m   | [39m                        
   [31m^[39m
    [90m124| [39m    })[33m;[39m
    [90m125| [39m  })[33m;[39m

[31m[2mÔÄ»ÔÄ»ÔÄ»ÔÄ»ÔÄ»ÔÄ»ÔÄ»ÔÄ»ÔÄ»ÔÄ»ÔÄ»Ô
Ä»ÔÄ»ÔÄ»ÔÄ»ÔÄ»ÔÄ»ÔÄ»ÔÄ»ÔÄ»ÔÄ»[53/176]ÔÄ»[2
2m[39m

[41m[1m FAIL [22m[49m 
tests/unit/cli/commands/ai.test.js[2m > 
[22maiLogic[2m > [22mstatus[2m > 
[22mreturns status with health info
[41m[1m FAIL [22m[49m 
tests/unit/cli/commands/ai.test.js[2m > 
[22maiLogic[2m > [22mstatus[2m > 
[22mreturns status with health info
[31m[1mAssertionError[22m: expected 
false to be true // Object.is equality[39m

[32m- Expected[39m
[31m+ Received[39m

[32m- true[39m
[31m+ false[39m

[36m [2mÔØ»[22m tests/unit/cli/commands/
ai.test.js:[2m169:30[22m[39m
    [90m167| [39m      [35mconst[39m 
result [33m=[39m [35mawait[39m [34maiL
ogic[39m([[32m'status'[39m][33m,[39m 
{ silent[33m:[39m [35mtrue[39m 
})[33m;[39m
    [90m168| [39m
    [90m169| [39m      [34mexpect[39m(r
esult[33m.[39msuccess)[33m.[39m[34mtoB
e[39m([35mtrue[39m)[33m;[39m
    [90m   | [39m                        
     [31m^[39m
    [90m170| [39m      [34mexpect[39m(r
esult[33m.[39mexitCode)[33m.[39m[34mto
Be[39m([34m0[39m)[33m;[39m
    [90m171| [39m      [34mexpect[39m(r
esult[33m.[39mhealth[33m.[39mgpu)[33m.
[39m[34mtoBe[39m([35mtrue[39m)[33m;[
39m

[31m[2mÔÄ»ÔÄ»ÔÄ»ÔÄ»ÔÄ»ÔÄ»ÔÄ»ÔÄ»ÔÄ»ÔÄ»ÔÄ»Ô
Ä»ÔÄ»ÔÄ»ÔÄ»ÔÄ»ÔÄ»ÔÄ»ÔÄ»ÔÄ»ÔÄ»[54/176]ÔÄ»[2
2m[39m

[41m[1m FAIL [22m[49m 
tests/unit/cli/commands/ai.test.js[2m > 
[22maiLogic[2m > [22mstatus[2m > 
[22mhandles status check failure
[41m[1m FAIL [22m[49m 
tests/unit/cli/commands/ai.test.js[2m > 
[22maiLogic[2m > [22mstatus[2m > 
[22mhandles status check failure
[31m[1mAssertionError[22m: expected 
'[DEPRECATED] AI status commands are nÔÇª' 
to be 'Config not found' // Object.is 
equality[39m

Expected: [32m"Config not found"[39m
Received: [31m"[DEPRECATED] AI status 
commands are no longer supported. LLM 
features run through MCP."[39m

[36m [2mÔØ»[22m tests/unit/cli/commands/
ai.test.js:[2m182:28[22m[39m
    [90m180| [39m      [34mexpect[39m(r
esult[33m.[39msuccess)[33m.[39m[34mtoB
e[39m([35mfalse[39m)[33m;[39m
    [90m181| [39m      [34mexpect[39m(r
esult[33m.[39mexitCode)[33m.[39m[34mto
Be[39m([34m1[39m)[33m;[39m
    [90m182| [39m      [34mexpect[39m(r
esult[33m.[39merror)[33m.[39m[34mtoBe
[39m([32m'Config not 
found'[39m)[33m;[39m
    [90m   | [39m                        
   [31m^[39m
    [90m183| [39m    })[33m;[39m
    [90m184| [39m  })[33m;[39m

[31m[2mÔÄ»ÔÄ»ÔÄ»ÔÄ»ÔÄ»ÔÄ»ÔÄ»ÔÄ»ÔÄ»ÔÄ»ÔÄ»Ô
Ä»ÔÄ»ÔÄ»ÔÄ»ÔÄ»ÔÄ»ÔÄ»ÔÄ»ÔÄ»ÔÄ»[55/176]ÔÄ»[2
2m[39m

[41m[1m FAIL [22m[49m tests/unit/cli/co
mmands/analyze.test.js[2m > 
[22manalyze[2m > [22mexports analyze 
function
[41m[1m FAIL [22m[49m tests/unit/cli/co
mmands/analyze.test.js[2m > 
[22manalyze[2m > [22mexports analyze 
function
[31m[1mAssertionError[22m: expected 
'undefined' to be 'function' // Object.is 
equality[39m

Expected: 
[32m"[7mf[27mun[7mction[27m"[39m
Received: [31m"un[7mdefined[27m"[39m

[36m [2mÔØ»[22m tests/unit/cli/commands/
analyze.test.js:[2m112:28[22m[39m
    [90m110| [39m[34mdescribe[39m([32m
'analyze'[39m[33m,[39m () [33m=>[39m {
    [90m111| [39m  
[34mit[39m([32m'exports analyze 
function'[39m[33m,[39m () [33m=>[39m {
    [90m112| [39m    
[34mexpect[39m([35mtypeof[39m analyze)
[33m.[39m[34mtoBe[39m([32m'function'[3
9m)[33m;[39m
    [90m   | [39m                        
   [31m^[39m
    [90m113| [39m  })[33m;[39m
    [90m114| [39m

[31m[2mÔÄ»ÔÄ»ÔÄ»ÔÄ»ÔÄ»ÔÄ»ÔÄ»ÔÄ»ÔÄ»ÔÄ»ÔÄ»Ô
Ä»ÔÄ»ÔÄ»ÔÄ»ÔÄ»ÔÄ»ÔÄ»ÔÄ»ÔÄ»ÔÄ»[56/176]ÔÄ»[2
2m[39m

[41m[1m FAIL [22m[49m tests/unit/cli/co
mmands/analyze.test.js[2m > 
[22manalyze[2m > [22mcalls process.exit 
with exitCode from logic
[41m[1m FAIL [22m[49m tests/unit/cli/co
mmands/analyze.test.js[2m > 
[22manalyze[2m > [22mcalls process.exit 
with exitCode from logic
[31m[1mTypeError[22m: analyze is not a 
function[39m
[36m [2mÔØ»[22m tests/unit/cli/commands/
analyze.test.js:[2m119:11[22m[39m
    [90m117| [39m    vi[33m.[39m[34mmo
cked[39m(indexProject)[33m.[39m[34mmock
RejectedValue[39m([35mnew[39m [33mError
[39m([32m'Failed'[39m))[33m;[39m
    [90m118| [39m
    [90m119| [39m    [35mawait[39m [34
manalyze[39m([32m'/my/project'[39m)[33m
;[39m
    [90m   | [39m          [31m^[39m
    [90m120| [39m
    [90m121| [39m    [34mexpect[39m(exi
tSpy)[33m.[39m[34mtoHaveBeenCalledWith[
39m([34m1[39m)[33m;[39m

[31m[2mÔÄ»ÔÄ»ÔÄ»ÔÄ»ÔÄ»ÔÄ»ÔÄ»ÔÄ»ÔÄ»ÔÄ»ÔÄ»Ô
Ä»ÔÄ»ÔÄ»ÔÄ»ÔÄ»ÔÄ»ÔÄ»ÔÄ»ÔÄ»ÔÄ»[57/176]ÔÄ»[2
2m[39m

[41m[1m FAIL [22m[49m tests/unit/cli/co
mmands/analyze.test.js[2m > 
[22manalyze[2m > [22mreturns result 
when exitOnComplete is false
[41m[1m FAIL [22m[49m tests/unit/cli/co
mmands/analyze.test.js[2m > 
[22manalyze[2m > [22mreturns result 
when exitOnComplete is false
[31m[1mTypeError[22m: analyze is not a 
function[39m
[36m [2mÔØ»[22m tests/unit/cli/commands/
analyze.test.js:[2m128:26[22m[39m
    [90m126| [39m    vi[33m.[39m[34mmo
cked[39m(indexProject)[33m.[39m[34mmock
ResolvedValue[39m(undefined)[33m;[39m
    [90m127| [39m
    [90m128| [39m    const result = 
await analyze('/my/project', { 
exitOnComplete: falsÔÇª
    [90m   | [39m                        
 [31m^[39m
    [90m129| [39m
    [90m130| [39m    [34mexpect[39m(res
ult[33m.[39msuccess)[33m.[39m[34mtoBe
[39m([35mtrue[39m)[33m;[39m

[31m[2mÔÄ»ÔÄ»ÔÄ»ÔÄ»ÔÄ»ÔÄ»ÔÄ»ÔÄ»ÔÄ»ÔÄ»ÔÄ»Ô
Ä»ÔÄ»ÔÄ»ÔÄ»ÔÄ»ÔÄ»ÔÄ»ÔÄ»ÔÄ»ÔÄ»[58/176]ÔÄ»[2
2m[39m

[41m[1m FAIL [22m[49m tests/unit/cli/co
mmands/analyze.test.js[2m > 
[22manalyze[2m > [22mthrows error when 
analysis fails and exitOnComplete is false
[41m[1m FAIL [22m[49m tests/unit/cli/co
mmands/analyze.test.js[2m > 
[22manalyze[2m > [22mthrows error when 
analysis fails and exitOnComplete is false
[31m[1mTypeError[22m: analyze is not a 
function[39m
[36m [2mÔØ»[22m tests/unit/cli/commands/
analyze.test.js:[2m137:18[22m[39m
    [90m135| [39m    vi[33m.[39m[34mmo
cked[39m(indexProject)[33m.[39m[34mmock
RejectedValue[39m([35mnew[39m [33mError
[39m([32m'Failed'[39m))[33m;[39m
    [90m136| [39m
    [90m137| [39m    await 
expect(analyze('/my/project', { 
exitOnComplete: false })).reÔÇª
    [90m   | [39m                 
[31m^[39m
    [90m138| [39m  })[33m;[39m
    [90m139| [39m})[33m;[39m

[31m[2mÔÄ»ÔÄ»ÔÄ»ÔÄ»ÔÄ»ÔÄ»ÔÄ»ÔÄ»ÔÄ»ÔÄ»ÔÄ»Ô
Ä»ÔÄ»ÔÄ»ÔÄ»ÔÄ»ÔÄ»ÔÄ»ÔÄ»ÔÄ»ÔÄ»[59/176]ÔÄ»[2
2m[39m

[41m[1m FAIL [22m[49m tests/unit/cli/co
mmands/check.real.test.js[2m > 
[22mcheckLogic (Real Factories)[2m > 
[22mwith analysis data[2m > [22mreturns 
error when no analysis data exists
[41m[1m FAIL [22m[49m tests/unit/cli/co
mmands/check.real.test.js[2m > 
[22mcheckLogic (Real Factories)[2m > 
[22mwith analysis data[2m > [22mreturns 
error when no analysis data exists
[31m[1mAssertionError[22m: expected 
'File not found in analysis: test.js' to 
be 'No analysis data found' // Object.is 
equality[39m

Expected: [32m"No analysis data 
found"[39m
Received: [31m"File not found in 
analysis: test.js"[39m

[36m [2mÔØ»[22m tests/unit/cli/commands/
check.real.test.js:[2m52:30[22m[39m
    [90m 50| [39m        [34mexpect[39m
(result[33m.[39msuccess)[33m.[39m[34mt
oBe[39m([35mfalse[39m)[33m;[39m
    [90m 51| [39m        [34mexpect[39m
(result[33m.[39mexitCode)[33m.[39m[34m
toBe[39m([34m1[39m)[33m;[39m
    [90m 52| [39m        [34mexpect[39m
(result[33m.[39merror)[33m.[39m[34mtoB
e[39m([32m'No analysis data 
found'[39m)[33m;[39m
    [90m   | [39m                        
     [31m^[39m
    [90m 53| [39m      })[33m;[39m
    [90m 54| [39m    })[33m;[39m
[90m [2mÔØ»[22m withSandbox tests/factor
ies/real/filesystem.factory.js:[2m259:12[
22m[39m
[90m [2mÔØ»[22m tests/unit/cli/commands/
check.real.test.js:[2m41:7[22m[39m

[31m[2mÔÄ»ÔÄ»ÔÄ»ÔÄ»ÔÄ»ÔÄ»ÔÄ»ÔÄ»ÔÄ»ÔÄ»ÔÄ»Ô
Ä»ÔÄ»ÔÄ»ÔÄ»ÔÄ»ÔÄ»ÔÄ»ÔÄ»ÔÄ»ÔÄ»[60/176]ÔÄ»[2
2m[39m

[41m[1m FAIL [22m[49m tests/unit/cli/co
mmands/check.real.test.js[2m > 
[22mcheckLogic (Real Factories)[2m > 
[22mwith analysis data[2m > [22mreturns 
file data when file exists in system map
[41m[1m FAIL [22m[49m tests/unit/cli/co
mmands/check.real.test.js[2m > 
[22mcheckLogic (Real Factories)[2m > 
[22mwith analysis data[2m > [22mreturns 
file data when file exists in system map
[31m[1mAssertionError[22m: expected 
false to be true // Object.is equality[39m

[32m- Expected[39m
[31m+ Received[39m

[32m- true[39m
[31m+ false[39m

[36m [2mÔØ»[22m tests/unit/cli/commands/
check.real.test.js:[2m99:32[22m[39m
    [90m 97| [39m        })[33m;[39m
    [90m 98| [39m
    [90m 99| [39m        [34mexpect[39m
(result[33m.[39msuccess)[33m.[39m[34mt
oBe[39m([35mtrue[39m)[33m;[39m
    [90m   | [39m                        
       [31m^[39m
    [90m100| [39m        [34mexpect[39m
(result[33m.[39mexitCode)[33m.[39m[34m
toBe[39m([34m0[39m)[33m;[39m
    [90m101| [39m        [34mexpect[39m
(result[33m.[39mfileData)[33m.[39m[34m
toBeDefined[39m()[33m;[39m
[90m [2mÔØ»[22m withSandbox tests/factor
ies/real/filesystem.factory.js:[2m259:12[
22m[39m
[90m [2mÔØ»[22m tests/unit/cli/commands/
check.real.test.js:[2m90:7[22m[39m

[31m[2mÔÄ»ÔÄ»ÔÄ»ÔÄ»ÔÄ»ÔÄ»ÔÄ»ÔÄ»ÔÄ»ÔÄ»ÔÄ»Ô
Ä»ÔÄ»ÔÄ»ÔÄ»ÔÄ»ÔÄ»ÔÄ»ÔÄ»ÔÄ»ÔÄ»[61/176]ÔÄ»[2
2m[39m

[41m[1m FAIL [22m[49m tests/unit/cli/co
mmands/check.real.test.js[2m > 
[22mcheckLogic (Real Factories)[2m > 
[22mwith analysis data[2m > 
[22mincludes semantic connections in 
output
[41m[1m FAIL [22m[49m tests/unit/cli/co
mmands/check.real.test.js[2m > 
[22mcheckLogic (Real Factories)[2m > 
[22mwith analysis data[2m > 
[22mincludes semantic connections in 
output
[31m[1mAssertionError[22m: expected 
false to be true // Object.is equality[39m

[32m- Expected[39m
[31m+ Received[39m

[32m- true[39m
[31m+ false[39m

[36m [2mÔØ»[22m tests/unit/cli/commands/
check.real.test.js:[2m131:32[22m[39m
    [90m129| [39m        })[33m;[39m
    [90m130| [39m
    [90m131| [39m        [34mexpect[39m
(result[33m.[39msuccess)[33m.[39m[34mt
oBe[39m([35mtrue[39m)[33m;[39m
    [90m   | [39m                        
       [31m^[39m
    [90m132| [39m        [34mexpect[39m
(result[33m.[39moutput)[33m.[39m[34mto
Contain[39m([32m'SEMANTIC 
CONNECTIONS'[39m)[33m;[39m
    [90m133| [39m      })[33m;[39m
[90m [2mÔØ»[22m withSandbox tests/factor
ies/real/filesystem.factory.js:[2m259:12[
22m[39m
[90m [2mÔØ»[22m tests/unit/cli/commands/
check.real.test.js:[2m122:7[22m[39m

[31m[2mÔÄ»ÔÄ»ÔÄ»ÔÄ»ÔÄ»ÔÄ»ÔÄ»ÔÄ»ÔÄ»ÔÄ»ÔÄ»Ô
Ä»ÔÄ»ÔÄ»ÔÄ»ÔÄ»ÔÄ»ÔÄ»ÔÄ»ÔÄ»ÔÄ»[62/176]ÔÄ»[2
2m[39m

[41m[1m FAIL [22m[49m tests/unit/cli/co
mmands/check.real.test.js[2m > 
[22mcheckLogic (Real Factories)[2m > 
[22mwith analysis data[2m > 
[22mincludes side effects in output
[41m[1m FAIL [22m[49m tests/unit/cli/co
mmands/check.real.test.js[2m > 
[22mcheckLogic (Real Factories)[2m > 
[22mwith analysis data[2m > 
[22mincludes side effects in output
[31m[1mAssertionError[22m: expected 
false to be true // Object.is equality[39m

[32m- Expected[39m
[31m+ Received[39m

[32m- true[39m
[31m+ false[39m

[36m [2mÔØ»[22m tests/unit/cli/commands/
check.real.test.js:[2m163:32[22m[39m
    [90m161| [39m        })[33m;[39m
    [90m162| [39m
    [90m163| [39m        [34mexpect[39m
(result[33m.[39msuccess)[33m.[39m[34mt
oBe[39m([35mtrue[39m)[33m;[39m
    [90m   | [39m                        
       [31m^[39m
    [90m164| [39m        [34mexpect[39m
(result[33m.[39moutput)[33m.[39m[34mto
Contain[39m([32m'SIDE 
EFFECTS'[39m)[33m;[39m
    [90m165| [39m        [34mexpect[39m
(result[33m.[39moutput)[33m.[39m[34mto
Contain[39m([32m'localStorage'[39m)[33m
;[39m
[90m [2mÔØ»[22m withSandbox tests/factor
ies/real/filesystem.factory.js:[2m259:12[
22m[39m
[90m [2mÔØ»[22m tests/unit/cli/commands/
check.real.test.js:[2m154:7[22m[39m

[31m[2mÔÄ»ÔÄ»ÔÄ»ÔÄ»ÔÄ»ÔÄ»ÔÄ»ÔÄ»ÔÄ»ÔÄ»ÔÄ»Ô
Ä»ÔÄ»ÔÄ»ÔÄ»ÔÄ»ÔÄ»ÔÄ»ÔÄ»ÔÄ»ÔÄ»[63/176]ÔÄ»[2
2m[39m

[41m[1m FAIL [22m[49m tests/unit/cli/co
mmands/check.real.test.js[2m > 
[22mcheckLogic (Real Factories)[2m > 
[22mwith analysis data[2m > [22mhandles 
path normalization
[41m[1m FAIL [22m[49m tests/unit/cli/co
mmands/check.real.test.js[2m > 
[22mcheckLogic (Real Factories)[2m > 
[22mwith analysis data[2m > [22mhandles 
path normalization
[31m[1mAssertionError[22m: expected 
false to be true // Object.is equality[39m

[32m- Expected[39m
[31m+ Received[39m

[32m- true[39m
[31m+ false[39m

[36m [2mÔØ»[22m tests/unit/cli/commands/
check.real.test.js:[2m189:32[22m[39m
    [90m187| [39m        })[33m;[39m
    [90m188| [39m
    [90m189| [39m        [34mexpect[39m
(result[33m.[39msuccess)[33m.[39m[34mt
oBe[39m([35mtrue[39m)[33m;[39m
    [90m   | [39m                        
       [31m^[39m
    [90m190| [39m        [34mexpect[39m
(result[33m.[39mmatchedPath)[33m.[39m[
34mtoBe[39m([32m'src/utils/test.js'[39m)
[33m;[39m
    [90m191| [39m      })[33m;[39m
[90m [2mÔØ»[22m withSandbox tests/factor
ies/real/filesystem.factory.js:[2m259:12[
22m[39m
[90m [2mÔØ»[22m tests/unit/cli/commands/
check.real.test.js:[2m180:7[22m[39m

[31m[2mÔÄ»ÔÄ»ÔÄ»ÔÄ»ÔÄ»ÔÄ»ÔÄ»ÔÄ»ÔÄ»ÔÄ»ÔÄ»Ô
Ä»ÔÄ»ÔÄ»ÔÄ»ÔÄ»ÔÄ»ÔÄ»ÔÄ»ÔÄ»ÔÄ»[64/176]ÔÄ»[2
2m[39m

[41m[1m FAIL [22m[49m 
tests/unit/cli/commands/check.test.js[2m 
> [22mcheckLogic[2m > [22mreturns file 
data when file exists in system map
[41m[1m FAIL [22m[49m 
tests/unit/cli/commands/check.test.js[2m 
> [22mcheckLogic[2m > [22mreturns file 
data when file exists in system map
[31m[1mAssertionError[22m: expected 
false to be true // Object.is equality[39m

[32m- Expected[39m
[31m+ Received[39m

[32m- true[39m
[31m+ false[39m

[36m [2mÔØ»[22m tests/unit/cli/commands/
check.test.js:[2m95:28[22m[39m
    [90m 93| [39m    [35mconst[39m 
result [33m=[39m [35mawait[39m [34mche
ckLogic[39m([32m'test.js'[39m[33m,[39m
 { silent[33m:[39m [35mtrue[39m 
})[33m;[39m
    [90m 94| [39m
    [90m 95| [39m    [34mexpect[39m(res
ult[33m.[39msuccess)[33m.[39m[34mtoBe
[39m([35mtrue[39m)[33m;[39m
    [90m   | [39m                        
   [31m^[39m
    [90m 96| [39m    [34mexpect[39m(res
ult[33m.[39mexitCode)[33m.[39m[34mtoBe
[39m([34m0[39m)[33m;[39m
    [90m 97| [39m    [34mexpect[39m(res
ult[33m.[39mfileData)[33m.[39m[34mtoBe
Defined[39m()[33m;[39m

[31m[2mÔÄ»ÔÄ»ÔÄ»ÔÄ»ÔÄ»ÔÄ»ÔÄ»ÔÄ»ÔÄ»ÔÄ»ÔÄ»Ô
Ä»ÔÄ»ÔÄ»ÔÄ»ÔÄ»ÔÄ»ÔÄ»ÔÄ»ÔÄ»ÔÄ»[65/176]ÔÄ»[2
2m[39m

[41m[1m FAIL [22m[49m 
tests/unit/cli/commands/check.test.js[2m 
> [22mcheckLogic[2m > [22mincludes 
semantic connections in output
[41m[1m FAIL [22m[49m 
tests/unit/cli/commands/check.test.js[2m 
> [22mcheckLogic[2m > [22mincludes 
semantic connections in output
[31m[1mAssertionError[22m: expected 
false to be true // Object.is equality[39m

[32m- Expected[39m
[31m+ Received[39m

[32m- true[39m
[31m+ false[39m

[36m [2mÔØ»[22m tests/unit/cli/commands/
check.test.js:[2m123:28[22m[39m
    [90m121| [39m    [35mconst[39m 
result [33m=[39m [35mawait[39m [34mche
ckLogic[39m([32m'test.js'[39m[33m,[39m
 { silent[33m:[39m [35mtrue[39m 
})[33m;[39m
    [90m122| [39m
    [90m123| [39m    [34mexpect[39m(res
ult[33m.[39msuccess)[33m.[39m[34mtoBe
[39m([35mtrue[39m)[33m;[39m
    [90m   | [39m                        
   [31m^[39m
    [90m124| [39m    [34mexpect[39m(res
ult[33m.[39moutput)[33m.[39m[34mtoCont
ain[39m([32m'SEMANTIC 
CONNECTIONS'[39m)[33m;[39m
    [90m125| [39m  })[33m;[39m

[31m[2mÔÄ»ÔÄ»ÔÄ»ÔÄ»ÔÄ»ÔÄ»ÔÄ»ÔÄ»ÔÄ»ÔÄ»ÔÄ»Ô
Ä»ÔÄ»ÔÄ»ÔÄ»ÔÄ»ÔÄ»ÔÄ»ÔÄ»ÔÄ»ÔÄ»[66/176]ÔÄ»[2
2m[39m

[41m[1m FAIL [22m[49m 
tests/unit/cli/commands/check.test.js[2m 
> [22mcheckLogic[2m > [22mincludes side 
effects in output
[41m[1m FAIL [22m[49m 
tests/unit/cli/commands/check.test.js[2m 
> [22mcheckLogic[2m > [22mincludes side 
effects in output
[31m[1mAssertionError[22m: expected 
false to be true // Object.is equality[39m

[32m- Expected[39m
[31m+ Received[39m

[32m- true[39m
[31m+ false[39m

[36m [2mÔØ»[22m tests/unit/cli/commands/
check.test.js:[2m151:28[22m[39m
    [90m149| [39m    [35mconst[39m 
result [33m=[39m [35mawait[39m [34mche
ckLogic[39m([32m'test.js'[39m[33m,[39m
 { silent[33m:[39m [35mtrue[39m 
})[33m;[39m
    [90m150| [39m
    [90m151| [39m    [34mexpect[39m(res
ult[33m.[39msuccess)[33m.[39m[34mtoBe
[39m([35mtrue[39m)[33m;[39m
    [90m   | [39m                        
   [31m^[39m
    [90m152| [39m    [34mexpect[39m(res
ult[33m.[39moutput)[33m.[39m[34mtoCont
ain[39m([32m'SIDE 
EFFECTS'[39m)[33m;[39m
    [90m153| [39m    [34mexpect[39m(res
ult[33m.[39moutput)[33m.[39m[34mtoCont
ain[39m([32m'localStorage'[39m)[33m;[3
9m

[31m[2mÔÄ»ÔÄ»ÔÄ»ÔÄ»ÔÄ»ÔÄ»ÔÄ»ÔÄ»ÔÄ»ÔÄ»ÔÄ»Ô
Ä»ÔÄ»ÔÄ»ÔÄ»ÔÄ»ÔÄ»ÔÄ»ÔÄ»ÔÄ»ÔÄ»[67/176]ÔÄ»[2
2m[39m

[41m[1m FAIL [22m[49m 
tests/unit/cli/commands/check.test.js[2m 
> [22mcheckLogic[2m > [22mhandles path 
normalization
[41m[1m FAIL [22m[49m 
tests/unit/cli/commands/check.test.js[2m 
> [22mcheckLogic[2m > [22mhandles path 
normalization
[31m[1mAssertionError[22m: expected 
false to be true // Object.is equality[39m

[32m- Expected[39m
[31m+ Received[39m

[32m- true[39m
[31m+ false[39m

[36m [2mÔØ»[22m tests/unit/cli/commands/
check.test.js:[2m173:28[22m[39m
    [90m171| [39m    [35mconst[39m 
result [33m=[39m [35mawait[39m [34mche
ckLogic[39m([32m'utils/test.js'[39m[33m
,[39m { silent[33m:[39m [35mtrue[39m 
})[33m;[39m
    [90m172| [39m
    [90m173| [39m    [34mexpect[39m(res
ult[33m.[39msuccess)[33m.[39m[34mtoBe
[39m([35mtrue[39m)[33m;[39m
    [90m   | [39m                        
   [31m^[39m
    [90m174| [39m    [34mexpect[39m(res
ult[33m.[39mmatchedPath)[33m.[39m[34mt
oBe[39m([32m'src/utils/test.js'[39m)[33
m;[39m
    [90m175| [39m  })[33m;[39m

[31m[2mÔÄ»ÔÄ»ÔÄ»ÔÄ»ÔÄ»ÔÄ»ÔÄ»ÔÄ»ÔÄ»ÔÄ»ÔÄ»Ô
Ä»ÔÄ»ÔÄ»ÔÄ»ÔÄ»ÔÄ»ÔÄ»ÔÄ»ÔÄ»ÔÄ»[68/176]ÔÄ»[2
2m[39m

[41m[1m FAIL [22m[49m 
tests/unit/cli/commands/index.test.js[2m 
> [22mcommands[2m > [22mhas correct 
number of commands
[41m[1m FAIL [22m[49m 
tests/unit/cli/commands/index.test.js[2m 
> [22mcommands[2m > [22mhas correct 
number of commands
[31m[1mAssertionError[22m: expected [ 
'up', 'down', 'status', ÔÇª(7) ] to have a 
length of 7 but got 10[39m

[32m- Expected[39m
[31m+ Received[39m

[32m- 7[39m
[31m+ 10[39m

[36m [2mÔØ»[22m tests/unit/cli/commands/
index.test.js:[2m190:35[22m[39m
    [90m188| [39m
    [90m189| [39m  
[34mit[39m([32m'has correct number of 
commands'[39m[33m,[39m () [33m=>[39m {
    [90m190| [39m    [34mexpect[39m([3
3mObject[39m[33m.[39m[34mkeys[39m(comm
ands))[33m.[39m[34mtoHaveLength[39m([3
4m7[39m)[33m;[39m
    [90m   | [39m                        
          [31m^[39m
    [90m191| [39m  })[33m;[39m
    [90m192| [39m})[33m;[39m

[31m[2mÔÄ»ÔÄ»ÔÄ»ÔÄ»ÔÄ»ÔÄ»ÔÄ»ÔÄ»ÔÄ»ÔÄ»ÔÄ»Ô
Ä»ÔÄ»ÔÄ»ÔÄ»ÔÄ»ÔÄ»ÔÄ»ÔÄ»ÔÄ»ÔÄ»[69/176]ÔÄ»[2
2m[39m

[41m[1m FAIL [22m[49m 
tests/unit/cli/commands/up.test.js[2m > 
[22mupLogic[2m > [22mreturns success 
when MCP already running
[41m[1m FAIL [22m[49m 
tests/unit/cli/commands/up.test.js[2m > 
[22mupLogic[2m > [22mreturns success 
when MCP already running
[31m[1mAssertionError[22m: expected 
true to be false // Object.is equality[39m

[32m- Expected[39m
[31m+ Received[39m

[32m- false[39m
[31m+ true[39m

[36m [2mÔØ»[22m tests/unit/cli/commands/
up.test.js:[2m35:41[22m[39m
    [90m 33| [39m    [34mexpect[39m(res
ult[33m.[39mexitCode)[33m.[39m[34mtoBe
[39m([34m0[39m)[33m;[39m
    [90m 34| [39m    [34mexpect[39m(res
ult[33m.[39mservices[33m.[39mmcp[33m.
[39mrunning)[33m.[39m[34mtoBe[39m([35m
true[39m)[33m;[39m
    [90m 35| [39m    [34mexpect[39m(res
ult[33m.[39mservices[33m.[39mmcp[33m.
[39mstarted)[33m.[39m[34mtoBe[39m([35m
false[39m)[33m;[39m
    [90m   | [39m                        
                [31m^[39m
    [90m 36| [39m  })[33m;[39m
    [90m 37| [39m

[31m[2mÔÄ»ÔÄ»ÔÄ»ÔÄ»ÔÄ»ÔÄ»ÔÄ»ÔÄ»ÔÄ»ÔÄ»ÔÄ»Ô
Ä»ÔÄ»ÔÄ»ÔÄ»ÔÄ»ÔÄ»ÔÄ»ÔÄ»ÔÄ»ÔÄ»[70/176]ÔÄ»[2
2m[39m

[41m[1m FAIL [22m[49m tests/unit/layer-
a-core/parser/parser.test.js[2m > 
[22mLayer A - Parser[2m > 
[22mparseFile() - Basic parsing[2m > 
[22mshould parse ESM imports
[41m[1m FAIL [22m[49m tests/unit/layer-
a-core/parser/parser.test.js[2m > 
[22mLayer A - Parser[2m > 
[22mparseFile() - Basic parsing[2m > 
[22mshould parse ESM imports
[31m[1mAssertionError[22m: expected [] 
to include 'foo'[39m
[36m [2mÔØ»[22m tests/unit/layer-a-core/
parser/parser.test.js:[2m43:30[22m[39m
    [90m 41| [39m      [90m// 
Specifiers are objects with { type, 
imported, local }[39m
    [90m 42| [39m      const 
specifierNames = 
result.imports[0].specifiers.map(s => 
s.iÔÇª
    [90m 43| [39m      [34mexpect[39m(s
pecifierNames)[33m.[39m[34mtoContain[39
m([32m'foo'[39m)[33m;[39m
    [90m   | [39m                        
     [31m^[39m
    [90m 44| [39m      [34mexpect[39m(s
pecifierNames)[33m.[39m[34mtoContain[39
m([32m'bar'[39m)[33m;[39m
    [90m 45| [39m    })[33m;[39m

[31m[2mÔÄ»ÔÄ»ÔÄ»ÔÄ»ÔÄ»ÔÄ»ÔÄ»ÔÄ»ÔÄ»ÔÄ»ÔÄ»Ô
Ä»ÔÄ»ÔÄ»ÔÄ»ÔÄ»ÔÄ»ÔÄ»ÔÄ»ÔÄ»ÔÄ»[71/176]ÔÄ»[2
2m[39m

[41m[1m FAIL [22m[49m tests/unit/layer-
a-core/parser/parser.test.js[2m > 
[22mLayer A - Parser[2m > 
[22mparseFile() - Basic parsing[2m > 
[22mshould parse default export
[41m[1m FAIL [22m[49m tests/unit/layer-
a-core/parser/parser.test.js[2m > 
[22mLayer A - Parser[2m > 
[22mparseFile() - Basic parsing[2m > 
[22mshould parse default export
[31m[1mAssertionError[22m: expected 
undefined to be 'FunctionDeclaration' // 
Object.is equality[39m

[32m- Expected:[39m 
"FunctionDeclaration"

[31m+ Received:[39m 
undefined

[36m [2mÔØ»[22m tests/unit/layer-a-core/
parser/parser.test.js:[2m88:34[22m[39m
    [90m 86| [39m      [34mexpect[39m(d
efaultExport)[33m.[39m[34mtoBeDefined[3
9m()[33m;[39m
    [90m 87| [39m      // Default 
exports have 'kind' (e.g., 
'FunctionDeclaration'), noÔÇª
    [90m 88| [39m      [34mexpect[39m(d
efaultExport[33m.[39mkind)[33m.[39m[34
mtoBe[39m([32m'FunctionDeclaration'[39m)
[33m;[39m
    [90m   | [39m                        
         [31m^[39m
    [90m 89| [39m    })[33m;[39m
    [90m 90| [39m

[31m[2mÔÄ»ÔÄ»ÔÄ»ÔÄ»ÔÄ»ÔÄ»ÔÄ»ÔÄ»ÔÄ»ÔÄ»ÔÄ»Ô
Ä»ÔÄ»ÔÄ»ÔÄ»ÔÄ»ÔÄ»ÔÄ»ÔÄ»ÔÄ»ÔÄ»[72/176]ÔÄ»[2
2m[39m

[41m[1m FAIL [22m[49m tests/unit/layer-
a-core/parser/parser.test.js[2m > 
[22mLayer A - Parser[2m > 
[22mparseFile() - Basic parsing[2m > 
[22mshould extract function calls
[41m[1m FAIL [22m[49m tests/unit/layer-
a-core/parser/parser.test.js[2m > 
[22mLayer A - Parser[2m > 
[22mparseFile() - Basic parsing[2m > 
[22mshould extract function calls
[31m[1mAssertionError[22m: expected [ 
'helper' ] to include 'console.log'[39m
[36m [2mÔØ»[22m tests/unit/layer-a-core/
parser/parser.test.js:[2m154:25[22m[39m
    [90m152| [39m      [34mexpect[39m(c
allNames)[33m.[39m[34mtoContain[39m([3
2m'helper'[39m)[33m;[39m
    [90m153| [39m      [90m// Member 
calls like console.log are stored as 
'console.log'[39m
    [90m154| [39m      [34mexpect[39m(c
allNames)[33m.[39m[34mtoContain[39m([3
2m'console.log'[39m)[33m;[39m
    [90m   | [39m                        
[31m^[39m
    [90m155| [39m    })[33m;[39m
    [90m156| [39m

[31m[2mÔÄ»ÔÄ»ÔÄ»ÔÄ»ÔÄ»ÔÄ»ÔÄ»ÔÄ»ÔÄ»ÔÄ»ÔÄ»Ô
Ä»ÔÄ»ÔÄ»ÔÄ»ÔÄ»ÔÄ»ÔÄ»ÔÄ»ÔÄ»ÔÄ»[73/176]ÔÄ»[2
2m[39m

[41m[1m FAIL [22m[49m tests/unit/layer-
a-core/parser/parser.test.js[2m > 
[22mLayer A - Parser[2m > 
[22mparseFile() - Basic parsing[2m > 
[22mshould handle parse errors gracefully
[41m[1m FAIL [22m[49m tests/unit/layer-
a-core/parser/parser.test.js[2m > 
[22mLayer A - Parser[2m > 
[22mparseFile() - Basic parsing[2m > 
[22mshould handle parse errors gracefully
[31m[1mAssertionError[22m: expected 
undefined to be defined[39m
[36m [2mÔØ»[22m tests/unit/layer-a-core/
parser/parser.test.js:[2m166:50[22m[39m
    [90m164| [39m      [35mconst[39m 
result [33m=[39m [35mawait[39m [34mpar
seFile[39m([32m'/test/broken.js'[39m[33
m,[39m code)[33m;[39m
    [90m165| [39m
    [90m166| [39m      
[34mexpect[39m(result[33m.[39m_error 
[33m||[39m result[33m.[39mparseError)[
33m.[39m[34mtoBeDefined[39m()[33m;[39m
    [90m   | [39m                        
                         [31m^[39m
    [90m167| [39m      [34mexpect[39m(r
esult[33m.[39mimports)[33m.[39m[34mtoE
qual[39m([])[33m;[39m
    [90m168| [39m      [34mexpect[39m(r
esult[33m.[39mexports)[33m.[39m[34mtoE
qual[39m([])[33m;[39m

[31m[2mÔÄ»ÔÄ»ÔÄ»ÔÄ»ÔÄ»ÔÄ»ÔÄ»ÔÄ»ÔÄ»ÔÄ»ÔÄ»Ô
Ä»ÔÄ»ÔÄ»ÔÄ»ÔÄ»ÔÄ»ÔÄ»ÔÄ»ÔÄ»ÔÄ»[74/176]ÔÄ»[2
2m[39m

[41m[1m FAIL [22m[49m tests/unit/layer-
a-core/graph/graph.test.js[2m > 
[22mLayer A - Graph[2m > 
[22mbuildSystemMap() - Graph 
construction[2m > [22mshould build graph 
from parsed files object
[41m[1m FAIL [22m[49m tests/unit/layer-
a-core/graph/graph.test.js[2m > 
[22mLayer A - Graph[2m > 
[22mbuildSystemMap() - Graph 
construction[2m > [22mshould build graph 
from parsed files object
[31m[1mAssertionError[22m: expected 
undefined to be defined[39m
[36m [2mÔØ»[22m tests/unit/layer-a-core/
graph/graph.test.js:[2m79:48[22m[39m
    [90m 77| [39m      
    [90m 78| [39m      [34mexpect[39m(
[33mObject[39m[33m.[39m[34mkeys[39m(sy
stemMap[33m.[39mfiles))[33m.[39m[34mto
HaveLength[39m([34m2[39m)[33m;[39m
    [90m 79| [39m      [34mexpect[39m(s
ystemMap[33m.[39mfiles[[32m'/src/utils.j
s'[39m])[33m.[39m[34mtoBeDefined[39m()
[33m;[39m
    [90m   | [39m                        
                       [31m^[39m
    [90m 80| [39m      [34mexpect[39m(s
ystemMap[33m.[39mfiles[[32m'/src/main.js
'[39m])[33m.[39m[34mtoBeDefined[39m()
[33m;[39m
    [90m 81| [39m    })[33m;[39m

[31m[2mÔÄ»ÔÄ»ÔÄ»ÔÄ»ÔÄ»ÔÄ»ÔÄ»ÔÄ»ÔÄ»ÔÄ»ÔÄ»Ô
Ä»ÔÄ»ÔÄ»ÔÄ»ÔÄ»ÔÄ»ÔÄ»ÔÄ»ÔÄ»ÔÄ»[75/176]ÔÄ»[2
2m[39m

[41m[1m FAIL [22m[49m tests/unit/layer-
a-core/graph/graph.test.js[2m > 
[22mLayer A - Graph[2m > 
[22mbuildSystemMap() - Graph 
construction[2m > [22mshould create 
dependency links between files
[41m[1m FAIL [22m[49m tests/unit/layer-
a-core/graph/graph.test.js[2m > 
[22mLayer A - Graph[2m > 
[22mbuildSystemMap() - Graph 
construction[2m > [22mshould create 
dependency links between files
[31m[1mTypeError[22m: Cannot read 
properties of undefined (reading 
'dependsOn')[39m
[36m [2mÔØ»[22m tests/unit/layer-a-core/
graph/graph.test.js:[2m129:43[22m[39m
    [90m127| [39m      
    [90m128| [39m      [90m// Check 
bidirectional linking[39m
    [90m129| [39m      expect(systemMap.f
iles['/src/b.js'].dependsOn).toContain('/sr
c/aÔÇª
    [90m   | [39m                        
                  [31m^[39m
    [90m130| [39m      expect(systemMap.f
iles['/src/a.js'].usedBy).toContain('/src/b
.jsÔÇª
    [90m131| [39m    })[33m;[39m

[31m[2mÔÄ»ÔÄ»ÔÄ»ÔÄ»ÔÄ»ÔÄ»ÔÄ»ÔÄ»ÔÄ»ÔÄ»ÔÄ»Ô
Ä»ÔÄ»ÔÄ»ÔÄ»ÔÄ»ÔÄ»ÔÄ»ÔÄ»ÔÄ»ÔÄ»[76/176]ÔÄ»[2
2m[39m

[41m[1m FAIL [22m[49m tests/unit/layer-
a-static/extractors/data-flow-parser-plugin
s.test.js[2m > [22mextractDataFlow ÔÇö 
pipeline operator NO soportado[2m > 
[22mretorna error para c├│digo con 
pipeline operator
[41m[1m FAIL [22m[49m tests/unit/layer-
a-static/extractors/data-flow-parser-plugin
s.test.js[2m > [22mextractDataFlow ÔÇö 
pipeline operator NO soportado[2m > 
[22mretorna error para c├│digo con 
pipeline operator
[31m[1mAssertionError[22m: expected 
undefined to be defined[39m
[36m [2mÔØ»[22m tests/unit/layer-a-stati
c/extractors/data-flow-parser-plugins.test.
js:[2m54:26[22m[39m
    [90m 52| [39m    [90m// Debe 
retornar un error, no crashear[39m
    [90m 53| [39m    [34mexpect[39m(res
ult)[33m.[39m[34mtoBeDefined[39m()[33m
;[39m
    [90m 54| [39m    [34mexpect[39m(res
ult[33m.[39merror)[33m.[39m[34mtoBeDef
ined[39m()[33m;[39m
    [90m   | [39m                        
 [31m^[39m
    [90m 55| [39m  })[33m;[39m
    [90m 56| [39m

[31m[2mÔÄ»ÔÄ»ÔÄ»ÔÄ»ÔÄ»ÔÄ»ÔÄ»ÔÄ»ÔÄ»ÔÄ»ÔÄ»Ô
Ä»ÔÄ»ÔÄ»ÔÄ»ÔÄ»ÔÄ»ÔÄ»ÔÄ»ÔÄ»ÔÄ»[77/176]ÔÄ»[2
2m[39m

[41m[1m FAIL [22m[49m tests/unit/layer-
a-static/extractors/data-flow-parser-plugin
s.test.js[2m > [22mextractDataFlow ÔÇö 
graceful degradation[2m > [22mretorna { 
error } en lugar de lanzar cuando el 
c├│digo es inv├ílido
[41m[1m FAIL [22m[49m tests/unit/layer-
a-static/extractors/data-flow-parser-plugin
s.test.js[2m > [22mextractDataFlow ÔÇö 
graceful degradation[2m > [22mretorna { 
error } en lugar de lanzar cuando el 
c├│digo es inv├ílido
[31m[1mAssertionError[22m: expected 
undefined to be defined[39m
[36m [2mÔØ»[22m tests/unit/layer-a-stati
c/extractors/data-flow-parser-plugins.test.
js:[2m143:26[22m[39m
    [90m141| [39m    [35mconst[39m 
result [33m=[39m 
[34mextractDataFlow[39m(code)[33m;[39m
    [90m142| [39m    [34mexpect[39m(res
ult)[33m.[39m[34mtoBeDefined[39m()[33m
;[39m
    [90m143| [39m    [34mexpect[39m(res
ult[33m.[39merror)[33m.[39m[34mtoBeDef
ined[39m()[33m;[39m
    [90m   | [39m                        
 [31m^[39m
    [90m144| [39m    
[34mexpect[39m([35mtypeof[39m result[3
3m.[39merror)[33m.[39m[34mtoBe[39m([3
2m'string'[39m)[33m;[39m
    [90m145| [39m  })[33m;[39m

[31m[2mÔÄ»ÔÄ»ÔÄ»ÔÄ»ÔÄ»ÔÄ»ÔÄ»ÔÄ»ÔÄ»ÔÄ»ÔÄ»Ô
Ä»ÔÄ»ÔÄ»ÔÄ»ÔÄ»ÔÄ»ÔÄ»ÔÄ»ÔÄ»ÔÄ»[78/176]ÔÄ»[2
2m[39m

[41m[1m FAIL [22m[49m tests/unit/layer-
a-static/extractors/data-flow-parser-plugin
s.test.js[2m > [22mextractDataFlow ÔÇö 
estructura del resultado[2m > 
[22mresultado tiene las propiedades 
esperadas
[41m[1m FAIL [22m[49m tests/unit/layer-
a-static/extractors/data-flow-parser-plugin
s.test.js[2m > [22mextractDataFlow ÔÇö 
estructura del resultado[2m > 
[22mresultado tiene las propiedades 
esperadas
[31m[1mAssertionError[22m: expected { 
inputs: [], outputs: [], ÔÇª(3) } to have 
property "_meta"[39m
[36m [2mÔØ»[22m tests/unit/layer-a-stati
c/extractors/data-flow-parser-plugins.test.
js:[2m183:20[22m[39m
    [90m181| [39m    [34mexpect[39m(res
ult)[33m.[39m[34mtoHaveProperty[39m([3
2m'outputs'[39m)[33m;[39m
    [90m182| [39m    [34mexpect[39m(res
ult)[33m.[39m[34mtoHaveProperty[39m([3
2m'analysis'[39m)[33m;[39m
    [90m183| [39m    [34mexpect[39m(res
ult)[33m.[39m[34mtoHaveProperty[39m([3
2m'_meta'[39m)[33m;[39m
    [90m   | [39m                   
[31m^[39m
    [90m184| [39m  })[33m;[39m
    [90m185| [39m

[31m[2mÔÄ»ÔÄ»ÔÄ»ÔÄ»ÔÄ»ÔÄ»ÔÄ»ÔÄ»ÔÄ»ÔÄ»ÔÄ»Ô
Ä»ÔÄ»ÔÄ»ÔÄ»ÔÄ»ÔÄ»ÔÄ»ÔÄ»ÔÄ»ÔÄ»[79/176]ÔÄ»[2
2m[39m

[41m[1m FAIL [22m[49m tests/unit/layer-
a-static/extractors/data-flow-parser-plugin
s.test.js[2m > [22mextractDataFlow ÔÇö 
estructura del resultado[2m > [22m_meta 
tiene extractedAt y version
[41m[1m FAIL [22m[49m tests/unit/layer-
a-static/extractors/data-flow-parser-plugin
s.test.js[2m > [22mextractDataFlow ÔÇö 
estructura del resultado[2m > [22m_meta 
tiene extractedAt y version
[31m[1mTypeError[22m: Cannot convert 
undefined or null to object[39m
[36m [2mÔØ»[22m tests/unit/layer-a-stati
c/extractors/data-flow-parser-plugins.test.
js:[2m188:26[22m[39m
    [90m186| [39m  
[34mtest[39m([32m'_meta tiene 
extractedAt y version'[39m[33m,[39m () 
[33m=>[39m {
    [90m187| [39m    [35mconst[39m 
result [33m=[39m [34mextractDataFlow[39
m([33mSIMPLE_CODE[39m)[33m;[39m
    [90m188| [39m    [34mexpect[39m(res
ult[33m.[39m_meta)[33m.[39m[34mtoHaveP
roperty[39m([32m'extractedAt'[39m)[33m;
[39m
    [90m   | [39m                        
 [31m^[39m
    [90m189| [39m    [34mexpect[39m(res
ult[33m.[39m_meta)[33m.[39m[34mtoHaveP
roperty[39m([32m'version'[39m)[33m;[39
m
    [90m190| [39m    [34mexpect[39m(res
ult[33m.[39m_meta[33m.[39mversion)[33m
.[39m[34mtoBe[39m([32m'1.0.0'[39m)[33
m;[39m

[31m[2mÔÄ»ÔÄ»ÔÄ»ÔÄ»ÔÄ»ÔÄ»ÔÄ»ÔÄ»ÔÄ»ÔÄ»ÔÄ»Ô
Ä»ÔÄ»ÔÄ»ÔÄ»ÔÄ»ÔÄ»ÔÄ»ÔÄ»ÔÄ»ÔÄ»[80/176]ÔÄ»[2
2m[39m

[41m[1m FAIL [22m[49m tests/unit/layer-
a-static/pipeline/purpose.test.js[2m > 
[22mATOM_PURPOSES catalog[2m > 
[22mcontains all expected purpose keys
[41m[1m FAIL [22m[49m tests/unit/layer-
a-static/pipeline/purpose.test.js[2m > 
[22mATOM_PURPOSES catalog[2m > 
[22mcontains all expected purpose keys
[31m[1mAssertionError[22m: expected { 
API_EXPORT: { ÔÇª(4) }, ÔÇª(16) } to have 
property "DEAD_CODE"[39m
[36m [2mÔØ»[22m tests/unit/layer-a-stati
c/pipeline/purpose.test.js:[2m43:29[22m[
39m
    [90m 41| [39m    ][33m;[39m
    [90m 42| [39m    [35mfor[39m 
([35mconst[39m key [35mof[39m 
expected) {
    [90m 43| [39m      [34mexpect[39m(
[33mATOM_PURPOSES[39m)[33m.[39m[34mtoHa
veProperty[39m(key)[33m;[39m
    [90m   | [39m                        
    [31m^[39m
    [90m 44| [39m    }
    [90m 45| [39m  })[33m;[39m

[31m[2mÔÄ»ÔÄ»ÔÄ»ÔÄ»ÔÄ»ÔÄ»ÔÄ»ÔÄ»ÔÄ»ÔÄ»ÔÄ»Ô
Ä»ÔÄ»ÔÄ»ÔÄ»ÔÄ»ÔÄ»ÔÄ»ÔÄ»ÔÄ»ÔÄ»[81/176]ÔÄ»[2
2m[39m

[41m[1m FAIL [22m[49m tests/unit/layer-
a-static/pipeline/purpose.test.js[2m > 
[22mATOM_PURPOSES catalog[2m > 
[22mDEAD_CODE is the only purpose with 
isDead: true
[41m[1m FAIL [22m[49m tests/unit/layer-
a-static/pipeline/purpose.test.js[2m > 
[22mATOM_PURPOSES catalog[2m > 
[22mDEAD_CODE is the only purpose with 
isDead: true
[31m[1mAssertionError[22m: expected [] 
to deeply equal [ 'DEAD_CODE' ][39m

[32m- Expected[39m
[31m+ Received[39m

[32m- [[39m
[32m-   "DEAD_CODE",[39m
[32m- ][39m
[31m+ [][39m

[36m [2mÔØ»[22m tests/unit/layer-a-stati
c/pipeline/purpose.test.js:[2m49:38[22m[
39m
    [90m 47| [39m  
[34mit[39m([32m'DEAD_CODE is the only 
purpose with isDead: true'[39m[33m,[39m 
() [33m=>[39m {
    [90m 48| [39m    const deadOnes = 
Object.entries(ATOM_PURPOSES).filter(([, 
v]) => vÔÇª
    [90m 49| [39m    [34mexpect[39m(dea
dOnes[33m.[39m[34mmap[39m(([k]) 
[33m=>[39m k))[33m.[39m[34mtoEqual[39
m([[32m'DEAD_CODE'[39m])[33m;[39m
    [90m   | [39m                        
             [31m^[39m
    [90m 50| [39m  })[33m;[39m
    [90m 51| [39m

[31m[2mÔÄ»ÔÄ»ÔÄ»ÔÄ»ÔÄ»ÔÄ»ÔÄ»ÔÄ»ÔÄ»ÔÄ»ÔÄ»Ô
Ä»ÔÄ»ÔÄ»ÔÄ»ÔÄ»ÔÄ»ÔÄ»ÔÄ»ÔÄ»ÔÄ»[82/176]ÔÄ»[2
2m[39m

[41m[1m FAIL [22m[49m tests/unit/layer-
a-static/pipeline/purpose.test.js[2m > 
[22mdetectAtomPurpose ÔÇö dead code 
default[2m > [22mreturns DEAD_CODE when 
no evidence of use
[41m[1m FAIL [22m[49m tests/unit/layer-
a-static/pipeline/purpose.test.js[2m > 
[22mdetectAtomPurpose ÔÇö dead code 
default[2m > [22mreturns DEAD_CODE when 
no evidence of use
[31m[1mAssertionError[22m: expected 
'POTENTIALLY_UNUSED' to be 'DEAD_CODE' // 
Object.is equality[39m

Expected: [32m"DEAD_CODE"[39m
Received: [31m"POTENTIALLY_UNUSED"[39m

[36m [2mÔØ»[22m tests/unit/layer-a-stati
c/pipeline/purpose.test.js:[2m246:28[22m
[39m
    [90m244| [39m  
[34mit[39m([32m'returns DEAD_CODE when 
no evidence of use'[39m[33m,[39m () 
[33m=>[39m {
    [90m245| [39m    [35mconst[39m 
result [33m=[39m [34mdetectAtomPurpose[
39m([34matom[39m()[33m,[39m 
[32m'src/foo.js'[39m)[33m;[39m
    [90m246| [39m    [34mexpect[39m(res
ult[33m.[39mpurpose)[33m.[39m[34mtoBe
[39m([32m'DEAD_CODE'[39m)[33m;[39m
    [90m   | [39m                        
   [31m^[39m
    [90m247| [39m    [34mexpect[39m(res
ult[33m.[39misDeadCode)[33m.[39m[34mto
Be[39m([35mtrue[39m)[33m;[39m
    [90m248| [39m    [34mexpect[39m(res
ult[33m.[39mpurposeConfidence)[33m.[39m
[34mtoBe[39m([34m0.5[39m)[33m;[39m

[31m[2mÔÄ»ÔÄ»ÔÄ»ÔÄ»ÔÄ»ÔÄ»ÔÄ»ÔÄ»ÔÄ»ÔÄ»ÔÄ»Ô
Ä»ÔÄ»ÔÄ»ÔÄ»ÔÄ»ÔÄ»ÔÄ»ÔÄ»ÔÄ»ÔÄ»[83/176]ÔÄ»[2
2m[39m

[41m[1m FAIL [22m[49m tests/unit/layer-
a-static/preprocessor/preprocessor.test.js
[2m > [22mPreprocessorEngine[2m > 
[22mValidation[2m > 
[22mvalidateTransformations() detecta 
problemas
[41m[1m FAIL [22m[49m tests/unit/layer-
a-static/preprocessor/preprocessor.test.js
[2m > [22mPreprocessorEngine[2m > 
[22mValidation[2m > 
[22mvalidateTransformations() detecta 
problemas
[31m[1mTypeError[22m: 
engine.validateTransformations is not a 
function[39m
[36m [2mÔØ»[22m tests/unit/layer-a-stati
c/preprocessor/preprocessor.test.js:[2m376
:29[22m[39m
    [90m374| [39m      ][33m;[39m
    [90m375| [39m      
    [90m376| [39m      [35mconst[39m 
result [33m=[39m engine[33m.[39m[34mva
lidateTransformations[39m()[33m;[39m
    [90m   | [39m                        
    [31m^[39m
    [90m377| [39m      
    [90m378| [39m      [34mexpect[39m(r
esult[33m.[39mvalid)[33m.[39m[34mtoBe
[39m([35mfalse[39m)[33m;[39m

[31m[2mÔÄ»ÔÄ»ÔÄ»ÔÄ»ÔÄ»ÔÄ»ÔÄ»ÔÄ»ÔÄ»ÔÄ»ÔÄ»Ô
Ä»ÔÄ»ÔÄ»ÔÄ»ÔÄ»ÔÄ»ÔÄ»ÔÄ»ÔÄ»ÔÄ»[84/176]ÔÄ»[2
2m[39m

[41m[1m FAIL [22m[49m tests/unit/layer-
c-memory/mcp/validation-utils-comprehensive
.test.js[2m > [22mvalidation-utils - 20 
casos de uso[2m > [22m1. Cascada total - 
validation falla ÔåÆ atomic_edit muere[2m 
> [22mdebe retornar error estructurado 
sin romper el proceso
[41m[1m FAIL [22m[49m tests/unit/layer-
c-memory/mcp/validation-utils-comprehensive
.test.js[2m > [22mvalidation-utils - 20 
casos de uso[2m > [22m1. Cascada total - 
validation falla ÔåÆ atomic_edit muere[2m 
> [22mdebe retornar error estructurado 
sin romper el proceso
[31m[1mAssertionError[22m: expected 
undefined to be false // Object.is 
equality[39m

[32m- Expected:[39m 
false

[31m+ Received:[39m 
undefined

[36m [2mÔØ»[22m tests/unit/layer-c-memor
y/mcp/validation-utils-comprehensive.test.j
s:[2m30:33[22m[39m
    [90m 28| [39m      [34mexpect[39m(r
esult[33m.[39mvalid)[33m.[39m[34mtoBe
[39m([35mfalse[39m)[33m;[39m
    [90m 29| [39m      [34mexpect[39m(r
esult[33m.[39merrors)[33m.[39m[34mtoHa
veLength[39m([34m1[39m)[33m;[39m
    [90m 30| [39m      [34mexpect[39m(r
esult[33m.[39mcanProceed)[33m.[39m[34m
toBe[39m([35mfalse[39m)[33m;[39m
    [90m   | [39m                        
        [31m^[39m
    [90m 31| [39m      [34mexpect[39m(r
esult[33m.[39mseverity)[33m.[39m[34mto
Be[39m([32m'critical'[39m)[33m;[39m
    [90m 32| [39m    })[33m;[39m

[31m[2mÔÄ»ÔÄ»ÔÄ»ÔÄ»ÔÄ»ÔÄ»ÔÄ»ÔÄ»ÔÄ»ÔÄ»ÔÄ»Ô
Ä»ÔÄ»ÔÄ»ÔÄ»ÔÄ»ÔÄ»ÔÄ»ÔÄ»ÔÄ»ÔÄ»[85/176]ÔÄ»[2
2m[39m

[41m[1m FAIL [22m[49m tests/unit/layer-
c-memory/mcp/validation-utils-comprehensive
.test.js[2m > [22mvalidation-utils - 20 
casos de uso[2m > [22m13. Stack trace 
perdido[2m > [22mdebe incluir mensajes 
de error claros
[41m[1m FAIL [22m[49m tests/unit/layer-
c-memory/mcp/validation-utils-comprehensive
.test.js[2m > [22mvalidation-utils - 20 
casos de uso[2m > [22m13. Stack trace 
perdido[2m > [22mdebe incluir mensajes 
de error claros
[31m[1mAssertionError[22m: expected 
'File does not exist: /no/existe.js' to 
contain 'ÔØî'[39m

Expected: [32m"ÔØî"[39m
Received: [31m"File does not exist: 
/no/existe.js"[39m

[36m [2mÔØ»[22m tests/unit/layer-c-memor
y/mcp/validation-utils-comprehensive.test.j
s:[2m190:32[22m[39m
    [90m188| [39m      
    [90m189| [39m      [34mexpect[39m(r
esult[33m.[39merrors[33m.[39mlength)[3
3m.[39m[34mtoBeGreaterThan[39m([34m0[3
9m)[33m;[39m
    [90m190| [39m      [34mexpect[39m(r
esult[33m.[39merrors[[34m0[39m])[33m.
[39m[34mtoContain[39m([32m'ÔØî'[39m)[3
3m;[39m
    [90m   | [39m                        
       [31m^[39m
    [90m191| [39m      [34mexpect[39m(r
esult[33m.[39merrors[[34m0[39m])[33m.
[39m[34mtoContain[39m([32m'does not 
exist'[39m)[33m;[39m
    [90m192| [39m    })[33m;[39m

[31m[2mÔÄ»ÔÄ»ÔÄ»ÔÄ»ÔÄ»ÔÄ»ÔÄ»ÔÄ»ÔÄ»ÔÄ»ÔÄ»Ô
Ä»ÔÄ»ÔÄ»ÔÄ»ÔÄ»ÔÄ»ÔÄ»ÔÄ»ÔÄ»ÔÄ»[86/176]ÔÄ»[2
2m[39m

[41m[1m FAIL [22m[49m tests/unit/layer-
c-memory/mcp/validation-utils-comprehensive
.test.js[2m > [22mvalidation-utils - 20 
casos de uso[2m > [22m14. Logging 
insuficiente[2m > [22mdebe loggear el 
progreso de validaci├│n
[41m[1m FAIL [22m[49m tests/unit/layer-
c-memory/mcp/validation-utils-comprehensive
.test.js[2m > [22mvalidation-utils - 20 
casos de uso[2m > [22m14. Logging 
insuficiente[2m > [22mdebe loggear el 
progreso de validaci├│n
[31m[1mAssertionError[22m: expected 
"log" to be called with arguments: [ 
StringContaining "ƒöì Validating" ][90m

Number of calls: [1m0[22m
[31m[39m
[36m [2mÔØ»[22m tests/unit/layer-c-memor
y/mcp/validation-utils-comprehensive.test.j
s:[2m204:26[22m[39m
    [90m202| [39m      })[33m;[39m
    [90m203| [39m      
    [90m204| [39m      expect(consoleSpy)
.toHaveBeenCalledWith(expect.stringContaini
ng(ÔÇª
    [90m   | [39m                        
 [31m^[39m
    [90m205| [39m      expect(consoleSpy)
.toHaveBeenCalledWith(expect.stringContaini
ng(ÔÇª
    [90m206| [39m      

[31m[2mÔÄ»ÔÄ»ÔÄ»ÔÄ»ÔÄ»ÔÄ»ÔÄ»ÔÄ»ÔÄ»ÔÄ»ÔÄ»Ô
Ä»ÔÄ»ÔÄ»ÔÄ»ÔÄ»ÔÄ»ÔÄ»ÔÄ»ÔÄ»ÔÄ»[87/176]ÔÄ»[2
2m[39m

[41m[1m FAIL [22m[49m tests/unit/patter
n-detection/detectors/hotspots-detector.tes
t.js[2m > [22mHotspots Detector[2m > 
[22mResult Structure[2m > [22mshould 
return detector metadata
[41m[1m FAIL [22m[49m tests/unit/patter
n-detection/detectors/hotspots-detector.tes
t.js[2m > [22mHotspots Detector[2m > 
[22mResult Structure[2m > [22mshould 
return detector metadata
[31m[1mAssertionError[22m: expected 
undefined to be 'Critical Function 
Hotspots' // Object.is equality[39m

[32m- Expected:[39m 
"Critical Function Hotspots"

[31m+ Received:[39m 
undefined

[36m [2mÔØ»[22m tests/unit/pattern-detec
tion/detectors/hotspots-detector.test.js:[
2m251:27[22m[39m
    [90m249| [39m      
    [90m250| [39m      [34mexpect[39m(r
esult[33m.[39mdetector)[33m.[39m[34mto
Be[39m([32m'hotspots'[39m)[33m;[39m
    [90m251| [39m      [34mexpect[39m(r
esult[33m.[39mname)[33m.[39m[34mtoBe[
39m([32m'Critical Function 
Hotspots'[39m)[33m;[39m
    [90m   | [39m                        
  [31m^[39m
    [90m252| [39m      [34mexpect[39m(r
esult[33m.[39mweight)[33m.[39m[34mtoBe
[39m([34m0.15[39m)[33m;[39m
    [90m253| [39m    })[33m;[39m

[31m[2mÔÄ»ÔÄ»ÔÄ»ÔÄ»ÔÄ»ÔÄ»ÔÄ»ÔÄ»ÔÄ»ÔÄ»ÔÄ»Ô
Ä»ÔÄ»ÔÄ»ÔÄ»ÔÄ»ÔÄ»ÔÄ»ÔÄ»ÔÄ»ÔÄ»[88/176]ÔÄ»[2
2m[39m

[41m[1m FAIL [22m[49m tests/unit/patter
n-detection/detectors/hotspots-detector.tes
t.js[2m > [22mHotspots Detector[2m > 
[22mEdge Cases[2m > [22mshould handle 
null/undefined config gracefully
[41m[1m FAIL [22m[49m tests/unit/patter
n-detection/detectors/hotspots-detector.tes
t.js[2m > [22mHotspots Detector[2m > 
[22mEdge Cases[2m > [22mshould handle 
null/undefined config gracefully
[31m[1mTypeError[22m: Cannot read 
properties of null (reading 
'minUsageThreshold')[39m
[36m [2mÔØ»[22m new 
BusinessLogicHotspotRule src/layer-a-static
/pattern-detection/detectors/rules/hotspot-
rules.js:[2m4:41[22m[39m
    [90m  2| [39m    
[34mconstructor[39m(config [33m=[39m 
{}) {
    [90m  3| [39m        
[35mthis[39m[33m.[39mtype [33m=[39m 
[32m'function_hotspot'[39m[33m;[39m
    [90m  4| [39m        
[35mthis[39m[33m.[39mminUsageThreshold 
[33m=[39m 
config[33m.[39mminUsageThreshold 
[33m||[39m [34m10[39m[33m;[39m
    [90m   | [39m                        
                [31m^[39m
    [90m  5| [39m        [35mthis[39m[
33m.[39mhighUsageThreshold [33m=[39m 
config[33m.[39mhighUsageThreshold 
[33m||[39m [34m20[39m[33m;[39m
    [90m  6| [39m    }
[90m [2mÔØ»[22m 
HotspotsDetector._initRules src/layer-a-sta
tic/pattern-detection/detectors/hotspots-de
tector.js:[2m19:7[22m[39m
[90m [2mÔØ»[22m new HotspotsDetector src
/layer-a-static/pattern-detection/detectors
/hotspots-detector.js:[2m10:10[22m[39m
[90m [2mÔØ»[22m tests/unit/pattern-detec
tion/detectors/hotspots-detector.test.js:[
2m284:24[22m[39m

[31m[2mÔÄ»ÔÄ»ÔÄ»ÔÄ»ÔÄ»ÔÄ»ÔÄ»ÔÄ»ÔÄ»ÔÄ»ÔÄ»Ô
Ä»ÔÄ»ÔÄ»ÔÄ»ÔÄ»ÔÄ»ÔÄ»ÔÄ»ÔÄ»ÔÄ»[89/176]ÔÄ»[2
2m[39m

[41m[1m FAIL [22m[49m tests/unit/patter
n-detection/detectors/hotspots-detector.tes
t.js[2m > [22mHotspots Detector[2m > 
[22mDetector Metadata[2m > [22mshould 
provide description
[41m[1m FAIL [22m[49m tests/unit/patter
n-detection/detectors/hotspots-detector.tes
t.js[2m > [22mHotspots Detector[2m > 
[22mDetector Metadata[2m > [22mshould 
provide description
[31m[1mAssertionError[22m: expected 
'Detects business logic functions withÔÇª' 
to contain 'code smells'[39m

Expected: [32m"code smells"[39m
Received: [31m"Detects business logic 
functions with excessive usage"[39m

[36m [2mÔØ»[22m tests/unit/pattern-detec
tion/detectors/hotspots-detector.test.js:[
2m313:41[22m[39m
    [90m311| [39m    
[34mit[39m([32m'should provide 
description'[39m[33m,[39m () 
[33m=>[39m {
    [90m312| [39m      [35mconst[39m 
detector [33m=[39m [35mnew[39m 
[33mHotspotsDetector[39m({ 
globalConfig[33m:[39m {} })[33m;[39m
    [90m313| [39m      [34mexpect[39m(d
etector[33m.[39m[34mgetDescription[39m(
))[33m.[39m[34mtoContain[39m([32m'code
 smells'[39m)[33m;[39m
    [90m   | [39m                        
                [31m^[39m
    [90m314| [39m    })[33m;[39m
    [90m315| [39m  })[33m;[39m

[31m[2mÔÄ»ÔÄ»ÔÄ»ÔÄ»ÔÄ»ÔÄ»ÔÄ»ÔÄ»ÔÄ»ÔÄ»ÔÄ»Ô
Ä»ÔÄ»ÔÄ»ÔÄ»ÔÄ»ÔÄ»ÔÄ»ÔÄ»ÔÄ»ÔÄ»[90/176]ÔÄ»[2
2m[39m

[41m[1m FAIL [22m[49m tests/unit/layer-
c-memory/verification/consistency-validator
.test.js[2m > 
[22mConsistencyValidator[2m > 
[22mgetStats()[2m > [22mreturns data 
and issue stats
[41m[1m FAIL [22m[49m tests/unit/layer-
c-memory/verification/consistency-validator
.test.js[2m > 
[22mConsistencyValidator[2m > 
[22mgetStats()[2m > [22mreturns data 
and issue stats
[31m[1mAssertionError[22m: expected { 
total: +0, byType: { ÔÇª(2) }, ÔÇª(1) } to 
have property "data"[39m
[36m [2mÔØ»[22m tests/unit/layer-c-memor
y/verification/consistency-validator.test.j
s:[2m241:21[22m[39m
    [90m239| [39m      [35mconst[39m 
stats [33m=[39m validator[33m.[39m[34m
getStats[39m()[33m;[39m
    [90m240| [39m
    [90m241| [39m      [34mexpect[39m(s
tats)[33m.[39m[34mtoHaveProperty[39m([
32m'data'[39m)[33m;[39m
    [90m   | [39m                    
[31m^[39m
    [90m242| [39m      [34mexpect[39m(s
tats)[33m.[39m[34mtoHaveProperty[39m([
32m'issues'[39m)[33m;[39m
    [90m243| [39m    })[33m;[39m

[31m[2mÔÄ»ÔÄ»ÔÄ»ÔÄ»ÔÄ»ÔÄ»ÔÄ»ÔÄ»ÔÄ»ÔÄ»ÔÄ»Ô
Ä»ÔÄ»ÔÄ»ÔÄ»ÔÄ»ÔÄ»ÔÄ»ÔÄ»ÔÄ»ÔÄ»[91/176]ÔÄ»[2
2m[39m

[41m[1m FAIL [22m[49m tests/unit/valida
tion/core/rule-registry.test.js[2m > 
[22mRuleRegistry[2m > [22mgetStats[2m 
> [22mreturns registry statistics
[41m[1m FAIL [22m[49m tests/unit/valida
tion/core/rule-registry.test.js[2m > 
[22mRuleRegistry[2m > [22mgetStats[2m 
> [22mreturns registry statistics
[31m[1mAssertionError[22m: expected +0 
to be 3 // Object.is equality[39m

[32m- Expected[39m
[31m+ Received[39m

[32m- 3[39m
[31m+ 0[39m

[36m [2mÔØ»[22m tests/unit/validation/co
re/rule-registry.test.js:[2m570:27[22m[3
9m
    [90m568| [39m      [35mconst[39m 
stats [33m=[39m registry[33m.[39m[34mg
etStats[39m()[33m;[39m
    [90m569| [39m      
    [90m570| [39m      [34mexpect[39m(s
tats[33m.[39mtotal)[33m.[39m[34mtoBe[
39m([34m3[39m)[33m;[39m
    [90m   | [39m                        
  [31m^[39m
    [90m571| [39m      [34mexpect[39m(s
tats[33m.[39mbyLayer[33m.[39msource)[3
3m.[39m[34mtoBe[39m([34m2[39m)[33m;[
39m
    [90m572| [39m      [34mexpect[39m(s
tats[33m.[39mbyLayer[33m.[39mderivation
)[33m.[39m[34mtoBe[39m([34m1[39m)[33
m;[39m

[31m[2mÔÄ»ÔÄ»ÔÄ»ÔÄ»ÔÄ»ÔÄ»ÔÄ»ÔÄ»ÔÄ»ÔÄ»ÔÄ»Ô
Ä»ÔÄ»ÔÄ»ÔÄ»ÔÄ»ÔÄ»ÔÄ»ÔÄ»ÔÄ»ÔÄ»[92/176]ÔÄ»[2
2m[39m

[41m[1m FAIL [22m[49m tests/unit/valida
tion/engine/validation-engine.test.js[2m 
> [22mValidationEngine[2m > 
[22mgetStats[2m > [22mreturns engine 
stats
[41m[1m FAIL [22m[49m tests/unit/valida
tion/engine/validation-engine.test.js[2m 
> [22mValidationEngine[2m > 
[22mgetStats[2m > [22mreturns engine 
stats
[31m[1mAssertionError[22m: expected 
undefined to be +0 // Object.is 
equality[39m

[32m- Expected:[39m 
0

[31m+ Received:[39m 
undefined

[36m [2mÔØ»[22m tests/unit/validation/en
gine/validation-engine.test.js:[2m176:31[
22m[39m
    [90m174| [39m      [35mconst[39m 
stats [33m=[39m engine[33m.[39m[34mget
Stats[39m()[33m;[39m
    [90m175| [39m      
    [90m176| [39m      [34mexpect[39m(s
tats[33m.[39mcacheSize)[33m.[39m[34mto
Be[39m([34m0[39m)[33m;[39m
    [90m   | [39m                        
      [31m^[39m
    [90m177| [39m      [34mexpect[39m(s
tats[33m.[39mstrategies)[33m.[39m[34mt
oContain[39m([32m'syntax'[39m)[33m;[39
m
    [90m178| [39m      [34mexpect[39m(s
tats[33m.[39mrunner)[33m.[39m[34mtoBeD
efined[39m()[33m;[39m

[31m[2mÔÄ»ÔÄ»ÔÄ»ÔÄ»ÔÄ»ÔÄ»ÔÄ»ÔÄ»ÔÄ»ÔÄ»ÔÄ»Ô
Ä»ÔÄ»ÔÄ»ÔÄ»ÔÄ»ÔÄ»ÔÄ»ÔÄ»ÔÄ»ÔÄ»[93/176]ÔÄ»[2
2m[39m

[41m[1m FAIL [22m[49m tests/unit/layer-
b-semantic/validators/lineage-validator/che
cks/coherence-checks.test.js[2m > [22mval
idators/lineage-validator/checks/coherence-
checks[2m > [22mvalidateCoherence[2m > 
[22mshould detect missing read operation 
for read flowType
[41m[1m FAIL [22m[49m tests/unit/layer-
b-semantic/validators/lineage-validator/che
cks/coherence-checks.test.js[2m > [22mval
idators/lineage-validator/checks/coherence-
checks[2m > [22mvalidateCoherence[2m > 
[22mshould detect missing read operation 
for read flowType
[31m[1mAssertionError[22m: expected [ 
Array(1) ] to include 'FlowType says 
"read" but no read operÔÇª'[39m
[36m [2mÔØ»[22m tests/unit/layer-b-seman
tic/validators/lineage-validator/checks/coh
erence-checks.test.js:[2m77:29[22m[39m
    [90m 75| [39m      
    [90m 76| [39m      [34mexpect[39m(r
esult[33m.[39mvalid)[33m.[39m[34mtoBe
[39m([35mfalse[39m)[33m;[39m
    [90m 77| [39m      
expect(result.errors).toContain('FlowType 
says "read" but no reaÔÇª
    [90m   | [39m                        
    [31m^[39m
    [90m 78| [39m    })[33m;[39m
    [90m 79| [39m

[31m[2mÔÄ»ÔÄ»ÔÄ»ÔÄ»ÔÄ»ÔÄ»ÔÄ»ÔÄ»ÔÄ»ÔÄ»ÔÄ»Ô
Ä»ÔÄ»ÔÄ»ÔÄ»ÔÄ»ÔÄ»ÔÄ»ÔÄ»ÔÄ»ÔÄ»[94/176]ÔÄ»[2
2m[39m

[41m[1m FAIL [22m[49m tests/unit/layer-
b-semantic/validators/lineage-validator/che
cks/coherence-checks.test.js[2m > [22mval
idators/lineage-validator/checks/coherence-
checks[2m > [22mvalidateCoherence[2m > 
[22mshould detect missing side effect for 
persist flowType
[41m[1m FAIL [22m[49m tests/unit/layer-
b-semantic/validators/lineage-validator/che
cks/coherence-checks.test.js[2m > [22mval
idators/lineage-validator/checks/coherence-
checks[2m > [22mvalidateCoherence[2m > 
[22mshould detect missing side effect for 
persist flowType
[31m[1mAssertionError[22m: expected [ 
Array(1) ] to include 'FlowType says 
"persist" but no side eÔÇª'[39m
[36m [2mÔØ»[22m tests/unit/layer-b-seman
tic/validators/lineage-validator/checks/coh
erence-checks.test.js:[2m115:29[22m[39m
    [90m113| [39m      
    [90m114| [39m      [34mexpect[39m(r
esult[33m.[39mvalid)[33m.[39m[34mtoBe
[39m([35mfalse[39m)[33m;[39m
    [90m115| [39m      
expect(result.errors).toContain('FlowType 
says "persist" but no ÔÇª
    [90m   | [39m                        
    [31m^[39m
    [90m116| [39m    })[33m;[39m
    [90m117| [39m

[31m[2mÔÄ»ÔÄ»ÔÄ»ÔÄ»ÔÄ»ÔÄ»ÔÄ»ÔÄ»ÔÄ»ÔÄ»ÔÄ»Ô
Ä»ÔÄ»ÔÄ»ÔÄ»ÔÄ»ÔÄ»ÔÄ»ÔÄ»ÔÄ»ÔÄ»[95/176]ÔÄ»[2
2m[39m


[2m Test Files [22m [1m[31m42 failed[39m[22m[2m | [22m[1m[32m245 passed[39m[22m[90m (287)[39m
[2m      Tests [22m [1m[31m83 failed[39m[22m[2m | [22m[1m[32m4015 passed[39m[22m[2m | [22m[33m37 skipped[39m[90m (4135)[39m
[2m   Start at [22m 22:36:04
[2m   Duration [22m 69.51s[2m (transform 28.68s, setup 0ms, import 78.66s, tests 212.28s, environment 85ms)[22m

